Vivado Simulator v2023.1
Copyright 1986-2022 Xilinx, Inc. All Rights Reserved.
Copyright 2022-2023 Advanced Micro Devices, Inc. All Rights Reserved.
Running: C:/Xilinx/Vivado/2023.1/bin/unwrapped/win64.o/xelab.exe xil_defaultlib.apatb_srcnn_top glbl -Oenable_linking_all_libraries -prj srcnn.prj -L smartconnect_v1_0 -L axi_protocol_checker_v1_1_12 -L axi_protocol_checker_v1_1_13 -L axis_protocol_checker_v1_1_11 -L axis_protocol_checker_v1_1_12 -L xil_defaultlib -L unisims_ver -L xpm -L floating_point_v7_1_15 -L floating_point_v7_0_20 --lib ieee_proposed=./ieee_proposed -s srcnn 
Multi-threading is on. Using 6 slave threads.
INFO: [VRFC 10-2263] Analyzing SystemVerilog file "C:/Xilinx/golden/srcnn_hls/solution1/sim/verilog/ip/xil_defaultlib/srcnn_fadd_32ns_32ns_32_4_full_dsp_1_ip.v" into library xil_defaultlib
INFO: [VRFC 10-311] analyzing module srcnn_fadd_32ns_32ns_32_4_full_dsp_1_ip
INFO: [VRFC 10-2263] Analyzing SystemVerilog file "C:/Xilinx/golden/srcnn_hls/solution1/sim/verilog/ip/xil_defaultlib/srcnn_fcmp_32ns_32ns_1_2_no_dsp_1_ip.v" into library xil_defaultlib
INFO: [VRFC 10-311] analyzing module srcnn_fcmp_32ns_32ns_1_2_no_dsp_1_ip
INFO: [VRFC 10-2263] Analyzing SystemVerilog file "C:/Xilinx/golden/srcnn_hls/solution1/sim/verilog/ip/xil_defaultlib/srcnn_fmul_32ns_32ns_32_3_max_dsp_1_ip.v" into library xil_defaultlib
INFO: [VRFC 10-311] analyzing module srcnn_fmul_32ns_32ns_32_3_max_dsp_1_ip
INFO: [VRFC 10-2263] Analyzing SystemVerilog file "C:/Xilinx/golden/srcnn_hls/solution1/sim/verilog/glbl.v" into library work
INFO: [VRFC 10-311] analyzing module glbl
INFO: [VRFC 10-2263] Analyzing SystemVerilog file "C:/Xilinx/golden/srcnn_hls/solution1/sim/verilog/AESL_axi_master_gmem_in.v" into library xil_defaultlib
INFO: [VRFC 10-311] analyzing module AESL_axi_master_gmem_in
INFO: [VRFC 10-2263] Analyzing SystemVerilog file "C:/Xilinx/golden/srcnn_hls/solution1/sim/verilog/AESL_axi_master_gmem_out.v" into library xil_defaultlib
INFO: [VRFC 10-311] analyzing module AESL_axi_master_gmem_out
INFO: [VRFC 10-2263] Analyzing SystemVerilog file "C:/Xilinx/golden/srcnn_hls/solution1/sim/verilog/AESL_axi_master_gmem_wgt.v" into library xil_defaultlib
INFO: [VRFC 10-311] analyzing module AESL_axi_master_gmem_wgt
INFO: [VRFC 10-2263] Analyzing SystemVerilog file "C:/Xilinx/golden/srcnn_hls/solution1/sim/verilog/AESL_axi_slave_control.v" into library xil_defaultlib
INFO: [VRFC 10-311] analyzing module AESL_axi_slave_control
INFO: [VRFC 10-2263] Analyzing SystemVerilog file "C:/Xilinx/golden/srcnn_hls/solution1/sim/verilog/AESL_deadlock_detection_unit.v" into library xil_defaultlib
INFO: [VRFC 10-311] analyzing module AESL_deadlock_detect_unit
INFO: [VRFC 10-2263] Analyzing SystemVerilog file "C:/Xilinx/golden/srcnn_hls/solution1/sim/verilog/AESL_deadlock_detector.v" into library xil_defaultlib
INFO: [VRFC 10-311] analyzing module AESL_deadlock_detector
INFO: [VRFC 10-2263] Analyzing SystemVerilog file "C:/Xilinx/golden/srcnn_hls/solution1/sim/verilog/AESL_deadlock_report_unit.v" into library xil_defaultlib
INFO: [VRFC 10-311] analyzing module AESL_deadlock_report_unit
INFO: [VRFC 10-2263] Analyzing SystemVerilog file "C:/Xilinx/golden/srcnn_hls/solution1/sim/verilog/srcnn.autotb.v" into library xil_defaultlib
INFO: [VRFC 10-311] analyzing module apatb_srcnn_top
INFO: [VRFC 10-2263] Analyzing SystemVerilog file "C:/Xilinx/golden/srcnn_hls/solution1/sim/verilog/srcnn.v" into library xil_defaultlib
INFO: [VRFC 10-311] analyzing module srcnn
INFO: [VRFC 10-2263] Analyzing SystemVerilog file "C:/Xilinx/golden/srcnn_hls/solution1/sim/verilog/srcnn_compute_stage.v" into library xil_defaultlib
INFO: [VRFC 10-311] analyzing module srcnn_compute_stage
INFO: [VRFC 10-2263] Analyzing SystemVerilog file "C:/Xilinx/golden/srcnn_hls/solution1/sim/verilog/srcnn_compute_stage_bias_RAM_AUTO_1R1W.v" into library xil_defaultlib
INFO: [VRFC 10-311] analyzing module srcnn_compute_stage_bias_RAM_AUTO_1R1W
INFO: [VRFC 10-2263] Analyzing SystemVerilog file "C:/Xilinx/golden/srcnn_hls/solution1/sim/verilog/srcnn_compute_stage_compute_stage_hls_stream_TileDesc_0_hls_stream_float_0_hls_strebkb.v" into library xil_defaultlib
INFO: [VRFC 10-311] analyzing module srcnn_compute_stage_compute_stage_hls_stream_TileDesc_0_hls_stream_float_0_hls_strebkb
INFO: [VRFC 10-2263] Analyzing SystemVerilog file "C:/Xilinx/golden/srcnn_hls/solution1/sim/verilog/srcnn_compute_stage_Pipeline_VITIS_LOOP_132_12.v" into library xil_defaultlib
INFO: [VRFC 10-311] analyzing module srcnn_compute_stage_Pipeline_VITIS_LOOP_132_12
INFO: [VRFC 10-2263] Analyzing SystemVerilog file "C:/Xilinx/golden/srcnn_hls/solution1/sim/verilog/srcnn_control_s_axi.v" into library xil_defaultlib
INFO: [VRFC 10-311] analyzing module srcnn_control_s_axi
INFO: [VRFC 10-2263] Analyzing SystemVerilog file "C:/Xilinx/golden/srcnn_hls/solution1/sim/verilog/srcnn_conv1.v" into library xil_defaultlib
INFO: [VRFC 10-311] analyzing module srcnn_conv1
INFO: [VRFC 10-2263] Analyzing SystemVerilog file "C:/Xilinx/golden/srcnn_hls/solution1/sim/verilog/srcnn_conv3.v" into library xil_defaultlib
INFO: [VRFC 10-311] analyzing module srcnn_conv3
INFO: [VRFC 10-2263] Analyzing SystemVerilog file "C:/Xilinx/golden/srcnn_hls/solution1/sim/verilog/srcnn_entry_proc.v" into library xil_defaultlib
INFO: [VRFC 10-311] analyzing module srcnn_entry_proc
INFO: [VRFC 10-2263] Analyzing SystemVerilog file "C:/Xilinx/golden/srcnn_hls/solution1/sim/verilog/srcnn_fadd_32ns_32ns_32_4_full_dsp_1.v" into library xil_defaultlib
INFO: [VRFC 10-311] analyzing module srcnn_fadd_32ns_32ns_32_4_full_dsp_1
INFO: [VRFC 10-2263] Analyzing SystemVerilog file "C:/Xilinx/golden/srcnn_hls/solution1/sim/verilog/srcnn_fcmp_32ns_32ns_1_2_no_dsp_1.v" into library xil_defaultlib
INFO: [VRFC 10-311] analyzing module srcnn_fcmp_32ns_32ns_1_2_no_dsp_1
INFO: [VRFC 10-2263] Analyzing SystemVerilog file "C:/Xilinx/golden/srcnn_hls/solution1/sim/verilog/srcnn_feat1_RAM_AUTO_1R1W.v" into library xil_defaultlib
INFO: [VRFC 10-311] analyzing module srcnn_feat1_RAM_AUTO_1R1W
INFO: [VRFC 10-2263] Analyzing SystemVerilog file "C:/Xilinx/golden/srcnn_hls/solution1/sim/verilog/srcnn_feat2_RAM_AUTO_1R1W.v" into library xil_defaultlib
INFO: [VRFC 10-311] analyzing module srcnn_feat2_RAM_AUTO_1R1W
INFO: [VRFC 10-2263] Analyzing SystemVerilog file "C:/Xilinx/golden/srcnn_hls/solution1/sim/verilog/srcnn_fifo_w224_d2_S.v" into library xil_defaultlib
INFO: [VRFC 10-311] analyzing module srcnn_fifo_w224_d2_S
INFO: [VRFC 10-311] analyzing module srcnn_fifo_w224_d2_S_ShiftReg
INFO: [VRFC 10-2263] Analyzing SystemVerilog file "C:/Xilinx/golden/srcnn_hls/solution1/sim/verilog/srcnn_fifo_w32_d256_A.v" into library xil_defaultlib
INFO: [VRFC 10-311] analyzing module srcnn_fifo_w32_d256_A
INFO: [VRFC 10-311] analyzing module srcnn_fifo_w32_d256_A_ram
INFO: [VRFC 10-2263] Analyzing SystemVerilog file "C:/Xilinx/golden/srcnn_hls/solution1/sim/verilog/srcnn_fifo_w32_d4_S.v" into library xil_defaultlib
INFO: [VRFC 10-311] analyzing module srcnn_fifo_w32_d4_S
INFO: [VRFC 10-311] analyzing module srcnn_fifo_w32_d4_S_ShiftReg
INFO: [VRFC 10-2263] Analyzing SystemVerilog file "C:/Xilinx/golden/srcnn_hls/solution1/sim/verilog/srcnn_fifo_w32_d64_A.v" into library xil_defaultlib
INFO: [VRFC 10-311] analyzing module srcnn_fifo_w32_d64_A
INFO: [VRFC 10-311] analyzing module srcnn_fifo_w32_d64_A_ram
INFO: [VRFC 10-2263] Analyzing SystemVerilog file "C:/Xilinx/golden/srcnn_hls/solution1/sim/verilog/srcnn_fifo_w64_d3_S.v" into library xil_defaultlib
INFO: [VRFC 10-311] analyzing module srcnn_fifo_w64_d3_S
INFO: [VRFC 10-311] analyzing module srcnn_fifo_w64_d3_S_ShiftReg
INFO: [VRFC 10-2263] Analyzing SystemVerilog file "C:/Xilinx/golden/srcnn_hls/solution1/sim/verilog/srcnn_flow_control_loop_pipe_sequential_init.v" into library xil_defaultlib
INFO: [VRFC 10-311] analyzing module srcnn_flow_control_loop_pipe_sequential_init
INFO: [VRFC 10-2263] Analyzing SystemVerilog file "C:/Xilinx/golden/srcnn_hls/solution1/sim/verilog/srcnn_fmul_32ns_32ns_32_3_max_dsp_1.v" into library xil_defaultlib
INFO: [VRFC 10-311] analyzing module srcnn_fmul_32ns_32ns_32_3_max_dsp_1
INFO: [VRFC 10-2263] Analyzing SystemVerilog file "C:/Xilinx/golden/srcnn_hls/solution1/sim/verilog/srcnn_frp_fifoout.v" into library xil_defaultlib
INFO: [VRFC 10-311] analyzing module srcnn_frp_fifoout
INFO: [VRFC 10-2263] Analyzing SystemVerilog file "C:/Xilinx/golden/srcnn_hls/solution1/sim/verilog/srcnn_frp_pipeline_valid.v" into library xil_defaultlib
INFO: [VRFC 10-311] analyzing module srcnn_frp_pipeline_valid
INFO: [VRFC 10-2263] Analyzing SystemVerilog file "C:/Xilinx/golden/srcnn_hls/solution1/sim/verilog/srcnn_gen_tiles_stream_all.v" into library xil_defaultlib
INFO: [VRFC 10-311] analyzing module srcnn_gen_tiles_stream_all
INFO: [VRFC 10-2263] Analyzing SystemVerilog file "C:/Xilinx/golden/srcnn_hls/solution1/sim/verilog/srcnn_gmem_in_m_axi.v" into library xil_defaultlib
INFO: [VRFC 10-311] analyzing module srcnn_gmem_in_m_axi
INFO: [VRFC 10-311] analyzing module srcnn_gmem_in_m_axi_load
INFO: [VRFC 10-311] analyzing module srcnn_gmem_in_m_axi_store
INFO: [VRFC 10-311] analyzing module srcnn_gmem_in_m_axi_read
INFO: [VRFC 10-311] analyzing module srcnn_gmem_in_m_axi_write
INFO: [VRFC 10-311] analyzing module srcnn_gmem_in_m_axi_burst_converter
INFO: [VRFC 10-311] analyzing module srcnn_gmem_in_m_axi_throttle
INFO: [VRFC 10-311] analyzing module srcnn_gmem_in_m_axi_reg_slice
INFO: [VRFC 10-311] analyzing module srcnn_gmem_in_m_axi_fifo
INFO: [VRFC 10-311] analyzing module srcnn_gmem_in_m_axi_srl
INFO: [VRFC 10-311] analyzing module srcnn_gmem_in_m_axi_mem
INFO: [VRFC 10-2263] Analyzing SystemVerilog file "C:/Xilinx/golden/srcnn_hls/solution1/sim/verilog/srcnn_gmem_out_m_axi.v" into library xil_defaultlib
INFO: [VRFC 10-311] analyzing module srcnn_gmem_out_m_axi
INFO: [VRFC 10-311] analyzing module srcnn_gmem_out_m_axi_load
INFO: [VRFC 10-311] analyzing module srcnn_gmem_out_m_axi_store
INFO: [VRFC 10-311] analyzing module srcnn_gmem_out_m_axi_read
INFO: [VRFC 10-311] analyzing module srcnn_gmem_out_m_axi_write
INFO: [VRFC 10-311] analyzing module srcnn_gmem_out_m_axi_burst_converter
INFO: [VRFC 10-311] analyzing module srcnn_gmem_out_m_axi_throttle
INFO: [VRFC 10-311] analyzing module srcnn_gmem_out_m_axi_reg_slice
INFO: [VRFC 10-311] analyzing module srcnn_gmem_out_m_axi_fifo
INFO: [VRFC 10-311] analyzing module srcnn_gmem_out_m_axi_srl
INFO: [VRFC 10-311] analyzing module srcnn_gmem_out_m_axi_mem
INFO: [VRFC 10-2263] Analyzing SystemVerilog file "C:/Xilinx/golden/srcnn_hls/solution1/sim/verilog/srcnn_gmem_wgt_m_axi.v" into library xil_defaultlib
INFO: [VRFC 10-311] analyzing module srcnn_gmem_wgt_m_axi
INFO: [VRFC 10-311] analyzing module srcnn_gmem_wgt_m_axi_load
INFO: [VRFC 10-311] analyzing module srcnn_gmem_wgt_m_axi_store
INFO: [VRFC 10-311] analyzing module srcnn_gmem_wgt_m_axi_read
INFO: [VRFC 10-311] analyzing module srcnn_gmem_wgt_m_axi_write
INFO: [VRFC 10-311] analyzing module srcnn_gmem_wgt_m_axi_burst_converter
INFO: [VRFC 10-311] analyzing module srcnn_gmem_wgt_m_axi_throttle
INFO: [VRFC 10-311] analyzing module srcnn_gmem_wgt_m_axi_reg_slice
INFO: [VRFC 10-311] analyzing module srcnn_gmem_wgt_m_axi_fifo
INFO: [VRFC 10-311] analyzing module srcnn_gmem_wgt_m_axi_srl
INFO: [VRFC 10-311] analyzing module srcnn_gmem_wgt_m_axi_mem
INFO: [VRFC 10-2263] Analyzing SystemVerilog file "C:/Xilinx/golden/srcnn_hls/solution1/sim/verilog/srcnn_load_stage.v" into library xil_defaultlib
INFO: [VRFC 10-311] analyzing module srcnn_load_stage
INFO: [VRFC 10-2263] Analyzing SystemVerilog file "C:/Xilinx/golden/srcnn_hls/solution1/sim/verilog/srcnn_mul_32s_8ns_32_1_1.v" into library xil_defaultlib
INFO: [VRFC 10-311] analyzing module srcnn_mul_32s_8ns_32_1_1
INFO: [VRFC 10-2263] Analyzing SystemVerilog file "C:/Xilinx/golden/srcnn_hls/solution1/sim/verilog/srcnn_mul_33s_10ns_43_1_1.v" into library xil_defaultlib
INFO: [VRFC 10-311] analyzing module srcnn_mul_33s_10ns_43_1_1
INFO: [VRFC 10-2263] Analyzing SystemVerilog file "C:/Xilinx/golden/srcnn_hls/solution1/sim/verilog/srcnn_mul_6ns_8ns_13_1_1.v" into library xil_defaultlib
INFO: [VRFC 10-311] analyzing module srcnn_mul_6ns_8ns_13_1_1
INFO: [VRFC 10-2263] Analyzing SystemVerilog file "C:/Xilinx/golden/srcnn_hls/solution1/sim/verilog/srcnn_mux_5_3_32_1_1.v" into library xil_defaultlib
INFO: [VRFC 10-311] analyzing module srcnn_mux_5_3_32_1_1
INFO: [VRFC 10-2263] Analyzing SystemVerilog file "C:/Xilinx/golden/srcnn_hls/solution1/sim/verilog/srcnn_mux_9_4_32_1_1.v" into library xil_defaultlib
INFO: [VRFC 10-311] analyzing module srcnn_mux_9_4_32_1_1
INFO: [VRFC 10-2263] Analyzing SystemVerilog file "C:/Xilinx/golden/srcnn_hls/solution1/sim/verilog/srcnn_start_for_compute_stage_U0.v" into library xil_defaultlib
INFO: [VRFC 10-311] analyzing module srcnn_start_for_compute_stage_U0
INFO: [VRFC 10-311] analyzing module srcnn_start_for_compute_stage_U0_ShiftReg
INFO: [VRFC 10-2263] Analyzing SystemVerilog file "C:/Xilinx/golden/srcnn_hls/solution1/sim/verilog/srcnn_start_for_load_stage_U0.v" into library xil_defaultlib
INFO: [VRFC 10-311] analyzing module srcnn_start_for_load_stage_U0
INFO: [VRFC 10-311] analyzing module srcnn_start_for_load_stage_U0_ShiftReg
INFO: [VRFC 10-2263] Analyzing SystemVerilog file "C:/Xilinx/golden/srcnn_hls/solution1/sim/verilog/srcnn_start_for_store_stage_U0.v" into library xil_defaultlib
INFO: [VRFC 10-311] analyzing module srcnn_start_for_store_stage_U0
INFO: [VRFC 10-311] analyzing module srcnn_start_for_store_stage_U0_ShiftReg
INFO: [VRFC 10-2263] Analyzing SystemVerilog file "C:/Xilinx/golden/srcnn_hls/solution1/sim/verilog/srcnn_store_stage.v" into library xil_defaultlib
INFO: [VRFC 10-311] analyzing module srcnn_store_stage
INFO: [VRFC 10-2263] Analyzing SystemVerilog file "C:/Xilinx/golden/srcnn_hls/solution1/sim/verilog/srcnn_store_stage_Pipeline_VITIS_LOOP_170_4.v" into library xil_defaultlib
INFO: [VRFC 10-311] analyzing module srcnn_store_stage_Pipeline_VITIS_LOOP_170_4
INFO: [VRFC 10-2263] Analyzing SystemVerilog file "C:/Xilinx/golden/srcnn_hls/solution1/sim/verilog/dataflow_monitor.sv" into library xil_defaultlib
INFO: [VRFC 10-311] analyzing module dataflow_monitor
Starting static elaboration
Pass Through NonSizing Optimizer
WARNING: [VRFC 10-3645] port 'empty' remains unconnected for this instance [C:/Xilinx/golden/srcnn_hls/solution1/sim/verilog/srcnn_compute_stage_Pipeline_VITIS_LOOP_132_12.v:24553]
Completed static elaboration
Starting simulation data flow analysis
Completed simulation data flow analysis
Time Resolution for simulation is 1ps
Compiling package std.standard
Compiling package std.textio
Compiling package ieee.std_logic_1164
Compiling package floating_point_v7_1_15.floating_point_v7_1_15_viv_comp
Compiling package ieee.numeric_std
Compiling package xbip_utils_v3_0_10.xbip_utils_v3_0_10_pkg
Compiling package axi_utils_v2_0_6.axi_utils_v2_0_6_pkg
Compiling package floating_point_v7_1_15.floating_point_v7_1_15_consts
Compiling package ieee.math_real
Compiling package floating_point_v7_1_15.floating_point_v7_1_15_exp_table...
Compiling package mult_gen_v12_0_18.mult_gen_v12_0_18_pkg
Compiling package ieee.std_logic_arith
Compiling package ieee.std_logic_signed
Compiling package floating_point_v7_1_15.floating_point_v7_1_15_pkg
Compiling package floating_point_v7_1_15.flt_utils
Compiling package xbip_pipe_v3_0_6.xbip_pipe_v3_0_6_viv_comp
Compiling package unisim.vcomponents
Compiling package ieee.vital_timing
Compiling package ieee.vital_primitives
Compiling package unisim.vpkg
Compiling package xil_defaultlib.$unit_dataflow_monitor_sv
Compiling module xil_defaultlib.srcnn_feat1_RAM_AUTO_1R1W
Compiling module xil_defaultlib.srcnn_feat2_RAM_AUTO_1R1W
Compiling module xil_defaultlib.srcnn_entry_proc
Compiling module xil_defaultlib.srcnn_gen_tiles_stream_all
Compiling module xil_defaultlib.srcnn_mul_32s_8ns_32_1_1(NUM_STA...
Compiling module xil_defaultlib.srcnn_mul_33s_10ns_43_1_1(NUM_ST...
Compiling module xil_defaultlib.srcnn_load_stage
Compiling module xil_defaultlib.srcnn_compute_stage_bias_RAM_AUT...
Compiling module xil_defaultlib.srcnn_compute_stage_compute_stag...
Compiling architecture muxcy_v of entity unisim.MUXCY [muxcy_default]
Compiling architecture synth of entity xbip_pipe_v3_0_6.xbip_pipe_v3_0_6_viv [\xbip_pipe_v3_0_6_viv(c_has_ce=1...]
Compiling architecture rtl of entity floating_point_v7_1_15.delay [\delay(width=7,length=0)\]
Compiling architecture struct of entity floating_point_v7_1_15.carry_chain [\carry_chain(c_xdevicefamily="zy...]
Compiling architecture synth of entity floating_point_v7_1_15.compare_eq_im [\compare_eq_im(c_xdevicefamily="...]
Compiling architecture xorcy_v of entity unisim.XORCY [xorcy_default]
Compiling architecture struct of entity floating_point_v7_1_15.carry_chain [\carry_chain(c_xdevicefamily="zy...]
Compiling architecture synth of entity xbip_pipe_v3_0_6.xbip_pipe_v3_0_6_viv [\xbip_pipe_v3_0_6_viv(c_has_ce=1...]
Compiling architecture rtl of entity floating_point_v7_1_15.delay [\delay(length=0)\]
Compiling architecture synth of entity xbip_pipe_v3_0_6.xbip_pipe_v3_0_6_viv [\xbip_pipe_v3_0_6_viv(c_has_ce=1...]
Compiling architecture rtl of entity floating_point_v7_1_15.delay [\delay(width=24,length=0,fast_in...]
Compiling architecture synth of entity xbip_pipe_v3_0_6.xbip_pipe_v3_0_6_viv [\xbip_pipe_v3_0_6_viv(c_has_ce=1...]
Compiling architecture rtl of entity floating_point_v7_1_15.delay [\delay(width=16,length=0)\]
Compiling architecture dsp48e1_v of entity unisim.DSP48E1 [\DSP48E1(acascreg=0,adreg=0,alum...]
Compiling architecture synth of entity xbip_pipe_v3_0_6.xbip_pipe_v3_0_6_viv [\xbip_pipe_v3_0_6_viv(c_has_ce=1...]
Compiling architecture rtl of entity floating_point_v7_1_15.delay [\delay(width=4,length=0)\]
Compiling architecture synth of entity xbip_pipe_v3_0_6.xbip_pipe_v3_0_6_viv [\xbip_pipe_v3_0_6_viv(c_has_ce=1...]
Compiling architecture rtl of entity floating_point_v7_1_15.delay [\delay(width=48,length=0)\]
Compiling architecture synth of entity xbip_pipe_v3_0_6.xbip_pipe_v3_0_6_viv [\xbip_pipe_v3_0_6_viv(c_has_ce=1...]
Compiling architecture rtl of entity floating_point_v7_1_15.delay [\delay(width=24,length=0)\]
Compiling architecture rtl of entity floating_point_v7_1_15.dsp48e1_wrapper [\dsp48e1_wrapper(c_part="xck26-s...]
Compiling architecture synth of entity xbip_pipe_v3_0_6.xbip_pipe_v3_0_6_viv [\xbip_pipe_v3_0_6_viv(c_has_ce=1...]
Compiling architecture rtl of entity floating_point_v7_1_15.delay [\delay(width=13,length=0)\]
Compiling architecture synth of entity xbip_pipe_v3_0_6.xbip_pipe_v3_0_6_viv [\xbip_pipe_v3_0_6_viv(c_has_ce=1...]
Compiling architecture rtl of entity floating_point_v7_1_15.delay [\delay(width=27,length=0)\]
Compiling architecture synth of entity floating_point_v7_1_15.align_add_dsp48e1_sgl [\align_add_dsp48e1_sgl(c_xdevice...]
Compiling architecture fdre_v of entity unisim.FDRE [fdre_default]
Compiling architecture fde_v of entity unisim.FDE [fde_default]
Compiling architecture lut5_v of entity unisim.LUT5 [\LUT5(init="00000000000000001111...]
Compiling architecture lut5_v of entity unisim.LUT5 [\LUT5(init="00000000000000000000...]
Compiling architecture synth of entity xbip_pipe_v3_0_6.xbip_pipe_v3_0_6_viv [\xbip_pipe_v3_0_6_viv(c_latency=...]
Compiling architecture rtl of entity floating_point_v7_1_15.delay [\delay(width=27)\]
Compiling architecture synth of entity xbip_pipe_v3_0_6.xbip_pipe_v3_0_6_viv [\xbip_pipe_v3_0_6_viv(c_latency=...]
Compiling architecture rtl of entity floating_point_v7_1_15.delay [delay_default]
Compiling architecture synth of entity xbip_pipe_v3_0_6.xbip_pipe_v3_0_6_viv [\xbip_pipe_v3_0_6_viv(c_has_ce=1...]
Compiling architecture rtl of entity floating_point_v7_1_15.delay [\delay(width=5,length=0)\]
Compiling architecture rtl of entity floating_point_v7_1_15.lead_zero_encode_shift [\lead_zero_encode_shift(ab_fw=24...]
Compiling architecture synth of entity xbip_pipe_v3_0_6.xbip_pipe_v3_0_6_viv [\xbip_pipe_v3_0_6_viv(c_latency=...]
Compiling architecture rtl of entity floating_point_v7_1_15.delay [\delay(width=4)\]
Compiling architecture synth of entity xbip_pipe_v3_0_6.xbip_pipe_v3_0_6_viv [\xbip_pipe_v3_0_6_viv(c_latency=...]
Compiling architecture rtl of entity floating_point_v7_1_15.delay [\delay(width=3)\]
Compiling architecture lut6_v of entity unisim.LUT6 [\LUT6(init="11111110010101001011...]
Compiling architecture lut5_v of entity unisim.LUT5 [\LUT5(init="00010001010111110000...]
Compiling architecture lut5_v of entity unisim.LUT5 [\LUT5(init="11101110101000001111...]
Compiling architecture synth of entity xbip_pipe_v3_0_6.xbip_pipe_v3_0_6_viv [\xbip_pipe_v3_0_6_viv(c_has_ce=1...]
Compiling architecture rtl of entity floating_point_v7_1_15.delay [\delay(width=2,length=0)\]
Compiling architecture dsp48e1_v of entity unisim.DSP48E1 [\DSP48E1(acascreg=0,adreg=0,alum...]
Compiling architecture synth of entity xbip_pipe_v3_0_6.xbip_pipe_v3_0_6_viv [\xbip_pipe_v3_0_6_viv(c_has_ce=1...]
Compiling architecture rtl of entity floating_point_v7_1_15.delay [\delay(width=25,length=0)\]
Compiling architecture rtl of entity floating_point_v7_1_15.dsp48e1_wrapper [\dsp48e1_wrapper(a_width=24,c_wi...]
Compiling architecture rtl of entity floating_point_v7_1_15.norm_and_round_dsp48e1_sgl [\norm_and_round_dsp48e1_sgl(c_mu...]
Compiling architecture lut5_v of entity unisim.LUT5 [\LUT5(init="10011001100110011001...]
Compiling architecture lut5_v of entity unisim.LUT5 [\LUT5(init="11111111000000001111...]
Compiling architecture synth of entity xbip_pipe_v3_0_6.xbip_pipe_v3_0_6_viv [\xbip_pipe_v3_0_6_viv(c_has_ce=1...]
Compiling architecture rtl of entity floating_point_v7_1_15.delay [\delay(width=9,length=0)\]
Compiling architecture struct of entity floating_point_v7_1_15.carry_chain [\carry_chain(c_xdevicefamily="zy...]
Compiling architecture synth of entity xbip_pipe_v3_0_6.xbip_pipe_v3_0_6_viv [\xbip_pipe_v3_0_6_viv(c_has_ce=1...]
Compiling architecture rtl of entity floating_point_v7_1_15.delay [\delay(width=8,length=0)\]
Compiling architecture synth of entity xbip_pipe_v3_0_6.xbip_pipe_v3_0_6_viv [\xbip_pipe_v3_0_6_viv(c_has_ce=1...]
Compiling architecture rtl of entity floating_point_v7_1_15.delay [\delay(width=10,length=0)\]
Compiling architecture synth of entity xbip_pipe_v3_0_6.xbip_pipe_v3_0_6_viv [\xbip_pipe_v3_0_6_viv(c_has_ce=1...]
Compiling architecture rtl of entity floating_point_v7_1_15.delay [\delay(width=4,length=0,fast_inp...]
Compiling architecture struct of entity floating_point_v7_1_15.carry_chain [\carry_chain(c_xdevicefamily="zy...]
Compiling architecture synth of entity floating_point_v7_1_15.compare_eq_im [\compare_eq_im(c_xdevicefamily="...]
Compiling architecture synth of entity xbip_pipe_v3_0_6.xbip_pipe_v3_0_6_viv [\xbip_pipe_v3_0_6_viv(c_latency=...]
Compiling architecture rtl of entity floating_point_v7_1_15.delay [\delay(fast_input=true)\]
Compiling architecture rtl of entity floating_point_v7_1_15.special_detect [\special_detect(c_xdevicefamily=...]
Compiling architecture struct of entity floating_point_v7_1_15.carry_chain [\carry_chain(c_xdevicefamily="zy...]
Compiling architecture synth of entity floating_point_v7_1_15.compare_gt [\compare_gt(c_xdevicefamily="zyn...]
Compiling architecture synth of entity floating_point_v7_1_15.compare [\compare(c_xdevicefamily="zynqup...]
Compiling architecture synth of entity xbip_pipe_v3_0_6.xbip_pipe_v3_0_6_viv [\xbip_pipe_v3_0_6_viv(c_latency=...]
Compiling architecture rtl of entity floating_point_v7_1_15.delay [\delay(width=8)\]
Compiling architecture synth of entity xbip_pipe_v3_0_6.xbip_pipe_v3_0_6_viv [\xbip_pipe_v3_0_6_viv(c_latency=...]
Compiling architecture rtl of entity floating_point_v7_1_15.delay [\delay(width=9)\]
Compiling architecture synth of entity xbip_pipe_v3_0_6.xbip_pipe_v3_0_6_viv [\xbip_pipe_v3_0_6_viv(c_latency=...]
Compiling architecture rtl of entity floating_point_v7_1_15.delay [\delay(width=2,fast_input=true)\]
Compiling architecture synth of entity xbip_pipe_v3_0_6.xbip_pipe_v3_0_6_viv [\xbip_pipe_v3_0_6_viv(c_has_ce=1...]
Compiling architecture rtl of entity floating_point_v7_1_15.delay [\delay(length=0,fast_input=true)...]
Compiling architecture synth of entity xbip_pipe_v3_0_6.xbip_pipe_v3_0_6_viv [\xbip_pipe_v3_0_6_viv(c_has_ce=1...]
Compiling architecture rtl of entity floating_point_v7_1_15.delay [\delay(width=2,length=0,fast_inp...]
Compiling architecture synth of entity xbip_pipe_v3_0_6.xbip_pipe_v3_0_6_viv [\xbip_pipe_v3_0_6_viv(c_has_ce=1...]
Compiling architecture rtl of entity floating_point_v7_1_15.delay [\delay(width=12,length=0)\]
Compiling architecture rtl of entity floating_point_v7_1_15.flt_add_exp_sp [\flt_add_exp_sp(c_xdevicefamily=...]
Compiling architecture synth of entity xbip_pipe_v3_0_6.xbip_pipe_v3_0_6_viv [\xbip_pipe_v3_0_6_viv(c_latency=...]
Compiling architecture rtl of entity floating_point_v7_1_15.delay [\delay(width=23)\]
Compiling architecture synth of entity floating_point_v7_1_15.flt_dec_op [\flt_dec_op(c_xdevicefamily="zyn...]
Compiling architecture rtl of entity floating_point_v7_1_15.flt_add_dsp [\flt_add_dsp(c_xdevicefamily="zy...]
Compiling architecture rtl of entity floating_point_v7_1_15.flt_add [\flt_add(c_xdevicefamily="zynqup...]
Compiling module unisims_ver.x_lut1_mux2
Compiling module unisims_ver.LUT1
Compiling architecture synth of entity xbip_pipe_v3_0_6.xbip_pipe_v3_0_6_viv [\xbip_pipe_v3_0_6_viv(c_latency=...]
Compiling architecture synth of entity xbip_pipe_v3_0_6.xbip_pipe_v3_0_6_viv [\xbip_pipe_v3_0_6_viv(c_has_ce=1...]
Compiling architecture rtl of entity floating_point_v7_1_15.delay [\delay(width=32,length=0)\]
Compiling architecture xilinx of entity floating_point_v7_1_15.floating_point_v7_1_15_viv [\floating_point_v7_1_15_viv(c_xd...]
Compiling architecture xilinx of entity floating_point_v7_1_15.floating_point_v7_1_15 [\floating_point_v7_1_15(c_xdevic...]
Compiling module xil_defaultlib.srcnn_fadd_32ns_32ns_32_4_full_d...
Compiling module xil_defaultlib.srcnn_fadd_32ns_32ns_32_4_full_d...
Compiling architecture dsp48e1_v of entity unisim.DSP48E1 [\DSP48E1(acascreg=0,adreg=0,alum...]
Compiling architecture synth of entity xbip_pipe_v3_0_6.xbip_pipe_v3_0_6_viv [\xbip_pipe_v3_0_6_viv(c_has_ce=1...]
Compiling architecture rtl of entity floating_point_v7_1_15.delay [\delay(width=17,length=0)\]
Compiling architecture rtl of entity floating_point_v7_1_15.dsp48e1_wrapper [\dsp48e1_wrapper(a_width=24,b_wi...]
Compiling architecture dsp48e1_v of entity unisim.DSP48E1 [\DSP48E1(acascreg=0,adreg=0,alum...]
Compiling architecture rtl of entity floating_point_v7_1_15.dsp48e1_wrapper [\dsp48e1_wrapper(a_width=24,b_wi...]
Compiling architecture struct of entity floating_point_v7_1_15.fix_mult_dsp48e1_sgl [\fix_mult_dsp48e1_sgl(registers=...]
Compiling architecture rtl of entity floating_point_v7_1_15.fix_mult [\fix_mult(c_xdevicefamily="zynqu...]
Compiling architecture synth of entity xbip_pipe_v3_0_6.xbip_pipe_v3_0_6_viv [\xbip_pipe_v3_0_6_viv(c_has_ce=1...]
Compiling architecture rtl of entity floating_point_v7_1_15.delay [\delay(width=8,length=0,fast_inp...]
Compiling architecture struct of entity floating_point_v7_1_15.carry_chain [\carry_chain(c_xdevicefamily="zy...]
Compiling architecture struct of entity floating_point_v7_1_15.carry_chain [\carry_chain(c_xdevicefamily="zy...]
Compiling architecture synth of entity floating_point_v7_1_15.compare_eq_im [\compare_eq_im(c_xdevicefamily="...]
Compiling architecture rtl of entity floating_point_v7_1_15.special_detect [\special_detect(c_xdevicefamily=...]
Compiling architecture synth of entity xbip_pipe_v3_0_6.xbip_pipe_v3_0_6_viv [\xbip_pipe_v3_0_6_viv(c_has_ce=1...]
Compiling architecture rtl of entity floating_point_v7_1_15.delay [\delay(width=3,length=0,fast_inp...]
Compiling architecture synth of entity xbip_pipe_v3_0_6.xbip_pipe_v3_0_6_viv [\xbip_pipe_v3_0_6_viv(c_has_ce=1...]
Compiling architecture rtl of entity floating_point_v7_1_15.delay [\delay(width=14,length=0)\]
Compiling architecture rtl of entity floating_point_v7_1_15.flt_mult_exp [\flt_mult_exp(c_xdevicefamily="z...]
Compiling architecture dsp48e1_v of entity unisim.DSP48E1 [\DSP48E1(acascreg=0,adreg=0,alum...]
Compiling architecture synth of entity xbip_pipe_v3_0_6.xbip_pipe_v3_0_6_viv [\xbip_pipe_v3_0_6_viv(c_has_ce=1...]
Compiling architecture rtl of entity floating_point_v7_1_15.delay [\delay(width=30,length=0)\]
Compiling architecture synth of entity xbip_pipe_v3_0_6.xbip_pipe_v3_0_6_viv [\xbip_pipe_v3_0_6_viv(c_has_ce=1...]
Compiling architecture rtl of entity floating_point_v7_1_15.delay [\delay(width=18,length=0)\]
Compiling architecture rtl of entity floating_point_v7_1_15.dsp48e1_wrapper [\dsp48e1_wrapper(a_width=30,b_wi...]
Compiling architecture struct of entity floating_point_v7_1_15.flt_round_dsp_opt_full [\flt_round_dsp_opt_full(c_xdevic...]
Compiling architecture rtl of entity floating_point_v7_1_15.flt_mult_round [\flt_mult_round(c_xdevicefamily=...]
Compiling architecture synth of entity floating_point_v7_1_15.flt_dec_op_lat [\flt_dec_op_lat(c_xdevicefamily=...]
Compiling architecture rtl of entity floating_point_v7_1_15.flt_mult [\flt_mult(c_xdevicefamily="zynqu...]
Compiling architecture xilinx of entity floating_point_v7_1_15.floating_point_v7_1_15_viv [\floating_point_v7_1_15_viv(c_xd...]
Compiling architecture xilinx of entity floating_point_v7_1_15.floating_point_v7_1_15 [\floating_point_v7_1_15(c_xdevic...]
Compiling module xil_defaultlib.srcnn_fmul_32ns_32ns_32_3_max_ds...
Compiling module xil_defaultlib.srcnn_fmul_32ns_32ns_32_3_max_ds...
Compiling module xil_defaultlib.srcnn_mux_9_4_32_1_1(ID=1,din9_W...
Compiling module xil_defaultlib.srcnn_mux_5_3_32_1_1(ID=1,din5_W...
Compiling module xil_defaultlib.srcnn_flow_control_loop_pipe_seq...
Compiling module xil_defaultlib.srcnn_frp_pipeline_valid(Pipelin...
Compiling module xil_defaultlib.srcnn_frp_fifoout(PipeLatency=33...
Compiling module xil_defaultlib.srcnn_compute_stage_Pipeline_VIT...
Compiling module xil_defaultlib.srcnn_mul_6ns_8ns_13_1_1(NUM_STA...
Compiling module xil_defaultlib.srcnn_compute_stage
Compiling module xil_defaultlib.srcnn_store_stage_Pipeline_VITIS...
Compiling module xil_defaultlib.srcnn_store_stage
Compiling module xil_defaultlib.srcnn_fifo_w64_d3_S_ShiftReg
Compiling module xil_defaultlib.srcnn_fifo_w64_d3_S
Compiling module xil_defaultlib.srcnn_fifo_w224_d2_S_ShiftReg
Compiling module xil_defaultlib.srcnn_fifo_w224_d2_S
Compiling module xil_defaultlib.srcnn_fifo_w32_d4_S_ShiftReg
Compiling module xil_defaultlib.srcnn_fifo_w32_d4_S
Compiling module xil_defaultlib.srcnn_fifo_w32_d64_A_ram
Compiling module xil_defaultlib.srcnn_fifo_w32_d64_A
Compiling module xil_defaultlib.srcnn_fifo_w32_d256_A_ram
Compiling module xil_defaultlib.srcnn_fifo_w32_d256_A
Compiling module xil_defaultlib.srcnn_start_for_load_stage_U0_Sh...
Compiling module xil_defaultlib.srcnn_start_for_load_stage_U0
Compiling module xil_defaultlib.srcnn_start_for_compute_stage_U0...
Compiling module xil_defaultlib.srcnn_start_for_compute_stage_U0
Compiling module xil_defaultlib.srcnn_start_for_store_stage_U0_S...
Compiling module xil_defaultlib.srcnn_start_for_store_stage_U0
Compiling module xil_defaultlib.srcnn_conv1
Compiling module xil_defaultlib.srcnn_conv3
Compiling module xil_defaultlib.srcnn_control_s_axi
Compiling module xil_defaultlib.srcnn_gmem_in_m_axi_srl(DATA_WID...
Compiling module xil_defaultlib.srcnn_gmem_in_m_axi_fifo(DATA_WI...
Compiling module xil_defaultlib.srcnn_gmem_in_m_axi_mem(MEM_STYL...
Compiling module xil_defaultlib.srcnn_gmem_in_m_axi_fifo(MEM_STY...
Compiling module xil_defaultlib.srcnn_gmem_in_m_axi_srl(DATA_WID...
Compiling module xil_defaultlib.srcnn_gmem_in_m_axi_fifo(DATA_WI...
Compiling module xil_defaultlib.srcnn_gmem_in_m_axi_srl(DATA_WID...
Compiling module xil_defaultlib.srcnn_gmem_in_m_axi_fifo(DATA_WI...
Compiling module xil_defaultlib.srcnn_gmem_in_m_axi_store(NUM_WR...
Compiling module xil_defaultlib.srcnn_gmem_in_m_axi_mem(MEM_STYL...
Compiling module xil_defaultlib.srcnn_gmem_in_m_axi_fifo(MEM_STY...
Compiling module xil_defaultlib.srcnn_gmem_in_m_axi_load(NUM_REA...
Compiling module xil_defaultlib.srcnn_gmem_in_m_axi_reg_slice(DA...
Compiling module xil_defaultlib.srcnn_gmem_in_m_axi_burst_conver...
Compiling module xil_defaultlib.srcnn_gmem_in_m_axi_srl(DATA_WID...
Compiling module xil_defaultlib.srcnn_gmem_in_m_axi_fifo(DATA_WI...
Compiling module xil_defaultlib.srcnn_gmem_in_m_axi_reg_slice(DA...
Compiling module xil_defaultlib.srcnn_gmem_in_m_axi_srl(DATA_WID...
Compiling module xil_defaultlib.srcnn_gmem_in_m_axi_fifo(DATA_WI...
Compiling module xil_defaultlib.srcnn_gmem_in_m_axi_srl(DATA_WID...
Compiling module xil_defaultlib.srcnn_gmem_in_m_axi_fifo(DATA_WI...
Compiling module xil_defaultlib.srcnn_gmem_in_m_axi_throttle(CON...
Compiling module xil_defaultlib.srcnn_gmem_in_m_axi_reg_slice(DA...
Compiling module xil_defaultlib.srcnn_gmem_in_m_axi_write(CONSER...
Compiling module xil_defaultlib.srcnn_gmem_in_m_axi_burst_conver...
Compiling module xil_defaultlib.srcnn_gmem_in_m_axi_reg_slice(DA...
Compiling module xil_defaultlib.srcnn_gmem_in_m_axi_read(C_USER_...
Compiling module xil_defaultlib.srcnn_gmem_in_m_axi(CONSERVATIVE...
Compiling module xil_defaultlib.srcnn_gmem_out_m_axi_srl(DATA_WI...
Compiling module xil_defaultlib.srcnn_gmem_out_m_axi_fifo(DATA_W...
Compiling module xil_defaultlib.srcnn_gmem_out_m_axi_mem(MEM_STY...
Compiling module xil_defaultlib.srcnn_gmem_out_m_axi_fifo(MEM_ST...
Compiling module xil_defaultlib.srcnn_gmem_out_m_axi_srl(DATA_WI...
Compiling module xil_defaultlib.srcnn_gmem_out_m_axi_fifo(DATA_W...
Compiling module xil_defaultlib.srcnn_gmem_out_m_axi_srl(DATA_WI...
Compiling module xil_defaultlib.srcnn_gmem_out_m_axi_fifo(DATA_W...
Compiling module xil_defaultlib.srcnn_gmem_out_m_axi_store(NUM_W...
Compiling module xil_defaultlib.srcnn_gmem_out_m_axi_mem(MEM_STY...
Compiling module xil_defaultlib.srcnn_gmem_out_m_axi_fifo(MEM_ST...
Compiling module xil_defaultlib.srcnn_gmem_out_m_axi_load(NUM_RE...
Compiling module xil_defaultlib.srcnn_gmem_out_m_axi_reg_slice(D...
Compiling module xil_defaultlib.srcnn_gmem_out_m_axi_burst_conve...
Compiling module xil_defaultlib.srcnn_gmem_out_m_axi_srl(DATA_WI...
Compiling module xil_defaultlib.srcnn_gmem_out_m_axi_fifo(DATA_W...
Compiling module xil_defaultlib.srcnn_gmem_out_m_axi_reg_slice(D...
Compiling module xil_defaultlib.srcnn_gmem_out_m_axi_srl(DATA_WI...
Compiling module xil_defaultlib.srcnn_gmem_out_m_axi_fifo(DATA_W...
Compiling module xil_defaultlib.srcnn_gmem_out_m_axi_srl(DATA_WI...
Compiling module xil_defaultlib.srcnn_gmem_out_m_axi_fifo(DATA_W...
Compiling module xil_defaultlib.srcnn_gmem_out_m_axi_throttle(CO...
Compiling module xil_defaultlib.srcnn_gmem_out_m_axi_reg_slice(D...
Compiling module xil_defaultlib.srcnn_gmem_out_m_axi_write(CONSE...
Compiling module xil_defaultlib.srcnn_gmem_out_m_axi_burst_conve...
Compiling module xil_defaultlib.srcnn_gmem_out_m_axi_reg_slice(D...
Compiling module xil_defaultlib.srcnn_gmem_out_m_axi_srl(DATA_WI...
Compiling module xil_defaultlib.srcnn_gmem_out_m_axi_fifo(DATA_W...
Compiling module xil_defaultlib.srcnn_gmem_out_m_axi_read(C_USER...
Compiling module xil_defaultlib.srcnn_gmem_out_m_axi(CONSERVATIV...
Compiling module xil_defaultlib.srcnn_gmem_wgt_m_axi_srl(DATA_WI...
Compiling module xil_defaultlib.srcnn_gmem_wgt_m_axi_fifo(DATA_W...
Compiling module xil_defaultlib.srcnn_gmem_wgt_m_axi_mem(MEM_STY...
Compiling module xil_defaultlib.srcnn_gmem_wgt_m_axi_fifo(MEM_ST...
Compiling module xil_defaultlib.srcnn_gmem_wgt_m_axi_srl(DATA_WI...
Compiling module xil_defaultlib.srcnn_gmem_wgt_m_axi_fifo(DATA_W...
Compiling module xil_defaultlib.srcnn_gmem_wgt_m_axi_srl(DATA_WI...
Compiling module xil_defaultlib.srcnn_gmem_wgt_m_axi_fifo(DATA_W...
Compiling module xil_defaultlib.srcnn_gmem_wgt_m_axi_store(NUM_W...
Compiling module xil_defaultlib.srcnn_gmem_wgt_m_axi_mem(MEM_STY...
Compiling module xil_defaultlib.srcnn_gmem_wgt_m_axi_fifo(MEM_ST...
Compiling module xil_defaultlib.srcnn_gmem_wgt_m_axi_load(NUM_RE...
Compiling module xil_defaultlib.srcnn_gmem_wgt_m_axi_reg_slice(D...
Compiling module xil_defaultlib.srcnn_gmem_wgt_m_axi_burst_conve...
Compiling module xil_defaultlib.srcnn_gmem_wgt_m_axi_srl(DATA_WI...
Compiling module xil_defaultlib.srcnn_gmem_wgt_m_axi_fifo(DATA_W...
Compiling module xil_defaultlib.srcnn_gmem_wgt_m_axi_reg_slice(D...
Compiling module xil_defaultlib.srcnn_gmem_wgt_m_axi_srl(DATA_WI...
Compiling module xil_defaultlib.srcnn_gmem_wgt_m_axi_fifo(DATA_W...
Compiling module xil_defaultlib.srcnn_gmem_wgt_m_axi_srl(DATA_WI...
Compiling module xil_defaultlib.srcnn_gmem_wgt_m_axi_fifo(DATA_W...
Compiling module xil_defaultlib.srcnn_gmem_wgt_m_axi_throttle(CO...
Compiling module xil_defaultlib.srcnn_gmem_wgt_m_axi_reg_slice(D...
Compiling module xil_defaultlib.srcnn_gmem_wgt_m_axi_write(CONSE...
Compiling module xil_defaultlib.srcnn_gmem_wgt_m_axi_burst_conve...
Compiling module xil_defaultlib.srcnn_gmem_wgt_m_axi_reg_slice(D...
Compiling module xil_defaultlib.srcnn_gmem_wgt_m_axi_srl(DATA_WI...
Compiling module xil_defaultlib.srcnn_gmem_wgt_m_axi_fifo(DATA_W...
Compiling module xil_defaultlib.srcnn_gmem_wgt_m_axi_read(C_USER...
Compiling module xil_defaultlib.srcnn_gmem_wgt_m_axi(CONSERVATIV...
Compiling architecture synth of entity xbip_pipe_v3_0_6.xbip_pipe_v3_0_6_viv [\xbip_pipe_v3_0_6_viv(c_has_ce=1...]
Compiling architecture rtl of entity floating_point_v7_1_15.delay [\delay(width=3,length=0)\]
Compiling architecture struct of entity floating_point_v7_1_15.carry_chain [\carry_chain(c_xdevicefamily="zy...]
Compiling architecture synth of entity floating_point_v7_1_15.compare_eq_im [\compare_eq_im(c_xdevicefamily="...]
Compiling architecture synth of entity floating_point_v7_1_15.compare_ne_im [\compare_ne_im(c_xdevicefamily="...]
Compiling architecture struct of entity floating_point_v7_1_15.carry_chain [\carry_chain(c_xdevicefamily="zy...]
Compiling architecture synth of entity floating_point_v7_1_15.compare_eq_im [\compare_eq_im(c_xdevicefamily="...]
Compiling architecture synth of entity xbip_pipe_v3_0_6.xbip_pipe_v3_0_6_viv [\xbip_pipe_v3_0_6_viv(c_has_ce=1...]
Compiling architecture rtl of entity floating_point_v7_1_15.delay [\delay(width=11,length=0)\]
Compiling architecture struct of entity floating_point_v7_1_15.carry_chain [\carry_chain(c_xdevicefamily="zy...]
Compiling architecture synth of entity floating_point_v7_1_15.compare_eq [\compare_eq(c_xdevicefamily="zyn...]
Compiling architecture struct of entity floating_point_v7_1_15.carry_chain [\carry_chain(c_xdevicefamily="zy...]
Compiling architecture synth of entity floating_point_v7_1_15.compare_gt [\compare_gt(c_xdevicefamily="zyn...]
Compiling architecture rtl of entity floating_point_v7_1_15.fp_cmp [\fp_cmp(c_xdevicefamily="zynqupl...]
Compiling architecture xilinx of entity floating_point_v7_1_15.floating_point_v7_1_15_viv [\floating_point_v7_1_15_viv(c_xd...]
Compiling architecture xilinx of entity floating_point_v7_1_15.floating_point_v7_1_15 [\floating_point_v7_1_15(c_xdevic...]
Compiling module xil_defaultlib.srcnn_fcmp_32ns_32ns_1_2_no_dsp_...
Compiling module xil_defaultlib.srcnn_fcmp_32ns_32ns_1_2_no_dsp_...
Compiling module xil_defaultlib.srcnn
Compiling module xil_defaultlib.AESL_axi_master_gmem_in
Compiling module xil_defaultlib.AESL_axi_master_gmem_wgt
Compiling module xil_defaultlib.AESL_axi_master_gmem_out
Compiling module xil_defaultlib.AESL_axi_slave_control
Compiling module xil_defaultlib.AESL_deadlock_detect_unit(PROC_N...
Compiling module xil_defaultlib.AESL_deadlock_detect_unit(PROC_N...
Compiling module xil_defaultlib.AESL_deadlock_detect_unit(PROC_N...
Compiling module xil_defaultlib.AESL_deadlock_detect_unit(PROC_N...
Compiling module xil_defaultlib.AESL_deadlock_detect_unit(PROC_N...
Compiling module xil_defaultlib.AESL_deadlock_report_unit(PROC_N...
Compiling module xil_defaultlib.AESL_deadlock_detector_1
Compiling module xil_defaultlib.df_fifo_intf
Compiling module xil_defaultlib.df_process_intf
Compiling module xil_defaultlib.nodf_module_intf
Compiling module xil_defaultlib.seq_loop_intf(FSM_WIDTH=52)
Compiling module xil_defaultlib.seq_loop_intf(FSM_WIDTH=4)
Compiling module xil_defaultlib.seq_loop_intf(FSM_WIDTH=40)
Compiling module xil_defaultlib.seq_loop_intf(FSM_WIDTH=14)
Compiling module xil_defaultlib.seq_loop_intf(FSM_WIDTH=5)
Compiling module xil_defaultlib.seq_loop_intf(FSM_WIDTH=28)
Compiling module xil_defaultlib.upc_loop_intf
Compiling module xil_defaultlib.dataflow_monitor_1
Compiling module xil_defaultlib.apatb_srcnn_top
Compiling module work.glbl
Built simulation snapshot srcnn
