

================================================================
== Vitis HLS Report for 'conv1_Pipeline_VITIS_LOOP_94_1_VITIS_LOOP_95_2_VITIS_LOOP_96_3'
================================================================
* Date:           Thu Oct 30 21:22:08 2025

* Version:        2023.1 (Build 3854077 on May  4 2023)
* Project:        srcnn_hls
* Solution:       solution1 (Vivado IP Flow Target)
* Product family: zynquplus
* Target device:  xck26-sfvc784-2LV-c


================================================================
== Performance Estimates
================================================================
+ Timing: 
    * Summary: 
    +--------+----------+----------+------------+
    |  Clock |  Target  | Estimated| Uncertainty|
    +--------+----------+----------+------------+
    |ap_clk  |  10.00 ns|  6.437 ns|     2.70 ns|
    +--------+----------+----------+------------+

+ Latency: 
    * Summary: 
    +---------+---------+-----------+-----------+------+------+---------+
    |  Latency (cycles) |   Latency (absolute)  |   Interval  | Pipeline|
    |   min   |   max   |    min    |    max    |  min |  max |   Type  |
    +---------+---------+-----------+-----------+------+------+---------+
    |     8199|     8199|  81.990 us|  81.990 us|  8199|  8199|       no|
    +---------+---------+-----------+-----------+------+------+---------+

    + Detail: 
        * Instance: 
        N/A

        * Loop: 
        +---------------------------------------------------+---------+---------+----------+-----------+-----------+------+----------+
        |                                                   |  Latency (cycles) | Iteration|  Initiation Interval  | Trip |          |
        |                     Loop Name                     |   min   |   max   |  Latency |  achieved |   target  | Count| Pipelined|
        +---------------------------------------------------+---------+---------+----------+-----------+-----------+------+----------+
        |- VITIS_LOOP_94_1_VITIS_LOOP_95_2_VITIS_LOOP_96_3  |     8197|     8197|         7|          1|          1|  8192|       yes|
        +---------------------------------------------------+---------+---------+----------+-----------+-----------+------+----------+

============================================================
+ Verbose Summary: Synthesis Manager
============================================================
InlineROM: 1
ExposeGlobal: 0
============================================================
+ Verbose Summary: CDFG Model
============================================================
IsTopModel: 0
ResetActiveHigh: 1
IsCombinational: 0
IsDatapathOnly: 0
HasWiredReturn: 1
HasMFsm: 2
HasVarLatency: 1
IsPipeline: 0
IsRtlPipelined: 0
IsInstanceOverlapped: 0
IsDontTouch: 0
HasImplIP: 0
IsGatedGlobalClock: 0

+ Individual pipeline summary: 
  * Pipeline-0: initiation interval (II) = 1, depth = 8


============================================================
+ Verbose Summary: Schedule
============================================================
* Number of FSM states : 8
* Pipeline : 1
  Pipeline-0 : II = 1, D = 8, States = { 1 2 3 4 5 6 7 8 }
* Dataflow Pipeline: 0

* FSM state transitions: 
1 --> 2 
2 --> 3 
3 --> 4 
4 --> 5 
5 --> 6 
6 --> 7 
7 --> 8 
8 --> 

* FSM state operations: 

State 1 <SV = 0> <Delay = 0.42>
ST_1 : Operation 10 [1/1] (0.00ns)   --->   "%tw = alloca i32 1"   --->   Operation 10 'alloca' 'tw' <Predicate = true> <Delay = 0.00>
ST_1 : Operation 11 [1/1] (0.00ns)   --->   "%th = alloca i32 1"   --->   Operation 11 'alloca' 'th' <Predicate = true> <Delay = 0.00>
ST_1 : Operation 12 [1/1] (0.00ns)   --->   "%indvar_flatten143 = alloca i32 1"   --->   Operation 12 'alloca' 'indvar_flatten143' <Predicate = true> <Delay = 0.00>
ST_1 : Operation 13 [1/1] (0.00ns)   --->   "%tn = alloca i32 1"   --->   Operation 13 'alloca' 'tn' <Predicate = true> <Delay = 0.00>
ST_1 : Operation 14 [1/1] (0.00ns)   --->   "%indvar_flatten168 = alloca i32 1"   --->   Operation 14 'alloca' 'indvar_flatten168' <Predicate = true> <Delay = 0.00>
ST_1 : Operation 15 [1/1] (0.00ns)   --->   "%specinterface_ln0 = specinterface void @_ssdm_op_SpecInterface, i32 %conv1_biases, void @empty_18, i32 0, i32 0, void @empty_19, i32 4294967295, i32 0, void @empty_19, void @empty_19, void @empty_19, i32 0, i32 0, i32 0, i32 0, void @empty_19, void @empty_19, i32 4294967295, i32 0"   --->   Operation 15 'specinterface' 'specinterface_ln0' <Predicate = true> <Delay = 0.00>
ST_1 : Operation 16 [1/1] (0.00ns)   --->   "%select_ln119_read = read i9 @_ssdm_op_Read.ap_auto.i9, i9 %select_ln119"   --->   Operation 16 'read' 'select_ln119_read' <Predicate = true> <Delay = 0.00>
ST_1 : Operation 17 [1/1] (0.00ns)   --->   "%zext_ln122_1_read = read i8 @_ssdm_op_Read.ap_auto.i8, i8 %zext_ln122_1"   --->   Operation 17 'read' 'zext_ln122_1_read' <Predicate = true> <Delay = 0.00>
ST_1 : Operation 18 [1/1] (0.00ns)   --->   "%trunc_ln47_mid2_read = read i6 @_ssdm_op_Read.ap_auto.i6, i6 %trunc_ln47_mid2"   --->   Operation 18 'read' 'trunc_ln47_mid2_read' <Predicate = true> <Delay = 0.00>
ST_1 : Operation 19 [1/1] (0.00ns)   --->   "%select_ln119_6_read = read i9 @_ssdm_op_Read.ap_auto.i9, i9 %select_ln119_6"   --->   Operation 19 'read' 'select_ln119_6_read' <Predicate = true> <Delay = 0.00>
ST_1 : Operation 20 [1/1] (0.00ns)   --->   "%select_ln119_5_read = read i8 @_ssdm_op_Read.ap_auto.i8, i8 %select_ln119_5"   --->   Operation 20 'read' 'select_ln119_5_read' <Predicate = true> <Delay = 0.00>
ST_1 : Operation 21 [1/1] (0.42ns)   --->   "%store_ln0 = store i14 0, i14 %indvar_flatten168"   --->   Operation 21 'store' 'store_ln0' <Predicate = true> <Delay = 0.42>
ST_1 : Operation 22 [1/1] (0.42ns)   --->   "%store_ln0 = store i4 0, i4 %tn"   --->   Operation 22 'store' 'store_ln0' <Predicate = true> <Delay = 0.42>
ST_1 : Operation 23 [1/1] (0.42ns)   --->   "%store_ln0 = store i12 0, i12 %indvar_flatten143"   --->   Operation 23 'store' 'store_ln0' <Predicate = true> <Delay = 0.42>
ST_1 : Operation 24 [1/1] (0.42ns)   --->   "%store_ln0 = store i6 0, i6 %th"   --->   Operation 24 'store' 'store_ln0' <Predicate = true> <Delay = 0.42>
ST_1 : Operation 25 [1/1] (0.42ns)   --->   "%store_ln0 = store i6 0, i6 %tw"   --->   Operation 25 'store' 'store_ln0' <Predicate = true> <Delay = 0.42>
ST_1 : Operation 26 [1/1] (0.00ns)   --->   "%br_ln0 = br void %for.body8.i"   --->   Operation 26 'br' 'br_ln0' <Predicate = true> <Delay = 0.00>

State 2 <SV = 1> <Delay = 5.48>
ST_2 : Operation 27 [1/1] (0.00ns)   --->   "%th_4 = load i6 %th" [src/conv1.cpp:95->src/conv1.cpp:142]   --->   Operation 27 'load' 'th_4' <Predicate = true> <Delay = 0.00>
ST_2 : Operation 28 [1/1] (0.00ns)   --->   "%indvar_flatten143_load = load i12 %indvar_flatten143" [src/conv1.cpp:95->src/conv1.cpp:142]   --->   Operation 28 'load' 'indvar_flatten143_load' <Predicate = true> <Delay = 0.00>
ST_2 : Operation 29 [1/1] (0.00ns)   --->   "%indvar_flatten168_load = load i14 %indvar_flatten168" [src/conv1.cpp:94->src/conv1.cpp:142]   --->   Operation 29 'load' 'indvar_flatten168_load' <Predicate = true> <Delay = 0.00>
ST_2 : Operation 30 [1/1] (0.00ns)   --->   "%zext_ln95 = zext i6 %th_4" [src/conv1.cpp:95->src/conv1.cpp:142]   --->   Operation 30 'zext' 'zext_ln95' <Predicate = true> <Delay = 0.00>
ST_2 : Operation 31 [1/1] (0.00ns)   --->   "%zext_ln95_1 = zext i6 %th_4" [src/conv1.cpp:95->src/conv1.cpp:142]   --->   Operation 31 'zext' 'zext_ln95_1' <Predicate = true> <Delay = 0.00>
ST_2 : Operation 32 [1/1] (0.76ns)   --->   "%cmp10_i = icmp_ult  i8 %zext_ln95_1, i8 %select_ln119_5_read" [src/conv1.cpp:95->src/conv1.cpp:142]   --->   Operation 32 'icmp' 'cmp10_i' <Predicate = true> <Delay = 0.76> <CoreInst = "Cmp">   --->   Core 9 'Cmp' <Latency = 0> <II = 1> <Delay = 0.76> <FuncUnit> <Opcode : 'icmp'> <InPorts = 2> <OutPorts = 1>
ST_2 : Operation 33 [1/1] (0.77ns)   --->   "%empty = add i9 %zext_ln95, i9 %select_ln119_6_read" [src/conv1.cpp:95->src/conv1.cpp:142]   --->   Operation 33 'add' 'empty' <Predicate = true> <Delay = 0.77> <CoreInst = "Adder">   --->   Core 1 'Adder' <Latency = 0> <II = 1> <Delay = 0.77> <FuncUnit> <Opcode : 'add' 'sub'> <InPorts = 2> <OutPorts = 1>
ST_2 : Operation 34 [1/1] (0.83ns)   --->   "%icmp_ln94 = icmp_eq  i14 %indvar_flatten168_load, i14 8192" [src/conv1.cpp:94->src/conv1.cpp:142]   --->   Operation 34 'icmp' 'icmp_ln94' <Predicate = true> <Delay = 0.83> <CoreInst = "Cmp">   --->   Core 9 'Cmp' <Latency = 0> <II = 1> <Delay = 0.83> <FuncUnit> <Opcode : 'icmp'> <InPorts = 2> <OutPorts = 1>
ST_2 : Operation 35 [1/1] (0.83ns)   --->   "%add_ln94_3 = add i14 %indvar_flatten168_load, i14 1" [src/conv1.cpp:94->src/conv1.cpp:142]   --->   Operation 35 'add' 'add_ln94_3' <Predicate = true> <Delay = 0.83> <CoreInst = "Adder">   --->   Core 1 'Adder' <Latency = 0> <II = 1> <Delay = 0.83> <FuncUnit> <Opcode : 'add' 'sub'> <InPorts = 2> <OutPorts = 1>
ST_2 : Operation 36 [1/1] (0.00ns)   --->   "%br_ln94 = br i1 %icmp_ln94, void %for.inc32.i, void %_ZL17store_out_tile_c1PA32_A32_fPA255_A255_fiiiiiiPf.exit.exitStub" [src/conv1.cpp:94->src/conv1.cpp:142]   --->   Operation 36 'br' 'br_ln94' <Predicate = true> <Delay = 0.00>
ST_2 : Operation 37 [1/1] (0.00ns)   --->   "%tw_load = load i6 %tw" [src/conv1.cpp:96->src/conv1.cpp:142]   --->   Operation 37 'load' 'tw_load' <Predicate = (!icmp_ln94)> <Delay = 0.00>
ST_2 : Operation 38 [1/1] (0.00ns)   --->   "%tn_load = load i4 %tn" [src/conv1.cpp:94->src/conv1.cpp:142]   --->   Operation 38 'load' 'tn_load' <Predicate = (!icmp_ln94)> <Delay = 0.00>
ST_2 : Operation 39 [1/1] (0.79ns)   --->   "%add_ln94 = add i4 %tn_load, i4 1" [src/conv1.cpp:94->src/conv1.cpp:142]   --->   Operation 39 'add' 'add_ln94' <Predicate = (!icmp_ln94)> <Delay = 0.79> <CoreInst = "Adder">   --->   Core 1 'Adder' <Latency = 0> <II = 1> <Delay = 0.79> <FuncUnit> <Opcode : 'add' 'sub'> <InPorts = 2> <OutPorts = 1>
ST_2 : Operation 40 [1/1] (0.80ns)   --->   "%icmp_ln95 = icmp_eq  i12 %indvar_flatten143_load, i12 1024" [src/conv1.cpp:95->src/conv1.cpp:142]   --->   Operation 40 'icmp' 'icmp_ln95' <Predicate = (!icmp_ln94)> <Delay = 0.80> <CoreInst = "Cmp">   --->   Core 9 'Cmp' <Latency = 0> <II = 1> <Delay = 0.80> <FuncUnit> <Opcode : 'icmp'> <InPorts = 2> <OutPorts = 1>
ST_2 : Operation 41 [1/1] (0.38ns)   --->   "%select_ln94 = select i1 %icmp_ln95, i6 0, i6 %th_4" [src/conv1.cpp:94->src/conv1.cpp:142]   --->   Operation 41 'select' 'select_ln94' <Predicate = (!icmp_ln94)> <Delay = 0.38> <CoreInst = "Sel">   --->   Core 73 'Sel' <Latency = 0> <II = 1> <Delay = 0.38> <FuncUnit> <Opcode : 'select'> <InPorts = 3> <OutPorts = 1>
ST_2 : Operation 42 [1/1] (0.39ns)   --->   "%select_ln94_1 = select i1 %icmp_ln95, i4 %add_ln94, i4 %tn_load" [src/conv1.cpp:94->src/conv1.cpp:142]   --->   Operation 42 'select' 'select_ln94_1' <Predicate = (!icmp_ln94)> <Delay = 0.39> <CoreInst = "Sel">   --->   Core 73 'Sel' <Latency = 0> <II = 1> <Delay = 0.39> <FuncUnit> <Opcode : 'select'> <InPorts = 3> <OutPorts = 1>
ST_2 : Operation 43 [1/1] (0.00ns)   --->   "%trunc_ln99 = trunc i4 %select_ln94_1" [src/conv1.cpp:99->src/conv1.cpp:142]   --->   Operation 43 'trunc' 'trunc_ln99' <Predicate = (!icmp_ln94)> <Delay = 0.00>
ST_2 : Operation 44 [1/1] (0.00ns)   --->   "%tmp_44_cast = bitconcatenate i8 @_ssdm_op_BitConcatenate.i8.i3.i5, i3 %trunc_ln99, i5 0" [src/conv1.cpp:99->src/conv1.cpp:142]   --->   Operation 44 'bitconcatenate' 'tmp_44_cast' <Predicate = (!icmp_ln94)> <Delay = 0.00>
ST_2 : Operation 45 [1/1] (0.00ns)   --->   "%zext_ln94 = zext i4 %select_ln94_1" [src/conv1.cpp:94->src/conv1.cpp:142]   --->   Operation 45 'zext' 'zext_ln94' <Predicate = (!icmp_ln94)> <Delay = 0.00>
ST_2 : Operation 46 [1/1] (0.78ns)   --->   "%add_ln94_4 = add i6 %zext_ln94, i6 %trunc_ln47_mid2_read" [src/conv1.cpp:94->src/conv1.cpp:142]   --->   Operation 46 'add' 'add_ln94_4' <Predicate = (!icmp_ln94)> <Delay = 0.78> <CoreInst = "Adder">   --->   Core 1 'Adder' <Latency = 0> <II = 1> <Delay = 0.78> <FuncUnit> <Opcode : 'add' 'sub'> <InPorts = 2> <OutPorts = 1>
ST_2 : Operation 47 [1/1] (0.00ns)   --->   "%zext_ln94_1 = zext i6 %add_ln94_4" [src/conv1.cpp:94->src/conv1.cpp:142]   --->   Operation 47 'zext' 'zext_ln94_1' <Predicate = (!icmp_ln94)> <Delay = 0.00>
ST_2 : Operation 48 [1/1] (0.00ns)   --->   "%zext_ln99 = zext i6 %add_ln94_4" [src/conv1.cpp:99->src/conv1.cpp:142]   --->   Operation 48 'zext' 'zext_ln99' <Predicate = (!icmp_ln94)> <Delay = 0.00>
ST_2 : Operation 49 [1/1] (0.00ns)   --->   "%tmp_s = bitconcatenate i14 @_ssdm_op_BitConcatenate.i14.i6.i8, i6 %add_ln94_4, i8 0" [src/conv1.cpp:99->src/conv1.cpp:142]   --->   Operation 49 'bitconcatenate' 'tmp_s' <Predicate = (!icmp_ln94)> <Delay = 0.00>
ST_2 : Operation 50 [1/1] (0.00ns)   --->   "%zext_ln99_1 = zext i14 %tmp_s" [src/conv1.cpp:99->src/conv1.cpp:142]   --->   Operation 50 'zext' 'zext_ln99_1' <Predicate = (!icmp_ln94)> <Delay = 0.00>
ST_2 : Operation 51 [1/1] (0.83ns)   --->   "%sub_ln99 = sub i15 %zext_ln99_1, i15 %zext_ln99" [src/conv1.cpp:99->src/conv1.cpp:142]   --->   Operation 51 'sub' 'sub_ln99' <Predicate = (!icmp_ln94)> <Delay = 0.83> <CoreInst = "Adder">   --->   Core 1 'Adder' <Latency = 0> <II = 1> <Delay = 0.83> <FuncUnit> <Opcode : 'add' 'sub'> <InPorts = 2> <OutPorts = 1>
ST_2 : Operation 52 [1/1] (0.00ns) (grouped into LUT with out node add_ln99_3)   --->   "%sext_ln99 = sext i15 %sub_ln99" [src/conv1.cpp:99->src/conv1.cpp:142]   --->   Operation 52 'sext' 'sext_ln99' <Predicate = (!icmp_ln94)> <Delay = 0.00>
ST_2 : Operation 53 [1/1] (0.00ns)   --->   "%conv1_biases_addr = getelementptr i32 %conv1_biases, i64 0, i64 %zext_ln94_1" [src/conv1.cpp:99->src/conv1.cpp:142]   --->   Operation 53 'getelementptr' 'conv1_biases_addr' <Predicate = (!icmp_ln94)> <Delay = 0.00>
ST_2 : Operation 54 [2/2] (1.23ns)   --->   "%conv1_biases_load = load i6 %conv1_biases_addr" [src/conv1.cpp:94->src/conv1.cpp:142]   --->   Operation 54 'load' 'conv1_biases_load' <Predicate = (!icmp_ln94)> <Delay = 1.23> <CoreInst = "RAM">   --->   Core 83 'RAM' <Latency = 1> <II = 1> <Delay = 1.23> <Storage> <Opcode : 'load' 'store'> <Ports = 2> <Width = 32> <Depth = 64> <RAM>
ST_2 : Operation 55 [1/1] (0.76ns)   --->   "%cmp10_i_mid1160 = icmp_ne  i8 %select_ln119_5_read, i8 0"   --->   Operation 55 'icmp' 'cmp10_i_mid1160' <Predicate = (!icmp_ln94)> <Delay = 0.76> <CoreInst = "Cmp">   --->   Core 9 'Cmp' <Latency = 0> <II = 1> <Delay = 0.76> <FuncUnit> <Opcode : 'icmp'> <InPorts = 2> <OutPorts = 1>
ST_2 : Operation 56 [1/1] (0.00ns) (grouped into LUT with out node and_ln98)   --->   "%select_ln94_2 = select i1 %icmp_ln95, i1 %cmp10_i_mid1160, i1 %cmp10_i" [src/conv1.cpp:94->src/conv1.cpp:142]   --->   Operation 56 'select' 'select_ln94_2' <Predicate = (!icmp_ln94)> <Delay = 0.00> <CoreInst = "Sel">   --->   Core 73 'Sel' <Latency = 0> <II = 1> <Delay = 0.17> <FuncUnit> <Opcode : 'select'> <InPorts = 3> <OutPorts = 1>
ST_2 : Operation 57 [1/1] (0.00ns) (grouped into LUT with out node add_ln99_3)   --->   "%select_ln94_3 = select i1 %icmp_ln95, i9 %select_ln119_6_read, i9 %empty" [src/conv1.cpp:94->src/conv1.cpp:142]   --->   Operation 57 'select' 'select_ln94_3' <Predicate = (!icmp_ln94)> <Delay = 0.00> <CoreInst = "Sel">   --->   Core 73 'Sel' <Latency = 0> <II = 1> <Delay = 0.39> <FuncUnit> <Opcode : 'select'> <InPorts = 3> <OutPorts = 1>
ST_2 : Operation 58 [1/1] (0.00ns) (grouped into LUT with out node and_ln94)   --->   "%xor_ln94 = xor i1 %icmp_ln95, i1 1" [src/conv1.cpp:94->src/conv1.cpp:142]   --->   Operation 58 'xor' 'xor_ln94' <Predicate = (!icmp_ln94)> <Delay = 0.00> <CoreInst = "LogicGate">   --->   Core 74 'LogicGate' <Latency = 0> <II = 1> <Delay = 0.28> <FuncUnit> <Opcode : 'and' 'or' 'xor'> <InPorts = 2> <OutPorts = 1>
ST_2 : Operation 59 [1/1] (0.78ns)   --->   "%icmp_ln96 = icmp_eq  i6 %tw_load, i6 32" [src/conv1.cpp:96->src/conv1.cpp:142]   --->   Operation 59 'icmp' 'icmp_ln96' <Predicate = (!icmp_ln94)> <Delay = 0.78> <CoreInst = "Cmp">   --->   Core 9 'Cmp' <Latency = 0> <II = 1> <Delay = 0.78> <FuncUnit> <Opcode : 'icmp'> <InPorts = 2> <OutPorts = 1>
ST_2 : Operation 60 [1/1] (0.28ns) (out node of the LUT)   --->   "%and_ln94 = and i1 %icmp_ln96, i1 %xor_ln94" [src/conv1.cpp:94->src/conv1.cpp:142]   --->   Operation 60 'and' 'and_ln94' <Predicate = (!icmp_ln94)> <Delay = 0.28> <CoreInst = "LogicGate">   --->   Core 74 'LogicGate' <Latency = 0> <II = 1> <Delay = 0.28> <FuncUnit> <Opcode : 'and' 'or' 'xor'> <InPorts = 2> <OutPorts = 1>
ST_2 : Operation 61 [1/1] (0.78ns)   --->   "%add_ln95 = add i6 %select_ln94, i6 1" [src/conv1.cpp:95->src/conv1.cpp:142]   --->   Operation 61 'add' 'add_ln95' <Predicate = (!icmp_ln94)> <Delay = 0.78> <CoreInst = "Adder">   --->   Core 1 'Adder' <Latency = 0> <II = 1> <Delay = 0.78> <FuncUnit> <Opcode : 'add' 'sub'> <InPorts = 2> <OutPorts = 1>
ST_2 : Operation 62 [1/1] (0.00ns) (grouped into LUT with out node select_ln95)   --->   "%or_ln95 = or i1 %and_ln94, i1 %icmp_ln95" [src/conv1.cpp:95->src/conv1.cpp:142]   --->   Operation 62 'or' 'or_ln95' <Predicate = (!icmp_ln94)> <Delay = 0.00> <CoreInst = "LogicGate">   --->   Core 74 'LogicGate' <Latency = 0> <II = 1> <Delay = 0.28> <FuncUnit> <Opcode : 'and' 'or' 'xor'> <InPorts = 2> <OutPorts = 1>
ST_2 : Operation 63 [1/1] (0.38ns) (out node of the LUT)   --->   "%select_ln95 = select i1 %or_ln95, i6 0, i6 %tw_load" [src/conv1.cpp:95->src/conv1.cpp:142]   --->   Operation 63 'select' 'select_ln95' <Predicate = (!icmp_ln94)> <Delay = 0.38> <CoreInst = "Sel">   --->   Core 73 'Sel' <Latency = 0> <II = 1> <Delay = 0.38> <FuncUnit> <Opcode : 'select'> <InPorts = 3> <OutPorts = 1>
ST_2 : Operation 64 [1/1] (0.38ns)   --->   "%select_ln95_1 = select i1 %and_ln94, i6 %add_ln95, i6 %select_ln94" [src/conv1.cpp:95->src/conv1.cpp:142]   --->   Operation 64 'select' 'select_ln95_1' <Predicate = (!icmp_ln94)> <Delay = 0.38> <CoreInst = "Sel">   --->   Core 73 'Sel' <Latency = 0> <II = 1> <Delay = 0.38> <FuncUnit> <Opcode : 'select'> <InPorts = 3> <OutPorts = 1>
ST_2 : Operation 65 [1/1] (0.00ns)   --->   "%zext_ln99_2 = zext i6 %select_ln95_1" [src/conv1.cpp:99->src/conv1.cpp:142]   --->   Operation 65 'zext' 'zext_ln99_2' <Predicate = (!icmp_ln94)> <Delay = 0.00>
ST_2 : Operation 66 [1/1] (0.76ns)   --->   "%add_ln99_2 = add i8 %tmp_44_cast, i8 %zext_ln99_2" [src/conv1.cpp:99->src/conv1.cpp:142]   --->   Operation 66 'add' 'add_ln99_2' <Predicate = (!icmp_ln94)> <Delay = 0.76> <CoreInst = "Adder">   --->   Core 1 'Adder' <Latency = 0> <II = 1> <Delay = 0.76> <FuncUnit> <Opcode : 'add' 'sub'> <InPorts = 2> <OutPorts = 1>
ST_2 : Operation 67 [1/1] (0.00ns)   --->   "%tmp_6 = bitconcatenate i13 @_ssdm_op_BitConcatenate.i13.i8.i5, i8 %add_ln99_2, i5 0" [src/conv1.cpp:99->src/conv1.cpp:142]   --->   Operation 67 'bitconcatenate' 'tmp_6' <Predicate = (!icmp_ln94)> <Delay = 0.00>
ST_2 : Operation 68 [1/1] (0.00ns)   --->   "%zext_ln95_2 = zext i6 %add_ln95" [src/conv1.cpp:95->src/conv1.cpp:142]   --->   Operation 68 'zext' 'zext_ln95_2' <Predicate = (!icmp_ln94)> <Delay = 0.00>
ST_2 : Operation 69 [1/1] (0.00ns)   --->   "%add_ln95_cast = zext i6 %add_ln95" [src/conv1.cpp:95->src/conv1.cpp:142]   --->   Operation 69 'zext' 'add_ln95_cast' <Predicate = (!icmp_ln94)> <Delay = 0.00>
ST_2 : Operation 70 [1/1] (0.76ns)   --->   "%cmp10_i_mid1 = icmp_ult  i8 %add_ln95_cast, i8 %select_ln119_5_read" [src/conv1.cpp:95->src/conv1.cpp:142]   --->   Operation 70 'icmp' 'cmp10_i_mid1' <Predicate = (!icmp_ln94)> <Delay = 0.76> <CoreInst = "Cmp">   --->   Core 9 'Cmp' <Latency = 0> <II = 1> <Delay = 0.76> <FuncUnit> <Opcode : 'icmp'> <InPorts = 2> <OutPorts = 1>
ST_2 : Operation 71 [1/1] (0.00ns) (grouped into LUT with out node and_ln98)   --->   "%select_ln95_2 = select i1 %and_ln94, i1 %cmp10_i_mid1, i1 %select_ln94_2" [src/conv1.cpp:95->src/conv1.cpp:142]   --->   Operation 71 'select' 'select_ln95_2' <Predicate = (!icmp_ln94)> <Delay = 0.00> <CoreInst = "Sel">   --->   Core 73 'Sel' <Latency = 0> <II = 1> <Delay = 0.17> <FuncUnit> <Opcode : 'select'> <InPorts = 3> <OutPorts = 1>
ST_2 : Operation 72 [1/1] (0.77ns)   --->   "%p_mid1141 = add i9 %zext_ln95_2, i9 %select_ln119_6_read" [src/conv1.cpp:95->src/conv1.cpp:142]   --->   Operation 72 'add' 'p_mid1141' <Predicate = (!icmp_ln94)> <Delay = 0.77> <CoreInst = "Adder">   --->   Core 1 'Adder' <Latency = 0> <II = 1> <Delay = 0.77> <FuncUnit> <Opcode : 'add' 'sub'> <InPorts = 2> <OutPorts = 1>
ST_2 : Operation 73 [1/1] (0.00ns) (grouped into LUT with out node add_ln99_3)   --->   "%select_ln95_3 = select i1 %and_ln94, i9 %p_mid1141, i9 %select_ln94_3" [src/conv1.cpp:95->src/conv1.cpp:142]   --->   Operation 73 'select' 'select_ln95_3' <Predicate = (!icmp_ln94)> <Delay = 0.00> <CoreInst = "Sel">   --->   Core 73 'Sel' <Latency = 0> <II = 1> <Delay = 0.39> <FuncUnit> <Opcode : 'select'> <InPorts = 3> <OutPorts = 1>
ST_2 : Operation 74 [1/1] (0.00ns) (grouped into LUT with out node add_ln99_3)   --->   "%zext_ln99_3 = zext i9 %select_ln95_3" [src/conv1.cpp:99->src/conv1.cpp:142]   --->   Operation 74 'zext' 'zext_ln99_3' <Predicate = (!icmp_ln94)> <Delay = 0.00>
ST_2 : Operation 75 [1/1] (0.84ns) (out node of the LUT)   --->   "%add_ln99_3 = add i16 %sext_ln99, i16 %zext_ln99_3" [src/conv1.cpp:99->src/conv1.cpp:142]   --->   Operation 75 'add' 'add_ln99_3' <Predicate = (!icmp_ln94)> <Delay = 0.84> <CoreInst = "Adder">   --->   Core 1 'Adder' <Latency = 0> <II = 1> <Delay = 0.84> <FuncUnit> <Opcode : 'add' 'sub'> <InPorts = 2> <OutPorts = 1>
ST_2 : Operation 76 [1/1] (0.00ns)   --->   "%sext_ln99_1 = sext i16 %add_ln99_3" [src/conv1.cpp:99->src/conv1.cpp:142]   --->   Operation 76 'sext' 'sext_ln99_1' <Predicate = (!icmp_ln94)> <Delay = 0.00>
ST_2 : Operation 77 [1/1] (0.00ns)   --->   "%trunc_ln99_1 = trunc i16 %add_ln99_3" [src/conv1.cpp:99->src/conv1.cpp:142]   --->   Operation 77 'trunc' 'trunc_ln99_1' <Predicate = (!icmp_ln94)> <Delay = 0.00>
ST_2 : Operation 78 [1/1] (0.00ns)   --->   "%p_shl5 = bitconcatenate i22 @_ssdm_op_BitConcatenate.i22.i14.i8, i14 %trunc_ln99_1, i8 0" [src/conv1.cpp:99->src/conv1.cpp:142]   --->   Operation 78 'bitconcatenate' 'p_shl5' <Predicate = (!icmp_ln94)> <Delay = 0.00>
ST_2 : Operation 79 [1/1] (0.91ns)   --->   "%sub_ln99_1 = sub i22 %p_shl5, i22 %sext_ln99_1" [src/conv1.cpp:99->src/conv1.cpp:142]   --->   Operation 79 'sub' 'sub_ln99_1' <Predicate = (!icmp_ln94)> <Delay = 0.91> <CoreInst = "Adder">   --->   Core 1 'Adder' <Latency = 0> <II = 1> <Delay = 0.91> <FuncUnit> <Opcode : 'add' 'sub'> <InPorts = 2> <OutPorts = 1>
ST_2 : Operation 80 [1/1] (0.00ns)   --->   "%zext_ln99_4 = zext i6 %select_ln95" [src/conv1.cpp:99->src/conv1.cpp:142]   --->   Operation 80 'zext' 'zext_ln99_4' <Predicate = (!icmp_ln94)> <Delay = 0.00>
ST_2 : Operation 81 [1/1] (0.82ns)   --->   "%add_ln99_4 = add i13 %tmp_6, i13 %zext_ln99_4" [src/conv1.cpp:99->src/conv1.cpp:142]   --->   Operation 81 'add' 'add_ln99_4' <Predicate = (!icmp_ln94)> <Delay = 0.82> <CoreInst = "Adder">   --->   Core 1 'Adder' <Latency = 0> <II = 1> <Delay = 0.82> <FuncUnit> <Opcode : 'add' 'sub'> <InPorts = 2> <OutPorts = 1>
ST_2 : Operation 82 [1/1] (0.00ns)   --->   "%zext_ln99_5 = zext i13 %add_ln99_4" [src/conv1.cpp:99->src/conv1.cpp:142]   --->   Operation 82 'zext' 'zext_ln99_5' <Predicate = (!icmp_ln94)> <Delay = 0.00>
ST_2 : Operation 83 [1/1] (0.00ns)   --->   "%out_tile_2_addr = getelementptr i32 %out_tile_2, i64 0, i64 %zext_ln99_5" [src/conv1.cpp:99->src/conv1.cpp:142]   --->   Operation 83 'getelementptr' 'out_tile_2_addr' <Predicate = (!icmp_ln94)> <Delay = 0.00>
ST_2 : Operation 84 [1/1] (0.00ns)   --->   "%zext_ln96 = zext i6 %select_ln95" [src/conv1.cpp:96->src/conv1.cpp:142]   --->   Operation 84 'zext' 'zext_ln96' <Predicate = (!icmp_ln94)> <Delay = 0.00>
ST_2 : Operation 85 [1/1] (0.00ns)   --->   "%zext_ln97 = zext i6 %select_ln95" [src/conv1.cpp:97->src/conv1.cpp:142]   --->   Operation 85 'zext' 'zext_ln97' <Predicate = (!icmp_ln94)> <Delay = 0.00>
ST_2 : Operation 86 [1/1] (0.76ns)   --->   "%icmp_ln98 = icmp_ult  i8 %zext_ln97, i8 %zext_ln122_1_read" [src/conv1.cpp:98->src/conv1.cpp:142]   --->   Operation 86 'icmp' 'icmp_ln98' <Predicate = (!icmp_ln94)> <Delay = 0.76> <CoreInst = "Cmp">   --->   Core 9 'Cmp' <Latency = 0> <II = 1> <Delay = 0.76> <FuncUnit> <Opcode : 'icmp'> <InPorts = 2> <OutPorts = 1>
ST_2 : Operation 87 [1/1] (0.28ns) (out node of the LUT)   --->   "%and_ln98 = and i1 %icmp_ln98, i1 %select_ln95_2" [src/conv1.cpp:98->src/conv1.cpp:142]   --->   Operation 87 'and' 'and_ln98' <Predicate = (!icmp_ln94)> <Delay = 0.28> <CoreInst = "LogicGate">   --->   Core 74 'LogicGate' <Latency = 0> <II = 1> <Delay = 0.28> <FuncUnit> <Opcode : 'and' 'or' 'xor'> <InPorts = 2> <OutPorts = 1>
ST_2 : Operation 88 [1/1] (0.00ns)   --->   "%br_ln98 = br i1 %and_ln98, void %for.inc.i19, void %if.then.i" [src/conv1.cpp:98->src/conv1.cpp:142]   --->   Operation 88 'br' 'br_ln98' <Predicate = (!icmp_ln94)> <Delay = 0.00>
ST_2 : Operation 89 [2/2] (1.23ns)   --->   "%out_tile_2_load = load i13 %out_tile_2_addr" [src/conv1.cpp:99->src/conv1.cpp:142]   --->   Operation 89 'load' 'out_tile_2_load' <Predicate = (!icmp_ln94 & and_ln98)> <Delay = 1.23> <CoreInst = "RAM">   --->   Core 83 'RAM' <Latency = 1> <II = 1> <Delay = 1.23> <Storage> <Opcode : 'load' 'store'> <Ports = 2> <Width = 32> <Depth = 8192> <RAM>
ST_2 : Operation 90 [1/1] (0.77ns)   --->   "%add_ln99 = add i9 %zext_ln96, i9 %select_ln119_read" [src/conv1.cpp:99->src/conv1.cpp:142]   --->   Operation 90 'add' 'add_ln99' <Predicate = (!icmp_ln94 & and_ln98)> <Delay = 0.77> <CoreInst = "Adder">   --->   Core 1 'Adder' <Latency = 0> <II = 1> <Delay = 0.77> <FuncUnit> <Opcode : 'add' 'sub'> <InPorts = 2> <OutPorts = 1>
ST_2 : Operation 91 [1/1] (0.00ns)   --->   "%zext_ln99_6 = zext i9 %add_ln99" [src/conv1.cpp:99->src/conv1.cpp:142]   --->   Operation 91 'zext' 'zext_ln99_6' <Predicate = (!icmp_ln94 & and_ln98)> <Delay = 0.00>
ST_2 : Operation 92 [1/1] (0.91ns)   --->   "%add_ln99_5 = add i22 %sub_ln99_1, i22 %zext_ln99_6" [src/conv1.cpp:99->src/conv1.cpp:142]   --->   Operation 92 'add' 'add_ln99_5' <Predicate = (!icmp_ln94 & and_ln98)> <Delay = 0.91> <CoreInst = "Adder">   --->   Core 1 'Adder' <Latency = 0> <II = 1> <Delay = 0.91> <FuncUnit> <Opcode : 'add' 'sub'> <InPorts = 2> <OutPorts = 1>
ST_2 : Operation 93 [1/1] (0.78ns)   --->   "%add_ln96 = add i6 %select_ln95, i6 1" [src/conv1.cpp:96->src/conv1.cpp:142]   --->   Operation 93 'add' 'add_ln96' <Predicate = (!icmp_ln94)> <Delay = 0.78> <CoreInst = "Adder">   --->   Core 1 'Adder' <Latency = 0> <II = 1> <Delay = 0.78> <FuncUnit> <Opcode : 'add' 'sub'> <InPorts = 2> <OutPorts = 1>
ST_2 : Operation 94 [1/1] (0.80ns)   --->   "%add_ln95_1 = add i12 %indvar_flatten143_load, i12 1" [src/conv1.cpp:95->src/conv1.cpp:142]   --->   Operation 94 'add' 'add_ln95_1' <Predicate = (!icmp_ln94)> <Delay = 0.80> <CoreInst = "Adder">   --->   Core 1 'Adder' <Latency = 0> <II = 1> <Delay = 0.80> <FuncUnit> <Opcode : 'add' 'sub'> <InPorts = 2> <OutPorts = 1>
ST_2 : Operation 95 [1/1] (0.37ns)   --->   "%select_ln95_4 = select i1 %icmp_ln95, i12 1, i12 %add_ln95_1" [src/conv1.cpp:95->src/conv1.cpp:142]   --->   Operation 95 'select' 'select_ln95_4' <Predicate = (!icmp_ln94)> <Delay = 0.37> <CoreInst = "Sel">   --->   Core 73 'Sel' <Latency = 0> <II = 1> <Delay = 0.37> <FuncUnit> <Opcode : 'select'> <InPorts = 3> <OutPorts = 1>
ST_2 : Operation 96 [1/1] (0.42ns)   --->   "%store_ln96 = store i14 %add_ln94_3, i14 %indvar_flatten168" [src/conv1.cpp:96->src/conv1.cpp:142]   --->   Operation 96 'store' 'store_ln96' <Predicate = (!icmp_ln94)> <Delay = 0.42>
ST_2 : Operation 97 [1/1] (0.42ns)   --->   "%store_ln96 = store i4 %select_ln94_1, i4 %tn" [src/conv1.cpp:96->src/conv1.cpp:142]   --->   Operation 97 'store' 'store_ln96' <Predicate = (!icmp_ln94)> <Delay = 0.42>
ST_2 : Operation 98 [1/1] (0.42ns)   --->   "%store_ln96 = store i12 %select_ln95_4, i12 %indvar_flatten143" [src/conv1.cpp:96->src/conv1.cpp:142]   --->   Operation 98 'store' 'store_ln96' <Predicate = (!icmp_ln94)> <Delay = 0.42>
ST_2 : Operation 99 [1/1] (0.42ns)   --->   "%store_ln96 = store i6 %select_ln95_1, i6 %th" [src/conv1.cpp:96->src/conv1.cpp:142]   --->   Operation 99 'store' 'store_ln96' <Predicate = (!icmp_ln94)> <Delay = 0.42>
ST_2 : Operation 100 [1/1] (0.42ns)   --->   "%store_ln96 = store i6 %add_ln96, i6 %tw" [src/conv1.cpp:96->src/conv1.cpp:142]   --->   Operation 100 'store' 'store_ln96' <Predicate = (!icmp_ln94)> <Delay = 0.42>
ST_2 : Operation 101 [1/1] (0.00ns)   --->   "%br_ln96 = br void %for.body8.i" [src/conv1.cpp:96->src/conv1.cpp:142]   --->   Operation 101 'br' 'br_ln96' <Predicate = (!icmp_ln94)> <Delay = 0.00>

State 3 <SV = 2> <Delay = 1.23>
ST_3 : Operation 102 [1/1] (0.00ns)   --->   "%specloopname_ln0 = specloopname void @_ssdm_op_SpecLoopName, void @VITIS_LOOP_94_1_VITIS_LOOP_95_2_VITIS_LOOP_96_3_str"   --->   Operation 102 'specloopname' 'specloopname_ln0' <Predicate = true> <Delay = 0.00>
ST_3 : Operation 103 [1/1] (0.00ns)   --->   "%speclooptripcount_ln0 = speclooptripcount void @_ssdm_op_SpecLoopTripCount, i64 8192, i64 8192, i64 8192"   --->   Operation 103 'speclooptripcount' 'speclooptripcount_ln0' <Predicate = true> <Delay = 0.00>
ST_3 : Operation 104 [1/2] (1.23ns)   --->   "%conv1_biases_load = load i6 %conv1_biases_addr" [src/conv1.cpp:94->src/conv1.cpp:142]   --->   Operation 104 'load' 'conv1_biases_load' <Predicate = true> <Delay = 1.23> <CoreInst = "RAM">   --->   Core 83 'RAM' <Latency = 1> <II = 1> <Delay = 1.23> <Storage> <Opcode : 'load' 'store'> <Ports = 2> <Width = 32> <Depth = 64> <RAM>
ST_3 : Operation 105 [1/1] (0.00ns)   --->   "%bitcast_ln94 = bitcast i32 %conv1_biases_load" [src/conv1.cpp:94->src/conv1.cpp:142]   --->   Operation 105 'bitcast' 'bitcast_ln94' <Predicate = true> <Delay = 0.00>
ST_3 : Operation 106 [1/1] (0.00ns)   --->   "%specloopname_ln0 = specloopname void @_ssdm_op_SpecLoopName, void @VITIS_LOOP_95_2_VITIS_LOOP_96_3_str"   --->   Operation 106 'specloopname' 'specloopname_ln0' <Predicate = true> <Delay = 0.00>
ST_3 : Operation 107 [1/1] (0.00ns)   --->   "%specpipeline_ln97 = specpipeline void @_ssdm_op_SpecPipeline, i32 1, i32 0, i32 0, i32 0, void @empty_19" [src/conv1.cpp:97->src/conv1.cpp:142]   --->   Operation 107 'specpipeline' 'specpipeline_ln97' <Predicate = true> <Delay = 0.00>
ST_3 : Operation 108 [1/1] (0.00ns)   --->   "%specloopname_ln96 = specloopname void @_ssdm_op_SpecLoopName, void @empty_7" [src/conv1.cpp:96->src/conv1.cpp:142]   --->   Operation 108 'specloopname' 'specloopname_ln96' <Predicate = true> <Delay = 0.00>
ST_3 : Operation 109 [1/2] (1.23ns)   --->   "%out_tile_2_load = load i13 %out_tile_2_addr" [src/conv1.cpp:99->src/conv1.cpp:142]   --->   Operation 109 'load' 'out_tile_2_load' <Predicate = (and_ln98)> <Delay = 1.23> <CoreInst = "RAM">   --->   Core 83 'RAM' <Latency = 1> <II = 1> <Delay = 1.23> <Storage> <Opcode : 'load' 'store'> <Ports = 2> <Width = 32> <Depth = 8192> <RAM>

State 4 <SV = 3> <Delay = 6.43>
ST_4 : [1/1] (1.18ns)   --->   Input mux for Operation 110 '%add19_i = fadd i32 %out_tile_2_load, i32 %bitcast_ln94'
ST_4 : Operation 110 [4/4] (5.25ns)   --->   "%add19_i = fadd i32 %out_tile_2_load, i32 %bitcast_ln94" [src/conv1.cpp:99->src/conv1.cpp:142]   --->   Operation 110 'fadd' 'add19_i' <Predicate = (and_ln98)> <Delay = 5.25> <CoreInst = "FAddSub_fulldsp">   --->   Core 18 'FAddSub_fulldsp' <Latency = 3> <II = 1> <Delay = 6.43> <FuncUnit> <Opcode : 'fadd' 'fsub'> <InPorts = 2> <OutPorts = 1>

State 5 <SV = 4> <Delay = 6.43>
ST_5 : Operation 111 [3/4] (6.43ns)   --->   "%add19_i = fadd i32 %out_tile_2_load, i32 %bitcast_ln94" [src/conv1.cpp:99->src/conv1.cpp:142]   --->   Operation 111 'fadd' 'add19_i' <Predicate = (and_ln98)> <Delay = 6.43> <CoreInst = "FAddSub_fulldsp">   --->   Core 18 'FAddSub_fulldsp' <Latency = 3> <II = 1> <Delay = 6.43> <FuncUnit> <Opcode : 'fadd' 'fsub'> <InPorts = 2> <OutPorts = 1>

State 6 <SV = 5> <Delay = 6.43>
ST_6 : Operation 112 [2/4] (6.43ns)   --->   "%add19_i = fadd i32 %out_tile_2_load, i32 %bitcast_ln94" [src/conv1.cpp:99->src/conv1.cpp:142]   --->   Operation 112 'fadd' 'add19_i' <Predicate = (and_ln98)> <Delay = 6.43> <CoreInst = "FAddSub_fulldsp">   --->   Core 18 'FAddSub_fulldsp' <Latency = 3> <II = 1> <Delay = 6.43> <FuncUnit> <Opcode : 'fadd' 'fsub'> <InPorts = 2> <OutPorts = 1>

State 7 <SV = 6> <Delay = 6.43>
ST_7 : Operation 113 [1/4] (6.43ns)   --->   "%add19_i = fadd i32 %out_tile_2_load, i32 %bitcast_ln94" [src/conv1.cpp:99->src/conv1.cpp:142]   --->   Operation 113 'fadd' 'add19_i' <Predicate = (and_ln98)> <Delay = 6.43> <CoreInst = "FAddSub_fulldsp">   --->   Core 18 'FAddSub_fulldsp' <Latency = 3> <II = 1> <Delay = 6.43> <FuncUnit> <Opcode : 'fadd' 'fsub'> <InPorts = 2> <OutPorts = 1>
ST_7 : Operation 118 [1/1] (0.00ns)   --->   "%ret_ln0 = ret"   --->   Operation 118 'ret' 'ret_ln0' <Predicate = (icmp_ln94)> <Delay = 0.00>

State 8 <SV = 7> <Delay = 1.23>
ST_8 : Operation 114 [1/1] (0.00ns)   --->   "%zext_ln99_7 = zext i22 %add_ln99_5" [src/conv1.cpp:99->src/conv1.cpp:142]   --->   Operation 114 'zext' 'zext_ln99_7' <Predicate = (and_ln98)> <Delay = 0.00>
ST_8 : Operation 115 [1/1] (0.00ns)   --->   "%feat1_addr = getelementptr i32 %feat1, i64 0, i64 %zext_ln99_7" [src/conv1.cpp:99->src/conv1.cpp:142]   --->   Operation 115 'getelementptr' 'feat1_addr' <Predicate = (and_ln98)> <Delay = 0.00>
ST_8 : Operation 116 [1/1] (1.23ns)   --->   "%store_ln99 = store i32 %add19_i, i22 %feat1_addr" [src/conv1.cpp:99->src/conv1.cpp:142]   --->   Operation 116 'store' 'store_ln99' <Predicate = (and_ln98)> <Delay = 1.23> <CoreInst = "RAM">   --->   Core 83 'RAM' <Latency = 1> <II = 1> <Delay = 1.23> <Storage> <Opcode : 'load' 'store'> <Ports = 2> <Width = 32> <Depth = 4161600> <RAM>
ST_8 : Operation 117 [1/1] (0.00ns)   --->   "%br_ln100 = br void %for.inc.i19" [src/conv1.cpp:100->src/conv1.cpp:142]   --->   Operation 117 'br' 'br_ln100' <Predicate = (and_ln98)> <Delay = 0.00>


============================================================
+ Verbose Summary: Timing violations
============================================================
Target clock period: 10.000ns, clock uncertainty: 2.700ns.

 <State 1>: 0.427ns
The critical path consists of the following:
	'alloca' operation ('indvar_flatten168') [13]  (0.000 ns)
	'store' operation ('store_ln0') of constant 0 on local variable 'indvar_flatten168' [20]  (0.427 ns)

 <State 2>: 5.482ns
The critical path consists of the following:
	'load' operation ('indvar_flatten143_load', src/conv1.cpp:95->src/conv1.cpp:142) on local variable 'indvar_flatten143' [28]  (0.000 ns)
	'icmp' operation ('icmp_ln95', src/conv1.cpp:95->src/conv1.cpp:142) [43]  (0.809 ns)
	'select' operation ('select_ln94_1', src/conv1.cpp:94->src/conv1.cpp:142) [45]  (0.391 ns)
	'add' operation ('add_ln94_4', src/conv1.cpp:94->src/conv1.cpp:142) [49]  (0.781 ns)
	'sub' operation ('sub_ln99', src/conv1.cpp:99->src/conv1.cpp:142) [54]  (0.831 ns)
	'add' operation ('add_ln99_3', src/conv1.cpp:99->src/conv1.cpp:142) [80]  (0.842 ns)
	'sub' operation ('sub_ln99_1', src/conv1.cpp:99->src/conv1.cpp:142) [84]  (0.914 ns)
	'add' operation ('add_ln99_5', src/conv1.cpp:99->src/conv1.cpp:142) [101]  (0.914 ns)

 <State 3>: 1.237ns
The critical path consists of the following:
	'load' operation ('out_tile_2_load', src/conv1.cpp:99->src/conv1.cpp:142) on array 'out_tile_2' [97]  (1.237 ns)

 <State 4>: 6.437ns
The critical path consists of the following:
	multiplexor before operation 'fadd' with delay (1.181 ns)
'fadd' operation ('add19_i', src/conv1.cpp:99->src/conv1.cpp:142) [98]  (5.256 ns)

 <State 5>: 6.437ns
The critical path consists of the following:
	'fadd' operation ('add19_i', src/conv1.cpp:99->src/conv1.cpp:142) [98]  (6.437 ns)

 <State 6>: 6.437ns
The critical path consists of the following:
	'fadd' operation ('add19_i', src/conv1.cpp:99->src/conv1.cpp:142) [98]  (6.437 ns)

 <State 7>: 6.437ns
The critical path consists of the following:
	'fadd' operation ('add19_i', src/conv1.cpp:99->src/conv1.cpp:142) [98]  (6.437 ns)

 <State 8>: 1.237ns
The critical path consists of the following:
	'getelementptr' operation ('feat1_addr', src/conv1.cpp:99->src/conv1.cpp:142) [103]  (0.000 ns)
	'store' operation ('store_ln99', src/conv1.cpp:99->src/conv1.cpp:142) of variable 'add19_i', src/conv1.cpp:99->src/conv1.cpp:142 on array 'feat1' [104]  (1.237 ns)


============================================================
+ Verbose Summary: Binding
============================================================
N/A
* FSMD analyzer results:
  - Output states:
 - Input state : 
  - Chain level:
	State 1
	State 2
	State 3
	State 4
	State 5
	State 6
	State 7
	State 8


============================================================
+ Verbose Summary: Datapath Resource usage 
============================================================
N/A
