

================================================================
== Vitis HLS Report for 'conv2_Pipeline_VITIS_LOOP_53_3'
================================================================
* Date:           Thu Oct 30 21:22:45 2025

* Version:        2023.1 (Build 3854077 on May  4 2023)
* Project:        srcnn_hls
* Solution:       solution1 (Vivado IP Flow Target)
* Product family: zynquplus
* Target device:  xck26-sfvc784-2LV-c


================================================================
== Performance Estimates
================================================================
+ Timing: 
    * Summary: 
    +--------+----------+----------+------------+
    |  Clock |  Target  | Estimated| Uncertainty|
    +--------+----------+----------+------------+
    |ap_clk  |  10.00 ns|  7.016 ns|     2.70 ns|
    +--------+----------+----------+------------+

+ Latency: 
    * Summary: 
    +---------+---------+----------+----------+-----+-----+---------+
    |  Latency (cycles) |  Latency (absolute) |  Interval | Pipeline|
    |   min   |   max   |    min   |    max   | min | max |   Type  |
    +---------+---------+----------+----------+-----+-----+---------+
    |       18|       18|  0.180 us|  0.180 us|   18|   18|       no|
    +---------+---------+----------+----------+-----+-----+---------+

    + Detail: 
        * Instance: 
        N/A

        * Loop: 
        +-------------------+---------+---------+----------+-----------+-----------+------+----------+
        |                   |  Latency (cycles) | Iteration|  Initiation Interval  | Trip |          |
        |     Loop Name     |   min   |   max   |  Latency |  achieved |   target  | Count| Pipelined|
        +-------------------+---------+---------+----------+-----------+-----------+------+----------+
        |- VITIS_LOOP_53_3  |       16|       16|        10|          1|          1|     8|       yes|
        +-------------------+---------+---------+----------+-----------+-----------+------+----------+



================================================================
== Utilization Estimates
================================================================
* Summary: 
+-----------------+---------+------+--------+--------+-----+
|       Name      | BRAM_18K|  DSP |   FF   |   LUT  | URAM|
+-----------------+---------+------+--------+--------+-----+
|DSP              |        -|     -|       -|       -|    -|
|Expression       |        -|     -|       0|      61|    -|
|FIFO             |        -|     -|       -|       -|    -|
|Instance         |        -|     -|       -|       -|    -|
|Memory           |        -|     -|       -|       -|    -|
|Multiplexer      |        -|     -|       -|      36|    -|
|Register         |        -|     -|     307|      64|    -|
+-----------------+---------+------+--------+--------+-----+
|Total            |        0|     0|     307|     161|    0|
+-----------------+---------+------+--------+--------+-----+
|Available        |      288|  1248|  234240|  117120|   64|
+-----------------+---------+------+--------+--------+-----+
|Utilization (%)  |        0|     0|      ~0|      ~0|    0|
+-----------------+---------+------+--------+--------+-----+

+ Detail: 
    * Instance: 
    N/A

    * DSP: 
    N/A

    * Memory: 
    N/A

    * FIFO: 
    N/A

    * Expression: 
    +----------------------+----------+----+---+----+------------+------------+
    |     Variable Name    | Operation| DSP| FF| LUT| Bitwidth P0| Bitwidth P1|
    +----------------------+----------+----+---+----+------------+------------+
    |add_ln53_fu_126_p2    |         +|   0|  0|  12|           4|           1|
    |add_ln56_1_fu_166_p2  |         +|   0|  0|  20|          13|          13|
    |add_ln56_fu_153_p2    |         +|   0|  0|  15|           8|           8|
    |icmp_ln53_fu_120_p2   |      icmp|   0|  0|  12|           4|           5|
    |ap_enable_pp0         |       xor|   0|  0|   2|           1|           2|
    +----------------------+----------+----+---+----+------------+------------+
    |Total                 |          |   0|  0|  61|          30|          29|
    +----------------------+----------+----+---+----+------------+------------+

    * Multiplexer: 
    +-------------------------+----+-----------+-----+-----------+
    |           Name          | LUT| Input Size| Bits| Total Bits|
    +-------------------------+----+-----------+-----+-----------+
    |ap_done_int              |   9|          2|    1|          2|
    |ap_enable_reg_pp0_iter1  |   9|          2|    1|          2|
    |ap_sig_allocacmp_tn_1    |   9|          2|    4|          8|
    |tn_fu_44                 |   9|          2|    4|          8|
    +-------------------------+----+-----------+-----+-----------+
    |Total                    |  36|          8|   10|         20|
    +-------------------------+----+-----------+-----+-----------+

    * Register: 
    +----------------------------------+----+----+-----+-----------+
    |               Name               | FF | LUT| Bits| Const Bits|
    +----------------------------------+----+----+-----+-----------+
    |acc_1_reg_233                     |  32|   0|   32|          0|
    |acc_reg_223                       |  32|   0|   32|          0|
    |ap_CS_fsm                         |   1|   0|    1|          0|
    |ap_done_reg                       |   1|   0|    1|          0|
    |ap_enable_reg_pp0_iter1           |   1|   0|    1|          0|
    |ap_enable_reg_pp0_iter2           |   1|   0|    1|          0|
    |ap_enable_reg_pp0_iter3           |   1|   0|    1|          0|
    |ap_enable_reg_pp0_iter4           |   1|   0|    1|          0|
    |ap_enable_reg_pp0_iter5           |   1|   0|    1|          0|
    |ap_enable_reg_pp0_iter6           |   1|   0|    1|          0|
    |ap_enable_reg_pp0_iter7           |   1|   0|    1|          0|
    |ap_enable_reg_pp0_iter8           |   1|   0|    1|          0|
    |ap_enable_reg_pp0_iter9           |   1|   0|    1|          0|
    |ap_loop_exit_ready_pp0_iter1_reg  |   1|   0|    1|          0|
    |ap_loop_exit_ready_pp0_iter2_reg  |   1|   0|    1|          0|
    |ap_loop_exit_ready_pp0_iter3_reg  |   1|   0|    1|          0|
    |ap_loop_exit_ready_pp0_iter4_reg  |   1|   0|    1|          0|
    |ap_loop_exit_ready_pp0_iter5_reg  |   1|   0|    1|          0|
    |ap_loop_exit_ready_pp0_iter6_reg  |   1|   0|    1|          0|
    |ap_loop_exit_ready_pp0_iter7_reg  |   1|   0|    1|          0|
    |ap_loop_exit_ready_pp0_iter8_reg  |   1|   0|    1|          0|
    |mul_i_reg_228                     |  32|   0|   32|          0|
    |out_tile_1_addr_reg_217           |  13|   0|   13|          0|
    |tn_fu_44                          |   4|   0|    4|          0|
    |trunc_ln56_reg_202                |   3|   0|    3|          0|
    |w_tile_0_load_reg_212             |  32|   0|   32|          0|
    |zext_ln51_cast_reg_188            |   6|   0|   13|          7|
    |zext_ln56_reg_193                 |   6|   0|    8|          2|
    |out_tile_1_addr_reg_217           |  64|  32|   13|          0|
    |trunc_ln56_reg_202                |  64|  32|    3|          0|
    +----------------------------------+----+----+-----+-----------+
    |Total                             | 307|  64|  204|          9|
    +----------------------------------+----+----+-----+-----------+



================================================================
== Interface
================================================================
* Summary: 
+---------------------+-----+-----+------------+--------------------------------+--------------+
|      RTL Ports      | Dir | Bits|  Protocol  |          Source Object         |    C Type    |
+---------------------+-----+-----+------------+--------------------------------+--------------+
|ap_clk               |   in|    1|  ap_ctrl_hs|  conv2_Pipeline_VITIS_LOOP_53_3|  return value|
|ap_rst               |   in|    1|  ap_ctrl_hs|  conv2_Pipeline_VITIS_LOOP_53_3|  return value|
|ap_start             |   in|    1|  ap_ctrl_hs|  conv2_Pipeline_VITIS_LOOP_53_3|  return value|
|ap_done              |  out|    1|  ap_ctrl_hs|  conv2_Pipeline_VITIS_LOOP_53_3|  return value|
|ap_idle              |  out|    1|  ap_ctrl_hs|  conv2_Pipeline_VITIS_LOOP_53_3|  return value|
|ap_ready             |  out|    1|  ap_ctrl_hs|  conv2_Pipeline_VITIS_LOOP_53_3|  return value|
|grp_fu_934_p_din0    |  out|   32|  ap_ctrl_hs|  conv2_Pipeline_VITIS_LOOP_53_3|  return value|
|grp_fu_934_p_din1    |  out|   32|  ap_ctrl_hs|  conv2_Pipeline_VITIS_LOOP_53_3|  return value|
|grp_fu_934_p_dout0   |   in|   32|  ap_ctrl_hs|  conv2_Pipeline_VITIS_LOOP_53_3|  return value|
|grp_fu_934_p_ce      |  out|    1|  ap_ctrl_hs|  conv2_Pipeline_VITIS_LOOP_53_3|  return value|
|grp_fu_938_p_din0    |  out|   32|  ap_ctrl_hs|  conv2_Pipeline_VITIS_LOOP_53_3|  return value|
|grp_fu_938_p_din1    |  out|   32|  ap_ctrl_hs|  conv2_Pipeline_VITIS_LOOP_53_3|  return value|
|grp_fu_938_p_opcode  |  out|    2|  ap_ctrl_hs|  conv2_Pipeline_VITIS_LOOP_53_3|  return value|
|grp_fu_938_p_dout0   |   in|   32|  ap_ctrl_hs|  conv2_Pipeline_VITIS_LOOP_53_3|  return value|
|grp_fu_938_p_ce      |  out|    1|  ap_ctrl_hs|  conv2_Pipeline_VITIS_LOOP_53_3|  return value|
|zext_ln50_1          |   in|    6|     ap_none|                     zext_ln50_1|        scalar|
|zext_ln51            |   in|    6|     ap_none|                       zext_ln51|        scalar|
|in_tile_0_load       |   in|   32|     ap_none|                  in_tile_0_load|        scalar|
|out_tile_1_address0  |  out|   13|   ap_memory|                      out_tile_1|         array|
|out_tile_1_ce0       |  out|    1|   ap_memory|                      out_tile_1|         array|
|out_tile_1_we0       |  out|    1|   ap_memory|                      out_tile_1|         array|
|out_tile_1_d0        |  out|   32|   ap_memory|                      out_tile_1|         array|
|out_tile_1_address1  |  out|   13|   ap_memory|                      out_tile_1|         array|
|out_tile_1_ce1       |  out|    1|   ap_memory|                      out_tile_1|         array|
|out_tile_1_q1        |   in|   32|   ap_memory|                      out_tile_1|         array|
|w_tile_0_address0    |  out|    3|   ap_memory|                        w_tile_0|         array|
|w_tile_0_ce0         |  out|    1|   ap_memory|                        w_tile_0|         array|
|w_tile_0_q0          |   in|   32|   ap_memory|                        w_tile_0|         array|
+---------------------+-----+-----+------------+--------------------------------+--------------+

============================================================
+ Verbose Summary: Synthesis Manager
============================================================
InlineROM: 1
ExposeGlobal: 0
============================================================
+ Verbose Summary: CDFG Model
============================================================
IsTopModel: 0
ResetActiveHigh: 1
IsCombinational: 2
IsDatapathOnly: 2
HasWiredReturn: 1
HasMFsm: 2
HasVarLatency: 1
IsPipeline: 0
IsRtlPipelined: 0
IsInstanceOverlapped: 0
IsDontTouch: 0
HasImplIP: 0
IsGatedGlobalClock: 0

+ Individual pipeline summary: 
  * Pipeline-0: initiation interval (II) = 1, depth = 10


============================================================
+ Verbose Summary: Schedule
============================================================
* Number of FSM states : 10
* Pipeline : 1
  Pipeline-0 : II = 1, D = 10, States = { 1 2 3 4 5 6 7 8 9 10 }
* Dataflow Pipeline: 0

* FSM state transitions: 
1 --> 2 
2 --> 3 
3 --> 4 
4 --> 5 
5 --> 6 
6 --> 7 
7 --> 8 
8 --> 9 
9 --> 10 
10 --> 

* FSM state operations: 

State 1 <SV = 0> <Delay = 1.22>
ST_1 : Operation 13 [1/1] (0.00ns)   --->   "%tn = alloca i32 1"   --->   Operation 13 'alloca' 'tn' <Predicate = true> <Delay = 0.00>
ST_1 : Operation 14 [1/1] (0.00ns)   --->   "%in_tile_0_load_read = read i32 @_ssdm_op_Read.ap_auto.float, i32 %in_tile_0_load"   --->   Operation 14 'read' 'in_tile_0_load_read' <Predicate = true> <Delay = 0.00>
ST_1 : Operation 15 [1/1] (0.00ns)   --->   "%zext_ln51_read = read i6 @_ssdm_op_Read.ap_auto.i6, i6 %zext_ln51"   --->   Operation 15 'read' 'zext_ln51_read' <Predicate = true> <Delay = 0.00>
ST_1 : Operation 16 [1/1] (0.00ns)   --->   "%zext_ln50_1_read = read i6 @_ssdm_op_Read.ap_auto.i6, i6 %zext_ln50_1"   --->   Operation 16 'read' 'zext_ln50_1_read' <Predicate = true> <Delay = 0.00>
ST_1 : Operation 17 [1/1] (0.00ns)   --->   "%zext_ln51_cast = zext i6 %zext_ln51_read"   --->   Operation 17 'zext' 'zext_ln51_cast' <Predicate = true> <Delay = 0.00>
ST_1 : Operation 18 [1/1] (0.00ns)   --->   "%zext_ln56 = zext i6 %zext_ln50_1_read" [src/conv2.cpp:56->src/conv2.cpp:111]   --->   Operation 18 'zext' 'zext_ln56' <Predicate = true> <Delay = 0.00>
ST_1 : Operation 19 [1/1] (0.42ns)   --->   "%store_ln0 = store i4 0, i4 %tn"   --->   Operation 19 'store' 'store_ln0' <Predicate = true> <Delay = 0.42>
ST_1 : Operation 20 [1/1] (0.00ns)   --->   "%br_ln0 = br void %for.inc40.i"   --->   Operation 20 'br' 'br_ln0' <Predicate = true> <Delay = 0.00>
ST_1 : Operation 21 [1/1] (0.00ns)   --->   "%tn_1 = load i4 %tn" [src/conv2.cpp:53->src/conv2.cpp:111]   --->   Operation 21 'load' 'tn_1' <Predicate = true> <Delay = 0.00>
ST_1 : Operation 22 [1/1] (0.79ns)   --->   "%icmp_ln53 = icmp_eq  i4 %tn_1, i4 8" [src/conv2.cpp:53->src/conv2.cpp:111]   --->   Operation 22 'icmp' 'icmp_ln53' <Predicate = true> <Delay = 0.79> <CoreInst = "Cmp">   --->   Core 9 'Cmp' <Latency = 0> <II = 1> <Delay = 0.78> <FuncUnit> <Opcode : 'icmp'> <InPorts = 2> <OutPorts = 1>
ST_1 : Operation 23 [1/1] (0.79ns)   --->   "%add_ln53 = add i4 %tn_1, i4 1" [src/conv2.cpp:53->src/conv2.cpp:111]   --->   Operation 23 'add' 'add_ln53' <Predicate = true> <Delay = 0.79> <CoreInst = "Adder">   --->   Core 1 'Adder' <Latency = 0> <II = 1> <Delay = 0.79> <FuncUnit> <Opcode : 'add' 'sub'> <InPorts = 2> <OutPorts = 1>
ST_1 : Operation 24 [1/1] (0.00ns)   --->   "%br_ln53 = br i1 %icmp_ln53, void %for.inc40.i.split, void %for.inc44.i.loopexit.exitStub" [src/conv2.cpp:53->src/conv2.cpp:111]   --->   Operation 24 'br' 'br_ln53' <Predicate = true> <Delay = 0.00>
ST_1 : Operation 25 [1/1] (0.00ns)   --->   "%zext_ln53 = zext i4 %tn_1" [src/conv2.cpp:53->src/conv2.cpp:111]   --->   Operation 25 'zext' 'zext_ln53' <Predicate = (!icmp_ln53)> <Delay = 0.00>
ST_1 : Operation 26 [1/1] (0.00ns)   --->   "%trunc_ln56 = trunc i4 %tn_1" [src/conv2.cpp:56->src/conv2.cpp:111]   --->   Operation 26 'trunc' 'trunc_ln56' <Predicate = (!icmp_ln53)> <Delay = 0.00>
ST_1 : Operation 27 [1/1] (0.00ns)   --->   "%w_tile_0_addr = getelementptr i32 %w_tile_0, i64 0, i64 %zext_ln53" [src/conv2.cpp:58->src/conv2.cpp:111]   --->   Operation 27 'getelementptr' 'w_tile_0_addr' <Predicate = (!icmp_ln53)> <Delay = 0.00>
ST_1 : Operation 28 [2/2] (0.67ns)   --->   "%w_tile_0_load = load i3 %w_tile_0_addr" [src/conv2.cpp:58->src/conv2.cpp:111]   --->   Operation 28 'load' 'w_tile_0_load' <Predicate = (!icmp_ln53)> <Delay = 0.67> <CoreInst = "RAM">   --->   Core 83 'RAM' <Latency = 1> <II = 1> <Delay = 0.67> <Storage> <Opcode : 'load' 'store'> <Ports = 2> <Width = 32> <Depth = 8> <RAM>
ST_1 : Operation 29 [1/1] (0.42ns)   --->   "%store_ln53 = store i4 %add_ln53, i4 %tn" [src/conv2.cpp:53->src/conv2.cpp:111]   --->   Operation 29 'store' 'store_ln53' <Predicate = (!icmp_ln53)> <Delay = 0.42>

State 2 <SV = 1> <Delay = 0.67>
ST_2 : Operation 30 [1/2] (0.67ns)   --->   "%w_tile_0_load = load i3 %w_tile_0_addr" [src/conv2.cpp:58->src/conv2.cpp:111]   --->   Operation 30 'load' 'w_tile_0_load' <Predicate = true> <Delay = 0.67> <CoreInst = "RAM">   --->   Core 83 'RAM' <Latency = 1> <II = 1> <Delay = 0.67> <Storage> <Opcode : 'load' 'store'> <Ports = 2> <Width = 32> <Depth = 8> <RAM>

State 3 <SV = 2> <Delay = 7.01>
ST_3 : [1/1] (1.18ns)   --->   Input mux for Operation 31 '%mul_i = fmul i32 %w_tile_0_load, i32 %in_tile_0_load_read'
ST_3 : Operation 31 [3/3] (5.83ns)   --->   "%mul_i = fmul i32 %w_tile_0_load, i32 %in_tile_0_load_read" [src/conv2.cpp:58->src/conv2.cpp:111]   --->   Operation 31 'fmul' 'mul_i' <Predicate = true> <Delay = 5.83> <CoreInst = "FMul_maxdsp">   --->   Core 30 'FMul_maxdsp' <Latency = 2> <II = 1> <Delay = 7.01> <FuncUnit> <Opcode : 'fmul'> <InPorts = 2> <OutPorts = 1>

State 4 <SV = 3> <Delay = 7.01>
ST_4 : Operation 32 [1/1] (0.00ns)   --->   "%tmp_33_cast = bitconcatenate i8 @_ssdm_op_BitConcatenate.i8.i3.i5, i3 %trunc_ln56, i5 0" [src/conv2.cpp:56->src/conv2.cpp:111]   --->   Operation 32 'bitconcatenate' 'tmp_33_cast' <Predicate = true> <Delay = 0.00>
ST_4 : Operation 33 [1/1] (0.76ns)   --->   "%add_ln56 = add i8 %tmp_33_cast, i8 %zext_ln56" [src/conv2.cpp:56->src/conv2.cpp:111]   --->   Operation 33 'add' 'add_ln56' <Predicate = true> <Delay = 0.76> <CoreInst = "Adder">   --->   Core 1 'Adder' <Latency = 0> <II = 1> <Delay = 0.76> <FuncUnit> <Opcode : 'add' 'sub'> <InPorts = 2> <OutPorts = 1>
ST_4 : Operation 34 [1/1] (0.00ns)   --->   "%tmp_s = bitconcatenate i13 @_ssdm_op_BitConcatenate.i13.i8.i5, i8 %add_ln56, i5 0" [src/conv2.cpp:56->src/conv2.cpp:111]   --->   Operation 34 'bitconcatenate' 'tmp_s' <Predicate = true> <Delay = 0.00>
ST_4 : Operation 35 [1/1] (0.82ns)   --->   "%add_ln56_1 = add i13 %tmp_s, i13 %zext_ln51_cast" [src/conv2.cpp:56->src/conv2.cpp:111]   --->   Operation 35 'add' 'add_ln56_1' <Predicate = true> <Delay = 0.82> <CoreInst = "Adder">   --->   Core 1 'Adder' <Latency = 0> <II = 1> <Delay = 0.82> <FuncUnit> <Opcode : 'add' 'sub'> <InPorts = 2> <OutPorts = 1>
ST_4 : Operation 36 [1/1] (0.00ns)   --->   "%zext_ln56_1 = zext i13 %add_ln56_1" [src/conv2.cpp:56->src/conv2.cpp:111]   --->   Operation 36 'zext' 'zext_ln56_1' <Predicate = true> <Delay = 0.00>
ST_4 : Operation 37 [1/1] (0.00ns)   --->   "%out_tile_1_addr = getelementptr i32 %out_tile_1, i64 0, i64 %zext_ln56_1" [src/conv2.cpp:56->src/conv2.cpp:111]   --->   Operation 37 'getelementptr' 'out_tile_1_addr' <Predicate = true> <Delay = 0.00>
ST_4 : Operation 38 [2/2] (1.23ns)   --->   "%acc = load i13 %out_tile_1_addr" [src/conv2.cpp:56->src/conv2.cpp:111]   --->   Operation 38 'load' 'acc' <Predicate = true> <Delay = 1.23> <CoreInst = "RAM">   --->   Core 83 'RAM' <Latency = 1> <II = 1> <Delay = 1.23> <Storage> <Opcode : 'load' 'store'> <Ports = 2> <Width = 32> <Depth = 8192> <RAM>
ST_4 : Operation 39 [2/3] (7.01ns)   --->   "%mul_i = fmul i32 %w_tile_0_load, i32 %in_tile_0_load_read" [src/conv2.cpp:58->src/conv2.cpp:111]   --->   Operation 39 'fmul' 'mul_i' <Predicate = true> <Delay = 7.01> <CoreInst = "FMul_maxdsp">   --->   Core 30 'FMul_maxdsp' <Latency = 2> <II = 1> <Delay = 7.01> <FuncUnit> <Opcode : 'fmul'> <InPorts = 2> <OutPorts = 1>

State 5 <SV = 4> <Delay = 7.01>
ST_5 : Operation 40 [1/2] (1.23ns)   --->   "%acc = load i13 %out_tile_1_addr" [src/conv2.cpp:56->src/conv2.cpp:111]   --->   Operation 40 'load' 'acc' <Predicate = true> <Delay = 1.23> <CoreInst = "RAM">   --->   Core 83 'RAM' <Latency = 1> <II = 1> <Delay = 1.23> <Storage> <Opcode : 'load' 'store'> <Ports = 2> <Width = 32> <Depth = 8192> <RAM>
ST_5 : Operation 41 [1/3] (7.01ns)   --->   "%mul_i = fmul i32 %w_tile_0_load, i32 %in_tile_0_load_read" [src/conv2.cpp:58->src/conv2.cpp:111]   --->   Operation 41 'fmul' 'mul_i' <Predicate = true> <Delay = 7.01> <CoreInst = "FMul_maxdsp">   --->   Core 30 'FMul_maxdsp' <Latency = 2> <II = 1> <Delay = 7.01> <FuncUnit> <Opcode : 'fmul'> <InPorts = 2> <OutPorts = 1>

State 6 <SV = 5> <Delay = 6.43>
ST_6 : [1/1] (1.18ns)   --->   Input mux for Operation 42 '%acc_1 = fadd i32 %acc, i32 %mul_i'
ST_6 : Operation 42 [4/4] (5.25ns)   --->   "%acc_1 = fadd i32 %acc, i32 %mul_i" [src/conv2.cpp:58->src/conv2.cpp:111]   --->   Operation 42 'fadd' 'acc_1' <Predicate = true> <Delay = 5.25> <CoreInst = "FAddSub_fulldsp">   --->   Core 18 'FAddSub_fulldsp' <Latency = 3> <II = 1> <Delay = 6.43> <FuncUnit> <Opcode : 'fadd' 'fsub'> <InPorts = 2> <OutPorts = 1>

State 7 <SV = 6> <Delay = 6.43>
ST_7 : Operation 43 [3/4] (6.43ns)   --->   "%acc_1 = fadd i32 %acc, i32 %mul_i" [src/conv2.cpp:58->src/conv2.cpp:111]   --->   Operation 43 'fadd' 'acc_1' <Predicate = true> <Delay = 6.43> <CoreInst = "FAddSub_fulldsp">   --->   Core 18 'FAddSub_fulldsp' <Latency = 3> <II = 1> <Delay = 6.43> <FuncUnit> <Opcode : 'fadd' 'fsub'> <InPorts = 2> <OutPorts = 1>

State 8 <SV = 7> <Delay = 6.43>
ST_8 : Operation 44 [2/4] (6.43ns)   --->   "%acc_1 = fadd i32 %acc, i32 %mul_i" [src/conv2.cpp:58->src/conv2.cpp:111]   --->   Operation 44 'fadd' 'acc_1' <Predicate = true> <Delay = 6.43> <CoreInst = "FAddSub_fulldsp">   --->   Core 18 'FAddSub_fulldsp' <Latency = 3> <II = 1> <Delay = 6.43> <FuncUnit> <Opcode : 'fadd' 'fsub'> <InPorts = 2> <OutPorts = 1>

State 9 <SV = 8> <Delay = 6.43>
ST_9 : Operation 45 [1/4] (6.43ns)   --->   "%acc_1 = fadd i32 %acc, i32 %mul_i" [src/conv2.cpp:58->src/conv2.cpp:111]   --->   Operation 45 'fadd' 'acc_1' <Predicate = true> <Delay = 6.43> <CoreInst = "FAddSub_fulldsp">   --->   Core 18 'FAddSub_fulldsp' <Latency = 3> <II = 1> <Delay = 6.43> <FuncUnit> <Opcode : 'fadd' 'fsub'> <InPorts = 2> <OutPorts = 1>
ST_9 : Operation 51 [1/1] (0.00ns)   --->   "%ret_ln0 = ret"   --->   Operation 51 'ret' 'ret_ln0' <Predicate = (icmp_ln53)> <Delay = 0.00>

State 10 <SV = 9> <Delay = 1.23>
ST_10 : Operation 46 [1/1] (0.00ns)   --->   "%specpipeline_ln54 = specpipeline void @_ssdm_op_SpecPipeline, i32 1, i32 0, i32 0, i32 0, void @empty_19" [src/conv2.cpp:54->src/conv2.cpp:111]   --->   Operation 46 'specpipeline' 'specpipeline_ln54' <Predicate = true> <Delay = 0.00>
ST_10 : Operation 47 [1/1] (0.00ns)   --->   "%speclooptripcount_ln53 = speclooptripcount void @_ssdm_op_SpecLoopTripCount, i64 8, i64 8, i64 8" [src/conv2.cpp:53->src/conv2.cpp:111]   --->   Operation 47 'speclooptripcount' 'speclooptripcount_ln53' <Predicate = true> <Delay = 0.00>
ST_10 : Operation 48 [1/1] (0.00ns)   --->   "%specloopname_ln53 = specloopname void @_ssdm_op_SpecLoopName, void @empty_5" [src/conv2.cpp:53->src/conv2.cpp:111]   --->   Operation 48 'specloopname' 'specloopname_ln53' <Predicate = true> <Delay = 0.00>
ST_10 : Operation 49 [1/1] (1.23ns)   --->   "%store_ln59 = store i32 %acc_1, i13 %out_tile_1_addr" [src/conv2.cpp:59->src/conv2.cpp:111]   --->   Operation 49 'store' 'store_ln59' <Predicate = true> <Delay = 1.23> <CoreInst = "RAM">   --->   Core 83 'RAM' <Latency = 1> <II = 1> <Delay = 1.23> <Storage> <Opcode : 'load' 'store'> <Ports = 2> <Width = 32> <Depth = 8192> <RAM>
ST_10 : Operation 50 [1/1] (0.00ns)   --->   "%br_ln53 = br void %for.inc40.i" [src/conv2.cpp:53->src/conv2.cpp:111]   --->   Operation 50 'br' 'br_ln53' <Predicate = true> <Delay = 0.00>


============================================================
+ Verbose Summary: Binding
============================================================
STG Binding: 
---------------- STG Properties BEGIN ----------------
- Is combinational: 0
- Is one-state seq: 0
- Is datapath-only: 0
- Is pipelined: 0
- Is top level: 0
Port [ Return ] is wired: 1; IO mode=ap_ctrl_hs:ce=0
Port [ zext_ln50_1]:  wired=1; compound=0; hidden=0; nouse=0; global=0; static=0; extern=0; dir=0; type=0; pingpong=0; private_global=0; IO mode=ap_none:ce=0
Port [ zext_ln51]:  wired=1; compound=0; hidden=0; nouse=0; global=0; static=0; extern=0; dir=0; type=0; pingpong=0; private_global=0; IO mode=ap_none:ce=0
Port [ in_tile_0_load]:  wired=1; compound=0; hidden=0; nouse=0; global=0; static=0; extern=0; dir=0; type=0; pingpong=0; private_global=0; IO mode=ap_none:ce=0
Port [ out_tile_1]:  wired=1; compound=1; hidden=0; nouse=0; global=1; static=1; extern=0; dir=2; type=1; pingpong=0; private_global=0; MemPort=[01]; IO mode=ap_memory:ce=0
Port [ w_tile_0]:  wired=1; compound=1; hidden=0; nouse=0; global=1; static=1; extern=0; dir=0; type=1; pingpong=0; private_global=0; MemPort=[13]; IO mode=ap_memory:ce=0
---------------- STG Properties END ------------------

---------------- Datapath Model BEGIN ----------------

<LifeTime>
<method=bitvector/>
tn                     (alloca           ) [ 01000000000]
in_tile_0_load_read    (read             ) [ 01111100000]
zext_ln51_read         (read             ) [ 00000000000]
zext_ln50_1_read       (read             ) [ 00000000000]
zext_ln51_cast         (zext             ) [ 01111000000]
zext_ln56              (zext             ) [ 01111000000]
store_ln0              (store            ) [ 00000000000]
br_ln0                 (br               ) [ 00000000000]
tn_1                   (load             ) [ 00000000000]
icmp_ln53              (icmp             ) [ 01111111110]
add_ln53               (add              ) [ 00000000000]
br_ln53                (br               ) [ 00000000000]
zext_ln53              (zext             ) [ 00000000000]
trunc_ln56             (trunc            ) [ 01111000000]
w_tile_0_addr          (getelementptr    ) [ 01100000000]
store_ln53             (store            ) [ 00000000000]
w_tile_0_load          (load             ) [ 01011100000]
tmp_33_cast            (bitconcatenate   ) [ 00000000000]
add_ln56               (add              ) [ 00000000000]
tmp_s                  (bitconcatenate   ) [ 00000000000]
add_ln56_1             (add              ) [ 00000000000]
zext_ln56_1            (zext             ) [ 00000000000]
out_tile_1_addr        (getelementptr    ) [ 01000111111]
acc                    (load             ) [ 01000011110]
mul_i                  (fmul             ) [ 01000011110]
acc_1                  (fadd             ) [ 01000000001]
specpipeline_ln54      (specpipeline     ) [ 00000000000]
speclooptripcount_ln53 (speclooptripcount) [ 00000000000]
specloopname_ln53      (specloopname     ) [ 00000000000]
store_ln59             (store            ) [ 00000000000]
br_ln53                (br               ) [ 00000000000]
ret_ln0                (ret              ) [ 00000000000]
</LifeTime>

<model>

<comp_list>
<comp id="0" class="1000" name="zext_ln50_1">
<pin_list>
<pin id="1" dir="1" index="0" bw="1" slack="0"/>
</pin_list>
<bind>
<StgValue><ssdm name="zext_ln50_1"/></StgValue>
</bind>
</comp>

<comp id="2" class="1000" name="zext_ln51">
<pin_list>
<pin id="3" dir="1" index="0" bw="1" slack="0"/>
</pin_list>
<bind>
<StgValue><ssdm name="zext_ln51"/></StgValue>
</bind>
</comp>

<comp id="4" class="1000" name="in_tile_0_load">
<pin_list>
<pin id="5" dir="1" index="0" bw="1" slack="0"/>
</pin_list>
<bind>
<StgValue><ssdm name="in_tile_0_load"/></StgValue>
</bind>
</comp>

<comp id="6" class="1000" name="out_tile_1">
<pin_list>
<pin id="7" dir="1" index="0" bw="1" slack="0"/>
</pin_list>
<bind>
<StgValue><ssdm name="out_tile_1"/><MemPortTyVec>0 1 </MemPortTyVec>
</StgValue>
</bind>
</comp>

<comp id="8" class="1000" name="w_tile_0">
<pin_list>
<pin id="9" dir="1" index="0" bw="1" slack="0"/>
</pin_list>
<bind>
<StgValue><ssdm name="w_tile_0"/><MemPortTyVec>1 3 </MemPortTyVec>
</StgValue>
</bind>
</comp>

<comp id="10" class="1001" name="const_10">
<pin_list>
<pin id="11" dir="1" index="0" bw="1" slack="0"/>
</pin_list>
<bind>
<StgValue><ssdm name=""/></StgValue>
</bind>
</comp>

<comp id="12" class="1001" name="const_12">
<pin_list>
<pin id="13" dir="1" index="0" bw="1" slack="0"/>
</pin_list>
<bind>
<StgValue><ssdm name="_ssdm_op_Read.ap_auto.float"/></StgValue>
</bind>
</comp>

<comp id="14" class="1001" name="const_14">
<pin_list>
<pin id="15" dir="1" index="0" bw="1" slack="0"/>
</pin_list>
<bind>
<StgValue><ssdm name="_ssdm_op_Read.ap_auto.i6"/></StgValue>
</bind>
</comp>

<comp id="16" class="1001" name="const_16">
<pin_list>
<pin id="17" dir="1" index="0" bw="1" slack="0"/>
</pin_list>
<bind>
<StgValue><ssdm name=""/></StgValue>
</bind>
</comp>

<comp id="18" class="1001" name="const_18">
<pin_list>
<pin id="19" dir="1" index="0" bw="1" slack="0"/>
</pin_list>
<bind>
<StgValue><ssdm name=""/></StgValue>
</bind>
</comp>

<comp id="20" class="1001" name="const_20">
<pin_list>
<pin id="21" dir="1" index="0" bw="1" slack="0"/>
</pin_list>
<bind>
<StgValue><ssdm name=""/></StgValue>
</bind>
</comp>

<comp id="22" class="1001" name="const_22">
<pin_list>
<pin id="23" dir="1" index="0" bw="1" slack="0"/>
</pin_list>
<bind>
<StgValue><ssdm name=""/></StgValue>
</bind>
</comp>

<comp id="24" class="1001" name="const_24">
<pin_list>
<pin id="25" dir="1" index="0" bw="1" slack="0"/>
</pin_list>
<bind>
<StgValue><ssdm name="_ssdm_op_BitConcatenate.i8.i3.i5"/></StgValue>
</bind>
</comp>

<comp id="26" class="1001" name="const_26">
<pin_list>
<pin id="27" dir="1" index="0" bw="1" slack="0"/>
</pin_list>
<bind>
<StgValue><ssdm name=""/></StgValue>
</bind>
</comp>

<comp id="28" class="1001" name="const_28">
<pin_list>
<pin id="29" dir="1" index="0" bw="1" slack="0"/>
</pin_list>
<bind>
<StgValue><ssdm name="_ssdm_op_BitConcatenate.i13.i8.i5"/></StgValue>
</bind>
</comp>

<comp id="30" class="1001" name="const_30">
<pin_list>
<pin id="31" dir="1" index="0" bw="1" slack="2147483647"/>
</pin_list>
<bind>
<StgValue><ssdm name="_ssdm_op_SpecPipeline"/></StgValue>
</bind>
</comp>

<comp id="32" class="1001" name="const_32">
<pin_list>
<pin id="33" dir="1" index="0" bw="1" slack="2147483647"/>
</pin_list>
<bind>
<StgValue><ssdm name=""/></StgValue>
</bind>
</comp>

<comp id="34" class="1001" name="const_34">
<pin_list>
<pin id="35" dir="1" index="0" bw="1" slack="2147483647"/>
</pin_list>
<bind>
<StgValue><ssdm name="empty_19"/></StgValue>
</bind>
</comp>

<comp id="36" class="1001" name="const_36">
<pin_list>
<pin id="37" dir="1" index="0" bw="1" slack="2147483647"/>
</pin_list>
<bind>
<StgValue><ssdm name="_ssdm_op_SpecLoopTripCount"/></StgValue>
</bind>
</comp>

<comp id="38" class="1001" name="const_38">
<pin_list>
<pin id="39" dir="1" index="0" bw="1" slack="2147483647"/>
</pin_list>
<bind>
<StgValue><ssdm name=""/></StgValue>
</bind>
</comp>

<comp id="40" class="1001" name="const_40">
<pin_list>
<pin id="41" dir="1" index="0" bw="1" slack="2147483647"/>
</pin_list>
<bind>
<StgValue><ssdm name="_ssdm_op_SpecLoopName"/></StgValue>
</bind>
</comp>

<comp id="42" class="1001" name="const_42">
<pin_list>
<pin id="43" dir="1" index="0" bw="1" slack="2147483647"/>
</pin_list>
<bind>
<StgValue><ssdm name="empty_5"/></StgValue>
</bind>
</comp>

<comp id="44" class="1004" name="tn_fu_44">
<pin_list>
<pin id="45" dir="0" index="0" bw="1" slack="0"/>
<pin id="46" dir="1" index="1" bw="4" slack="0"/>
</pin_list>
<bind>
<opcode="alloca(26) " fcode="alloca"/>
<opset="tn/1 "/>
</bind>
</comp>

<comp id="48" class="1004" name="in_tile_0_load_read_read_fu_48">
<pin_list>
<pin id="49" dir="0" index="0" bw="32" slack="0"/>
<pin id="50" dir="0" index="1" bw="32" slack="0"/>
<pin id="51" dir="1" index="2" bw="32" slack="2"/>
</pin_list>
<bind>
<opcode="read(1150) " fcode="read"/>
<opset="in_tile_0_load_read/1 "/>
</bind>
</comp>

<comp id="54" class="1004" name="zext_ln51_read_read_fu_54">
<pin_list>
<pin id="55" dir="0" index="0" bw="6" slack="0"/>
<pin id="56" dir="0" index="1" bw="6" slack="0"/>
<pin id="57" dir="1" index="2" bw="6" slack="0"/>
</pin_list>
<bind>
<opcode="read(1150) " fcode="read"/>
<opset="zext_ln51_read/1 "/>
</bind>
</comp>

<comp id="60" class="1004" name="zext_ln50_1_read_read_fu_60">
<pin_list>
<pin id="61" dir="0" index="0" bw="6" slack="0"/>
<pin id="62" dir="0" index="1" bw="6" slack="0"/>
<pin id="63" dir="1" index="2" bw="6" slack="0"/>
</pin_list>
<bind>
<opcode="read(1150) " fcode="read"/>
<opset="zext_ln50_1_read/1 "/>
</bind>
</comp>

<comp id="66" class="1004" name="w_tile_0_addr_gep_fu_66">
<pin_list>
<pin id="67" dir="0" index="0" bw="32" slack="0"/>
<pin id="68" dir="0" index="1" bw="1" slack="0"/>
<pin id="69" dir="0" index="2" bw="4" slack="0"/>
<pin id="70" dir="1" index="3" bw="3" slack="0"/>
</pin_list>
<bind>
<opcode="getelementptr(29) " fcode="getelementptr"/>
<opset="w_tile_0_addr/1 "/>
</bind>
</comp>

<comp id="73" class="1004" name="grp_access_fu_73">
<pin_list>
<pin id="74" dir="0" index="0" bw="3" slack="0"/>
<pin id="75" dir="0" index="1" bw="32" slack="2147483647"/>
<pin id="76" dir="0" index="2" bw="0" slack="2147483647"/>
<pin id="77" dir="1" index="3" bw="32" slack="1"/>
</pin_list>
<bind>
<opcode="load(27) " fcode="load"/>
<opset="w_tile_0_load/1 "/>
</bind>
</comp>

<comp id="79" class="1004" name="out_tile_1_addr_gep_fu_79">
<pin_list>
<pin id="80" dir="0" index="0" bw="32" slack="0"/>
<pin id="81" dir="0" index="1" bw="1" slack="0"/>
<pin id="82" dir="0" index="2" bw="13" slack="0"/>
<pin id="83" dir="1" index="3" bw="13" slack="0"/>
</pin_list>
<bind>
<opcode="getelementptr(29) " fcode="getelementptr"/>
<opset="out_tile_1_addr/4 "/>
</bind>
</comp>

<comp id="86" class="1004" name="grp_access_fu_86">
<pin_list>
<pin id="87" dir="0" index="0" bw="13" slack="6"/>
<pin id="88" dir="0" index="1" bw="32" slack="1"/>
<pin id="89" dir="0" index="2" bw="0" slack="0"/>
<pin id="91" dir="0" index="4" bw="13" slack="2147483647"/>
<pin id="92" dir="0" index="5" bw="32" slack="2147483647"/>
<pin id="93" dir="0" index="6" bw="0" slack="2147483647"/>
<pin id="90" dir="1" index="3" bw="32" slack="2147483647"/>
<pin id="94" dir="1" index="7" bw="32" slack="1"/>
</pin_list>
<bind>
<opcode="load(27) store(28) " fcode="store"/>
<opset="acc/4 store_ln59/10 "/>
</bind>
</comp>

<comp id="96" class="1004" name="grp_fu_96">
<pin_list>
<pin id="97" dir="0" index="0" bw="32" slack="1"/>
<pin id="98" dir="0" index="1" bw="32" slack="1"/>
<pin id="99" dir="1" index="2" bw="32" slack="1"/>
</pin_list>
<bind>
<opcode="fadd(9) " fcode="fadd"/>
<opset="acc_1/6 "/>
</bind>
</comp>

<comp id="100" class="1004" name="grp_fu_100">
<pin_list>
<pin id="101" dir="0" index="0" bw="32" slack="1"/>
<pin id="102" dir="0" index="1" bw="32" slack="2"/>
<pin id="103" dir="1" index="2" bw="32" slack="1"/>
</pin_list>
<bind>
<opcode="fmul(13) " fcode="fmul"/>
<opset="mul_i/3 "/>
</bind>
</comp>

<comp id="104" class="1004" name="zext_ln51_cast_fu_104">
<pin_list>
<pin id="105" dir="0" index="0" bw="6" slack="0"/>
<pin id="106" dir="1" index="1" bw="13" slack="3"/>
</pin_list>
<bind>
<opcode="zext(34) " fcode="zext"/>
<opset="zext_ln51_cast/1 "/>
</bind>
</comp>

<comp id="108" class="1004" name="zext_ln56_fu_108">
<pin_list>
<pin id="109" dir="0" index="0" bw="6" slack="0"/>
<pin id="110" dir="1" index="1" bw="8" slack="3"/>
</pin_list>
<bind>
<opcode="zext(34) " fcode="zext"/>
<opset="zext_ln56/1 "/>
</bind>
</comp>

<comp id="112" class="1004" name="store_ln0_store_fu_112">
<pin_list>
<pin id="113" dir="0" index="0" bw="1" slack="0"/>
<pin id="114" dir="0" index="1" bw="4" slack="0"/>
<pin id="115" dir="1" index="2" bw="0" slack="2147483647"/>
</pin_list>
<bind>
<opcode="store(28) " fcode="store"/>
<opset="store_ln0/1 "/>
</bind>
</comp>

<comp id="117" class="1004" name="tn_1_load_fu_117">
<pin_list>
<pin id="118" dir="0" index="0" bw="4" slack="0"/>
<pin id="119" dir="1" index="1" bw="4" slack="0"/>
</pin_list>
<bind>
<opcode="load(27) " fcode="load"/>
<opset="tn_1/1 "/>
</bind>
</comp>

<comp id="120" class="1004" name="icmp_ln53_fu_120">
<pin_list>
<pin id="121" dir="0" index="0" bw="4" slack="0"/>
<pin id="122" dir="0" index="1" bw="4" slack="0"/>
<pin id="123" dir="1" index="2" bw="1" slack="8"/>
</pin_list>
<bind>
<opcode="icmp(45) " fcode="icmp"/>
<opset="icmp_ln53/1 "/>
</bind>
</comp>

<comp id="126" class="1004" name="add_ln53_fu_126">
<pin_list>
<pin id="127" dir="0" index="0" bw="4" slack="0"/>
<pin id="128" dir="0" index="1" bw="1" slack="0"/>
<pin id="129" dir="1" index="2" bw="4" slack="0"/>
</pin_list>
<bind>
<opcode="add(8) " fcode="add"/>
<opset="add_ln53/1 "/>
</bind>
</comp>

<comp id="132" class="1004" name="zext_ln53_fu_132">
<pin_list>
<pin id="133" dir="0" index="0" bw="4" slack="0"/>
<pin id="134" dir="1" index="1" bw="64" slack="0"/>
</pin_list>
<bind>
<opcode="zext(34) " fcode="zext"/>
<opset="zext_ln53/1 "/>
</bind>
</comp>

<comp id="137" class="1004" name="trunc_ln56_fu_137">
<pin_list>
<pin id="138" dir="0" index="0" bw="4" slack="0"/>
<pin id="139" dir="1" index="1" bw="3" slack="3"/>
</pin_list>
<bind>
<opcode="trunc(33) " fcode="trunc"/>
<opset="trunc_ln56/1 "/>
</bind>
</comp>

<comp id="141" class="1004" name="store_ln53_store_fu_141">
<pin_list>
<pin id="142" dir="0" index="0" bw="4" slack="0"/>
<pin id="143" dir="0" index="1" bw="4" slack="0"/>
<pin id="144" dir="1" index="2" bw="0" slack="2147483647"/>
</pin_list>
<bind>
<opcode="store(28) " fcode="store"/>
<opset="store_ln53/1 "/>
</bind>
</comp>

<comp id="146" class="1004" name="tmp_33_cast_fu_146">
<pin_list>
<pin id="147" dir="0" index="0" bw="8" slack="0"/>
<pin id="148" dir="0" index="1" bw="3" slack="3"/>
<pin id="149" dir="0" index="2" bw="1" slack="0"/>
<pin id="150" dir="1" index="3" bw="8" slack="0"/>
</pin_list>
<bind>
<opcode="bitconcatenate(1004) " fcode="bitconcatenate"/>
<opset="tmp_33_cast/4 "/>
</bind>
</comp>

<comp id="153" class="1004" name="add_ln56_fu_153">
<pin_list>
<pin id="154" dir="0" index="0" bw="8" slack="0"/>
<pin id="155" dir="0" index="1" bw="6" slack="3"/>
<pin id="156" dir="1" index="2" bw="8" slack="0"/>
</pin_list>
<bind>
<opcode="add(8) " fcode="add"/>
<opset="add_ln56/4 "/>
</bind>
</comp>

<comp id="158" class="1004" name="tmp_s_fu_158">
<pin_list>
<pin id="159" dir="0" index="0" bw="13" slack="0"/>
<pin id="160" dir="0" index="1" bw="8" slack="0"/>
<pin id="161" dir="0" index="2" bw="1" slack="0"/>
<pin id="162" dir="1" index="3" bw="13" slack="0"/>
</pin_list>
<bind>
<opcode="bitconcatenate(1004) " fcode="bitconcatenate"/>
<opset="tmp_s/4 "/>
</bind>
</comp>

<comp id="166" class="1004" name="add_ln56_1_fu_166">
<pin_list>
<pin id="167" dir="0" index="0" bw="13" slack="0"/>
<pin id="168" dir="0" index="1" bw="6" slack="3"/>
<pin id="169" dir="1" index="2" bw="13" slack="0"/>
</pin_list>
<bind>
<opcode="add(8) " fcode="add"/>
<opset="add_ln56_1/4 "/>
</bind>
</comp>

<comp id="171" class="1004" name="zext_ln56_1_fu_171">
<pin_list>
<pin id="172" dir="0" index="0" bw="13" slack="0"/>
<pin id="173" dir="1" index="1" bw="64" slack="0"/>
</pin_list>
<bind>
<opcode="zext(34) " fcode="zext"/>
<opset="zext_ln56_1/4 "/>
</bind>
</comp>

<comp id="176" class="1005" name="tn_reg_176">
<pin_list>
<pin id="177" dir="0" index="0" bw="4" slack="0"/>
<pin id="178" dir="1" index="1" bw="4" slack="0"/>
</pin_list>
<bind>
<opset="tn "/>
</bind>
</comp>

<comp id="183" class="1005" name="in_tile_0_load_read_reg_183">
<pin_list>
<pin id="184" dir="0" index="0" bw="32" slack="2"/>
<pin id="185" dir="1" index="1" bw="32" slack="2"/>
</pin_list>
<bind>
<opset="in_tile_0_load_read "/>
</bind>
</comp>

<comp id="188" class="1005" name="zext_ln51_cast_reg_188">
<pin_list>
<pin id="189" dir="0" index="0" bw="13" slack="3"/>
<pin id="190" dir="1" index="1" bw="13" slack="3"/>
</pin_list>
<bind>
<opset="zext_ln51_cast "/>
</bind>
</comp>

<comp id="193" class="1005" name="zext_ln56_reg_193">
<pin_list>
<pin id="194" dir="0" index="0" bw="8" slack="3"/>
<pin id="195" dir="1" index="1" bw="8" slack="3"/>
</pin_list>
<bind>
<opset="zext_ln56 "/>
</bind>
</comp>

<comp id="198" class="1005" name="icmp_ln53_reg_198">
<pin_list>
<pin id="199" dir="0" index="0" bw="1" slack="8"/>
<pin id="200" dir="1" index="1" bw="1" slack="2147483647"/>
</pin_list>
<bind>
<opset="icmp_ln53 "/>
</bind>
</comp>

<comp id="202" class="1005" name="trunc_ln56_reg_202">
<pin_list>
<pin id="203" dir="0" index="0" bw="3" slack="3"/>
<pin id="204" dir="1" index="1" bw="3" slack="3"/>
</pin_list>
<bind>
<opset="trunc_ln56 "/>
</bind>
</comp>

<comp id="207" class="1005" name="w_tile_0_addr_reg_207">
<pin_list>
<pin id="208" dir="0" index="0" bw="3" slack="1"/>
<pin id="209" dir="1" index="1" bw="3" slack="1"/>
</pin_list>
<bind>
<opset="w_tile_0_addr "/>
</bind>
</comp>

<comp id="212" class="1005" name="w_tile_0_load_reg_212">
<pin_list>
<pin id="213" dir="0" index="0" bw="32" slack="1"/>
<pin id="214" dir="1" index="1" bw="32" slack="1"/>
</pin_list>
<bind>
<opset="w_tile_0_load "/>
</bind>
</comp>

<comp id="217" class="1005" name="out_tile_1_addr_reg_217">
<pin_list>
<pin id="218" dir="0" index="0" bw="13" slack="1"/>
<pin id="219" dir="1" index="1" bw="13" slack="1"/>
</pin_list>
<bind>
<opset="out_tile_1_addr "/>
</bind>
</comp>

<comp id="223" class="1005" name="acc_reg_223">
<pin_list>
<pin id="224" dir="0" index="0" bw="32" slack="1"/>
<pin id="225" dir="1" index="1" bw="32" slack="1"/>
</pin_list>
<bind>
<opset="acc "/>
</bind>
</comp>

<comp id="228" class="1005" name="mul_i_reg_228">
<pin_list>
<pin id="229" dir="0" index="0" bw="32" slack="1"/>
<pin id="230" dir="1" index="1" bw="32" slack="1"/>
</pin_list>
<bind>
<opset="mul_i "/>
</bind>
</comp>

<comp id="233" class="1005" name="acc_1_reg_233">
<pin_list>
<pin id="234" dir="0" index="0" bw="32" slack="1"/>
<pin id="235" dir="1" index="1" bw="32" slack="1"/>
</pin_list>
<bind>
<opset="acc_1 "/>
</bind>
</comp>

</comp_list>

<net_list>
<net id="47"><net_src comp="10" pin="0"/><net_sink comp="44" pin=0"/></net>

<net id="52"><net_src comp="12" pin="0"/><net_sink comp="48" pin=0"/></net>

<net id="53"><net_src comp="4" pin="0"/><net_sink comp="48" pin=1"/></net>

<net id="58"><net_src comp="14" pin="0"/><net_sink comp="54" pin=0"/></net>

<net id="59"><net_src comp="2" pin="0"/><net_sink comp="54" pin=1"/></net>

<net id="64"><net_src comp="14" pin="0"/><net_sink comp="60" pin=0"/></net>

<net id="65"><net_src comp="0" pin="0"/><net_sink comp="60" pin=1"/></net>

<net id="71"><net_src comp="8" pin="0"/><net_sink comp="66" pin=0"/></net>

<net id="72"><net_src comp="22" pin="0"/><net_sink comp="66" pin=1"/></net>

<net id="78"><net_src comp="66" pin="3"/><net_sink comp="73" pin=0"/></net>

<net id="84"><net_src comp="6" pin="0"/><net_sink comp="79" pin=0"/></net>

<net id="85"><net_src comp="22" pin="0"/><net_sink comp="79" pin=1"/></net>

<net id="95"><net_src comp="79" pin="3"/><net_sink comp="86" pin=2"/></net>

<net id="107"><net_src comp="54" pin="2"/><net_sink comp="104" pin=0"/></net>

<net id="111"><net_src comp="60" pin="2"/><net_sink comp="108" pin=0"/></net>

<net id="116"><net_src comp="16" pin="0"/><net_sink comp="112" pin=0"/></net>

<net id="124"><net_src comp="117" pin="1"/><net_sink comp="120" pin=0"/></net>

<net id="125"><net_src comp="18" pin="0"/><net_sink comp="120" pin=1"/></net>

<net id="130"><net_src comp="117" pin="1"/><net_sink comp="126" pin=0"/></net>

<net id="131"><net_src comp="20" pin="0"/><net_sink comp="126" pin=1"/></net>

<net id="135"><net_src comp="117" pin="1"/><net_sink comp="132" pin=0"/></net>

<net id="136"><net_src comp="132" pin="1"/><net_sink comp="66" pin=2"/></net>

<net id="140"><net_src comp="117" pin="1"/><net_sink comp="137" pin=0"/></net>

<net id="145"><net_src comp="126" pin="2"/><net_sink comp="141" pin=0"/></net>

<net id="151"><net_src comp="24" pin="0"/><net_sink comp="146" pin=0"/></net>

<net id="152"><net_src comp="26" pin="0"/><net_sink comp="146" pin=2"/></net>

<net id="157"><net_src comp="146" pin="3"/><net_sink comp="153" pin=0"/></net>

<net id="163"><net_src comp="28" pin="0"/><net_sink comp="158" pin=0"/></net>

<net id="164"><net_src comp="153" pin="2"/><net_sink comp="158" pin=1"/></net>

<net id="165"><net_src comp="26" pin="0"/><net_sink comp="158" pin=2"/></net>

<net id="170"><net_src comp="158" pin="3"/><net_sink comp="166" pin=0"/></net>

<net id="174"><net_src comp="166" pin="2"/><net_sink comp="171" pin=0"/></net>

<net id="175"><net_src comp="171" pin="1"/><net_sink comp="79" pin=2"/></net>

<net id="179"><net_src comp="44" pin="1"/><net_sink comp="176" pin=0"/></net>

<net id="180"><net_src comp="176" pin="1"/><net_sink comp="112" pin=1"/></net>

<net id="181"><net_src comp="176" pin="1"/><net_sink comp="117" pin=0"/></net>

<net id="182"><net_src comp="176" pin="1"/><net_sink comp="141" pin=1"/></net>

<net id="186"><net_src comp="48" pin="2"/><net_sink comp="183" pin=0"/></net>

<net id="187"><net_src comp="183" pin="1"/><net_sink comp="100" pin=1"/></net>

<net id="191"><net_src comp="104" pin="1"/><net_sink comp="188" pin=0"/></net>

<net id="192"><net_src comp="188" pin="1"/><net_sink comp="166" pin=1"/></net>

<net id="196"><net_src comp="108" pin="1"/><net_sink comp="193" pin=0"/></net>

<net id="197"><net_src comp="193" pin="1"/><net_sink comp="153" pin=1"/></net>

<net id="201"><net_src comp="120" pin="2"/><net_sink comp="198" pin=0"/></net>

<net id="205"><net_src comp="137" pin="1"/><net_sink comp="202" pin=0"/></net>

<net id="206"><net_src comp="202" pin="1"/><net_sink comp="146" pin=1"/></net>

<net id="210"><net_src comp="66" pin="3"/><net_sink comp="207" pin=0"/></net>

<net id="211"><net_src comp="207" pin="1"/><net_sink comp="73" pin=0"/></net>

<net id="215"><net_src comp="73" pin="3"/><net_sink comp="212" pin=0"/></net>

<net id="216"><net_src comp="212" pin="1"/><net_sink comp="100" pin=0"/></net>

<net id="220"><net_src comp="79" pin="3"/><net_sink comp="217" pin=0"/></net>

<net id="221"><net_src comp="217" pin="1"/><net_sink comp="86" pin=2"/></net>

<net id="222"><net_src comp="217" pin="1"/><net_sink comp="86" pin=0"/></net>

<net id="226"><net_src comp="86" pin="7"/><net_sink comp="223" pin=0"/></net>

<net id="227"><net_src comp="223" pin="1"/><net_sink comp="96" pin=0"/></net>

<net id="231"><net_src comp="100" pin="2"/><net_sink comp="228" pin=0"/></net>

<net id="232"><net_src comp="228" pin="1"/><net_sink comp="96" pin=1"/></net>

<net id="236"><net_src comp="96" pin="2"/><net_sink comp="233" pin=0"/></net>

<net id="237"><net_src comp="233" pin="1"/><net_sink comp="86" pin=1"/></net>

</net_list>

</model> 
---------------- Datapath Model END ------------------

* FSMD analyzer results:
  - Output states:
	Port: out_tile_1 | {10 }
	Port: w_tile_0 | {}
 - Input state : 
	Port: conv2_Pipeline_VITIS_LOOP_53_3 : zext_ln50_1 | {1 }
	Port: conv2_Pipeline_VITIS_LOOP_53_3 : zext_ln51 | {1 }
	Port: conv2_Pipeline_VITIS_LOOP_53_3 : in_tile_0_load | {1 }
	Port: conv2_Pipeline_VITIS_LOOP_53_3 : out_tile_1 | {4 5 }
	Port: conv2_Pipeline_VITIS_LOOP_53_3 : w_tile_0 | {1 2 }
  - Chain level:
	State 1
		store_ln0 : 1
		tn_1 : 1
		icmp_ln53 : 2
		add_ln53 : 2
		br_ln53 : 3
		zext_ln53 : 2
		trunc_ln56 : 2
		w_tile_0_addr : 3
		w_tile_0_load : 4
		store_ln53 : 3
	State 2
	State 3
	State 4
		add_ln56 : 1
		tmp_s : 2
		add_ln56_1 : 3
		zext_ln56_1 : 4
		out_tile_1_addr : 5
		acc : 6
	State 5
	State 6
	State 7
	State 8
	State 9
	State 10


============================================================
+ Verbose Summary: Datapath Resource usage 
============================================================

* Functional unit list:
|----------|--------------------------------|---------|---------|---------|
| Operation|         Functional Unit        |   DSP   |    FF   |   LUT   |
|----------|--------------------------------|---------|---------|---------|
|   fadd   |            grp_fu_96           |    2    |   227   |   214   |
|----------|--------------------------------|---------|---------|---------|
|   fmul   |           grp_fu_100           |    3    |   128   |   135   |
|----------|--------------------------------|---------|---------|---------|
|          |         add_ln53_fu_126        |    0    |    0    |    12   |
|    add   |         add_ln56_fu_153        |    0    |    0    |    15   |
|          |        add_ln56_1_fu_166       |    0    |    0    |    20   |
|----------|--------------------------------|---------|---------|---------|
|   icmp   |        icmp_ln53_fu_120        |    0    |    0    |    12   |
|----------|--------------------------------|---------|---------|---------|
|          | in_tile_0_load_read_read_fu_48 |    0    |    0    |    0    |
|   read   |    zext_ln51_read_read_fu_54   |    0    |    0    |    0    |
|          |   zext_ln50_1_read_read_fu_60  |    0    |    0    |    0    |
|----------|--------------------------------|---------|---------|---------|
|          |      zext_ln51_cast_fu_104     |    0    |    0    |    0    |
|   zext   |        zext_ln56_fu_108        |    0    |    0    |    0    |
|          |        zext_ln53_fu_132        |    0    |    0    |    0    |
|          |       zext_ln56_1_fu_171       |    0    |    0    |    0    |
|----------|--------------------------------|---------|---------|---------|
|   trunc  |        trunc_ln56_fu_137       |    0    |    0    |    0    |
|----------|--------------------------------|---------|---------|---------|
|bitconcatenate|       tmp_33_cast_fu_146       |    0    |    0    |    0    |
|          |          tmp_s_fu_158          |    0    |    0    |    0    |
|----------|--------------------------------|---------|---------|---------|
|   Total  |                                |    5    |   355   |   408   |
|----------|--------------------------------|---------|---------|---------|

Memories:
N/A

* Register list:
+---------------------------+--------+
|                           |   FF   |
+---------------------------+--------+
|       acc_1_reg_233       |   32   |
|        acc_reg_223        |   32   |
|     icmp_ln53_reg_198     |    1   |
|in_tile_0_load_read_reg_183|   32   |
|       mul_i_reg_228       |   32   |
|  out_tile_1_addr_reg_217  |   13   |
|         tn_reg_176        |    4   |
|     trunc_ln56_reg_202    |    3   |
|   w_tile_0_addr_reg_207   |    3   |
|   w_tile_0_load_reg_212   |   32   |
|   zext_ln51_cast_reg_188  |   13   |
|     zext_ln56_reg_193     |    8   |
+---------------------------+--------+
|           Total           |   205  |
+---------------------------+--------+

* Multiplexer (MUX) list: 
|------------------|------|------|------|--------||---------||---------|
|       Comp       |  Pin | Size |  BW  | S x BW ||  Delay  ||   LUT   |
|------------------|------|------|------|--------||---------||---------|
| grp_access_fu_73 |  p0  |   2  |   3  |    6   ||    9    |
| grp_access_fu_86 |  p2  |   2  |   0  |    0   ||    9    |
|------------------|------|------|------|--------||---------||---------|
|       Total      |      |      |      |    6   ||  0.854  ||    18   |
|------------------|------|------|------|--------||---------||---------|



* Summary:
+-----------+--------+--------+--------+--------+
|           |   DSP  |  Delay |   FF   |   LUT  |
+-----------+--------+--------+--------+--------+
|  Function |    5   |    -   |   355  |   408  |
|   Memory  |    -   |    -   |    -   |    -   |
|Multiplexer|    -   |    0   |    -   |   18   |
|  Register |    -   |    -   |   205  |    -   |
+-----------+--------+--------+--------+--------+
|   Total   |    5   |    0   |   560  |   426  |
+-----------+--------+--------+--------+--------+
