

================================================================
== Vitis HLS Report for 'conv2_Pipeline_VITIS_LOOP_99_4_VITIS_LOOP_100_5_VITIS_LOOP_101_6'
================================================================
* Date:           Thu Oct 30 21:22:44 2025

* Version:        2023.1 (Build 3854077 on May  4 2023)
* Project:        srcnn_hls
* Solution:       solution1 (Vivado IP Flow Target)
* Product family: zynquplus
* Target device:  xck26-sfvc784-2LV-c


================================================================
== Performance Estimates
================================================================
+ Timing: 
    * Summary: 
    +--------+----------+----------+------------+
    |  Clock |  Target  | Estimated| Uncertainty|
    +--------+----------+----------+------------+
    |ap_clk  |  10.00 ns|  5.180 ns|     2.70 ns|
    +--------+----------+----------+------------+

+ Latency: 
    * Summary: 
    +---------+---------+-----------+-----------+------+------+---------+
    |  Latency (cycles) |   Latency (absolute)  |   Interval  | Pipeline|
    |   min   |   max   |    min    |    max    |  min |  max |   Type  |
    +---------+---------+-----------+-----------+------+------+---------+
    |     8194|     8194|  81.940 us|  81.940 us|  8194|  8194|       no|
    +---------+---------+-----------+-----------+------+------+---------+

    + Detail: 
        * Instance: 
        N/A

        * Loop: 
        +-----------------------------------------------------+---------+---------+----------+-----------+-----------+------+----------+
        |                                                     |  Latency (cycles) | Iteration|  Initiation Interval  | Trip |          |
        |                      Loop Name                      |   min   |   max   |  Latency |  achieved |   target  | Count| Pipelined|
        +-----------------------------------------------------+---------+---------+----------+-----------+-----------+------+----------+
        |- VITIS_LOOP_99_4_VITIS_LOOP_100_5_VITIS_LOOP_101_6  |     8192|     8192|         1|          1|          1|  8192|       yes|
        +-----------------------------------------------------+---------+---------+----------+-----------+-----------+------+----------+



================================================================
== Utilization Estimates
================================================================
* Summary: 
+-----------------+---------+------+--------+--------+-----+
|       Name      | BRAM_18K|  DSP |   FF   |   LUT  | URAM|
+-----------------+---------+------+--------+--------+-----+
|DSP              |        -|     -|       -|       -|    -|
|Expression       |        -|     -|       0|     275|    -|
|FIFO             |        -|     -|       -|       -|    -|
|Instance         |        -|     -|       -|       -|    -|
|Memory           |        -|     -|       -|       -|    -|
|Multiplexer      |        -|     -|       -|      63|    -|
|Register         |        -|     -|      45|       -|    -|
+-----------------+---------+------+--------+--------+-----+
|Total            |        0|     0|      45|     338|    0|
+-----------------+---------+------+--------+--------+-----+
|Available        |      288|  1248|  234240|  117120|   64|
+-----------------+---------+------+--------+--------+-----+
|Utilization (%)  |        0|     0|      ~0|      ~0|    0|
+-----------------+---------+------+--------+--------+-----+

+ Detail: 
    * Instance: 
    N/A

    * DSP: 
    N/A

    * Memory: 
    N/A

    * FIFO: 
    N/A

    * Expression: 
    +--------------------------+----------+----+---+----+------------+------------+
    |       Variable Name      | Operation| DSP| FF| LUT| Bitwidth P0| Bitwidth P1|
    +--------------------------+----------+----+---+----+------------+------------+
    |add_ln100_1_fu_341_p2     |         +|   0|  0|  19|          12|           1|
    |add_ln100_fu_242_p2       |         +|   0|  0|  13|           6|           1|
    |add_ln101_fu_335_p2       |         +|   0|  0|  13|           6|           1|
    |add_ln103_1_fu_309_p2     |         +|   0|  0|  20|          13|          13|
    |add_ln103_fu_274_p2       |         +|   0|  0|  15|           8|           8|
    |add_ln99_1_fu_159_p2      |         +|   0|  0|  21|          14|           1|
    |add_ln99_fu_171_p2        |         +|   0|  0|  12|           4|           1|
    |and_ln103_fu_329_p2       |       and|   0|  0|   2|           1|           1|
    |and_ln99_fu_236_p2        |       and|   0|  0|   2|           1|           1|
    |cmp37_fu_148_p2           |      icmp|   0|  0|  15|           8|           8|
    |cmp37_mid112_fu_211_p2    |      icmp|   0|  0|  15|           8|           1|
    |cmp37_mid1_fu_292_p2      |      icmp|   0|  0|  15|           8|           8|
    |icmp_ln100_fu_177_p2      |      icmp|   0|  0|  19|          12|          11|
    |icmp_ln101_fu_230_p2      |      icmp|   0|  0|  14|           6|           7|
    |icmp_ln103_fu_324_p2      |      icmp|   0|  0|  15|           8|           8|
    |icmp_ln99_fu_153_p2       |      icmp|   0|  0|  22|          14|          15|
    |or_ln100_fu_248_p2        |        or|   0|  0|   2|           1|           1|
    |select_ln100_1_fu_262_p3  |    select|   0|  0|   6|           1|           6|
    |select_ln100_2_fu_297_p3  |    select|   0|  0|   2|           1|           1|
    |select_ln100_3_fu_347_p3  |    select|   0|  0|  11|           1|           1|
    |select_ln100_fu_254_p3    |    select|   0|  0|   6|           1|           1|
    |select_ln99_1_fu_191_p3   |    select|   0|  0|   4|           1|           4|
    |select_ln99_2_fu_216_p3   |    select|   0|  0|   2|           1|           1|
    |select_ln99_fu_183_p3     |    select|   0|  0|   6|           1|           1|
    |ap_enable_pp0             |       xor|   0|  0|   2|           1|           2|
    |xor_ln99_fu_224_p2        |       xor|   0|  0|   2|           1|           2|
    +--------------------------+----------+----+---+----+------------+------------+
    |Total                     |          |   0|  0| 275|         139|         106|
    +--------------------------+----------+----+---+----+------------+------------+

    * Multiplexer: 
    +-------------------------+----+-----------+-----+-----------+
    |           Name          | LUT| Input Size| Bits| Total Bits|
    +-------------------------+----+-----------+-----+-----------+
    |ap_done_int              |   9|          2|    1|          2|
    |ap_enable_reg_pp0_iter1  |   9|          2|    1|          2|
    |indvar_flatten16_fu_80   |   9|          2|   14|         28|
    |indvar_flatten_fu_72     |   9|          2|   12|         24|
    |th_fu_68                 |   9|          2|    6|         12|
    |tn_fu_76                 |   9|          2|    4|          8|
    |tw_fu_64                 |   9|          2|    6|         12|
    +-------------------------+----+-----------+-----+-----------+
    |Total                    |  63|         14|   44|         88|
    +-------------------------+----+-----------+-----+-----------+

    * Register: 
    +-------------------------+----+----+-----+-----------+
    |           Name          | FF | LUT| Bits| Const Bits|
    +-------------------------+----+----+-----+-----------+
    |ap_CS_fsm                |   1|   0|    1|          0|
    |ap_done_reg              |   1|   0|    1|          0|
    |ap_enable_reg_pp0_iter1  |   1|   0|    1|          0|
    |indvar_flatten16_fu_80   |  14|   0|   14|          0|
    |indvar_flatten_fu_72     |  12|   0|   12|          0|
    |th_fu_68                 |   6|   0|    6|          0|
    |tn_fu_76                 |   4|   0|    4|          0|
    |tw_fu_64                 |   6|   0|    6|          0|
    +-------------------------+----+----+-----+-----------+
    |Total                    |  45|   0|   45|          0|
    +-------------------------+----+----+-----+-----------+



================================================================
== Interface
================================================================
* Summary: 
+---------------------+-----+-----+------------+------------------------------------------------------------------+--------------+
|      RTL Ports      | Dir | Bits|  Protocol  |                           Source Object                          |    C Type    |
+---------------------+-----+-----+------------+------------------------------------------------------------------+--------------+
|ap_clk               |   in|    1|  ap_ctrl_hs|  conv2_Pipeline_VITIS_LOOP_99_4_VITIS_LOOP_100_5_VITIS_LOOP_101_6|  return value|
|ap_rst               |   in|    1|  ap_ctrl_hs|  conv2_Pipeline_VITIS_LOOP_99_4_VITIS_LOOP_100_5_VITIS_LOOP_101_6|  return value|
|ap_start             |   in|    1|  ap_ctrl_hs|  conv2_Pipeline_VITIS_LOOP_99_4_VITIS_LOOP_100_5_VITIS_LOOP_101_6|  return value|
|ap_done              |  out|    1|  ap_ctrl_hs|  conv2_Pipeline_VITIS_LOOP_99_4_VITIS_LOOP_100_5_VITIS_LOOP_101_6|  return value|
|ap_idle              |  out|    1|  ap_ctrl_hs|  conv2_Pipeline_VITIS_LOOP_99_4_VITIS_LOOP_100_5_VITIS_LOOP_101_6|  return value|
|ap_ready             |  out|    1|  ap_ctrl_hs|  conv2_Pipeline_VITIS_LOOP_99_4_VITIS_LOOP_100_5_VITIS_LOOP_101_6|  return value|
|select_ln67_5        |   in|    8|     ap_none|                                                     select_ln67_5|        scalar|
|zext_ln99            |   in|    8|     ap_none|                                                         zext_ln99|        scalar|
|out_tile_1_address0  |  out|   13|   ap_memory|                                                        out_tile_1|         array|
|out_tile_1_ce0       |  out|    1|   ap_memory|                                                        out_tile_1|         array|
|out_tile_1_we0       |  out|    1|   ap_memory|                                                        out_tile_1|         array|
|out_tile_1_d0        |  out|   32|   ap_memory|                                                        out_tile_1|         array|
+---------------------+-----+-----+------------+------------------------------------------------------------------+--------------+

============================================================
+ Verbose Summary: Synthesis Manager
============================================================
InlineROM: 1
ExposeGlobal: 0
============================================================
+ Verbose Summary: CDFG Model
============================================================
IsTopModel: 0
ResetActiveHigh: 1
IsCombinational: 2
IsDatapathOnly: 2
HasWiredReturn: 1
HasMFsm: 2
HasVarLatency: 1
IsPipeline: 0
IsRtlPipelined: 0
IsInstanceOverlapped: 0
IsDontTouch: 0
HasImplIP: 0
IsGatedGlobalClock: 0

+ Individual pipeline summary: 
  * Pipeline-0: initiation interval (II) = 1, depth = 2


============================================================
+ Verbose Summary: Schedule
============================================================
* Number of FSM states : 2
* Pipeline : 1
  Pipeline-0 : II = 1, D = 2, States = { 1 2 }
* Dataflow Pipeline: 0

* FSM state transitions: 
1 --> 2 
2 --> 

* FSM state operations: 

State 1 <SV = 0> <Delay = 0.42>
ST_1 : Operation 4 [1/1] (0.00ns)   --->   "%tw = alloca i32 1"   --->   Operation 4 'alloca' 'tw' <Predicate = true> <Delay = 0.00>
ST_1 : Operation 5 [1/1] (0.00ns)   --->   "%th = alloca i32 1"   --->   Operation 5 'alloca' 'th' <Predicate = true> <Delay = 0.00>
ST_1 : Operation 6 [1/1] (0.00ns)   --->   "%indvar_flatten = alloca i32 1"   --->   Operation 6 'alloca' 'indvar_flatten' <Predicate = true> <Delay = 0.00>
ST_1 : Operation 7 [1/1] (0.00ns)   --->   "%tn = alloca i32 1"   --->   Operation 7 'alloca' 'tn' <Predicate = true> <Delay = 0.00>
ST_1 : Operation 8 [1/1] (0.00ns)   --->   "%indvar_flatten16 = alloca i32 1"   --->   Operation 8 'alloca' 'indvar_flatten16' <Predicate = true> <Delay = 0.00>
ST_1 : Operation 9 [1/1] (0.00ns)   --->   "%zext_ln99_read = read i8 @_ssdm_op_Read.ap_auto.i8, i8 %zext_ln99"   --->   Operation 9 'read' 'zext_ln99_read' <Predicate = true> <Delay = 0.00>
ST_1 : Operation 10 [1/1] (0.00ns)   --->   "%select_ln67_5_read = read i8 @_ssdm_op_Read.ap_auto.i8, i8 %select_ln67_5"   --->   Operation 10 'read' 'select_ln67_5_read' <Predicate = true> <Delay = 0.00>
ST_1 : Operation 11 [1/1] (0.42ns)   --->   "%store_ln0 = store i14 0, i14 %indvar_flatten16"   --->   Operation 11 'store' 'store_ln0' <Predicate = true> <Delay = 0.42>
ST_1 : Operation 12 [1/1] (0.42ns)   --->   "%store_ln0 = store i4 0, i4 %tn"   --->   Operation 12 'store' 'store_ln0' <Predicate = true> <Delay = 0.42>
ST_1 : Operation 13 [1/1] (0.42ns)   --->   "%store_ln0 = store i12 0, i12 %indvar_flatten"   --->   Operation 13 'store' 'store_ln0' <Predicate = true> <Delay = 0.42>
ST_1 : Operation 14 [1/1] (0.42ns)   --->   "%store_ln0 = store i6 0, i6 %th"   --->   Operation 14 'store' 'store_ln0' <Predicate = true> <Delay = 0.42>
ST_1 : Operation 15 [1/1] (0.42ns)   --->   "%store_ln0 = store i6 0, i6 %tw"   --->   Operation 15 'store' 'store_ln0' <Predicate = true> <Delay = 0.42>
ST_1 : Operation 16 [1/1] (0.00ns)   --->   "%br_ln0 = br void %for.body35"   --->   Operation 16 'br' 'br_ln0' <Predicate = true> <Delay = 0.00>

State 2 <SV = 1> <Delay = 5.18>
ST_2 : Operation 17 [1/1] (0.00ns)   --->   "%th_2 = load i6 %th" [src/conv2.cpp:100]   --->   Operation 17 'load' 'th_2' <Predicate = true> <Delay = 0.00>
ST_2 : Operation 18 [1/1] (0.00ns)   --->   "%indvar_flatten_load = load i12 %indvar_flatten" [src/conv2.cpp:100]   --->   Operation 18 'load' 'indvar_flatten_load' <Predicate = true> <Delay = 0.00>
ST_2 : Operation 19 [1/1] (0.00ns)   --->   "%indvar_flatten16_load = load i14 %indvar_flatten16" [src/conv2.cpp:99]   --->   Operation 19 'load' 'indvar_flatten16_load' <Predicate = true> <Delay = 0.00>
ST_2 : Operation 20 [1/1] (0.00ns)   --->   "%zext_ln100 = zext i6 %th_2" [src/conv2.cpp:100]   --->   Operation 20 'zext' 'zext_ln100' <Predicate = true> <Delay = 0.00>
ST_2 : Operation 21 [1/1] (0.76ns)   --->   "%cmp37 = icmp_ult  i8 %zext_ln100, i8 %select_ln67_5_read" [src/conv2.cpp:100]   --->   Operation 21 'icmp' 'cmp37' <Predicate = true> <Delay = 0.76> <CoreInst = "Cmp">   --->   Core 9 'Cmp' <Latency = 0> <II = 1> <Delay = 0.76> <FuncUnit> <Opcode : 'icmp'> <InPorts = 2> <OutPorts = 1>
ST_2 : Operation 22 [1/1] (0.83ns)   --->   "%icmp_ln99 = icmp_eq  i14 %indvar_flatten16_load, i14 8192" [src/conv2.cpp:99]   --->   Operation 22 'icmp' 'icmp_ln99' <Predicate = true> <Delay = 0.83> <CoreInst = "Cmp">   --->   Core 9 'Cmp' <Latency = 0> <II = 1> <Delay = 0.84> <FuncUnit> <Opcode : 'icmp'> <InPorts = 2> <OutPorts = 1>
ST_2 : Operation 23 [1/1] (0.83ns)   --->   "%add_ln99_1 = add i14 %indvar_flatten16_load, i14 1" [src/conv2.cpp:99]   --->   Operation 23 'add' 'add_ln99_1' <Predicate = true> <Delay = 0.83> <CoreInst = "Adder">   --->   Core 1 'Adder' <Latency = 0> <II = 1> <Delay = 0.83> <FuncUnit> <Opcode : 'add' 'sub'> <InPorts = 2> <OutPorts = 1>
ST_2 : Operation 24 [1/1] (0.00ns)   --->   "%br_ln99 = br i1 %icmp_ln99, void %for.inc47, void %for.body53.preheader.exitStub" [src/conv2.cpp:99]   --->   Operation 24 'br' 'br_ln99' <Predicate = true> <Delay = 0.00>
ST_2 : Operation 25 [1/1] (0.00ns)   --->   "%tw_load = load i6 %tw" [src/conv2.cpp:101]   --->   Operation 25 'load' 'tw_load' <Predicate = (!icmp_ln99)> <Delay = 0.00>
ST_2 : Operation 26 [1/1] (0.00ns)   --->   "%tn_load = load i4 %tn" [src/conv2.cpp:99]   --->   Operation 26 'load' 'tn_load' <Predicate = (!icmp_ln99)> <Delay = 0.00>
ST_2 : Operation 27 [1/1] (0.79ns)   --->   "%add_ln99 = add i4 %tn_load, i4 1" [src/conv2.cpp:99]   --->   Operation 27 'add' 'add_ln99' <Predicate = (!icmp_ln99)> <Delay = 0.79> <CoreInst = "Adder">   --->   Core 1 'Adder' <Latency = 0> <II = 1> <Delay = 0.79> <FuncUnit> <Opcode : 'add' 'sub'> <InPorts = 2> <OutPorts = 1>
ST_2 : Operation 28 [1/1] (0.00ns)   --->   "%specloopname_ln0 = specloopname void @_ssdm_op_SpecLoopName, void @VITIS_LOOP_99_4_VITIS_LOOP_100_5_VITIS_LOOP_101_6_str"   --->   Operation 28 'specloopname' 'specloopname_ln0' <Predicate = (!icmp_ln99)> <Delay = 0.00>
ST_2 : Operation 29 [1/1] (0.00ns)   --->   "%speclooptripcount_ln0 = speclooptripcount void @_ssdm_op_SpecLoopTripCount, i64 8192, i64 8192, i64 8192"   --->   Operation 29 'speclooptripcount' 'speclooptripcount_ln0' <Predicate = (!icmp_ln99)> <Delay = 0.00>
ST_2 : Operation 30 [1/1] (0.80ns)   --->   "%icmp_ln100 = icmp_eq  i12 %indvar_flatten_load, i12 1024" [src/conv2.cpp:100]   --->   Operation 30 'icmp' 'icmp_ln100' <Predicate = (!icmp_ln99)> <Delay = 0.80> <CoreInst = "Cmp">   --->   Core 9 'Cmp' <Latency = 0> <II = 1> <Delay = 0.80> <FuncUnit> <Opcode : 'icmp'> <InPorts = 2> <OutPorts = 1>
ST_2 : Operation 31 [1/1] (0.38ns)   --->   "%select_ln99 = select i1 %icmp_ln100, i6 0, i6 %th_2" [src/conv2.cpp:99]   --->   Operation 31 'select' 'select_ln99' <Predicate = (!icmp_ln99)> <Delay = 0.38> <CoreInst = "Sel">   --->   Core 73 'Sel' <Latency = 0> <II = 1> <Delay = 0.38> <FuncUnit> <Opcode : 'select'> <InPorts = 3> <OutPorts = 1>
ST_2 : Operation 32 [1/1] (0.39ns)   --->   "%select_ln99_1 = select i1 %icmp_ln100, i4 %add_ln99, i4 %tn_load" [src/conv2.cpp:99]   --->   Operation 32 'select' 'select_ln99_1' <Predicate = (!icmp_ln99)> <Delay = 0.39> <CoreInst = "Sel">   --->   Core 73 'Sel' <Latency = 0> <II = 1> <Delay = 0.39> <FuncUnit> <Opcode : 'select'> <InPorts = 3> <OutPorts = 1>
ST_2 : Operation 33 [1/1] (0.00ns)   --->   "%trunc_ln103 = trunc i4 %select_ln99_1" [src/conv2.cpp:103]   --->   Operation 33 'trunc' 'trunc_ln103' <Predicate = (!icmp_ln99)> <Delay = 0.00>
ST_2 : Operation 34 [1/1] (0.00ns)   --->   "%tmp_cast = bitconcatenate i8 @_ssdm_op_BitConcatenate.i8.i3.i5, i3 %trunc_ln103, i5 0" [src/conv2.cpp:103]   --->   Operation 34 'bitconcatenate' 'tmp_cast' <Predicate = (!icmp_ln99)> <Delay = 0.00>
ST_2 : Operation 35 [1/1] (0.76ns)   --->   "%cmp37_mid112 = icmp_ne  i8 %select_ln67_5_read, i8 0"   --->   Operation 35 'icmp' 'cmp37_mid112' <Predicate = (!icmp_ln99)> <Delay = 0.76> <CoreInst = "Cmp">   --->   Core 9 'Cmp' <Latency = 0> <II = 1> <Delay = 0.76> <FuncUnit> <Opcode : 'icmp'> <InPorts = 2> <OutPorts = 1>
ST_2 : Operation 36 [1/1] (0.00ns) (grouped into LUT with out node and_ln103)   --->   "%select_ln99_2 = select i1 %icmp_ln100, i1 %cmp37_mid112, i1 %cmp37" [src/conv2.cpp:99]   --->   Operation 36 'select' 'select_ln99_2' <Predicate = (!icmp_ln99)> <Delay = 0.00> <CoreInst = "Sel">   --->   Core 73 'Sel' <Latency = 0> <II = 1> <Delay = 0.17> <FuncUnit> <Opcode : 'select'> <InPorts = 3> <OutPorts = 1>
ST_2 : Operation 37 [1/1] (0.00ns) (grouped into LUT with out node and_ln99)   --->   "%xor_ln99 = xor i1 %icmp_ln100, i1 1" [src/conv2.cpp:99]   --->   Operation 37 'xor' 'xor_ln99' <Predicate = (!icmp_ln99)> <Delay = 0.00> <CoreInst = "LogicGate">   --->   Core 74 'LogicGate' <Latency = 0> <II = 1> <Delay = 0.28> <FuncUnit> <Opcode : 'and' 'or' 'xor'> <InPorts = 2> <OutPorts = 1>
ST_2 : Operation 38 [1/1] (0.78ns)   --->   "%icmp_ln101 = icmp_eq  i6 %tw_load, i6 32" [src/conv2.cpp:101]   --->   Operation 38 'icmp' 'icmp_ln101' <Predicate = (!icmp_ln99)> <Delay = 0.78> <CoreInst = "Cmp">   --->   Core 9 'Cmp' <Latency = 0> <II = 1> <Delay = 0.77> <FuncUnit> <Opcode : 'icmp'> <InPorts = 2> <OutPorts = 1>
ST_2 : Operation 39 [1/1] (0.28ns) (out node of the LUT)   --->   "%and_ln99 = and i1 %icmp_ln101, i1 %xor_ln99" [src/conv2.cpp:99]   --->   Operation 39 'and' 'and_ln99' <Predicate = (!icmp_ln99)> <Delay = 0.28> <CoreInst = "LogicGate">   --->   Core 74 'LogicGate' <Latency = 0> <II = 1> <Delay = 0.28> <FuncUnit> <Opcode : 'and' 'or' 'xor'> <InPorts = 2> <OutPorts = 1>
ST_2 : Operation 40 [1/1] (0.78ns)   --->   "%add_ln100 = add i6 %select_ln99, i6 1" [src/conv2.cpp:100]   --->   Operation 40 'add' 'add_ln100' <Predicate = (!icmp_ln99)> <Delay = 0.78> <CoreInst = "Adder">   --->   Core 1 'Adder' <Latency = 0> <II = 1> <Delay = 0.78> <FuncUnit> <Opcode : 'add' 'sub'> <InPorts = 2> <OutPorts = 1>
ST_2 : Operation 41 [1/1] (0.00ns)   --->   "%specloopname_ln0 = specloopname void @_ssdm_op_SpecLoopName, void @VITIS_LOOP_100_5_VITIS_LOOP_101_6_str"   --->   Operation 41 'specloopname' 'specloopname_ln0' <Predicate = (!icmp_ln99)> <Delay = 0.00>
ST_2 : Operation 42 [1/1] (0.00ns) (grouped into LUT with out node select_ln100)   --->   "%or_ln100 = or i1 %and_ln99, i1 %icmp_ln100" [src/conv2.cpp:100]   --->   Operation 42 'or' 'or_ln100' <Predicate = (!icmp_ln99)> <Delay = 0.00> <CoreInst = "LogicGate">   --->   Core 74 'LogicGate' <Latency = 0> <II = 1> <Delay = 0.28> <FuncUnit> <Opcode : 'and' 'or' 'xor'> <InPorts = 2> <OutPorts = 1>
ST_2 : Operation 43 [1/1] (0.38ns) (out node of the LUT)   --->   "%select_ln100 = select i1 %or_ln100, i6 0, i6 %tw_load" [src/conv2.cpp:100]   --->   Operation 43 'select' 'select_ln100' <Predicate = (!icmp_ln99)> <Delay = 0.38> <CoreInst = "Sel">   --->   Core 73 'Sel' <Latency = 0> <II = 1> <Delay = 0.38> <FuncUnit> <Opcode : 'select'> <InPorts = 3> <OutPorts = 1>
ST_2 : Operation 44 [1/1] (0.38ns)   --->   "%select_ln100_1 = select i1 %and_ln99, i6 %add_ln100, i6 %select_ln99" [src/conv2.cpp:100]   --->   Operation 44 'select' 'select_ln100_1' <Predicate = (!icmp_ln99)> <Delay = 0.38> <CoreInst = "Sel">   --->   Core 73 'Sel' <Latency = 0> <II = 1> <Delay = 0.38> <FuncUnit> <Opcode : 'select'> <InPorts = 3> <OutPorts = 1>
ST_2 : Operation 45 [1/1] (0.00ns)   --->   "%zext_ln103 = zext i6 %select_ln100_1" [src/conv2.cpp:103]   --->   Operation 45 'zext' 'zext_ln103' <Predicate = (!icmp_ln99)> <Delay = 0.00>
ST_2 : Operation 46 [1/1] (0.76ns)   --->   "%add_ln103 = add i8 %tmp_cast, i8 %zext_ln103" [src/conv2.cpp:103]   --->   Operation 46 'add' 'add_ln103' <Predicate = (!icmp_ln99)> <Delay = 0.76> <CoreInst = "Adder">   --->   Core 1 'Adder' <Latency = 0> <II = 1> <Delay = 0.76> <FuncUnit> <Opcode : 'add' 'sub'> <InPorts = 2> <OutPorts = 1>
ST_2 : Operation 47 [1/1] (0.00ns)   --->   "%tmp_s = bitconcatenate i13 @_ssdm_op_BitConcatenate.i13.i8.i5, i8 %add_ln103, i5 0" [src/conv2.cpp:103]   --->   Operation 47 'bitconcatenate' 'tmp_s' <Predicate = (!icmp_ln99)> <Delay = 0.00>
ST_2 : Operation 48 [1/1] (0.00ns)   --->   "%add_ln100_cast = zext i6 %add_ln100" [src/conv2.cpp:100]   --->   Operation 48 'zext' 'add_ln100_cast' <Predicate = (!icmp_ln99)> <Delay = 0.00>
ST_2 : Operation 49 [1/1] (0.76ns)   --->   "%cmp37_mid1 = icmp_ult  i8 %add_ln100_cast, i8 %select_ln67_5_read" [src/conv2.cpp:100]   --->   Operation 49 'icmp' 'cmp37_mid1' <Predicate = (!icmp_ln99)> <Delay = 0.76> <CoreInst = "Cmp">   --->   Core 9 'Cmp' <Latency = 0> <II = 1> <Delay = 0.76> <FuncUnit> <Opcode : 'icmp'> <InPorts = 2> <OutPorts = 1>
ST_2 : Operation 50 [1/1] (0.00ns) (grouped into LUT with out node and_ln103)   --->   "%select_ln100_2 = select i1 %and_ln99, i1 %cmp37_mid1, i1 %select_ln99_2" [src/conv2.cpp:100]   --->   Operation 50 'select' 'select_ln100_2' <Predicate = (!icmp_ln99)> <Delay = 0.00> <CoreInst = "Sel">   --->   Core 73 'Sel' <Latency = 0> <II = 1> <Delay = 0.17> <FuncUnit> <Opcode : 'select'> <InPorts = 3> <OutPorts = 1>
ST_2 : Operation 51 [1/1] (0.00ns)   --->   "%zext_ln103_1 = zext i6 %select_ln100" [src/conv2.cpp:103]   --->   Operation 51 'zext' 'zext_ln103_1' <Predicate = (!icmp_ln99)> <Delay = 0.00>
ST_2 : Operation 52 [1/1] (0.82ns)   --->   "%add_ln103_1 = add i13 %tmp_s, i13 %zext_ln103_1" [src/conv2.cpp:103]   --->   Operation 52 'add' 'add_ln103_1' <Predicate = (!icmp_ln99)> <Delay = 0.82> <CoreInst = "Adder">   --->   Core 1 'Adder' <Latency = 0> <II = 1> <Delay = 0.82> <FuncUnit> <Opcode : 'add' 'sub'> <InPorts = 2> <OutPorts = 1>
ST_2 : Operation 53 [1/1] (0.00ns)   --->   "%zext_ln103_2 = zext i13 %add_ln103_1" [src/conv2.cpp:103]   --->   Operation 53 'zext' 'zext_ln103_2' <Predicate = (!icmp_ln99)> <Delay = 0.00>
ST_2 : Operation 54 [1/1] (0.00ns)   --->   "%out_tile_1_addr = getelementptr i32 %out_tile_1, i64 0, i64 %zext_ln103_2" [src/conv2.cpp:103]   --->   Operation 54 'getelementptr' 'out_tile_1_addr' <Predicate = (!icmp_ln99)> <Delay = 0.00>
ST_2 : Operation 55 [1/1] (0.00ns)   --->   "%zext_ln102 = zext i6 %select_ln100" [src/conv2.cpp:102]   --->   Operation 55 'zext' 'zext_ln102' <Predicate = (!icmp_ln99)> <Delay = 0.00>
ST_2 : Operation 56 [1/1] (0.00ns)   --->   "%specpipeline_ln102 = specpipeline void @_ssdm_op_SpecPipeline, i32 1, i32 0, i32 0, i32 0, void @empty_19" [src/conv2.cpp:102]   --->   Operation 56 'specpipeline' 'specpipeline_ln102' <Predicate = (!icmp_ln99)> <Delay = 0.00>
ST_2 : Operation 57 [1/1] (0.00ns)   --->   "%specloopname_ln101 = specloopname void @_ssdm_op_SpecLoopName, void @empty_2" [src/conv2.cpp:101]   --->   Operation 57 'specloopname' 'specloopname_ln101' <Predicate = (!icmp_ln99)> <Delay = 0.00>
ST_2 : Operation 58 [1/1] (0.76ns)   --->   "%icmp_ln103 = icmp_ult  i8 %zext_ln102, i8 %zext_ln99_read" [src/conv2.cpp:103]   --->   Operation 58 'icmp' 'icmp_ln103' <Predicate = (!icmp_ln99)> <Delay = 0.76> <CoreInst = "Cmp">   --->   Core 9 'Cmp' <Latency = 0> <II = 1> <Delay = 0.76> <FuncUnit> <Opcode : 'icmp'> <InPorts = 2> <OutPorts = 1>
ST_2 : Operation 59 [1/1] (0.28ns) (out node of the LUT)   --->   "%and_ln103 = and i1 %icmp_ln103, i1 %select_ln100_2" [src/conv2.cpp:103]   --->   Operation 59 'and' 'and_ln103' <Predicate = (!icmp_ln99)> <Delay = 0.28> <CoreInst = "LogicGate">   --->   Core 74 'LogicGate' <Latency = 0> <II = 1> <Delay = 0.28> <FuncUnit> <Opcode : 'and' 'or' 'xor'> <InPorts = 2> <OutPorts = 1>
ST_2 : Operation 60 [1/1] (0.00ns)   --->   "%br_ln103 = br i1 %and_ln103, void %for.inc, void %if.then" [src/conv2.cpp:103]   --->   Operation 60 'br' 'br_ln103' <Predicate = (!icmp_ln99)> <Delay = 0.00>
ST_2 : Operation 61 [1/1] (1.23ns)   --->   "%store_ln103 = store i32 0, i13 %out_tile_1_addr" [src/conv2.cpp:103]   --->   Operation 61 'store' 'store_ln103' <Predicate = (!icmp_ln99 & and_ln103)> <Delay = 1.23> <CoreInst = "RAM">   --->   Core 83 'RAM' <Latency = 1> <II = 1> <Delay = 1.23> <Storage> <Opcode : 'load' 'store'> <Ports = 2> <Width = 32> <Depth = 8192> <RAM>
ST_2 : Operation 62 [1/1] (0.00ns)   --->   "%br_ln103 = br void %for.inc" [src/conv2.cpp:103]   --->   Operation 62 'br' 'br_ln103' <Predicate = (!icmp_ln99 & and_ln103)> <Delay = 0.00>
ST_2 : Operation 63 [1/1] (0.78ns)   --->   "%add_ln101 = add i6 %select_ln100, i6 1" [src/conv2.cpp:101]   --->   Operation 63 'add' 'add_ln101' <Predicate = (!icmp_ln99)> <Delay = 0.78> <CoreInst = "Adder">   --->   Core 1 'Adder' <Latency = 0> <II = 1> <Delay = 0.78> <FuncUnit> <Opcode : 'add' 'sub'> <InPorts = 2> <OutPorts = 1>
ST_2 : Operation 64 [1/1] (0.80ns)   --->   "%add_ln100_1 = add i12 %indvar_flatten_load, i12 1" [src/conv2.cpp:100]   --->   Operation 64 'add' 'add_ln100_1' <Predicate = (!icmp_ln99)> <Delay = 0.80> <CoreInst = "Adder">   --->   Core 1 'Adder' <Latency = 0> <II = 1> <Delay = 0.80> <FuncUnit> <Opcode : 'add' 'sub'> <InPorts = 2> <OutPorts = 1>
ST_2 : Operation 65 [1/1] (0.37ns)   --->   "%select_ln100_3 = select i1 %icmp_ln100, i12 1, i12 %add_ln100_1" [src/conv2.cpp:100]   --->   Operation 65 'select' 'select_ln100_3' <Predicate = (!icmp_ln99)> <Delay = 0.37> <CoreInst = "Sel">   --->   Core 73 'Sel' <Latency = 0> <II = 1> <Delay = 0.37> <FuncUnit> <Opcode : 'select'> <InPorts = 3> <OutPorts = 1>
ST_2 : Operation 66 [1/1] (0.42ns)   --->   "%store_ln101 = store i14 %add_ln99_1, i14 %indvar_flatten16" [src/conv2.cpp:101]   --->   Operation 66 'store' 'store_ln101' <Predicate = (!icmp_ln99)> <Delay = 0.42>
ST_2 : Operation 67 [1/1] (0.42ns)   --->   "%store_ln101 = store i4 %select_ln99_1, i4 %tn" [src/conv2.cpp:101]   --->   Operation 67 'store' 'store_ln101' <Predicate = (!icmp_ln99)> <Delay = 0.42>
ST_2 : Operation 68 [1/1] (0.42ns)   --->   "%store_ln101 = store i12 %select_ln100_3, i12 %indvar_flatten" [src/conv2.cpp:101]   --->   Operation 68 'store' 'store_ln101' <Predicate = (!icmp_ln99)> <Delay = 0.42>
ST_2 : Operation 69 [1/1] (0.42ns)   --->   "%store_ln101 = store i6 %select_ln100_1, i6 %th" [src/conv2.cpp:101]   --->   Operation 69 'store' 'store_ln101' <Predicate = (!icmp_ln99)> <Delay = 0.42>
ST_2 : Operation 70 [1/1] (0.42ns)   --->   "%store_ln101 = store i6 %add_ln101, i6 %tw" [src/conv2.cpp:101]   --->   Operation 70 'store' 'store_ln101' <Predicate = (!icmp_ln99)> <Delay = 0.42>
ST_2 : Operation 71 [1/1] (0.00ns)   --->   "%br_ln101 = br void %for.body35" [src/conv2.cpp:101]   --->   Operation 71 'br' 'br_ln101' <Predicate = (!icmp_ln99)> <Delay = 0.00>
ST_2 : Operation 72 [1/1] (0.00ns)   --->   "%ret_ln0 = ret"   --->   Operation 72 'ret' 'ret_ln0' <Predicate = (icmp_ln99)> <Delay = 0.00>


============================================================
+ Verbose Summary: Binding
============================================================
STG Binding: 
---------------- STG Properties BEGIN ----------------
- Is combinational: 0
- Is one-state seq: 0
- Is datapath-only: 0
- Is pipelined: 0
- Is top level: 0
Port [ Return ] is wired: 1; IO mode=ap_ctrl_hs:ce=0
Port [ select_ln67_5]:  wired=1; compound=0; hidden=0; nouse=0; global=0; static=0; extern=0; dir=0; type=0; pingpong=0; private_global=0; IO mode=ap_none:ce=0
Port [ zext_ln99]:  wired=1; compound=0; hidden=0; nouse=0; global=0; static=0; extern=0; dir=0; type=0; pingpong=0; private_global=0; IO mode=ap_none:ce=0
Port [ out_tile_1]:  wired=1; compound=1; hidden=0; nouse=0; global=1; static=1; extern=0; dir=1; type=1; pingpong=0; private_global=0; MemPort=[03]; IO mode=ap_memory:ce=0
---------------- STG Properties END ------------------

---------------- Datapath Model BEGIN ----------------

<LifeTime>
<method=bitvector/>
tw                    (alloca           ) [ 011]
th                    (alloca           ) [ 011]
indvar_flatten        (alloca           ) [ 011]
tn                    (alloca           ) [ 011]
indvar_flatten16      (alloca           ) [ 011]
zext_ln99_read        (read             ) [ 011]
select_ln67_5_read    (read             ) [ 011]
store_ln0             (store            ) [ 000]
store_ln0             (store            ) [ 000]
store_ln0             (store            ) [ 000]
store_ln0             (store            ) [ 000]
store_ln0             (store            ) [ 000]
br_ln0                (br               ) [ 000]
th_2                  (load             ) [ 000]
indvar_flatten_load   (load             ) [ 000]
indvar_flatten16_load (load             ) [ 000]
zext_ln100            (zext             ) [ 000]
cmp37                 (icmp             ) [ 000]
icmp_ln99             (icmp             ) [ 011]
add_ln99_1            (add              ) [ 000]
br_ln99               (br               ) [ 000]
tw_load               (load             ) [ 000]
tn_load               (load             ) [ 000]
add_ln99              (add              ) [ 000]
specloopname_ln0      (specloopname     ) [ 000]
speclooptripcount_ln0 (speclooptripcount) [ 000]
icmp_ln100            (icmp             ) [ 000]
select_ln99           (select           ) [ 000]
select_ln99_1         (select           ) [ 000]
trunc_ln103           (trunc            ) [ 000]
tmp_cast              (bitconcatenate   ) [ 000]
cmp37_mid112          (icmp             ) [ 000]
select_ln99_2         (select           ) [ 000]
xor_ln99              (xor              ) [ 000]
icmp_ln101            (icmp             ) [ 000]
and_ln99              (and              ) [ 000]
add_ln100             (add              ) [ 000]
specloopname_ln0      (specloopname     ) [ 000]
or_ln100              (or               ) [ 000]
select_ln100          (select           ) [ 000]
select_ln100_1        (select           ) [ 000]
zext_ln103            (zext             ) [ 000]
add_ln103             (add              ) [ 000]
tmp_s                 (bitconcatenate   ) [ 000]
add_ln100_cast        (zext             ) [ 000]
cmp37_mid1            (icmp             ) [ 000]
select_ln100_2        (select           ) [ 000]
zext_ln103_1          (zext             ) [ 000]
add_ln103_1           (add              ) [ 000]
zext_ln103_2          (zext             ) [ 000]
out_tile_1_addr       (getelementptr    ) [ 000]
zext_ln102            (zext             ) [ 000]
specpipeline_ln102    (specpipeline     ) [ 000]
specloopname_ln101    (specloopname     ) [ 000]
icmp_ln103            (icmp             ) [ 000]
and_ln103             (and              ) [ 011]
br_ln103              (br               ) [ 000]
store_ln103           (store            ) [ 000]
br_ln103              (br               ) [ 000]
add_ln101             (add              ) [ 000]
add_ln100_1           (add              ) [ 000]
select_ln100_3        (select           ) [ 000]
store_ln101           (store            ) [ 000]
store_ln101           (store            ) [ 000]
store_ln101           (store            ) [ 000]
store_ln101           (store            ) [ 000]
store_ln101           (store            ) [ 000]
br_ln101              (br               ) [ 000]
ret_ln0               (ret              ) [ 000]
</LifeTime>

<model>

<comp_list>
<comp id="0" class="1000" name="select_ln67_5">
<pin_list>
<pin id="1" dir="1" index="0" bw="1" slack="0"/>
</pin_list>
<bind>
<StgValue><ssdm name="select_ln67_5"/></StgValue>
</bind>
</comp>

<comp id="2" class="1000" name="zext_ln99">
<pin_list>
<pin id="3" dir="1" index="0" bw="1" slack="0"/>
</pin_list>
<bind>
<StgValue><ssdm name="zext_ln99"/></StgValue>
</bind>
</comp>

<comp id="4" class="1000" name="out_tile_1">
<pin_list>
<pin id="5" dir="1" index="0" bw="1" slack="0"/>
</pin_list>
<bind>
<StgValue><ssdm name="out_tile_1"/><MemPortTyVec>0 3 </MemPortTyVec>
</StgValue>
</bind>
</comp>

<comp id="6" class="1001" name="const_6">
<pin_list>
<pin id="7" dir="1" index="0" bw="1" slack="0"/>
</pin_list>
<bind>
<StgValue><ssdm name=""/></StgValue>
</bind>
</comp>

<comp id="8" class="1001" name="const_8">
<pin_list>
<pin id="9" dir="1" index="0" bw="1" slack="0"/>
</pin_list>
<bind>
<StgValue><ssdm name="_ssdm_op_Read.ap_auto.i8"/></StgValue>
</bind>
</comp>

<comp id="10" class="1001" name="const_10">
<pin_list>
<pin id="11" dir="1" index="0" bw="1" slack="0"/>
</pin_list>
<bind>
<StgValue><ssdm name=""/></StgValue>
</bind>
</comp>

<comp id="12" class="1001" name="const_12">
<pin_list>
<pin id="13" dir="1" index="0" bw="1" slack="0"/>
</pin_list>
<bind>
<StgValue><ssdm name=""/></StgValue>
</bind>
</comp>

<comp id="14" class="1001" name="const_14">
<pin_list>
<pin id="15" dir="1" index="0" bw="1" slack="0"/>
</pin_list>
<bind>
<StgValue><ssdm name=""/></StgValue>
</bind>
</comp>

<comp id="16" class="1001" name="const_16">
<pin_list>
<pin id="17" dir="1" index="0" bw="1" slack="0"/>
</pin_list>
<bind>
<StgValue><ssdm name=""/></StgValue>
</bind>
</comp>

<comp id="18" class="1001" name="const_18">
<pin_list>
<pin id="19" dir="1" index="0" bw="1" slack="0"/>
</pin_list>
<bind>
<StgValue><ssdm name=""/></StgValue>
</bind>
</comp>

<comp id="20" class="1001" name="const_20">
<pin_list>
<pin id="21" dir="1" index="0" bw="1" slack="0"/>
</pin_list>
<bind>
<StgValue><ssdm name=""/></StgValue>
</bind>
</comp>

<comp id="22" class="1001" name="const_22">
<pin_list>
<pin id="23" dir="1" index="0" bw="1" slack="0"/>
</pin_list>
<bind>
<StgValue><ssdm name=""/></StgValue>
</bind>
</comp>

<comp id="24" class="1001" name="const_24">
<pin_list>
<pin id="25" dir="1" index="0" bw="1" slack="2147483647"/>
</pin_list>
<bind>
<StgValue><ssdm name="_ssdm_op_SpecLoopName"/></StgValue>
</bind>
</comp>

<comp id="26" class="1001" name="const_26">
<pin_list>
<pin id="27" dir="1" index="0" bw="1" slack="2147483647"/>
</pin_list>
<bind>
<StgValue><ssdm name="VITIS_LOOP_99_4_VITIS_LOOP_100_5_VITIS_LOOP_101_6_str"/></StgValue>
</bind>
</comp>

<comp id="28" class="1001" name="const_28">
<pin_list>
<pin id="29" dir="1" index="0" bw="1" slack="2147483647"/>
</pin_list>
<bind>
<StgValue><ssdm name="_ssdm_op_SpecLoopTripCount"/></StgValue>
</bind>
</comp>

<comp id="30" class="1001" name="const_30">
<pin_list>
<pin id="31" dir="1" index="0" bw="1" slack="2147483647"/>
</pin_list>
<bind>
<StgValue><ssdm name=""/></StgValue>
</bind>
</comp>

<comp id="32" class="1001" name="const_32">
<pin_list>
<pin id="33" dir="1" index="0" bw="1" slack="0"/>
</pin_list>
<bind>
<StgValue><ssdm name=""/></StgValue>
</bind>
</comp>

<comp id="34" class="1001" name="const_34">
<pin_list>
<pin id="35" dir="1" index="0" bw="1" slack="0"/>
</pin_list>
<bind>
<StgValue><ssdm name="_ssdm_op_BitConcatenate.i8.i3.i5"/></StgValue>
</bind>
</comp>

<comp id="36" class="1001" name="const_36">
<pin_list>
<pin id="37" dir="1" index="0" bw="1" slack="0"/>
</pin_list>
<bind>
<StgValue><ssdm name=""/></StgValue>
</bind>
</comp>

<comp id="38" class="1001" name="const_38">
<pin_list>
<pin id="39" dir="1" index="0" bw="1" slack="0"/>
</pin_list>
<bind>
<StgValue><ssdm name=""/></StgValue>
</bind>
</comp>

<comp id="40" class="1001" name="const_40">
<pin_list>
<pin id="41" dir="1" index="0" bw="1" slack="0"/>
</pin_list>
<bind>
<StgValue><ssdm name=""/></StgValue>
</bind>
</comp>

<comp id="42" class="1001" name="const_42">
<pin_list>
<pin id="43" dir="1" index="0" bw="1" slack="0"/>
</pin_list>
<bind>
<StgValue><ssdm name=""/></StgValue>
</bind>
</comp>

<comp id="44" class="1001" name="const_44">
<pin_list>
<pin id="45" dir="1" index="0" bw="1" slack="0"/>
</pin_list>
<bind>
<StgValue><ssdm name=""/></StgValue>
</bind>
</comp>

<comp id="46" class="1001" name="const_46">
<pin_list>
<pin id="47" dir="1" index="0" bw="1" slack="2147483647"/>
</pin_list>
<bind>
<StgValue><ssdm name="VITIS_LOOP_100_5_VITIS_LOOP_101_6_str"/></StgValue>
</bind>
</comp>

<comp id="48" class="1001" name="const_48">
<pin_list>
<pin id="49" dir="1" index="0" bw="1" slack="0"/>
</pin_list>
<bind>
<StgValue><ssdm name="_ssdm_op_BitConcatenate.i13.i8.i5"/></StgValue>
</bind>
</comp>

<comp id="50" class="1001" name="const_50">
<pin_list>
<pin id="51" dir="1" index="0" bw="1" slack="0"/>
</pin_list>
<bind>
<StgValue><ssdm name=""/></StgValue>
</bind>
</comp>

<comp id="52" class="1001" name="const_52">
<pin_list>
<pin id="53" dir="1" index="0" bw="1" slack="2147483647"/>
</pin_list>
<bind>
<StgValue><ssdm name="_ssdm_op_SpecPipeline"/></StgValue>
</bind>
</comp>

<comp id="54" class="1001" name="const_54">
<pin_list>
<pin id="55" dir="1" index="0" bw="1" slack="2147483647"/>
</pin_list>
<bind>
<StgValue><ssdm name=""/></StgValue>
</bind>
</comp>

<comp id="56" class="1001" name="const_56">
<pin_list>
<pin id="57" dir="1" index="0" bw="1" slack="2147483647"/>
</pin_list>
<bind>
<StgValue><ssdm name="empty_19"/></StgValue>
</bind>
</comp>

<comp id="58" class="1001" name="const_58">
<pin_list>
<pin id="59" dir="1" index="0" bw="1" slack="2147483647"/>
</pin_list>
<bind>
<StgValue><ssdm name="empty_2"/></StgValue>
</bind>
</comp>

<comp id="60" class="1001" name="const_60">
<pin_list>
<pin id="61" dir="1" index="0" bw="1" slack="0"/>
</pin_list>
<bind>
<StgValue><ssdm name=""/></StgValue>
</bind>
</comp>

<comp id="62" class="1001" name="const_62">
<pin_list>
<pin id="63" dir="1" index="0" bw="1" slack="0"/>
</pin_list>
<bind>
<StgValue><ssdm name=""/></StgValue>
</bind>
</comp>

<comp id="64" class="1004" name="tw_fu_64">
<pin_list>
<pin id="65" dir="0" index="0" bw="1" slack="0"/>
<pin id="66" dir="1" index="1" bw="6" slack="0"/>
</pin_list>
<bind>
<opcode="alloca(26) " fcode="alloca"/>
<opset="tw/1 "/>
</bind>
</comp>

<comp id="68" class="1004" name="th_fu_68">
<pin_list>
<pin id="69" dir="0" index="0" bw="1" slack="0"/>
<pin id="70" dir="1" index="1" bw="6" slack="0"/>
</pin_list>
<bind>
<opcode="alloca(26) " fcode="alloca"/>
<opset="th/1 "/>
</bind>
</comp>

<comp id="72" class="1004" name="indvar_flatten_fu_72">
<pin_list>
<pin id="73" dir="0" index="0" bw="1" slack="0"/>
<pin id="74" dir="1" index="1" bw="12" slack="0"/>
</pin_list>
<bind>
<opcode="alloca(26) " fcode="alloca"/>
<opset="indvar_flatten/1 "/>
</bind>
</comp>

<comp id="76" class="1004" name="tn_fu_76">
<pin_list>
<pin id="77" dir="0" index="0" bw="1" slack="0"/>
<pin id="78" dir="1" index="1" bw="4" slack="0"/>
</pin_list>
<bind>
<opcode="alloca(26) " fcode="alloca"/>
<opset="tn/1 "/>
</bind>
</comp>

<comp id="80" class="1004" name="indvar_flatten16_fu_80">
<pin_list>
<pin id="81" dir="0" index="0" bw="1" slack="0"/>
<pin id="82" dir="1" index="1" bw="14" slack="0"/>
</pin_list>
<bind>
<opcode="alloca(26) " fcode="alloca"/>
<opset="indvar_flatten16/1 "/>
</bind>
</comp>

<comp id="84" class="1004" name="zext_ln99_read_read_fu_84">
<pin_list>
<pin id="85" dir="0" index="0" bw="8" slack="0"/>
<pin id="86" dir="0" index="1" bw="8" slack="0"/>
<pin id="87" dir="1" index="2" bw="8" slack="1"/>
</pin_list>
<bind>
<opcode="read(1150) " fcode="read"/>
<opset="zext_ln99_read/1 "/>
</bind>
</comp>

<comp id="90" class="1004" name="select_ln67_5_read_read_fu_90">
<pin_list>
<pin id="91" dir="0" index="0" bw="8" slack="0"/>
<pin id="92" dir="0" index="1" bw="8" slack="0"/>
<pin id="93" dir="1" index="2" bw="8" slack="1"/>
</pin_list>
<bind>
<opcode="read(1150) " fcode="read"/>
<opset="select_ln67_5_read/1 "/>
</bind>
</comp>

<comp id="96" class="1004" name="out_tile_1_addr_gep_fu_96">
<pin_list>
<pin id="97" dir="0" index="0" bw="32" slack="0"/>
<pin id="98" dir="0" index="1" bw="1" slack="0"/>
<pin id="99" dir="0" index="2" bw="13" slack="0"/>
<pin id="100" dir="1" index="3" bw="13" slack="0"/>
</pin_list>
<bind>
<opcode="getelementptr(29) " fcode="getelementptr"/>
<opset="out_tile_1_addr/2 "/>
</bind>
</comp>

<comp id="103" class="1004" name="store_ln103_access_fu_103">
<pin_list>
<pin id="104" dir="0" index="0" bw="13" slack="0"/>
<pin id="105" dir="0" index="1" bw="32" slack="0"/>
<pin id="106" dir="0" index="2" bw="0" slack="2147483647"/>
<pin id="107" dir="1" index="3" bw="32" slack="2147483647"/>
</pin_list>
<bind>
<opcode="store(28) " fcode="store"/>
<opset="store_ln103/2 "/>
</bind>
</comp>

<comp id="110" class="1004" name="store_ln0_store_fu_110">
<pin_list>
<pin id="111" dir="0" index="0" bw="1" slack="0"/>
<pin id="112" dir="0" index="1" bw="14" slack="0"/>
<pin id="113" dir="1" index="2" bw="0" slack="2147483647"/>
</pin_list>
<bind>
<opcode="store(28) " fcode="store"/>
<opset="store_ln0/1 "/>
</bind>
</comp>

<comp id="115" class="1004" name="store_ln0_store_fu_115">
<pin_list>
<pin id="116" dir="0" index="0" bw="1" slack="0"/>
<pin id="117" dir="0" index="1" bw="4" slack="0"/>
<pin id="118" dir="1" index="2" bw="0" slack="2147483647"/>
</pin_list>
<bind>
<opcode="store(28) " fcode="store"/>
<opset="store_ln0/1 "/>
</bind>
</comp>

<comp id="120" class="1004" name="store_ln0_store_fu_120">
<pin_list>
<pin id="121" dir="0" index="0" bw="1" slack="0"/>
<pin id="122" dir="0" index="1" bw="12" slack="0"/>
<pin id="123" dir="1" index="2" bw="0" slack="2147483647"/>
</pin_list>
<bind>
<opcode="store(28) " fcode="store"/>
<opset="store_ln0/1 "/>
</bind>
</comp>

<comp id="125" class="1004" name="store_ln0_store_fu_125">
<pin_list>
<pin id="126" dir="0" index="0" bw="1" slack="0"/>
<pin id="127" dir="0" index="1" bw="6" slack="0"/>
<pin id="128" dir="1" index="2" bw="0" slack="2147483647"/>
</pin_list>
<bind>
<opcode="store(28) " fcode="store"/>
<opset="store_ln0/1 "/>
</bind>
</comp>

<comp id="130" class="1004" name="store_ln0_store_fu_130">
<pin_list>
<pin id="131" dir="0" index="0" bw="1" slack="0"/>
<pin id="132" dir="0" index="1" bw="6" slack="0"/>
<pin id="133" dir="1" index="2" bw="0" slack="2147483647"/>
</pin_list>
<bind>
<opcode="store(28) " fcode="store"/>
<opset="store_ln0/1 "/>
</bind>
</comp>

<comp id="135" class="1004" name="th_2_load_fu_135">
<pin_list>
<pin id="136" dir="0" index="0" bw="6" slack="1"/>
<pin id="137" dir="1" index="1" bw="6" slack="0"/>
</pin_list>
<bind>
<opcode="load(27) " fcode="load"/>
<opset="th_2/2 "/>
</bind>
</comp>

<comp id="138" class="1004" name="indvar_flatten_load_load_fu_138">
<pin_list>
<pin id="139" dir="0" index="0" bw="12" slack="1"/>
<pin id="140" dir="1" index="1" bw="12" slack="0"/>
</pin_list>
<bind>
<opcode="load(27) " fcode="load"/>
<opset="indvar_flatten_load/2 "/>
</bind>
</comp>

<comp id="141" class="1004" name="indvar_flatten16_load_load_fu_141">
<pin_list>
<pin id="142" dir="0" index="0" bw="14" slack="1"/>
<pin id="143" dir="1" index="1" bw="14" slack="0"/>
</pin_list>
<bind>
<opcode="load(27) " fcode="load"/>
<opset="indvar_flatten16_load/2 "/>
</bind>
</comp>

<comp id="144" class="1004" name="zext_ln100_fu_144">
<pin_list>
<pin id="145" dir="0" index="0" bw="6" slack="0"/>
<pin id="146" dir="1" index="1" bw="8" slack="0"/>
</pin_list>
<bind>
<opcode="zext(34) " fcode="zext"/>
<opset="zext_ln100/2 "/>
</bind>
</comp>

<comp id="148" class="1004" name="cmp37_fu_148">
<pin_list>
<pin id="149" dir="0" index="0" bw="8" slack="0"/>
<pin id="150" dir="0" index="1" bw="8" slack="1"/>
<pin id="151" dir="1" index="2" bw="1" slack="0"/>
</pin_list>
<bind>
<opcode="icmp(45) " fcode="icmp"/>
<opset="cmp37/2 "/>
</bind>
</comp>

<comp id="153" class="1004" name="icmp_ln99_fu_153">
<pin_list>
<pin id="154" dir="0" index="0" bw="14" slack="0"/>
<pin id="155" dir="0" index="1" bw="14" slack="0"/>
<pin id="156" dir="1" index="2" bw="1" slack="2147483647"/>
</pin_list>
<bind>
<opcode="icmp(45) " fcode="icmp"/>
<opset="icmp_ln99/2 "/>
</bind>
</comp>

<comp id="159" class="1004" name="add_ln99_1_fu_159">
<pin_list>
<pin id="160" dir="0" index="0" bw="14" slack="0"/>
<pin id="161" dir="0" index="1" bw="1" slack="0"/>
<pin id="162" dir="1" index="2" bw="14" slack="0"/>
</pin_list>
<bind>
<opcode="add(8) " fcode="add"/>
<opset="add_ln99_1/2 "/>
</bind>
</comp>

<comp id="165" class="1004" name="tw_load_load_fu_165">
<pin_list>
<pin id="166" dir="0" index="0" bw="6" slack="1"/>
<pin id="167" dir="1" index="1" bw="6" slack="0"/>
</pin_list>
<bind>
<opcode="load(27) " fcode="load"/>
<opset="tw_load/2 "/>
</bind>
</comp>

<comp id="168" class="1004" name="tn_load_load_fu_168">
<pin_list>
<pin id="169" dir="0" index="0" bw="4" slack="1"/>
<pin id="170" dir="1" index="1" bw="4" slack="0"/>
</pin_list>
<bind>
<opcode="load(27) " fcode="load"/>
<opset="tn_load/2 "/>
</bind>
</comp>

<comp id="171" class="1004" name="add_ln99_fu_171">
<pin_list>
<pin id="172" dir="0" index="0" bw="4" slack="0"/>
<pin id="173" dir="0" index="1" bw="1" slack="0"/>
<pin id="174" dir="1" index="2" bw="4" slack="0"/>
</pin_list>
<bind>
<opcode="add(8) " fcode="add"/>
<opset="add_ln99/2 "/>
</bind>
</comp>

<comp id="177" class="1004" name="icmp_ln100_fu_177">
<pin_list>
<pin id="178" dir="0" index="0" bw="12" slack="0"/>
<pin id="179" dir="0" index="1" bw="12" slack="0"/>
<pin id="180" dir="1" index="2" bw="1" slack="0"/>
</pin_list>
<bind>
<opcode="icmp(45) " fcode="icmp"/>
<opset="icmp_ln100/2 "/>
</bind>
</comp>

<comp id="183" class="1004" name="select_ln99_fu_183">
<pin_list>
<pin id="184" dir="0" index="0" bw="1" slack="0"/>
<pin id="185" dir="0" index="1" bw="6" slack="0"/>
<pin id="186" dir="0" index="2" bw="6" slack="0"/>
<pin id="187" dir="1" index="3" bw="6" slack="0"/>
</pin_list>
<bind>
<opcode="select(49) " fcode="select"/>
<opset="select_ln99/2 "/>
</bind>
</comp>

<comp id="191" class="1004" name="select_ln99_1_fu_191">
<pin_list>
<pin id="192" dir="0" index="0" bw="1" slack="0"/>
<pin id="193" dir="0" index="1" bw="4" slack="0"/>
<pin id="194" dir="0" index="2" bw="4" slack="0"/>
<pin id="195" dir="1" index="3" bw="4" slack="0"/>
</pin_list>
<bind>
<opcode="select(49) " fcode="select"/>
<opset="select_ln99_1/2 "/>
</bind>
</comp>

<comp id="199" class="1004" name="trunc_ln103_fu_199">
<pin_list>
<pin id="200" dir="0" index="0" bw="4" slack="0"/>
<pin id="201" dir="1" index="1" bw="3" slack="0"/>
</pin_list>
<bind>
<opcode="trunc(33) " fcode="trunc"/>
<opset="trunc_ln103/2 "/>
</bind>
</comp>

<comp id="203" class="1004" name="tmp_cast_fu_203">
<pin_list>
<pin id="204" dir="0" index="0" bw="8" slack="0"/>
<pin id="205" dir="0" index="1" bw="3" slack="0"/>
<pin id="206" dir="0" index="2" bw="1" slack="0"/>
<pin id="207" dir="1" index="3" bw="8" slack="0"/>
</pin_list>
<bind>
<opcode="bitconcatenate(1004) " fcode="bitconcatenate"/>
<opset="tmp_cast/2 "/>
</bind>
</comp>

<comp id="211" class="1004" name="cmp37_mid112_fu_211">
<pin_list>
<pin id="212" dir="0" index="0" bw="8" slack="1"/>
<pin id="213" dir="0" index="1" bw="8" slack="0"/>
<pin id="214" dir="1" index="2" bw="1" slack="0"/>
</pin_list>
<bind>
<opcode="icmp(45) " fcode="icmp"/>
<opset="cmp37_mid112/2 "/>
</bind>
</comp>

<comp id="216" class="1004" name="select_ln99_2_fu_216">
<pin_list>
<pin id="217" dir="0" index="0" bw="1" slack="0"/>
<pin id="218" dir="0" index="1" bw="1" slack="0"/>
<pin id="219" dir="0" index="2" bw="1" slack="0"/>
<pin id="220" dir="1" index="3" bw="1" slack="0"/>
</pin_list>
<bind>
<opcode="select(49) " fcode="select"/>
<opset="select_ln99_2/2 "/>
</bind>
</comp>

<comp id="224" class="1004" name="xor_ln99_fu_224">
<pin_list>
<pin id="225" dir="0" index="0" bw="1" slack="0"/>
<pin id="226" dir="0" index="1" bw="1" slack="0"/>
<pin id="227" dir="1" index="2" bw="1" slack="0"/>
</pin_list>
<bind>
<opcode="xor(25) " fcode="xor"/>
<opset="xor_ln99/2 "/>
</bind>
</comp>

<comp id="230" class="1004" name="icmp_ln101_fu_230">
<pin_list>
<pin id="231" dir="0" index="0" bw="6" slack="0"/>
<pin id="232" dir="0" index="1" bw="6" slack="0"/>
<pin id="233" dir="1" index="2" bw="1" slack="0"/>
</pin_list>
<bind>
<opcode="icmp(45) " fcode="icmp"/>
<opset="icmp_ln101/2 "/>
</bind>
</comp>

<comp id="236" class="1004" name="and_ln99_fu_236">
<pin_list>
<pin id="237" dir="0" index="0" bw="1" slack="0"/>
<pin id="238" dir="0" index="1" bw="1" slack="0"/>
<pin id="239" dir="1" index="2" bw="1" slack="0"/>
</pin_list>
<bind>
<opcode="and(23) " fcode="and"/>
<opset="and_ln99/2 "/>
</bind>
</comp>

<comp id="242" class="1004" name="add_ln100_fu_242">
<pin_list>
<pin id="243" dir="0" index="0" bw="6" slack="0"/>
<pin id="244" dir="0" index="1" bw="1" slack="0"/>
<pin id="245" dir="1" index="2" bw="6" slack="0"/>
</pin_list>
<bind>
<opcode="add(8) " fcode="add"/>
<opset="add_ln100/2 "/>
</bind>
</comp>

<comp id="248" class="1004" name="or_ln100_fu_248">
<pin_list>
<pin id="249" dir="0" index="0" bw="1" slack="0"/>
<pin id="250" dir="0" index="1" bw="1" slack="0"/>
<pin id="251" dir="1" index="2" bw="1" slack="0"/>
</pin_list>
<bind>
<opcode="or(24) " fcode="or"/>
<opset="or_ln100/2 "/>
</bind>
</comp>

<comp id="254" class="1004" name="select_ln100_fu_254">
<pin_list>
<pin id="255" dir="0" index="0" bw="1" slack="0"/>
<pin id="256" dir="0" index="1" bw="6" slack="0"/>
<pin id="257" dir="0" index="2" bw="6" slack="0"/>
<pin id="258" dir="1" index="3" bw="6" slack="0"/>
</pin_list>
<bind>
<opcode="select(49) " fcode="select"/>
<opset="select_ln100/2 "/>
</bind>
</comp>

<comp id="262" class="1004" name="select_ln100_1_fu_262">
<pin_list>
<pin id="263" dir="0" index="0" bw="1" slack="0"/>
<pin id="264" dir="0" index="1" bw="6" slack="0"/>
<pin id="265" dir="0" index="2" bw="6" slack="0"/>
<pin id="266" dir="1" index="3" bw="6" slack="0"/>
</pin_list>
<bind>
<opcode="select(49) " fcode="select"/>
<opset="select_ln100_1/2 "/>
</bind>
</comp>

<comp id="270" class="1004" name="zext_ln103_fu_270">
<pin_list>
<pin id="271" dir="0" index="0" bw="6" slack="0"/>
<pin id="272" dir="1" index="1" bw="8" slack="0"/>
</pin_list>
<bind>
<opcode="zext(34) " fcode="zext"/>
<opset="zext_ln103/2 "/>
</bind>
</comp>

<comp id="274" class="1004" name="add_ln103_fu_274">
<pin_list>
<pin id="275" dir="0" index="0" bw="8" slack="0"/>
<pin id="276" dir="0" index="1" bw="6" slack="0"/>
<pin id="277" dir="1" index="2" bw="8" slack="0"/>
</pin_list>
<bind>
<opcode="add(8) " fcode="add"/>
<opset="add_ln103/2 "/>
</bind>
</comp>

<comp id="280" class="1004" name="tmp_s_fu_280">
<pin_list>
<pin id="281" dir="0" index="0" bw="13" slack="0"/>
<pin id="282" dir="0" index="1" bw="8" slack="0"/>
<pin id="283" dir="0" index="2" bw="1" slack="0"/>
<pin id="284" dir="1" index="3" bw="13" slack="0"/>
</pin_list>
<bind>
<opcode="bitconcatenate(1004) " fcode="bitconcatenate"/>
<opset="tmp_s/2 "/>
</bind>
</comp>

<comp id="288" class="1004" name="add_ln100_cast_fu_288">
<pin_list>
<pin id="289" dir="0" index="0" bw="6" slack="0"/>
<pin id="290" dir="1" index="1" bw="8" slack="0"/>
</pin_list>
<bind>
<opcode="zext(34) " fcode="zext"/>
<opset="add_ln100_cast/2 "/>
</bind>
</comp>

<comp id="292" class="1004" name="cmp37_mid1_fu_292">
<pin_list>
<pin id="293" dir="0" index="0" bw="8" slack="0"/>
<pin id="294" dir="0" index="1" bw="8" slack="1"/>
<pin id="295" dir="1" index="2" bw="1" slack="0"/>
</pin_list>
<bind>
<opcode="icmp(45) " fcode="icmp"/>
<opset="cmp37_mid1/2 "/>
</bind>
</comp>

<comp id="297" class="1004" name="select_ln100_2_fu_297">
<pin_list>
<pin id="298" dir="0" index="0" bw="1" slack="0"/>
<pin id="299" dir="0" index="1" bw="1" slack="0"/>
<pin id="300" dir="0" index="2" bw="1" slack="0"/>
<pin id="301" dir="1" index="3" bw="1" slack="0"/>
</pin_list>
<bind>
<opcode="select(49) " fcode="select"/>
<opset="select_ln100_2/2 "/>
</bind>
</comp>

<comp id="305" class="1004" name="zext_ln103_1_fu_305">
<pin_list>
<pin id="306" dir="0" index="0" bw="6" slack="0"/>
<pin id="307" dir="1" index="1" bw="13" slack="0"/>
</pin_list>
<bind>
<opcode="zext(34) " fcode="zext"/>
<opset="zext_ln103_1/2 "/>
</bind>
</comp>

<comp id="309" class="1004" name="add_ln103_1_fu_309">
<pin_list>
<pin id="310" dir="0" index="0" bw="13" slack="0"/>
<pin id="311" dir="0" index="1" bw="6" slack="0"/>
<pin id="312" dir="1" index="2" bw="13" slack="0"/>
</pin_list>
<bind>
<opcode="add(8) " fcode="add"/>
<opset="add_ln103_1/2 "/>
</bind>
</comp>

<comp id="315" class="1004" name="zext_ln103_2_fu_315">
<pin_list>
<pin id="316" dir="0" index="0" bw="13" slack="0"/>
<pin id="317" dir="1" index="1" bw="64" slack="0"/>
</pin_list>
<bind>
<opcode="zext(34) " fcode="zext"/>
<opset="zext_ln103_2/2 "/>
</bind>
</comp>

<comp id="320" class="1004" name="zext_ln102_fu_320">
<pin_list>
<pin id="321" dir="0" index="0" bw="6" slack="0"/>
<pin id="322" dir="1" index="1" bw="8" slack="0"/>
</pin_list>
<bind>
<opcode="zext(34) " fcode="zext"/>
<opset="zext_ln102/2 "/>
</bind>
</comp>

<comp id="324" class="1004" name="icmp_ln103_fu_324">
<pin_list>
<pin id="325" dir="0" index="0" bw="8" slack="0"/>
<pin id="326" dir="0" index="1" bw="8" slack="1"/>
<pin id="327" dir="1" index="2" bw="1" slack="0"/>
</pin_list>
<bind>
<opcode="icmp(45) " fcode="icmp"/>
<opset="icmp_ln103/2 "/>
</bind>
</comp>

<comp id="329" class="1004" name="and_ln103_fu_329">
<pin_list>
<pin id="330" dir="0" index="0" bw="1" slack="0"/>
<pin id="331" dir="0" index="1" bw="1" slack="0"/>
<pin id="332" dir="1" index="2" bw="1" slack="2147483647"/>
</pin_list>
<bind>
<opcode="and(23) " fcode="and"/>
<opset="and_ln103/2 "/>
</bind>
</comp>

<comp id="335" class="1004" name="add_ln101_fu_335">
<pin_list>
<pin id="336" dir="0" index="0" bw="6" slack="0"/>
<pin id="337" dir="0" index="1" bw="1" slack="0"/>
<pin id="338" dir="1" index="2" bw="6" slack="0"/>
</pin_list>
<bind>
<opcode="add(8) " fcode="add"/>
<opset="add_ln101/2 "/>
</bind>
</comp>

<comp id="341" class="1004" name="add_ln100_1_fu_341">
<pin_list>
<pin id="342" dir="0" index="0" bw="12" slack="0"/>
<pin id="343" dir="0" index="1" bw="1" slack="0"/>
<pin id="344" dir="1" index="2" bw="12" slack="0"/>
</pin_list>
<bind>
<opcode="add(8) " fcode="add"/>
<opset="add_ln100_1/2 "/>
</bind>
</comp>

<comp id="347" class="1004" name="select_ln100_3_fu_347">
<pin_list>
<pin id="348" dir="0" index="0" bw="1" slack="0"/>
<pin id="349" dir="0" index="1" bw="12" slack="0"/>
<pin id="350" dir="0" index="2" bw="12" slack="0"/>
<pin id="351" dir="1" index="3" bw="12" slack="0"/>
</pin_list>
<bind>
<opcode="select(49) " fcode="select"/>
<opset="select_ln100_3/2 "/>
</bind>
</comp>

<comp id="355" class="1004" name="store_ln101_store_fu_355">
<pin_list>
<pin id="356" dir="0" index="0" bw="14" slack="0"/>
<pin id="357" dir="0" index="1" bw="14" slack="1"/>
<pin id="358" dir="1" index="2" bw="0" slack="2147483647"/>
</pin_list>
<bind>
<opcode="store(28) " fcode="store"/>
<opset="store_ln101/2 "/>
</bind>
</comp>

<comp id="360" class="1004" name="store_ln101_store_fu_360">
<pin_list>
<pin id="361" dir="0" index="0" bw="4" slack="0"/>
<pin id="362" dir="0" index="1" bw="4" slack="1"/>
<pin id="363" dir="1" index="2" bw="0" slack="2147483647"/>
</pin_list>
<bind>
<opcode="store(28) " fcode="store"/>
<opset="store_ln101/2 "/>
</bind>
</comp>

<comp id="365" class="1004" name="store_ln101_store_fu_365">
<pin_list>
<pin id="366" dir="0" index="0" bw="12" slack="0"/>
<pin id="367" dir="0" index="1" bw="12" slack="1"/>
<pin id="368" dir="1" index="2" bw="0" slack="2147483647"/>
</pin_list>
<bind>
<opcode="store(28) " fcode="store"/>
<opset="store_ln101/2 "/>
</bind>
</comp>

<comp id="370" class="1004" name="store_ln101_store_fu_370">
<pin_list>
<pin id="371" dir="0" index="0" bw="6" slack="0"/>
<pin id="372" dir="0" index="1" bw="6" slack="1"/>
<pin id="373" dir="1" index="2" bw="0" slack="2147483647"/>
</pin_list>
<bind>
<opcode="store(28) " fcode="store"/>
<opset="store_ln101/2 "/>
</bind>
</comp>

<comp id="375" class="1004" name="store_ln101_store_fu_375">
<pin_list>
<pin id="376" dir="0" index="0" bw="6" slack="0"/>
<pin id="377" dir="0" index="1" bw="6" slack="1"/>
<pin id="378" dir="1" index="2" bw="0" slack="2147483647"/>
</pin_list>
<bind>
<opcode="store(28) " fcode="store"/>
<opset="store_ln101/2 "/>
</bind>
</comp>

<comp id="380" class="1005" name="tw_reg_380">
<pin_list>
<pin id="381" dir="0" index="0" bw="6" slack="0"/>
<pin id="382" dir="1" index="1" bw="6" slack="0"/>
</pin_list>
<bind>
<opset="tw "/>
</bind>
</comp>

<comp id="387" class="1005" name="th_reg_387">
<pin_list>
<pin id="388" dir="0" index="0" bw="6" slack="0"/>
<pin id="389" dir="1" index="1" bw="6" slack="0"/>
</pin_list>
<bind>
<opset="th "/>
</bind>
</comp>

<comp id="394" class="1005" name="indvar_flatten_reg_394">
<pin_list>
<pin id="395" dir="0" index="0" bw="12" slack="0"/>
<pin id="396" dir="1" index="1" bw="12" slack="0"/>
</pin_list>
<bind>
<opset="indvar_flatten "/>
</bind>
</comp>

<comp id="401" class="1005" name="tn_reg_401">
<pin_list>
<pin id="402" dir="0" index="0" bw="4" slack="0"/>
<pin id="403" dir="1" index="1" bw="4" slack="0"/>
</pin_list>
<bind>
<opset="tn "/>
</bind>
</comp>

<comp id="408" class="1005" name="indvar_flatten16_reg_408">
<pin_list>
<pin id="409" dir="0" index="0" bw="14" slack="0"/>
<pin id="410" dir="1" index="1" bw="14" slack="0"/>
</pin_list>
<bind>
<opset="indvar_flatten16 "/>
</bind>
</comp>

<comp id="415" class="1005" name="zext_ln99_read_reg_415">
<pin_list>
<pin id="416" dir="0" index="0" bw="8" slack="1"/>
<pin id="417" dir="1" index="1" bw="8" slack="1"/>
</pin_list>
<bind>
<opset="zext_ln99_read "/>
</bind>
</comp>

<comp id="420" class="1005" name="select_ln67_5_read_reg_420">
<pin_list>
<pin id="421" dir="0" index="0" bw="8" slack="1"/>
<pin id="422" dir="1" index="1" bw="8" slack="1"/>
</pin_list>
<bind>
<opset="select_ln67_5_read "/>
</bind>
</comp>

</comp_list>

<net_list>
<net id="67"><net_src comp="6" pin="0"/><net_sink comp="64" pin=0"/></net>

<net id="71"><net_src comp="6" pin="0"/><net_sink comp="68" pin=0"/></net>

<net id="75"><net_src comp="6" pin="0"/><net_sink comp="72" pin=0"/></net>

<net id="79"><net_src comp="6" pin="0"/><net_sink comp="76" pin=0"/></net>

<net id="83"><net_src comp="6" pin="0"/><net_sink comp="80" pin=0"/></net>

<net id="88"><net_src comp="8" pin="0"/><net_sink comp="84" pin=0"/></net>

<net id="89"><net_src comp="2" pin="0"/><net_sink comp="84" pin=1"/></net>

<net id="94"><net_src comp="8" pin="0"/><net_sink comp="90" pin=0"/></net>

<net id="95"><net_src comp="0" pin="0"/><net_sink comp="90" pin=1"/></net>

<net id="101"><net_src comp="4" pin="0"/><net_sink comp="96" pin=0"/></net>

<net id="102"><net_src comp="50" pin="0"/><net_sink comp="96" pin=1"/></net>

<net id="108"><net_src comp="60" pin="0"/><net_sink comp="103" pin=1"/></net>

<net id="109"><net_src comp="96" pin="3"/><net_sink comp="103" pin=0"/></net>

<net id="114"><net_src comp="10" pin="0"/><net_sink comp="110" pin=0"/></net>

<net id="119"><net_src comp="12" pin="0"/><net_sink comp="115" pin=0"/></net>

<net id="124"><net_src comp="14" pin="0"/><net_sink comp="120" pin=0"/></net>

<net id="129"><net_src comp="16" pin="0"/><net_sink comp="125" pin=0"/></net>

<net id="134"><net_src comp="16" pin="0"/><net_sink comp="130" pin=0"/></net>

<net id="147"><net_src comp="135" pin="1"/><net_sink comp="144" pin=0"/></net>

<net id="152"><net_src comp="144" pin="1"/><net_sink comp="148" pin=0"/></net>

<net id="157"><net_src comp="141" pin="1"/><net_sink comp="153" pin=0"/></net>

<net id="158"><net_src comp="18" pin="0"/><net_sink comp="153" pin=1"/></net>

<net id="163"><net_src comp="141" pin="1"/><net_sink comp="159" pin=0"/></net>

<net id="164"><net_src comp="20" pin="0"/><net_sink comp="159" pin=1"/></net>

<net id="175"><net_src comp="168" pin="1"/><net_sink comp="171" pin=0"/></net>

<net id="176"><net_src comp="22" pin="0"/><net_sink comp="171" pin=1"/></net>

<net id="181"><net_src comp="138" pin="1"/><net_sink comp="177" pin=0"/></net>

<net id="182"><net_src comp="32" pin="0"/><net_sink comp="177" pin=1"/></net>

<net id="188"><net_src comp="177" pin="2"/><net_sink comp="183" pin=0"/></net>

<net id="189"><net_src comp="16" pin="0"/><net_sink comp="183" pin=1"/></net>

<net id="190"><net_src comp="135" pin="1"/><net_sink comp="183" pin=2"/></net>

<net id="196"><net_src comp="177" pin="2"/><net_sink comp="191" pin=0"/></net>

<net id="197"><net_src comp="171" pin="2"/><net_sink comp="191" pin=1"/></net>

<net id="198"><net_src comp="168" pin="1"/><net_sink comp="191" pin=2"/></net>

<net id="202"><net_src comp="191" pin="3"/><net_sink comp="199" pin=0"/></net>

<net id="208"><net_src comp="34" pin="0"/><net_sink comp="203" pin=0"/></net>

<net id="209"><net_src comp="199" pin="1"/><net_sink comp="203" pin=1"/></net>

<net id="210"><net_src comp="36" pin="0"/><net_sink comp="203" pin=2"/></net>

<net id="215"><net_src comp="38" pin="0"/><net_sink comp="211" pin=1"/></net>

<net id="221"><net_src comp="177" pin="2"/><net_sink comp="216" pin=0"/></net>

<net id="222"><net_src comp="211" pin="2"/><net_sink comp="216" pin=1"/></net>

<net id="223"><net_src comp="148" pin="2"/><net_sink comp="216" pin=2"/></net>

<net id="228"><net_src comp="177" pin="2"/><net_sink comp="224" pin=0"/></net>

<net id="229"><net_src comp="40" pin="0"/><net_sink comp="224" pin=1"/></net>

<net id="234"><net_src comp="165" pin="1"/><net_sink comp="230" pin=0"/></net>

<net id="235"><net_src comp="42" pin="0"/><net_sink comp="230" pin=1"/></net>

<net id="240"><net_src comp="230" pin="2"/><net_sink comp="236" pin=0"/></net>

<net id="241"><net_src comp="224" pin="2"/><net_sink comp="236" pin=1"/></net>

<net id="246"><net_src comp="183" pin="3"/><net_sink comp="242" pin=0"/></net>

<net id="247"><net_src comp="44" pin="0"/><net_sink comp="242" pin=1"/></net>

<net id="252"><net_src comp="236" pin="2"/><net_sink comp="248" pin=0"/></net>

<net id="253"><net_src comp="177" pin="2"/><net_sink comp="248" pin=1"/></net>

<net id="259"><net_src comp="248" pin="2"/><net_sink comp="254" pin=0"/></net>

<net id="260"><net_src comp="16" pin="0"/><net_sink comp="254" pin=1"/></net>

<net id="261"><net_src comp="165" pin="1"/><net_sink comp="254" pin=2"/></net>

<net id="267"><net_src comp="236" pin="2"/><net_sink comp="262" pin=0"/></net>

<net id="268"><net_src comp="242" pin="2"/><net_sink comp="262" pin=1"/></net>

<net id="269"><net_src comp="183" pin="3"/><net_sink comp="262" pin=2"/></net>

<net id="273"><net_src comp="262" pin="3"/><net_sink comp="270" pin=0"/></net>

<net id="278"><net_src comp="203" pin="3"/><net_sink comp="274" pin=0"/></net>

<net id="279"><net_src comp="270" pin="1"/><net_sink comp="274" pin=1"/></net>

<net id="285"><net_src comp="48" pin="0"/><net_sink comp="280" pin=0"/></net>

<net id="286"><net_src comp="274" pin="2"/><net_sink comp="280" pin=1"/></net>

<net id="287"><net_src comp="36" pin="0"/><net_sink comp="280" pin=2"/></net>

<net id="291"><net_src comp="242" pin="2"/><net_sink comp="288" pin=0"/></net>

<net id="296"><net_src comp="288" pin="1"/><net_sink comp="292" pin=0"/></net>

<net id="302"><net_src comp="236" pin="2"/><net_sink comp="297" pin=0"/></net>

<net id="303"><net_src comp="292" pin="2"/><net_sink comp="297" pin=1"/></net>

<net id="304"><net_src comp="216" pin="3"/><net_sink comp="297" pin=2"/></net>

<net id="308"><net_src comp="254" pin="3"/><net_sink comp="305" pin=0"/></net>

<net id="313"><net_src comp="280" pin="3"/><net_sink comp="309" pin=0"/></net>

<net id="314"><net_src comp="305" pin="1"/><net_sink comp="309" pin=1"/></net>

<net id="318"><net_src comp="309" pin="2"/><net_sink comp="315" pin=0"/></net>

<net id="319"><net_src comp="315" pin="1"/><net_sink comp="96" pin=2"/></net>

<net id="323"><net_src comp="254" pin="3"/><net_sink comp="320" pin=0"/></net>

<net id="328"><net_src comp="320" pin="1"/><net_sink comp="324" pin=0"/></net>

<net id="333"><net_src comp="324" pin="2"/><net_sink comp="329" pin=0"/></net>

<net id="334"><net_src comp="297" pin="3"/><net_sink comp="329" pin=1"/></net>

<net id="339"><net_src comp="254" pin="3"/><net_sink comp="335" pin=0"/></net>

<net id="340"><net_src comp="44" pin="0"/><net_sink comp="335" pin=1"/></net>

<net id="345"><net_src comp="138" pin="1"/><net_sink comp="341" pin=0"/></net>

<net id="346"><net_src comp="62" pin="0"/><net_sink comp="341" pin=1"/></net>

<net id="352"><net_src comp="177" pin="2"/><net_sink comp="347" pin=0"/></net>

<net id="353"><net_src comp="62" pin="0"/><net_sink comp="347" pin=1"/></net>

<net id="354"><net_src comp="341" pin="2"/><net_sink comp="347" pin=2"/></net>

<net id="359"><net_src comp="159" pin="2"/><net_sink comp="355" pin=0"/></net>

<net id="364"><net_src comp="191" pin="3"/><net_sink comp="360" pin=0"/></net>

<net id="369"><net_src comp="347" pin="3"/><net_sink comp="365" pin=0"/></net>

<net id="374"><net_src comp="262" pin="3"/><net_sink comp="370" pin=0"/></net>

<net id="379"><net_src comp="335" pin="2"/><net_sink comp="375" pin=0"/></net>

<net id="383"><net_src comp="64" pin="1"/><net_sink comp="380" pin=0"/></net>

<net id="384"><net_src comp="380" pin="1"/><net_sink comp="130" pin=1"/></net>

<net id="385"><net_src comp="380" pin="1"/><net_sink comp="165" pin=0"/></net>

<net id="386"><net_src comp="380" pin="1"/><net_sink comp="375" pin=1"/></net>

<net id="390"><net_src comp="68" pin="1"/><net_sink comp="387" pin=0"/></net>

<net id="391"><net_src comp="387" pin="1"/><net_sink comp="125" pin=1"/></net>

<net id="392"><net_src comp="387" pin="1"/><net_sink comp="135" pin=0"/></net>

<net id="393"><net_src comp="387" pin="1"/><net_sink comp="370" pin=1"/></net>

<net id="397"><net_src comp="72" pin="1"/><net_sink comp="394" pin=0"/></net>

<net id="398"><net_src comp="394" pin="1"/><net_sink comp="120" pin=1"/></net>

<net id="399"><net_src comp="394" pin="1"/><net_sink comp="138" pin=0"/></net>

<net id="400"><net_src comp="394" pin="1"/><net_sink comp="365" pin=1"/></net>

<net id="404"><net_src comp="76" pin="1"/><net_sink comp="401" pin=0"/></net>

<net id="405"><net_src comp="401" pin="1"/><net_sink comp="115" pin=1"/></net>

<net id="406"><net_src comp="401" pin="1"/><net_sink comp="168" pin=0"/></net>

<net id="407"><net_src comp="401" pin="1"/><net_sink comp="360" pin=1"/></net>

<net id="411"><net_src comp="80" pin="1"/><net_sink comp="408" pin=0"/></net>

<net id="412"><net_src comp="408" pin="1"/><net_sink comp="110" pin=1"/></net>

<net id="413"><net_src comp="408" pin="1"/><net_sink comp="141" pin=0"/></net>

<net id="414"><net_src comp="408" pin="1"/><net_sink comp="355" pin=1"/></net>

<net id="418"><net_src comp="84" pin="2"/><net_sink comp="415" pin=0"/></net>

<net id="419"><net_src comp="415" pin="1"/><net_sink comp="324" pin=1"/></net>

<net id="423"><net_src comp="90" pin="2"/><net_sink comp="420" pin=0"/></net>

<net id="424"><net_src comp="420" pin="1"/><net_sink comp="148" pin=1"/></net>

<net id="425"><net_src comp="420" pin="1"/><net_sink comp="211" pin=0"/></net>

<net id="426"><net_src comp="420" pin="1"/><net_sink comp="292" pin=1"/></net>

</net_list>

</model> 
---------------- Datapath Model END ------------------

* FSMD analyzer results:
  - Output states:
	Port: out_tile_1 | {2 }
 - Input state : 
	Port: conv2_Pipeline_VITIS_LOOP_99_4_VITIS_LOOP_100_5_VITIS_LOOP_101_6 : select_ln67_5 | {1 }
	Port: conv2_Pipeline_VITIS_LOOP_99_4_VITIS_LOOP_100_5_VITIS_LOOP_101_6 : zext_ln99 | {1 }
	Port: conv2_Pipeline_VITIS_LOOP_99_4_VITIS_LOOP_100_5_VITIS_LOOP_101_6 : out_tile_1 | {}
  - Chain level:
	State 1
		store_ln0 : 1
		store_ln0 : 1
		store_ln0 : 1
		store_ln0 : 1
		store_ln0 : 1
	State 2
		zext_ln100 : 1
		cmp37 : 2
		icmp_ln99 : 1
		add_ln99_1 : 1
		br_ln99 : 2
		add_ln99 : 1
		icmp_ln100 : 1
		select_ln99 : 2
		select_ln99_1 : 2
		trunc_ln103 : 3
		tmp_cast : 4
		select_ln99_2 : 3
		xor_ln99 : 2
		icmp_ln101 : 1
		and_ln99 : 2
		add_ln100 : 3
		or_ln100 : 2
		select_ln100 : 2
		select_ln100_1 : 2
		zext_ln103 : 3
		add_ln103 : 4
		tmp_s : 5
		add_ln100_cast : 4
		cmp37_mid1 : 5
		select_ln100_2 : 6
		zext_ln103_1 : 3
		add_ln103_1 : 6
		zext_ln103_2 : 7
		out_tile_1_addr : 8
		zext_ln102 : 3
		icmp_ln103 : 4
		and_ln103 : 5
		br_ln103 : 5
		store_ln103 : 9
		add_ln101 : 3
		add_ln100_1 : 1
		select_ln100_3 : 2
		store_ln101 : 2
		store_ln101 : 3
		store_ln101 : 3
		store_ln101 : 3
		store_ln101 : 4


============================================================
+ Verbose Summary: Datapath Resource usage 
============================================================

* Functional unit list:
|----------|-------------------------------|---------|---------|
| Operation|        Functional Unit        |    FF   |   LUT   |
|----------|-------------------------------|---------|---------|
|          |          cmp37_fu_148         |    0    |    15   |
|          |        icmp_ln99_fu_153       |    0    |    21   |
|          |       icmp_ln100_fu_177       |    0    |    19   |
|   icmp   |      cmp37_mid112_fu_211      |    0    |    15   |
|          |       icmp_ln101_fu_230       |    0    |    13   |
|          |       cmp37_mid1_fu_292       |    0    |    15   |
|          |       icmp_ln103_fu_324       |    0    |    15   |
|----------|-------------------------------|---------|---------|
|          |       add_ln99_1_fu_159       |    0    |    21   |
|          |        add_ln99_fu_171        |    0    |    12   |
|          |        add_ln100_fu_242       |    0    |    13   |
|    add   |        add_ln103_fu_274       |    0    |    15   |
|          |       add_ln103_1_fu_309      |    0    |    20   |
|          |        add_ln101_fu_335       |    0    |    13   |
|          |       add_ln100_1_fu_341      |    0    |    19   |
|----------|-------------------------------|---------|---------|
|          |       select_ln99_fu_183      |    0    |    6    |
|          |      select_ln99_1_fu_191     |    0    |    4    |
|          |      select_ln99_2_fu_216     |    0    |    2    |
|  select  |      select_ln100_fu_254      |    0    |    6    |
|          |     select_ln100_1_fu_262     |    0    |    6    |
|          |     select_ln100_2_fu_297     |    0    |    2    |
|          |     select_ln100_3_fu_347     |    0    |    11   |
|----------|-------------------------------|---------|---------|
|    and   |        and_ln99_fu_236        |    0    |    2    |
|          |        and_ln103_fu_329       |    0    |    2    |
|----------|-------------------------------|---------|---------|
|    xor   |        xor_ln99_fu_224        |    0    |    2    |
|----------|-------------------------------|---------|---------|
|    or    |        or_ln100_fu_248        |    0    |    2    |
|----------|-------------------------------|---------|---------|
|   read   |   zext_ln99_read_read_fu_84   |    0    |    0    |
|          | select_ln67_5_read_read_fu_90 |    0    |    0    |
|----------|-------------------------------|---------|---------|
|          |       zext_ln100_fu_144       |    0    |    0    |
|          |       zext_ln103_fu_270       |    0    |    0    |
|   zext   |     add_ln100_cast_fu_288     |    0    |    0    |
|          |      zext_ln103_1_fu_305      |    0    |    0    |
|          |      zext_ln103_2_fu_315      |    0    |    0    |
|          |       zext_ln102_fu_320       |    0    |    0    |
|----------|-------------------------------|---------|---------|
|   trunc  |       trunc_ln103_fu_199      |    0    |    0    |
|----------|-------------------------------|---------|---------|
|bitconcatenate|        tmp_cast_fu_203        |    0    |    0    |
|          |          tmp_s_fu_280         |    0    |    0    |
|----------|-------------------------------|---------|---------|
|   Total  |                               |    0    |   271   |
|----------|-------------------------------|---------|---------|

Memories:
N/A

* Register list:
+--------------------------+--------+
|                          |   FF   |
+--------------------------+--------+
| indvar_flatten16_reg_408 |   14   |
|  indvar_flatten_reg_394  |   12   |
|select_ln67_5_read_reg_420|    8   |
|        th_reg_387        |    6   |
|        tn_reg_401        |    4   |
|        tw_reg_380        |    6   |
|  zext_ln99_read_reg_415  |    8   |
+--------------------------+--------+
|           Total          |   58   |
+--------------------------+--------+

* Multiplexer (MUX) list: 
|--------|------|------|------|--------|
|  Comp  |  Pin | Size |  BW  | S x BW |
|--------|------|------|------|--------|
|  Total |      |      |      |    0   |
|--------|------|------|------|--------|



* Summary:
+-----------+--------+--------+
|           |   FF   |   LUT  |
+-----------+--------+--------+
|  Function |    0   |   271  |
|   Memory  |    -   |    -   |
|Multiplexer|    -   |    -   |
|  Register |   58   |    -   |
+-----------+--------+--------+
|   Total   |   58   |   271  |
+-----------+--------+--------+
