

================================================================
== Vitis HLS Report for 'conv2'
================================================================
* Date:           Thu Oct 30 21:22:17 2025

* Version:        2023.1 (Build 3854077 on May  4 2023)
* Project:        srcnn_hls
* Solution:       solution1 (Vivado IP Flow Target)
* Product family: zynquplus
* Target device:  xck26-sfvc784-2LV-c


================================================================
== Performance Estimates
================================================================
+ Timing: 
    * Summary: 
    +--------+----------+----------+------------+
    |  Clock |  Target  | Estimated| Uncertainty|
    +--------+----------+----------+------------+
    |ap_clk  |  10.00 ns|  7.016 ns|     2.70 ns|
    +--------+----------+----------+------------+

+ Latency: 
    * Summary: 
    +----------+-----------+-----------+-----------+----------+-----------+---------+
    |   Latency (cycles)   |   Latency (absolute)  |       Interval       | Pipeline|
    |    min   |    max    |    min    |    max    |    min   |    max    |   Type  |
    +----------+-----------+-----------+-----------+----------+-----------+---------+
    |  54889729|  373656833|  0.549 sec|  3.737 sec|  54889729|  373656833|       no|
    +----------+-----------+-----------+-----------+----------+-----------+---------+

    + Detail: 
        * Instance: 
        N/A

        * Loop: 
        +---------------------------------------------------+----------+-----------+------------------+-----------+-----------+------+----------+
        |                                                   |   Latency (cycles)   |     Iteration    |  Initiation Interval  | Trip |          |
        |                     Loop Name                     |    min   |    max    |      Latency     |  achieved |   target  | Count| Pipelined|
        +---------------------------------------------------+----------+-----------+------------------+-----------+-----------+------+----------+
        |- VITIS_LOOP_90_1_VITIS_LOOP_93_2_VITIS_LOOP_95_3  |  54889728|  373656832|  214413 ~ 1459597|          -|          -|   256|        no|
        | + VITIS_LOOP_106_7                                |    198016|    1443200|      3094 ~ 22550|          -|          -|    64|        no|
        |  ++ VITIS_LOOP_36_1                               |        16|         16|                 2|          -|          -|     8|        no|
        |  ++ VITIS_LOOP_50_1_VITIS_LOOP_51_2               |      2048|      21504|            2 ~ 21|          -|          -|  1024|        no|
        +---------------------------------------------------+----------+-----------+------------------+-----------+-----------+------+----------+

============================================================
+ Verbose Summary: Synthesis Manager
============================================================
InlineROM: 1
ExposeGlobal: 0
============================================================
+ Verbose Summary: CDFG Model
============================================================
IsTopModel: 0
ResetActiveHigh: 1
IsCombinational: 0
IsDatapathOnly: 0
HasWiredReturn: 1
HasMFsm: 0
HasVarLatency: 1
IsPipeline: 0
IsRtlPipelined: 0
IsInstanceOverlapped: 0
IsDontTouch: 0
HasImplIP: 0
IsGatedGlobalClock: 0


============================================================
+ Verbose Summary: Schedule
============================================================
* Number of FSM states : 11
* Pipeline : 0
* Dataflow Pipeline: 0

* FSM state transitions: 
1 --> 2 
2 --> 3 
3 --> 4 
4 --> 5 11 
5 --> 6 
6 --> 7 8 
7 --> 6 
8 --> 9 10 4 
9 --> 10 
10 --> 8 
11 --> 2 

* FSM state operations: 

State 1 <SV = 0> <Delay = 0.42>
ST_1 : Operation 12 [1/1] (0.00ns)   --->   "%x0 = alloca i32 1"   --->   Operation 12 'alloca' 'x0' <Predicate = true> <Delay = 0.00>
ST_1 : Operation 13 [1/1] (0.00ns)   --->   "%y0 = alloca i32 1"   --->   Operation 13 'alloca' 'y0' <Predicate = true> <Delay = 0.00>
ST_1 : Operation 14 [1/1] (0.00ns)   --->   "%indvar_flatten72 = alloca i32 1"   --->   Operation 14 'alloca' 'indvar_flatten72' <Predicate = true> <Delay = 0.00>
ST_1 : Operation 15 [1/1] (0.00ns)   --->   "%n0 = alloca i32 1"   --->   Operation 15 'alloca' 'n0' <Predicate = true> <Delay = 0.00>
ST_1 : Operation 16 [1/1] (0.00ns)   --->   "%indvar_flatten95 = alloca i32 1"   --->   Operation 16 'alloca' 'indvar_flatten95' <Predicate = true> <Delay = 0.00>
ST_1 : Operation 17 [1/1] (0.00ns)   --->   "%specinterface_ln0 = specinterface void @_ssdm_op_SpecInterface, i32 %conv2_biases, void @empty_18, i32 0, i32 0, void @empty_19, i32 4294967295, i32 0, void @empty_19, void @empty_19, void @empty_19, i32 0, i32 0, i32 0, i32 0, void @empty_19, void @empty_19, i32 4294967295, i32 0"   --->   Operation 17 'specinterface' 'specinterface_ln0' <Predicate = true> <Delay = 0.00>
ST_1 : Operation 18 [1/1] (0.00ns)   --->   "%specinterface_ln0 = specinterface void @_ssdm_op_SpecInterface, i32 %conv2_weights, void @empty_18, i32 0, i32 0, void @empty_19, i32 4294967295, i32 0, void @empty_19, void @empty_19, void @empty_19, i32 0, i32 0, i32 0, i32 0, void @empty_19, void @empty_19, i32 4294967295, i32 0"   --->   Operation 18 'specinterface' 'specinterface_ln0' <Predicate = true> <Delay = 0.00>
ST_1 : Operation 19 [1/1] (0.42ns)   --->   "%store_ln90 = store i9 0, i9 %indvar_flatten95" [src/conv2.cpp:90]   --->   Operation 19 'store' 'store_ln90' <Predicate = true> <Delay = 0.42>
ST_1 : Operation 20 [1/1] (0.42ns)   --->   "%store_ln90 = store i6 0, i6 %n0" [src/conv2.cpp:90]   --->   Operation 20 'store' 'store_ln90' <Predicate = true> <Delay = 0.42>
ST_1 : Operation 21 [1/1] (0.42ns)   --->   "%store_ln90 = store i8 0, i8 %indvar_flatten72" [src/conv2.cpp:90]   --->   Operation 21 'store' 'store_ln90' <Predicate = true> <Delay = 0.42>
ST_1 : Operation 22 [1/1] (0.42ns)   --->   "%store_ln90 = store i9 0, i9 %y0" [src/conv2.cpp:90]   --->   Operation 22 'store' 'store_ln90' <Predicate = true> <Delay = 0.42>
ST_1 : Operation 23 [1/1] (0.42ns)   --->   "%store_ln90 = store i9 0, i9 %x0" [src/conv2.cpp:90]   --->   Operation 23 'store' 'store_ln90' <Predicate = true> <Delay = 0.42>
ST_1 : Operation 24 [1/1] (0.00ns)   --->   "%br_ln90 = br void %for.body16" [src/conv2.cpp:90]   --->   Operation 24 'br' 'br_ln90' <Predicate = true> <Delay = 0.00>

State 2 <SV = 1> <Delay = 2.63>
ST_2 : Operation 25 [1/1] (0.00ns)   --->   "%y0_2 = load i9 %y0" [src/conv2.cpp:94]   --->   Operation 25 'load' 'y0_2' <Predicate = true> <Delay = 0.00>
ST_2 : Operation 26 [1/1] (0.00ns)   --->   "%indvar_flatten95_load = load i9 %indvar_flatten95" [src/conv2.cpp:90]   --->   Operation 26 'load' 'indvar_flatten95_load' <Predicate = true> <Delay = 0.00>
ST_2 : Operation 27 [1/1] (0.77ns)   --->   "%add_ln94 = add i9 %y0_2, i9 32" [src/conv2.cpp:94]   --->   Operation 27 'add' 'add_ln94' <Predicate = true> <Delay = 0.77> <CoreInst = "Adder">   --->   Core 1 'Adder' <Latency = 0> <II = 1> <Delay = 0.77> <FuncUnit> <Opcode : 'add' 'sub'> <InPorts = 2> <OutPorts = 1>
ST_2 : Operation 28 [1/1] (0.00ns)   --->   "%tmp = bitselect i1 @_ssdm_op_BitSelect.i1.i9.i32, i9 %add_ln94, i32 8" [src/conv2.cpp:94]   --->   Operation 28 'bitselect' 'tmp' <Predicate = true> <Delay = 0.00>
ST_2 : Operation 29 [1/1] (0.28ns)   --->   "%xor_ln94_2 = xor i1 %tmp, i1 1" [src/conv2.cpp:94]   --->   Operation 29 'xor' 'xor_ln94_2' <Predicate = true> <Delay = 0.28> <CoreInst = "LogicGate">   --->   Core 74 'LogicGate' <Latency = 0> <II = 1> <Delay = 0.28> <FuncUnit> <Opcode : 'and' 'or' 'xor'> <InPorts = 2> <OutPorts = 1>
ST_2 : Operation 30 [1/1] (0.00ns)   --->   "%trunc_ln94 = trunc i9 %y0_2" [src/conv2.cpp:94]   --->   Operation 30 'trunc' 'trunc_ln94' <Predicate = true> <Delay = 0.00>
ST_2 : Operation 31 [1/1] (0.33ns)   --->   "%xor_ln94 = xor i8 %trunc_ln94, i8 255" [src/conv2.cpp:94]   --->   Operation 31 'xor' 'xor_ln94' <Predicate = true> <Delay = 0.33> <CoreInst = "LogicGate">   --->   Core 74 'LogicGate' <Latency = 0> <II = 1> <Delay = 0.33> <FuncUnit> <Opcode : 'and' 'or' 'xor'> <InPorts = 2> <OutPorts = 1>
ST_2 : Operation 32 [1/1] (0.77ns)   --->   "%icmp_ln90 = icmp_eq  i9 %indvar_flatten95_load, i9 256" [src/conv2.cpp:90]   --->   Operation 32 'icmp' 'icmp_ln90' <Predicate = true> <Delay = 0.77> <CoreInst = "Cmp">   --->   Core 9 'Cmp' <Latency = 0> <II = 1> <Delay = 0.77> <FuncUnit> <Opcode : 'icmp'> <InPorts = 2> <OutPorts = 1>
ST_2 : Operation 33 [1/1] (0.77ns)   --->   "%add_ln90 = add i9 %indvar_flatten95_load, i9 1" [src/conv2.cpp:90]   --->   Operation 33 'add' 'add_ln90' <Predicate = true> <Delay = 0.77> <CoreInst = "Adder">   --->   Core 1 'Adder' <Latency = 0> <II = 1> <Delay = 0.77> <FuncUnit> <Opcode : 'add' 'sub'> <InPorts = 2> <OutPorts = 1>
ST_2 : Operation 34 [1/1] (0.00ns)   --->   "%br_ln90 = br i1 %icmp_ln90, void %for.inc70, void %for.end72" [src/conv2.cpp:90]   --->   Operation 34 'br' 'br_ln90' <Predicate = true> <Delay = 0.00>
ST_2 : Operation 35 [1/1] (0.00ns)   --->   "%x0_load = load i9 %x0" [src/conv2.cpp:95]   --->   Operation 35 'load' 'x0_load' <Predicate = (!icmp_ln90)> <Delay = 0.00>
ST_2 : Operation 36 [1/1] (0.00ns)   --->   "%indvar_flatten72_load_1 = load i8 %indvar_flatten72" [src/conv2.cpp:93]   --->   Operation 36 'load' 'indvar_flatten72_load_1' <Predicate = (!icmp_ln90)> <Delay = 0.00>
ST_2 : Operation 37 [1/1] (0.76ns)   --->   "%icmp_ln93 = icmp_eq  i8 %indvar_flatten72_load_1, i8 64" [src/conv2.cpp:93]   --->   Operation 37 'icmp' 'icmp_ln93' <Predicate = (!icmp_ln90)> <Delay = 0.76> <CoreInst = "Cmp">   --->   Core 9 'Cmp' <Latency = 0> <II = 1> <Delay = 0.76> <FuncUnit> <Opcode : 'icmp'> <InPorts = 2> <OutPorts = 1>
ST_2 : Operation 38 [1/1] (0.39ns)   --->   "%select_ln67 = select i1 %icmp_ln93, i9 0, i9 %y0_2" [src/conv2.cpp:67->src/conv2.cpp:114]   --->   Operation 38 'select' 'select_ln67' <Predicate = (!icmp_ln90)> <Delay = 0.39> <CoreInst = "Sel">   --->   Core 73 'Sel' <Latency = 0> <II = 1> <Delay = 0.39> <FuncUnit> <Opcode : 'select'> <InPorts = 3> <OutPorts = 1>
ST_2 : Operation 39 [1/1] (0.00ns) (grouped into LUT with out node select_ln67_4)   --->   "%select_ln67_1 = select i1 %icmp_ln93, i9 0, i9 %x0_load" [src/conv2.cpp:67->src/conv2.cpp:114]   --->   Operation 39 'select' 'select_ln67_1' <Predicate = (!icmp_ln90)> <Delay = 0.00> <CoreInst = "Sel">   --->   Core 73 'Sel' <Latency = 0> <II = 1> <Delay = 0.39> <FuncUnit> <Opcode : 'select'> <InPorts = 3> <OutPorts = 1>
ST_2 : Operation 40 [1/1] (0.00ns) (grouped into LUT with out node select_ln67_5)   --->   "%or_ln67_1 = or i1 %icmp_ln93, i1 %xor_ln94_2" [src/conv2.cpp:67->src/conv2.cpp:114]   --->   Operation 40 'or' 'or_ln67_1' <Predicate = (!icmp_ln90)> <Delay = 0.00> <CoreInst = "LogicGate">   --->   Core 74 'LogicGate' <Latency = 0> <II = 1> <Delay = 0.28> <FuncUnit> <Opcode : 'and' 'or' 'xor'> <InPorts = 2> <OutPorts = 1>
ST_2 : Operation 41 [1/1] (0.00ns) (grouped into LUT with out node select_ln67_5)   --->   "%select_ln67_3 = select i1 %or_ln67_1, i8 32, i8 %xor_ln94" [src/conv2.cpp:67->src/conv2.cpp:114]   --->   Operation 41 'select' 'select_ln67_3' <Predicate = (!icmp_ln90)> <Delay = 0.00> <CoreInst = "Sel">   --->   Core 73 'Sel' <Latency = 0> <II = 1> <Delay = 0.39> <FuncUnit> <Opcode : 'select'> <InPorts = 3> <OutPorts = 1>
ST_2 : Operation 42 [1/1] (0.77ns)   --->   "%icmp_ln95 = icmp_ult  i9 %x0_load, i9 255" [src/conv2.cpp:95]   --->   Operation 42 'icmp' 'icmp_ln95' <Predicate = (!icmp_ln90)> <Delay = 0.77> <CoreInst = "Cmp">   --->   Core 9 'Cmp' <Latency = 0> <II = 1> <Delay = 0.77> <FuncUnit> <Opcode : 'icmp'> <InPorts = 2> <OutPorts = 1>
ST_2 : Operation 43 [1/1] (0.28ns)   --->   "%or_ln67 = or i1 %icmp_ln93, i1 %icmp_ln95" [src/conv2.cpp:67->src/conv2.cpp:114]   --->   Operation 43 'or' 'or_ln67' <Predicate = (!icmp_ln90)> <Delay = 0.28> <CoreInst = "LogicGate">   --->   Core 74 'LogicGate' <Latency = 0> <II = 1> <Delay = 0.28> <FuncUnit> <Opcode : 'and' 'or' 'xor'> <InPorts = 2> <OutPorts = 1>
ST_2 : Operation 44 [1/1] (0.77ns)   --->   "%add_ln94_1 = add i9 %select_ln67, i9 32" [src/conv2.cpp:94]   --->   Operation 44 'add' 'add_ln94_1' <Predicate = (!icmp_ln90)> <Delay = 0.77> <CoreInst = "Adder">   --->   Core 1 'Adder' <Latency = 0> <II = 1> <Delay = 0.77> <FuncUnit> <Opcode : 'add' 'sub'> <InPorts = 2> <OutPorts = 1>
ST_2 : Operation 45 [1/1] (0.39ns) (out node of the LUT)   --->   "%select_ln67_4 = select i1 %or_ln67, i9 %select_ln67_1, i9 0" [src/conv2.cpp:67->src/conv2.cpp:114]   --->   Operation 45 'select' 'select_ln67_4' <Predicate = (!icmp_ln90)> <Delay = 0.39> <CoreInst = "Sel">   --->   Core 73 'Sel' <Latency = 0> <II = 1> <Delay = 0.39> <FuncUnit> <Opcode : 'select'> <InPorts = 3> <OutPorts = 1>
ST_2 : Operation 46 [1/1] (0.77ns)   --->   "%add_ln94_2 = add i9 %select_ln67, i9 64" [src/conv2.cpp:94]   --->   Operation 46 'add' 'add_ln94_2' <Predicate = (!icmp_ln90)> <Delay = 0.77> <CoreInst = "Adder">   --->   Core 1 'Adder' <Latency = 0> <II = 1> <Delay = 0.77> <FuncUnit> <Opcode : 'add' 'sub'> <InPorts = 2> <OutPorts = 1>
ST_2 : Operation 47 [1/1] (0.00ns) (grouped into LUT with out node select_ln67_5)   --->   "%tmp_8 = bitselect i1 @_ssdm_op_BitSelect.i1.i9.i32, i9 %add_ln94_2, i32 8" [src/conv2.cpp:94]   --->   Operation 47 'bitselect' 'tmp_8' <Predicate = (!icmp_ln90)> <Delay = 0.00>
ST_2 : Operation 48 [1/1] (0.00ns) (grouped into LUT with out node select_ln67_5)   --->   "%trunc_ln94_1 = trunc i9 %add_ln94_1" [src/conv2.cpp:94]   --->   Operation 48 'trunc' 'trunc_ln94_1' <Predicate = (!icmp_ln90)> <Delay = 0.00>
ST_2 : Operation 49 [1/1] (0.00ns) (grouped into LUT with out node select_ln67_5)   --->   "%xor_ln94_1 = xor i8 %trunc_ln94_1, i8 255" [src/conv2.cpp:94]   --->   Operation 49 'xor' 'xor_ln94_1' <Predicate = (!icmp_ln90)> <Delay = 0.00> <CoreInst = "LogicGate">   --->   Core 74 'LogicGate' <Latency = 0> <II = 1> <Delay = 0.33> <FuncUnit> <Opcode : 'and' 'or' 'xor'> <InPorts = 2> <OutPorts = 1>
ST_2 : Operation 50 [1/1] (0.00ns) (grouped into LUT with out node select_ln67_5)   --->   "%select_ln94 = select i1 %tmp_8, i8 %xor_ln94_1, i8 32" [src/conv2.cpp:94]   --->   Operation 50 'select' 'select_ln94' <Predicate = (!icmp_ln90)> <Delay = 0.00> <CoreInst = "Sel">   --->   Core 73 'Sel' <Latency = 0> <II = 1> <Delay = 0.39> <FuncUnit> <Opcode : 'select'> <InPorts = 3> <OutPorts = 1>
ST_2 : Operation 51 [1/1] (0.39ns) (out node of the LUT)   --->   "%select_ln67_5 = select i1 %or_ln67, i8 %select_ln67_3, i8 %select_ln94" [src/conv2.cpp:67->src/conv2.cpp:114]   --->   Operation 51 'select' 'select_ln67_5' <Predicate = (!icmp_ln90)> <Delay = 0.39> <CoreInst = "Sel">   --->   Core 73 'Sel' <Latency = 0> <II = 1> <Delay = 0.39> <FuncUnit> <Opcode : 'select'> <InPorts = 3> <OutPorts = 1>
ST_2 : Operation 52 [1/1] (0.39ns)   --->   "%select_ln93 = select i1 %or_ln67, i9 %select_ln67, i9 %add_ln94_1" [src/conv2.cpp:93]   --->   Operation 52 'select' 'select_ln93' <Predicate = (!icmp_ln90)> <Delay = 0.39> <CoreInst = "Sel">   --->   Core 73 'Sel' <Latency = 0> <II = 1> <Delay = 0.39> <FuncUnit> <Opcode : 'select'> <InPorts = 3> <OutPorts = 1>
ST_2 : Operation 53 [1/1] (0.77ns)   --->   "%add_ln96 = add i9 %select_ln67_4, i9 32" [src/conv2.cpp:96]   --->   Operation 53 'add' 'add_ln96' <Predicate = (!icmp_ln90)> <Delay = 0.77> <CoreInst = "Adder">   --->   Core 1 'Adder' <Latency = 0> <II = 1> <Delay = 0.77> <FuncUnit> <Opcode : 'add' 'sub'> <InPorts = 2> <OutPorts = 1>
ST_2 : Operation 54 [1/1] (0.00ns) (grouped into LUT with out node tW)   --->   "%tmp_9 = bitselect i1 @_ssdm_op_BitSelect.i1.i9.i32, i9 %add_ln96, i32 8" [src/conv2.cpp:96]   --->   Operation 54 'bitselect' 'tmp_9' <Predicate = (!icmp_ln90)> <Delay = 0.00>
ST_2 : Operation 55 [1/1] (0.00ns) (grouped into LUT with out node tW)   --->   "%trunc_ln96 = trunc i9 %select_ln67_4" [src/conv2.cpp:96]   --->   Operation 55 'trunc' 'trunc_ln96' <Predicate = (!icmp_ln90)> <Delay = 0.00>
ST_2 : Operation 56 [1/1] (0.00ns) (grouped into LUT with out node tW)   --->   "%xor_ln96 = xor i8 %trunc_ln96, i8 255" [src/conv2.cpp:96]   --->   Operation 56 'xor' 'xor_ln96' <Predicate = (!icmp_ln90)> <Delay = 0.00> <CoreInst = "LogicGate">   --->   Core 74 'LogicGate' <Latency = 0> <II = 1> <Delay = 0.33> <FuncUnit> <Opcode : 'and' 'or' 'xor'> <InPorts = 2> <OutPorts = 1>
ST_2 : Operation 57 [1/1] (0.39ns) (out node of the LUT)   --->   "%tW = select i1 %tmp_9, i8 %xor_ln96, i8 32" [src/conv2.cpp:96]   --->   Operation 57 'select' 'tW' <Predicate = (!icmp_ln90)> <Delay = 0.39> <CoreInst = "Sel">   --->   Core 73 'Sel' <Latency = 0> <II = 1> <Delay = 0.39> <FuncUnit> <Opcode : 'select'> <InPorts = 3> <OutPorts = 1>
ST_2 : Operation 58 [2/2] (0.00ns)   --->   "%call_ln67 = call void @conv2_Pipeline_VITIS_LOOP_99_4_VITIS_LOOP_100_5_VITIS_LOOP_101_6, i8 %select_ln67_5, i8 %tW, i32 %out_tile_1" [src/conv2.cpp:67->src/conv2.cpp:114]   --->   Operation 58 'call' 'call_ln67' <Predicate = (!icmp_ln90)> <Delay = 0.00> <CoreType = "Generic">   --->   Core 0 '' <Latency = 0> <II = 1> <Delay = 1.00> <Generic> <Opcode : >
ST_2 : Operation 59 [1/1] (0.00ns)   --->   "%ret_ln118 = ret" [src/conv2.cpp:118]   --->   Operation 59 'ret' 'ret_ln118' <Predicate = (icmp_ln90)> <Delay = 0.00>

State 3 <SV = 2> <Delay = 1.16>
ST_3 : Operation 60 [1/1] (0.00ns)   --->   "%n0_load = load i6 %n0" [src/conv2.cpp:91]   --->   Operation 60 'load' 'n0_load' <Predicate = true> <Delay = 0.00>
ST_3 : Operation 61 [1/1] (0.78ns)   --->   "%add_ln91 = add i6 %n0_load, i6 8" [src/conv2.cpp:91]   --->   Operation 61 'add' 'add_ln91' <Predicate = (icmp_ln93)> <Delay = 0.78> <CoreInst = "Adder">   --->   Core 1 'Adder' <Latency = 0> <II = 1> <Delay = 0.78> <FuncUnit> <Opcode : 'add' 'sub'> <InPorts = 2> <OutPorts = 1>
ST_3 : Operation 62 [1/1] (0.00ns)   --->   "%specloopname_ln0 = specloopname void @_ssdm_op_SpecLoopName, void @VITIS_LOOP_90_1_VITIS_LOOP_93_2_VITIS_LOOP_95_3_str"   --->   Operation 62 'specloopname' 'specloopname_ln0' <Predicate = true> <Delay = 0.00>
ST_3 : Operation 63 [1/1] (0.00ns)   --->   "%speclooptripcount_ln0 = speclooptripcount void @_ssdm_op_SpecLoopTripCount, i64 256, i64 256, i64 256"   --->   Operation 63 'speclooptripcount' 'speclooptripcount_ln0' <Predicate = true> <Delay = 0.00>
ST_3 : Operation 64 [1/1] (0.38ns)   --->   "%select_ln67_2 = select i1 %icmp_ln93, i6 %add_ln91, i6 %n0_load" [src/conv2.cpp:67->src/conv2.cpp:114]   --->   Operation 64 'select' 'select_ln67_2' <Predicate = true> <Delay = 0.38> <CoreInst = "Sel">   --->   Core 73 'Sel' <Latency = 0> <II = 1> <Delay = 0.38> <FuncUnit> <Opcode : 'select'> <InPorts = 3> <OutPorts = 1>
ST_3 : Operation 65 [1/1] (0.00ns)   --->   "%trunc_ln67 = trunc i6 %select_ln67_2" [src/conv2.cpp:67->src/conv2.cpp:114]   --->   Operation 65 'trunc' 'trunc_ln67' <Predicate = true> <Delay = 0.00>
ST_3 : Operation 66 [1/1] (0.00ns)   --->   "%specloopname_ln0 = specloopname void @_ssdm_op_SpecLoopName, void @VITIS_LOOP_93_2_VITIS_LOOP_95_3_str"   --->   Operation 66 'specloopname' 'specloopname_ln0' <Predicate = true> <Delay = 0.00>
ST_3 : Operation 67 [1/1] (0.00ns)   --->   "%specloopname_ln95 = specloopname void @_ssdm_op_SpecLoopName, void @empty_12" [src/conv2.cpp:95]   --->   Operation 67 'specloopname' 'specloopname_ln95' <Predicate = true> <Delay = 0.00>
ST_3 : Operation 68 [1/2] (0.00ns)   --->   "%call_ln67 = call void @conv2_Pipeline_VITIS_LOOP_99_4_VITIS_LOOP_100_5_VITIS_LOOP_101_6, i8 %select_ln67_5, i8 %tW, i32 %out_tile_1" [src/conv2.cpp:67->src/conv2.cpp:114]   --->   Operation 68 'call' 'call_ln67' <Predicate = true> <Delay = 0.00> <CoreType = "Generic">   --->   Core 0 '' <Latency = 0> <II = 1> <Delay = 1.00> <Generic> <Opcode : >
ST_3 : Operation 69 [1/1] (0.42ns)   --->   "%br_ln106 = br void %for.body53" [src/conv2.cpp:106]   --->   Operation 69 'br' 'br_ln106' <Predicate = true> <Delay = 0.42>

State 4 <SV = 3> <Delay = 5.53>
ST_4 : Operation 70 [1/1] (0.00ns)   --->   "%c0 = phi i7 %add_ln107, void %_ZL15compute_tile_c2PA32_A32_fS1_PA1_fiiii.exit, i7 0, void %for.inc70" [src/conv2.cpp:107]   --->   Operation 70 'phi' 'c0' <Predicate = true> <Delay = 0.00>
ST_4 : Operation 71 [1/1] (0.77ns)   --->   "%icmp_ln106 = icmp_eq  i7 %c0, i7 64" [src/conv2.cpp:106]   --->   Operation 71 'icmp' 'icmp_ln106' <Predicate = true> <Delay = 0.77> <CoreInst = "Cmp">   --->   Core 9 'Cmp' <Latency = 0> <II = 1> <Delay = 0.77> <FuncUnit> <Opcode : 'icmp'> <InPorts = 2> <OutPorts = 1>
ST_4 : Operation 72 [1/1] (0.77ns)   --->   "%add_ln107 = add i7 %c0, i7 1" [src/conv2.cpp:107]   --->   Operation 72 'add' 'add_ln107' <Predicate = true> <Delay = 0.77> <CoreInst = "Adder">   --->   Core 1 'Adder' <Latency = 0> <II = 1> <Delay = 0.77> <FuncUnit> <Opcode : 'add' 'sub'> <InPorts = 2> <OutPorts = 1>
ST_4 : Operation 73 [1/1] (0.00ns)   --->   "%br_ln106 = br i1 %icmp_ln106, void %for.body53.split, void %for.body8.i36.preheader" [src/conv2.cpp:106]   --->   Operation 73 'br' 'br_ln106' <Predicate = true> <Delay = 0.00>
ST_4 : Operation 74 [1/1] (0.00ns)   --->   "%zext_ln27_5 = zext i7 %c0" [src/conv2.cpp:27->src/conv2.cpp:109]   --->   Operation 74 'zext' 'zext_ln27_5' <Predicate = (!icmp_ln106)> <Delay = 0.00>
ST_4 : Operation 75 [1/1] (0.00ns)   --->   "%tmp_s = bitconcatenate i15 @_ssdm_op_BitConcatenate.i15.i7.i8, i7 %c0, i8 0" [src/conv2.cpp:27->src/conv2.cpp:109]   --->   Operation 75 'bitconcatenate' 'tmp_s' <Predicate = (!icmp_ln106)> <Delay = 0.00>
ST_4 : Operation 76 [1/1] (0.00ns)   --->   "%zext_ln27_6 = zext i15 %tmp_s" [src/conv2.cpp:27->src/conv2.cpp:109]   --->   Operation 76 'zext' 'zext_ln27_6' <Predicate = (!icmp_ln106)> <Delay = 0.00>
ST_4 : Operation 77 [1/1] (0.84ns)   --->   "%sub_ln27 = sub i16 %zext_ln27_6, i16 %zext_ln27_5" [src/conv2.cpp:27->src/conv2.cpp:109]   --->   Operation 77 'sub' 'sub_ln27' <Predicate = (!icmp_ln106)> <Delay = 0.84> <CoreInst = "Adder">   --->   Core 1 'Adder' <Latency = 0> <II = 1> <Delay = 0.84> <FuncUnit> <Opcode : 'add' 'sub'> <InPorts = 2> <OutPorts = 1>
ST_4 : Operation 78 [2/2] (4.69ns)   --->   "%call_ln67 = call void @conv2_Pipeline_VITIS_LOOP_23_2_VITIS_LOOP_24_3, i8 %select_ln67_5, i9 %select_ln93, i16 %sub_ln27, i8 %tW, i9 %select_ln67_4, i32 %feat1, i32 %in_tile_0" [src/conv2.cpp:67->src/conv2.cpp:114]   --->   Operation 78 'call' 'call_ln67' <Predicate = (!icmp_ln106)> <Delay = 4.69> <CoreType = "Generic">   --->   Core 0 '' <Latency = 0> <II = 1> <Delay = 1.00> <Generic> <Opcode : >
ST_4 : Operation 79 [1/1] (0.00ns)   --->   "%indvar_flatten72_load = load i8 %indvar_flatten72" [src/conv2.cpp:93]   --->   Operation 79 'load' 'indvar_flatten72_load' <Predicate = (icmp_ln106 & !icmp_ln93)> <Delay = 0.00>
ST_4 : Operation 80 [2/2] (0.00ns)   --->   "%call_ln67 = call void @conv2_Pipeline_VITIS_LOOP_70_1_VITIS_LOOP_71_2_VITIS_LOOP_72_3, i8 %select_ln67_5, i9 %select_ln93, i5 %trunc_ln67, i32 %conv2_biases, i8 %tW, i9 %select_ln67_4, i32 %out_tile_1, i32 %feat2" [src/conv2.cpp:67->src/conv2.cpp:114]   --->   Operation 80 'call' 'call_ln67' <Predicate = (icmp_ln106)> <Delay = 0.00> <CoreType = "Generic">   --->   Core 0 '' <Latency = 0> <II = 1> <Delay = 1.00> <Generic> <Opcode : >
ST_4 : Operation 81 [1/1] (0.76ns)   --->   "%add_ln93 = add i8 %indvar_flatten72_load, i8 1" [src/conv2.cpp:93]   --->   Operation 81 'add' 'add_ln93' <Predicate = (icmp_ln106 & !icmp_ln93)> <Delay = 0.76> <CoreInst = "Adder">   --->   Core 1 'Adder' <Latency = 0> <II = 1> <Delay = 0.76> <FuncUnit> <Opcode : 'add' 'sub'> <InPorts = 2> <OutPorts = 1>
ST_4 : Operation 82 [1/1] (0.39ns)   --->   "%select_ln93_1 = select i1 %icmp_ln93, i8 1, i8 %add_ln93" [src/conv2.cpp:93]   --->   Operation 82 'select' 'select_ln93_1' <Predicate = (icmp_ln106)> <Delay = 0.39> <CoreInst = "Sel">   --->   Core 73 'Sel' <Latency = 0> <II = 1> <Delay = 0.39> <FuncUnit> <Opcode : 'select'> <InPorts = 3> <OutPorts = 1>
ST_4 : Operation 83 [1/1] (0.42ns)   --->   "%store_ln95 = store i9 %add_ln90, i9 %indvar_flatten95" [src/conv2.cpp:95]   --->   Operation 83 'store' 'store_ln95' <Predicate = (icmp_ln106)> <Delay = 0.42>
ST_4 : Operation 84 [1/1] (0.42ns)   --->   "%store_ln95 = store i6 %select_ln67_2, i6 %n0" [src/conv2.cpp:95]   --->   Operation 84 'store' 'store_ln95' <Predicate = (icmp_ln106)> <Delay = 0.42>
ST_4 : Operation 85 [1/1] (0.42ns)   --->   "%store_ln95 = store i8 %select_ln93_1, i8 %indvar_flatten72" [src/conv2.cpp:95]   --->   Operation 85 'store' 'store_ln95' <Predicate = (icmp_ln106)> <Delay = 0.42>
ST_4 : Operation 86 [1/1] (0.42ns)   --->   "%store_ln95 = store i9 %select_ln93, i9 %y0" [src/conv2.cpp:95]   --->   Operation 86 'store' 'store_ln95' <Predicate = (icmp_ln106)> <Delay = 0.42>
ST_4 : Operation 87 [1/1] (0.42ns)   --->   "%store_ln95 = store i9 %add_ln96, i9 %x0" [src/conv2.cpp:95]   --->   Operation 87 'store' 'store_ln95' <Predicate = (icmp_ln106)> <Delay = 0.42>

State 5 <SV = 4> <Delay = 0.42>
ST_5 : Operation 88 [1/1] (0.00ns)   --->   "%zext_ln27 = zext i7 %c0" [src/conv2.cpp:27->src/conv2.cpp:109]   --->   Operation 88 'zext' 'zext_ln27' <Predicate = true> <Delay = 0.00>
ST_5 : Operation 89 [1/1] (0.00ns)   --->   "%speclooptripcount_ln106 = speclooptripcount void @_ssdm_op_SpecLoopTripCount, i64 64, i64 64, i64 64" [src/conv2.cpp:106]   --->   Operation 89 'speclooptripcount' 'speclooptripcount_ln106' <Predicate = true> <Delay = 0.00>
ST_5 : Operation 90 [1/1] (0.00ns)   --->   "%specloopname_ln106 = specloopname void @_ssdm_op_SpecLoopName, void @empty_17" [src/conv2.cpp:106]   --->   Operation 90 'specloopname' 'specloopname_ln106' <Predicate = true> <Delay = 0.00>
ST_5 : Operation 91 [1/2] (0.00ns)   --->   "%call_ln67 = call void @conv2_Pipeline_VITIS_LOOP_23_2_VITIS_LOOP_24_3, i8 %select_ln67_5, i9 %select_ln93, i16 %sub_ln27, i8 %tW, i9 %select_ln67_4, i32 %feat1, i32 %in_tile_0" [src/conv2.cpp:67->src/conv2.cpp:114]   --->   Operation 91 'call' 'call_ln67' <Predicate = true> <Delay = 0.00> <CoreType = "Generic">   --->   Core 0 '' <Latency = 0> <II = 1> <Delay = 1.00> <Generic> <Opcode : >
ST_5 : Operation 92 [1/1] (0.42ns)   --->   "%br_ln36 = br void %for.inc16.i" [src/conv2.cpp:36->src/conv2.cpp:110]   --->   Operation 92 'br' 'br_ln36' <Predicate = true> <Delay = 0.42>

State 6 <SV = 5> <Delay = 2.82>
ST_6 : Operation 93 [1/1] (0.00ns)   --->   "%tn = phi i4 %add_ln36, void %for.inc16.i.split, i4 0, void %for.body53.split" [src/conv2.cpp:36->src/conv2.cpp:110]   --->   Operation 93 'phi' 'tn' <Predicate = true> <Delay = 0.00>
ST_6 : Operation 94 [1/1] (0.00ns)   --->   "%zext_ln36 = zext i4 %tn" [src/conv2.cpp:36->src/conv2.cpp:110]   --->   Operation 94 'zext' 'zext_ln36' <Predicate = true> <Delay = 0.00>
ST_6 : Operation 95 [1/1] (0.00ns)   --->   "%zext_ln36_1 = zext i4 %tn" [src/conv2.cpp:36->src/conv2.cpp:110]   --->   Operation 95 'zext' 'zext_ln36_1' <Predicate = true> <Delay = 0.00>
ST_6 : Operation 96 [1/1] (0.79ns)   --->   "%icmp_ln36 = icmp_eq  i4 %tn, i4 8" [src/conv2.cpp:36->src/conv2.cpp:110]   --->   Operation 96 'icmp' 'icmp_ln36' <Predicate = true> <Delay = 0.79> <CoreInst = "Cmp">   --->   Core 9 'Cmp' <Latency = 0> <II = 1> <Delay = 0.79> <FuncUnit> <Opcode : 'icmp'> <InPorts = 2> <OutPorts = 1>
ST_6 : Operation 97 [1/1] (0.79ns)   --->   "%add_ln36 = add i4 %tn, i4 1" [src/conv2.cpp:36->src/conv2.cpp:110]   --->   Operation 97 'add' 'add_ln36' <Predicate = true> <Delay = 0.79> <CoreInst = "Adder">   --->   Core 1 'Adder' <Latency = 0> <II = 1> <Delay = 0.79> <FuncUnit> <Opcode : 'add' 'sub'> <InPorts = 2> <OutPorts = 1>
ST_6 : Operation 98 [1/1] (0.00ns)   --->   "%br_ln36 = br i1 %icmp_ln36, void %for.inc16.i.split, void %for.body4.i.preheader" [src/conv2.cpp:36->src/conv2.cpp:110]   --->   Operation 98 'br' 'br_ln36' <Predicate = true> <Delay = 0.00>
ST_6 : Operation 99 [1/1] (0.78ns)   --->   "%empty = add i5 %zext_ln36_1, i5 %trunc_ln67" [src/conv2.cpp:36->src/conv2.cpp:110]   --->   Operation 99 'add' 'empty' <Predicate = (!icmp_ln36)> <Delay = 0.78> <CoreInst = "Adder">   --->   Core 1 'Adder' <Latency = 0> <II = 1> <Delay = 0.78> <FuncUnit> <Opcode : 'add' 'sub'> <InPorts = 2> <OutPorts = 1>
ST_6 : Operation 100 [1/1] (0.00ns)   --->   "%tmp_4 = bitconcatenate i11 @_ssdm_op_BitConcatenate.i11.i5.i6, i5 %empty, i6 0" [src/conv2.cpp:39->src/conv2.cpp:110]   --->   Operation 100 'bitconcatenate' 'tmp_4' <Predicate = (!icmp_ln36)> <Delay = 0.00>
ST_6 : Operation 101 [1/1] (0.79ns)   --->   "%add_ln39 = add i11 %tmp_4, i11 %zext_ln27" [src/conv2.cpp:39->src/conv2.cpp:110]   --->   Operation 101 'add' 'add_ln39' <Predicate = (!icmp_ln36)> <Delay = 0.79> <CoreInst = "Adder">   --->   Core 1 'Adder' <Latency = 0> <II = 1> <Delay = 0.79> <FuncUnit> <Opcode : 'add' 'sub'> <InPorts = 2> <OutPorts = 1>
ST_6 : Operation 102 [1/1] (0.00ns)   --->   "%zext_ln39 = zext i11 %add_ln39" [src/conv2.cpp:39->src/conv2.cpp:110]   --->   Operation 102 'zext' 'zext_ln39' <Predicate = (!icmp_ln36)> <Delay = 0.00>
ST_6 : Operation 103 [1/1] (0.00ns)   --->   "%conv2_weights_addr = getelementptr i32 %conv2_weights, i64 0, i64 %zext_ln39" [src/conv2.cpp:39->src/conv2.cpp:110]   --->   Operation 103 'getelementptr' 'conv2_weights_addr' <Predicate = (!icmp_ln36)> <Delay = 0.00>
ST_6 : Operation 104 [2/2] (1.23ns)   --->   "%conv2_weights_load = load i11 %conv2_weights_addr" [src/conv2.cpp:39->src/conv2.cpp:110]   --->   Operation 104 'load' 'conv2_weights_load' <Predicate = (!icmp_ln36)> <Delay = 1.23> <CoreInst = "RAM">   --->   Core 83 'RAM' <Latency = 1> <II = 1> <Delay = 1.23> <Storage> <Opcode : 'load' 'store'> <Ports = 2> <Width = 32> <Depth = 2048> <RAM>
ST_6 : Operation 105 [1/1] (0.42ns)   --->   "%br_ln50 = br void %for.body4.i" [src/conv2.cpp:50->src/conv2.cpp:111]   --->   Operation 105 'br' 'br_ln50' <Predicate = (icmp_ln36)> <Delay = 0.42>

State 7 <SV = 6> <Delay = 1.91>
ST_7 : Operation 106 [1/1] (0.00ns)   --->   "%speclooptripcount_ln36 = speclooptripcount void @_ssdm_op_SpecLoopTripCount, i64 8, i64 8, i64 8" [src/conv2.cpp:36->src/conv2.cpp:110]   --->   Operation 106 'speclooptripcount' 'speclooptripcount_ln36' <Predicate = true> <Delay = 0.00>
ST_7 : Operation 107 [1/1] (0.00ns)   --->   "%specloopname_ln36 = specloopname void @_ssdm_op_SpecLoopName, void @empty_10" [src/conv2.cpp:36->src/conv2.cpp:110]   --->   Operation 107 'specloopname' 'specloopname_ln36' <Predicate = true> <Delay = 0.00>
ST_7 : Operation 108 [1/2] (1.23ns)   --->   "%conv2_weights_load = load i11 %conv2_weights_addr" [src/conv2.cpp:39->src/conv2.cpp:110]   --->   Operation 108 'load' 'conv2_weights_load' <Predicate = true> <Delay = 1.23> <CoreInst = "RAM">   --->   Core 83 'RAM' <Latency = 1> <II = 1> <Delay = 1.23> <Storage> <Opcode : 'load' 'store'> <Ports = 2> <Width = 32> <Depth = 2048> <RAM>
ST_7 : Operation 109 [1/1] (0.00ns)   --->   "%bitcast_ln39 = bitcast i32 %conv2_weights_load" [src/conv2.cpp:39->src/conv2.cpp:110]   --->   Operation 109 'bitcast' 'bitcast_ln39' <Predicate = true> <Delay = 0.00>
ST_7 : Operation 110 [1/1] (0.00ns)   --->   "%w_tile_0_addr = getelementptr i32 %w_tile_0, i64 0, i64 %zext_ln36" [src/conv2.cpp:39->src/conv2.cpp:110]   --->   Operation 110 'getelementptr' 'w_tile_0_addr' <Predicate = true> <Delay = 0.00>
ST_7 : Operation 111 [1/1] (0.67ns)   --->   "%store_ln39 = store i32 %bitcast_ln39, i3 %w_tile_0_addr" [src/conv2.cpp:39->src/conv2.cpp:110]   --->   Operation 111 'store' 'store_ln39' <Predicate = true> <Delay = 0.67> <CoreInst = "RAM">   --->   Core 83 'RAM' <Latency = 1> <II = 1> <Delay = 0.67> <Storage> <Opcode : 'load' 'store'> <Ports = 2> <Width = 32> <Depth = 8> <RAM>
ST_7 : Operation 112 [1/1] (0.00ns)   --->   "%br_ln36 = br void %for.inc16.i" [src/conv2.cpp:36->src/conv2.cpp:110]   --->   Operation 112 'br' 'br_ln36' <Predicate = true> <Delay = 0.00>

State 8 <SV = 6> <Delay = 3.18>
ST_8 : Operation 113 [1/1] (0.00ns)   --->   "%indvar_flatten30 = phi i11 %add_ln50_1, void %for.inc44.i, i11 0, void %for.body4.i.preheader" [src/conv2.cpp:50->src/conv2.cpp:111]   --->   Operation 113 'phi' 'indvar_flatten30' <Predicate = true> <Delay = 0.00>
ST_8 : Operation 114 [1/1] (0.00ns)   --->   "%th = phi i6 %select_ln50_1, void %for.inc44.i, i6 0, void %for.body4.i.preheader" [src/conv2.cpp:50->src/conv2.cpp:111]   --->   Operation 114 'phi' 'th' <Predicate = true> <Delay = 0.00>
ST_8 : Operation 115 [1/1] (0.00ns)   --->   "%tw = phi i6 %add_ln51, void %for.inc44.i, i6 0, void %for.body4.i.preheader" [src/conv2.cpp:51->src/conv2.cpp:111]   --->   Operation 115 'phi' 'tw' <Predicate = true> <Delay = 0.00>
ST_8 : Operation 116 [1/1] (0.00ns)   --->   "%zext_ln50 = zext i6 %th" [src/conv2.cpp:50->src/conv2.cpp:111]   --->   Operation 116 'zext' 'zext_ln50' <Predicate = true> <Delay = 0.00>
ST_8 : Operation 117 [1/1] (0.76ns)   --->   "%cmp5_i14 = icmp_ult  i8 %zext_ln50, i8 %select_ln67_5" [src/conv2.cpp:50->src/conv2.cpp:111]   --->   Operation 117 'icmp' 'cmp5_i14' <Predicate = true> <Delay = 0.76> <CoreInst = "Cmp">   --->   Core 9 'Cmp' <Latency = 0> <II = 1> <Delay = 0.76> <FuncUnit> <Opcode : 'icmp'> <InPorts = 2> <OutPorts = 1>
ST_8 : Operation 118 [1/1] (0.79ns)   --->   "%icmp_ln50 = icmp_eq  i11 %indvar_flatten30, i11 1024" [src/conv2.cpp:50->src/conv2.cpp:111]   --->   Operation 118 'icmp' 'icmp_ln50' <Predicate = true> <Delay = 0.79> <CoreInst = "Cmp">   --->   Core 9 'Cmp' <Latency = 0> <II = 1> <Delay = 0.79> <FuncUnit> <Opcode : 'icmp'> <InPorts = 2> <OutPorts = 1>
ST_8 : Operation 119 [1/1] (0.79ns)   --->   "%add_ln50_1 = add i11 %indvar_flatten30, i11 1" [src/conv2.cpp:50->src/conv2.cpp:111]   --->   Operation 119 'add' 'add_ln50_1' <Predicate = true> <Delay = 0.79> <CoreInst = "Adder">   --->   Core 1 'Adder' <Latency = 0> <II = 1> <Delay = 0.79> <FuncUnit> <Opcode : 'add' 'sub'> <InPorts = 2> <OutPorts = 1>
ST_8 : Operation 120 [1/1] (0.00ns)   --->   "%br_ln50 = br i1 %icmp_ln50, void %for.inc47.i, void %_ZL15compute_tile_c2PA32_A32_fS1_PA1_fiiii.exit" [src/conv2.cpp:50->src/conv2.cpp:111]   --->   Operation 120 'br' 'br_ln50' <Predicate = true> <Delay = 0.00>
ST_8 : Operation 121 [1/1] (0.78ns)   --->   "%add_ln50 = add i6 %th, i6 1" [src/conv2.cpp:50->src/conv2.cpp:111]   --->   Operation 121 'add' 'add_ln50' <Predicate = (!icmp_ln50)> <Delay = 0.78> <CoreInst = "Adder">   --->   Core 1 'Adder' <Latency = 0> <II = 1> <Delay = 0.78> <FuncUnit> <Opcode : 'add' 'sub'> <InPorts = 2> <OutPorts = 1>
ST_8 : Operation 122 [1/1] (0.00ns)   --->   "%specloopname_ln0 = specloopname void @_ssdm_op_SpecLoopName, void @VITIS_LOOP_50_1_VITIS_LOOP_51_2_str"   --->   Operation 122 'specloopname' 'specloopname_ln0' <Predicate = (!icmp_ln50)> <Delay = 0.00>
ST_8 : Operation 123 [1/1] (0.00ns)   --->   "%speclooptripcount_ln0 = speclooptripcount void @_ssdm_op_SpecLoopTripCount, i64 1024, i64 1024, i64 1024"   --->   Operation 123 'speclooptripcount' 'speclooptripcount_ln0' <Predicate = (!icmp_ln50)> <Delay = 0.00>
ST_8 : Operation 124 [1/1] (0.78ns)   --->   "%icmp_ln51 = icmp_eq  i6 %tw, i6 32" [src/conv2.cpp:51->src/conv2.cpp:111]   --->   Operation 124 'icmp' 'icmp_ln51' <Predicate = (!icmp_ln50)> <Delay = 0.78> <CoreInst = "Cmp">   --->   Core 9 'Cmp' <Latency = 0> <II = 1> <Delay = 0.78> <FuncUnit> <Opcode : 'icmp'> <InPorts = 2> <OutPorts = 1>
ST_8 : Operation 125 [1/1] (0.38ns)   --->   "%select_ln50 = select i1 %icmp_ln51, i6 0, i6 %tw" [src/conv2.cpp:50->src/conv2.cpp:111]   --->   Operation 125 'select' 'select_ln50' <Predicate = (!icmp_ln50)> <Delay = 0.38> <CoreInst = "Sel">   --->   Core 73 'Sel' <Latency = 0> <II = 1> <Delay = 0.38> <FuncUnit> <Opcode : 'select'> <InPorts = 3> <OutPorts = 1>
ST_8 : Operation 126 [1/1] (0.38ns)   --->   "%select_ln50_1 = select i1 %icmp_ln51, i6 %add_ln50, i6 %th" [src/conv2.cpp:50->src/conv2.cpp:111]   --->   Operation 126 'select' 'select_ln50_1' <Predicate = (!icmp_ln50)> <Delay = 0.38> <CoreInst = "Sel">   --->   Core 73 'Sel' <Latency = 0> <II = 1> <Delay = 0.38> <FuncUnit> <Opcode : 'select'> <InPorts = 3> <OutPorts = 1>
ST_8 : Operation 127 [1/1] (0.00ns)   --->   "%trunc_ln50 = trunc i6 %select_ln50_1" [src/conv2.cpp:50->src/conv2.cpp:111]   --->   Operation 127 'trunc' 'trunc_ln50' <Predicate = (!icmp_ln50)> <Delay = 0.00>
ST_8 : Operation 128 [1/1] (0.00ns)   --->   "%tmp_5 = bitconcatenate i10 @_ssdm_op_BitConcatenate.i10.i5.i5, i5 %trunc_ln50, i5 0" [src/conv2.cpp:50->src/conv2.cpp:111]   --->   Operation 128 'bitconcatenate' 'tmp_5' <Predicate = (!icmp_ln50)> <Delay = 0.00>
ST_8 : Operation 129 [1/1] (0.00ns)   --->   "%add_ln50_cast = zext i6 %add_ln50" [src/conv2.cpp:50->src/conv2.cpp:111]   --->   Operation 129 'zext' 'add_ln50_cast' <Predicate = (!icmp_ln50)> <Delay = 0.00>
ST_8 : Operation 130 [1/1] (0.76ns)   --->   "%cmp5_i14_mid1 = icmp_ult  i8 %add_ln50_cast, i8 %select_ln67_5" [src/conv2.cpp:50->src/conv2.cpp:111]   --->   Operation 130 'icmp' 'cmp5_i14_mid1' <Predicate = (!icmp_ln50)> <Delay = 0.76> <CoreInst = "Cmp">   --->   Core 9 'Cmp' <Latency = 0> <II = 1> <Delay = 0.76> <FuncUnit> <Opcode : 'icmp'> <InPorts = 2> <OutPorts = 1>
ST_8 : Operation 131 [1/1] (0.00ns) (grouped into LUT with out node and_ln52)   --->   "%select_ln50_2 = select i1 %icmp_ln51, i1 %cmp5_i14_mid1, i1 %cmp5_i14" [src/conv2.cpp:50->src/conv2.cpp:111]   --->   Operation 131 'select' 'select_ln50_2' <Predicate = (!icmp_ln50)> <Delay = 0.00> <CoreInst = "Sel">   --->   Core 73 'Sel' <Latency = 0> <II = 1> <Delay = 0.17> <FuncUnit> <Opcode : 'select'> <InPorts = 3> <OutPorts = 1>
ST_8 : Operation 132 [1/1] (0.00ns)   --->   "%select_ln50_cast = zext i6 %select_ln50" [src/conv2.cpp:50->src/conv2.cpp:111]   --->   Operation 132 'zext' 'select_ln50_cast' <Predicate = (!icmp_ln50)> <Delay = 0.00>
ST_8 : Operation 133 [1/1] (0.78ns)   --->   "%empty_41 = add i10 %tmp_5, i10 %select_ln50_cast" [src/conv2.cpp:50->src/conv2.cpp:111]   --->   Operation 133 'add' 'empty_41' <Predicate = (!icmp_ln50)> <Delay = 0.78> <CoreInst = "Adder">   --->   Core 1 'Adder' <Latency = 0> <II = 1> <Delay = 0.78> <FuncUnit> <Opcode : 'add' 'sub'> <InPorts = 2> <OutPorts = 1>
ST_8 : Operation 134 [1/1] (0.00ns)   --->   "%p_cast = zext i10 %empty_41" [src/conv2.cpp:50->src/conv2.cpp:111]   --->   Operation 134 'zext' 'p_cast' <Predicate = (!icmp_ln50)> <Delay = 0.00>
ST_8 : Operation 135 [1/1] (0.00ns)   --->   "%in_tile_0_addr = getelementptr i32 %in_tile_0, i64 0, i64 %p_cast" [src/conv2.cpp:50->src/conv2.cpp:111]   --->   Operation 135 'getelementptr' 'in_tile_0_addr' <Predicate = (!icmp_ln50)> <Delay = 0.00>
ST_8 : Operation 136 [1/1] (0.00ns)   --->   "%zext_ln51 = zext i6 %select_ln50" [src/conv2.cpp:51->src/conv2.cpp:111]   --->   Operation 136 'zext' 'zext_ln51' <Predicate = (!icmp_ln50)> <Delay = 0.00>
ST_8 : Operation 137 [1/1] (0.00ns)   --->   "%specloopname_ln51 = specloopname void @_ssdm_op_SpecLoopName, void @empty_11" [src/conv2.cpp:51->src/conv2.cpp:111]   --->   Operation 137 'specloopname' 'specloopname_ln51' <Predicate = (!icmp_ln50)> <Delay = 0.00>
ST_8 : Operation 138 [1/1] (0.76ns)   --->   "%icmp_ln52 = icmp_ult  i8 %zext_ln51, i8 %tW" [src/conv2.cpp:52->src/conv2.cpp:111]   --->   Operation 138 'icmp' 'icmp_ln52' <Predicate = (!icmp_ln50)> <Delay = 0.76> <CoreInst = "Cmp">   --->   Core 9 'Cmp' <Latency = 0> <II = 1> <Delay = 0.76> <FuncUnit> <Opcode : 'icmp'> <InPorts = 2> <OutPorts = 1>
ST_8 : Operation 139 [1/1] (0.28ns) (out node of the LUT)   --->   "%and_ln52 = and i1 %select_ln50_2, i1 %icmp_ln52" [src/conv2.cpp:52->src/conv2.cpp:111]   --->   Operation 139 'and' 'and_ln52' <Predicate = (!icmp_ln50)> <Delay = 0.28> <CoreInst = "LogicGate">   --->   Core 74 'LogicGate' <Latency = 0> <II = 1> <Delay = 0.28> <FuncUnit> <Opcode : 'and' 'or' 'xor'> <InPorts = 2> <OutPorts = 1>
ST_8 : Operation 140 [1/1] (0.00ns)   --->   "%br_ln52 = br i1 %and_ln52, void %for.inc44.i, void %VITIS_LOOP_53_3.i" [src/conv2.cpp:52->src/conv2.cpp:111]   --->   Operation 140 'br' 'br_ln52' <Predicate = (!icmp_ln50)> <Delay = 0.00>
ST_8 : Operation 141 [2/2] (1.23ns)   --->   "%in_tile_0_load = load i10 %in_tile_0_addr" [src/conv2.cpp:50->src/conv2.cpp:111]   --->   Operation 141 'load' 'in_tile_0_load' <Predicate = (!icmp_ln50 & and_ln52)> <Delay = 1.23> <CoreInst = "RAM">   --->   Core 83 'RAM' <Latency = 1> <II = 1> <Delay = 1.23> <Storage> <Opcode : 'load' 'store'> <Ports = 2> <Width = 32> <Depth = 1024> <RAM>
ST_8 : Operation 142 [1/1] (0.00ns)   --->   "%br_ln106 = br void %for.body53" [src/conv2.cpp:106]   --->   Operation 142 'br' 'br_ln106' <Predicate = (icmp_ln50)> <Delay = 0.00>

State 9 <SV = 7> <Delay = 1.23>
ST_9 : Operation 143 [1/2] (1.23ns)   --->   "%in_tile_0_load = load i10 %in_tile_0_addr" [src/conv2.cpp:50->src/conv2.cpp:111]   --->   Operation 143 'load' 'in_tile_0_load' <Predicate = true> <Delay = 1.23> <CoreInst = "RAM">   --->   Core 83 'RAM' <Latency = 1> <II = 1> <Delay = 1.23> <Storage> <Opcode : 'load' 'store'> <Ports = 2> <Width = 32> <Depth = 1024> <RAM>
ST_9 : Operation 144 [2/2] (0.00ns)   --->   "%call_ln50 = call void @conv2_Pipeline_VITIS_LOOP_53_3, i6 %select_ln50_1, i6 %select_ln50, i32 %in_tile_0_load, i32 %out_tile_1, i32 %w_tile_0" [src/conv2.cpp:50->src/conv2.cpp:111]   --->   Operation 144 'call' 'call_ln50' <Predicate = true> <Delay = 0.00> <CoreType = "Generic">   --->   Core 0 '' <Latency = 0> <II = 1> <Delay = 1.00> <Generic> <Opcode : >

State 10 <SV = 8> <Delay = 0.78>
ST_10 : Operation 145 [1/2] (0.00ns)   --->   "%call_ln50 = call void @conv2_Pipeline_VITIS_LOOP_53_3, i6 %select_ln50_1, i6 %select_ln50, i32 %in_tile_0_load, i32 %out_tile_1, i32 %w_tile_0" [src/conv2.cpp:50->src/conv2.cpp:111]   --->   Operation 145 'call' 'call_ln50' <Predicate = (and_ln52)> <Delay = 0.00> <CoreType = "Generic">   --->   Core 0 '' <Latency = 0> <II = 1> <Delay = 1.00> <Generic> <Opcode : >
ST_10 : Operation 146 [1/1] (0.00ns)   --->   "%br_ln0 = br void %for.inc44.i"   --->   Operation 146 'br' 'br_ln0' <Predicate = (and_ln52)> <Delay = 0.00>
ST_10 : Operation 147 [1/1] (0.78ns)   --->   "%add_ln51 = add i6 %select_ln50, i6 1" [src/conv2.cpp:51->src/conv2.cpp:111]   --->   Operation 147 'add' 'add_ln51' <Predicate = true> <Delay = 0.78> <CoreInst = "Adder">   --->   Core 1 'Adder' <Latency = 0> <II = 1> <Delay = 0.78> <FuncUnit> <Opcode : 'add' 'sub'> <InPorts = 2> <OutPorts = 1>
ST_10 : Operation 148 [1/1] (0.00ns)   --->   "%br_ln51 = br void %for.body4.i" [src/conv2.cpp:51->src/conv2.cpp:111]   --->   Operation 148 'br' 'br_ln51' <Predicate = true> <Delay = 0.00>

State 11 <SV = 4> <Delay = 0.00>
ST_11 : Operation 149 [1/2] (0.00ns)   --->   "%call_ln67 = call void @conv2_Pipeline_VITIS_LOOP_70_1_VITIS_LOOP_71_2_VITIS_LOOP_72_3, i8 %select_ln67_5, i9 %select_ln93, i5 %trunc_ln67, i32 %conv2_biases, i8 %tW, i9 %select_ln67_4, i32 %out_tile_1, i32 %feat2" [src/conv2.cpp:67->src/conv2.cpp:114]   --->   Operation 149 'call' 'call_ln67' <Predicate = true> <Delay = 0.00> <CoreType = "Generic">   --->   Core 0 '' <Latency = 0> <II = 1> <Delay = 1.00> <Generic> <Opcode : >
ST_11 : Operation 150 [1/1] (0.00ns)   --->   "%br_ln95 = br void %for.body16" [src/conv2.cpp:95]   --->   Operation 150 'br' 'br_ln95' <Predicate = true> <Delay = 0.00>


============================================================
+ Verbose Summary: Timing violations
============================================================
Target clock period: 10.000ns, clock uncertainty: 2.700ns.

 <State 1>: 0.427ns
The critical path consists of the following:
	'alloca' operation ('indvar_flatten95') [12]  (0.000 ns)
	'store' operation ('store_ln90', src/conv2.cpp:90) of constant 0 on local variable 'indvar_flatten95' [15]  (0.427 ns)

 <State 2>: 2.630ns
The critical path consists of the following:
	'load' operation ('x0_load', src/conv2.cpp:95) on local variable 'x0' [33]  (0.000 ns)
	'icmp' operation ('icmp_ln95', src/conv2.cpp:95) [46]  (0.776 ns)
	'or' operation ('or_ln67', src/conv2.cpp:67->src/conv2.cpp:114) [47]  (0.287 ns)
	'select' operation ('select_ln67_4', src/conv2.cpp:67->src/conv2.cpp:114) [50]  (0.398 ns)
	'add' operation ('add_ln96', src/conv2.cpp:96) [59]  (0.776 ns)
	'select' operation ('tW', src/conv2.cpp:96) [63]  (0.393 ns)

 <State 3>: 1.165ns
The critical path consists of the following:
	'load' operation ('n0_load', src/conv2.cpp:91) on local variable 'n0' [35]  (0.000 ns)
	'add' operation ('add_ln91', src/conv2.cpp:91) [36]  (0.781 ns)
	'select' operation ('select_ln67_2', src/conv2.cpp:67->src/conv2.cpp:114) [42]  (0.384 ns)

 <State 4>: 5.536ns
The critical path consists of the following:
	'phi' operation ('c0', src/conv2.cpp:107) with incoming values : ('add_ln107', src/conv2.cpp:107) [67]  (0.000 ns)
	'sub' operation ('sub_ln27', src/conv2.cpp:27->src/conv2.cpp:109) [76]  (0.842 ns)
	'call' operation ('call_ln67', src/conv2.cpp:67->src/conv2.cpp:114) to 'conv2_Pipeline_VITIS_LOOP_23_2_VITIS_LOOP_24_3' [79]  (4.694 ns)

 <State 5>: 0.427ns
The critical path consists of the following:
	multiplexor before 'phi' operation ('tn', src/conv2.cpp:36->src/conv2.cpp:110) with incoming values : ('add_ln36', src/conv2.cpp:36->src/conv2.cpp:110) [82]  (0.427 ns)

 <State 6>: 2.824ns
The critical path consists of the following:
	'phi' operation ('tn', src/conv2.cpp:36->src/conv2.cpp:110) with incoming values : ('add_ln36', src/conv2.cpp:36->src/conv2.cpp:110) [82]  (0.000 ns)
	'add' operation ('empty', src/conv2.cpp:36->src/conv2.cpp:110) [91]  (0.789 ns)
	'add' operation ('add_ln39', src/conv2.cpp:39->src/conv2.cpp:110) [93]  (0.798 ns)
	'getelementptr' operation ('conv2_weights_addr', src/conv2.cpp:39->src/conv2.cpp:110) [95]  (0.000 ns)
	'load' operation ('conv2_weights_load', src/conv2.cpp:39->src/conv2.cpp:110) on array 'conv2_weights' [96]  (1.237 ns)

 <State 7>: 1.914ns
The critical path consists of the following:
	'load' operation ('conv2_weights_load', src/conv2.cpp:39->src/conv2.cpp:110) on array 'conv2_weights' [96]  (1.237 ns)
	'store' operation ('store_ln39', src/conv2.cpp:39->src/conv2.cpp:110) of variable 'bitcast_ln39', src/conv2.cpp:39->src/conv2.cpp:110 on array 'w_tile_0' [99]  (0.677 ns)

 <State 8>: 3.189ns
The critical path consists of the following:
	'phi' operation ('th', src/conv2.cpp:50->src/conv2.cpp:111) with incoming values : ('select_ln50_1', src/conv2.cpp:50->src/conv2.cpp:111) [105]  (0.000 ns)
	'add' operation ('add_ln50', src/conv2.cpp:50->src/conv2.cpp:111) [113]  (0.781 ns)
	'select' operation ('select_ln50_1', src/conv2.cpp:50->src/conv2.cpp:111) [118]  (0.384 ns)
	'add' operation ('empty_41', src/conv2.cpp:50->src/conv2.cpp:111) [125]  (0.787 ns)
	'getelementptr' operation ('in_tile_0_addr', src/conv2.cpp:50->src/conv2.cpp:111) [127]  (0.000 ns)
	'load' operation ('in_tile_0_load', src/conv2.cpp:50->src/conv2.cpp:111) on array 'in_tile_0' [134]  (1.237 ns)

 <State 9>: 1.237ns
The critical path consists of the following:
	'load' operation ('in_tile_0_load', src/conv2.cpp:50->src/conv2.cpp:111) on array 'in_tile_0' [134]  (1.237 ns)

 <State 10>: 0.781ns
The critical path consists of the following:
	'add' operation ('add_ln51', src/conv2.cpp:51->src/conv2.cpp:111) [138]  (0.781 ns)

 <State 11>: 0.000ns
The critical path consists of the following:


============================================================
+ Verbose Summary: Binding
============================================================
N/A
* FSMD analyzer results:
  - Output states:
 - Input state : 
  - Chain level:
	State 1
	State 2
	State 3
	State 4
	State 5
	State 6
	State 7
	State 8
	State 9
	State 10
	State 11


============================================================
+ Verbose Summary: Datapath Resource usage 
============================================================
N/A
