

================================================================
== Vitis HLS Report for 'conv2_Pipeline_VITIS_LOOP_70_1_VITIS_LOOP_71_2_VITIS_LOOP_72_3'
================================================================
* Date:           Thu Oct 30 21:22:16 2025

* Version:        2023.1 (Build 3854077 on May  4 2023)
* Project:        srcnn_hls
* Solution:       solution1 (Vivado IP Flow Target)
* Product family: zynquplus
* Target device:  xck26-sfvc784-2LV-c


================================================================
== Performance Estimates
================================================================
+ Timing: 
    * Summary: 
    +--------+----------+----------+------------+
    |  Clock |  Target  | Estimated| Uncertainty|
    +--------+----------+----------+------------+
    |ap_clk  |  10.00 ns|  6.437 ns|     2.70 ns|
    +--------+----------+----------+------------+

+ Latency: 
    * Summary: 
    +---------+---------+-----------+-----------+------+------+---------+
    |  Latency (cycles) |   Latency (absolute)  |   Interval  | Pipeline|
    |   min   |   max   |    min    |    max    |  min |  max |   Type  |
    +---------+---------+-----------+-----------+------+------+---------+
    |     8199|     8199|  81.990 us|  81.990 us|  8199|  8199|       no|
    +---------+---------+-----------+-----------+------+------+---------+

    + Detail: 
        * Instance: 
        N/A

        * Loop: 
        +---------------------------------------------------+---------+---------+----------+-----------+-----------+------+----------+
        |                                                   |  Latency (cycles) | Iteration|  Initiation Interval  | Trip |          |
        |                     Loop Name                     |   min   |   max   |  Latency |  achieved |   target  | Count| Pipelined|
        +---------------------------------------------------+---------+---------+----------+-----------+-----------+------+----------+
        |- VITIS_LOOP_70_1_VITIS_LOOP_71_2_VITIS_LOOP_72_3  |     8197|     8197|         7|          1|          1|  8192|       yes|
        +---------------------------------------------------+---------+---------+----------+-----------+-----------+------+----------+

============================================================
+ Verbose Summary: Synthesis Manager
============================================================
InlineROM: 1
ExposeGlobal: 0
============================================================
+ Verbose Summary: CDFG Model
============================================================
IsTopModel: 0
ResetActiveHigh: 1
IsCombinational: 0
IsDatapathOnly: 0
HasWiredReturn: 1
HasMFsm: 2
HasVarLatency: 1
IsPipeline: 0
IsRtlPipelined: 0
IsInstanceOverlapped: 0
IsDontTouch: 0
HasImplIP: 0
IsGatedGlobalClock: 0

+ Individual pipeline summary: 
  * Pipeline-0: initiation interval (II) = 1, depth = 8


============================================================
+ Verbose Summary: Schedule
============================================================
* Number of FSM states : 8
* Pipeline : 1
  Pipeline-0 : II = 1, D = 8, States = { 1 2 3 4 5 6 7 8 }
* Dataflow Pipeline: 0

* FSM state transitions: 
1 --> 2 
2 --> 3 
3 --> 4 
4 --> 5 
5 --> 6 
6 --> 7 
7 --> 8 
8 --> 

* FSM state operations: 

State 1 <SV = 0> <Delay = 0.42>
ST_1 : Operation 10 [1/1] (0.00ns)   --->   "%tw = alloca i32 1"   --->   Operation 10 'alloca' 'tw' <Predicate = true> <Delay = 0.00>
ST_1 : Operation 11 [1/1] (0.00ns)   --->   "%th = alloca i32 1"   --->   Operation 11 'alloca' 'th' <Predicate = true> <Delay = 0.00>
ST_1 : Operation 12 [1/1] (0.00ns)   --->   "%indvar_flatten40 = alloca i32 1"   --->   Operation 12 'alloca' 'indvar_flatten40' <Predicate = true> <Delay = 0.00>
ST_1 : Operation 13 [1/1] (0.00ns)   --->   "%tn = alloca i32 1"   --->   Operation 13 'alloca' 'tn' <Predicate = true> <Delay = 0.00>
ST_1 : Operation 14 [1/1] (0.00ns)   --->   "%indvar_flatten65 = alloca i32 1"   --->   Operation 14 'alloca' 'indvar_flatten65' <Predicate = true> <Delay = 0.00>
ST_1 : Operation 15 [1/1] (0.00ns)   --->   "%specinterface_ln0 = specinterface void @_ssdm_op_SpecInterface, i32 %conv2_biases, void @empty_18, i32 0, i32 0, void @empty_19, i32 4294967295, i32 0, void @empty_19, void @empty_19, void @empty_19, i32 0, i32 0, i32 0, i32 0, void @empty_19, void @empty_19, i32 4294967295, i32 0"   --->   Operation 15 'specinterface' 'specinterface_ln0' <Predicate = true> <Delay = 0.00>
ST_1 : Operation 16 [1/1] (0.00ns)   --->   "%select_ln67_4_read = read i9 @_ssdm_op_Read.ap_auto.i9, i9 %select_ln67_4"   --->   Operation 16 'read' 'select_ln67_4_read' <Predicate = true> <Delay = 0.00>
ST_1 : Operation 17 [1/1] (0.00ns)   --->   "%zext_ln99_read = read i8 @_ssdm_op_Read.ap_auto.i8, i8 %zext_ln99"   --->   Operation 17 'read' 'zext_ln99_read' <Predicate = true> <Delay = 0.00>
ST_1 : Operation 18 [1/1] (0.00ns)   --->   "%trunc_ln67_mid2_read = read i5 @_ssdm_op_Read.ap_auto.i5, i5 %trunc_ln67_mid2"   --->   Operation 18 'read' 'trunc_ln67_mid2_read' <Predicate = true> <Delay = 0.00>
ST_1 : Operation 19 [1/1] (0.00ns)   --->   "%select_ln93_read = read i9 @_ssdm_op_Read.ap_auto.i9, i9 %select_ln93"   --->   Operation 19 'read' 'select_ln93_read' <Predicate = true> <Delay = 0.00>
ST_1 : Operation 20 [1/1] (0.00ns)   --->   "%select_ln67_5_read = read i8 @_ssdm_op_Read.ap_auto.i8, i8 %select_ln67_5"   --->   Operation 20 'read' 'select_ln67_5_read' <Predicate = true> <Delay = 0.00>
ST_1 : Operation 21 [1/1] (0.42ns)   --->   "%store_ln0 = store i14 0, i14 %indvar_flatten65"   --->   Operation 21 'store' 'store_ln0' <Predicate = true> <Delay = 0.42>
ST_1 : Operation 22 [1/1] (0.42ns)   --->   "%store_ln0 = store i4 0, i4 %tn"   --->   Operation 22 'store' 'store_ln0' <Predicate = true> <Delay = 0.42>
ST_1 : Operation 23 [1/1] (0.42ns)   --->   "%store_ln0 = store i12 0, i12 %indvar_flatten40"   --->   Operation 23 'store' 'store_ln0' <Predicate = true> <Delay = 0.42>
ST_1 : Operation 24 [1/1] (0.42ns)   --->   "%store_ln0 = store i6 0, i6 %th"   --->   Operation 24 'store' 'store_ln0' <Predicate = true> <Delay = 0.42>
ST_1 : Operation 25 [1/1] (0.42ns)   --->   "%store_ln0 = store i6 0, i6 %tw"   --->   Operation 25 'store' 'store_ln0' <Predicate = true> <Delay = 0.42>
ST_1 : Operation 26 [1/1] (0.00ns)   --->   "%br_ln0 = br void %for.body8.i36"   --->   Operation 26 'br' 'br_ln0' <Predicate = true> <Delay = 0.00>

State 2 <SV = 1> <Delay = 5.44>
ST_2 : Operation 27 [1/1] (0.00ns)   --->   "%th_3 = load i6 %th" [src/conv2.cpp:71->src/conv2.cpp:114]   --->   Operation 27 'load' 'th_3' <Predicate = true> <Delay = 0.00>
ST_2 : Operation 28 [1/1] (0.00ns)   --->   "%indvar_flatten40_load = load i12 %indvar_flatten40" [src/conv2.cpp:71->src/conv2.cpp:114]   --->   Operation 28 'load' 'indvar_flatten40_load' <Predicate = true> <Delay = 0.00>
ST_2 : Operation 29 [1/1] (0.00ns)   --->   "%indvar_flatten65_load = load i14 %indvar_flatten65" [src/conv2.cpp:70->src/conv2.cpp:114]   --->   Operation 29 'load' 'indvar_flatten65_load' <Predicate = true> <Delay = 0.00>
ST_2 : Operation 30 [1/1] (0.00ns)   --->   "%zext_ln71 = zext i6 %th_3" [src/conv2.cpp:71->src/conv2.cpp:114]   --->   Operation 30 'zext' 'zext_ln71' <Predicate = true> <Delay = 0.00>
ST_2 : Operation 31 [1/1] (0.00ns)   --->   "%zext_ln71_1 = zext i6 %th_3" [src/conv2.cpp:71->src/conv2.cpp:114]   --->   Operation 31 'zext' 'zext_ln71_1' <Predicate = true> <Delay = 0.00>
ST_2 : Operation 32 [1/1] (0.76ns)   --->   "%cmp10_i28 = icmp_ult  i8 %zext_ln71_1, i8 %select_ln67_5_read" [src/conv2.cpp:71->src/conv2.cpp:114]   --->   Operation 32 'icmp' 'cmp10_i28' <Predicate = true> <Delay = 0.76> <CoreInst = "Cmp">   --->   Core 9 'Cmp' <Latency = 0> <II = 1> <Delay = 0.76> <FuncUnit> <Opcode : 'icmp'> <InPorts = 2> <OutPorts = 1>
ST_2 : Operation 33 [1/1] (0.77ns)   --->   "%empty = add i9 %zext_ln71, i9 %select_ln93_read" [src/conv2.cpp:71->src/conv2.cpp:114]   --->   Operation 33 'add' 'empty' <Predicate = true> <Delay = 0.77> <CoreInst = "Adder">   --->   Core 1 'Adder' <Latency = 0> <II = 1> <Delay = 0.77> <FuncUnit> <Opcode : 'add' 'sub'> <InPorts = 2> <OutPorts = 1>
ST_2 : Operation 34 [1/1] (0.83ns)   --->   "%icmp_ln70 = icmp_eq  i14 %indvar_flatten65_load, i14 8192" [src/conv2.cpp:70->src/conv2.cpp:114]   --->   Operation 34 'icmp' 'icmp_ln70' <Predicate = true> <Delay = 0.83> <CoreInst = "Cmp">   --->   Core 9 'Cmp' <Latency = 0> <II = 1> <Delay = 0.83> <FuncUnit> <Opcode : 'icmp'> <InPorts = 2> <OutPorts = 1>
ST_2 : Operation 35 [1/1] (0.83ns)   --->   "%add_ln70_1 = add i14 %indvar_flatten65_load, i14 1" [src/conv2.cpp:70->src/conv2.cpp:114]   --->   Operation 35 'add' 'add_ln70_1' <Predicate = true> <Delay = 0.83> <CoreInst = "Adder">   --->   Core 1 'Adder' <Latency = 0> <II = 1> <Delay = 0.83> <FuncUnit> <Opcode : 'add' 'sub'> <InPorts = 2> <OutPorts = 1>
ST_2 : Operation 36 [1/1] (0.00ns)   --->   "%br_ln70 = br i1 %icmp_ln70, void %for.inc32.i, void %_ZL17store_out_tile_c2PA32_A32_fPA255_A255_fiiiiiiPf.exit.exitStub" [src/conv2.cpp:70->src/conv2.cpp:114]   --->   Operation 36 'br' 'br_ln70' <Predicate = true> <Delay = 0.00>
ST_2 : Operation 37 [1/1] (0.00ns)   --->   "%tw_load = load i6 %tw" [src/conv2.cpp:72->src/conv2.cpp:114]   --->   Operation 37 'load' 'tw_load' <Predicate = (!icmp_ln70)> <Delay = 0.00>
ST_2 : Operation 38 [1/1] (0.00ns)   --->   "%tn_load = load i4 %tn" [src/conv2.cpp:70->src/conv2.cpp:114]   --->   Operation 38 'load' 'tn_load' <Predicate = (!icmp_ln70)> <Delay = 0.00>
ST_2 : Operation 39 [1/1] (0.79ns)   --->   "%add_ln70 = add i4 %tn_load, i4 1" [src/conv2.cpp:70->src/conv2.cpp:114]   --->   Operation 39 'add' 'add_ln70' <Predicate = (!icmp_ln70)> <Delay = 0.79> <CoreInst = "Adder">   --->   Core 1 'Adder' <Latency = 0> <II = 1> <Delay = 0.79> <FuncUnit> <Opcode : 'add' 'sub'> <InPorts = 2> <OutPorts = 1>
ST_2 : Operation 40 [1/1] (0.80ns)   --->   "%icmp_ln71 = icmp_eq  i12 %indvar_flatten40_load, i12 1024" [src/conv2.cpp:71->src/conv2.cpp:114]   --->   Operation 40 'icmp' 'icmp_ln71' <Predicate = (!icmp_ln70)> <Delay = 0.80> <CoreInst = "Cmp">   --->   Core 9 'Cmp' <Latency = 0> <II = 1> <Delay = 0.80> <FuncUnit> <Opcode : 'icmp'> <InPorts = 2> <OutPorts = 1>
ST_2 : Operation 41 [1/1] (0.38ns)   --->   "%select_ln70 = select i1 %icmp_ln71, i6 0, i6 %th_3" [src/conv2.cpp:70->src/conv2.cpp:114]   --->   Operation 41 'select' 'select_ln70' <Predicate = (!icmp_ln70)> <Delay = 0.38> <CoreInst = "Sel">   --->   Core 73 'Sel' <Latency = 0> <II = 1> <Delay = 0.38> <FuncUnit> <Opcode : 'select'> <InPorts = 3> <OutPorts = 1>
ST_2 : Operation 42 [1/1] (0.39ns)   --->   "%select_ln70_1 = select i1 %icmp_ln71, i4 %add_ln70, i4 %tn_load" [src/conv2.cpp:70->src/conv2.cpp:114]   --->   Operation 42 'select' 'select_ln70_1' <Predicate = (!icmp_ln70)> <Delay = 0.39> <CoreInst = "Sel">   --->   Core 73 'Sel' <Latency = 0> <II = 1> <Delay = 0.39> <FuncUnit> <Opcode : 'select'> <InPorts = 3> <OutPorts = 1>
ST_2 : Operation 43 [1/1] (0.00ns)   --->   "%trunc_ln75 = trunc i4 %select_ln70_1" [src/conv2.cpp:75->src/conv2.cpp:114]   --->   Operation 43 'trunc' 'trunc_ln75' <Predicate = (!icmp_ln70)> <Delay = 0.00>
ST_2 : Operation 44 [1/1] (0.00ns)   --->   "%tmp_24_cast = bitconcatenate i8 @_ssdm_op_BitConcatenate.i8.i3.i5, i3 %trunc_ln75, i5 0" [src/conv2.cpp:75->src/conv2.cpp:114]   --->   Operation 44 'bitconcatenate' 'tmp_24_cast' <Predicate = (!icmp_ln70)> <Delay = 0.00>
ST_2 : Operation 45 [1/1] (0.00ns)   --->   "%zext_ln70 = zext i4 %select_ln70_1" [src/conv2.cpp:70->src/conv2.cpp:114]   --->   Operation 45 'zext' 'zext_ln70' <Predicate = (!icmp_ln70)> <Delay = 0.00>
ST_2 : Operation 46 [1/1] (0.78ns)   --->   "%add_ln70_2 = add i5 %zext_ln70, i5 %trunc_ln67_mid2_read" [src/conv2.cpp:70->src/conv2.cpp:114]   --->   Operation 46 'add' 'add_ln70_2' <Predicate = (!icmp_ln70)> <Delay = 0.78> <CoreInst = "Adder">   --->   Core 1 'Adder' <Latency = 0> <II = 1> <Delay = 0.78> <FuncUnit> <Opcode : 'add' 'sub'> <InPorts = 2> <OutPorts = 1>
ST_2 : Operation 47 [1/1] (0.00ns)   --->   "%zext_ln70_1 = zext i5 %add_ln70_2" [src/conv2.cpp:70->src/conv2.cpp:114]   --->   Operation 47 'zext' 'zext_ln70_1' <Predicate = (!icmp_ln70)> <Delay = 0.00>
ST_2 : Operation 48 [1/1] (0.00ns)   --->   "%zext_ln75 = zext i5 %add_ln70_2" [src/conv2.cpp:75->src/conv2.cpp:114]   --->   Operation 48 'zext' 'zext_ln75' <Predicate = (!icmp_ln70)> <Delay = 0.00>
ST_2 : Operation 49 [1/1] (0.00ns)   --->   "%tmp_s = bitconcatenate i13 @_ssdm_op_BitConcatenate.i13.i5.i8, i5 %add_ln70_2, i8 0" [src/conv2.cpp:75->src/conv2.cpp:114]   --->   Operation 49 'bitconcatenate' 'tmp_s' <Predicate = (!icmp_ln70)> <Delay = 0.00>
ST_2 : Operation 50 [1/1] (0.00ns)   --->   "%zext_ln75_1 = zext i13 %tmp_s" [src/conv2.cpp:75->src/conv2.cpp:114]   --->   Operation 50 'zext' 'zext_ln75_1' <Predicate = (!icmp_ln70)> <Delay = 0.00>
ST_2 : Operation 51 [1/1] (0.82ns)   --->   "%sub_ln75 = sub i14 %zext_ln75_1, i14 %zext_ln75" [src/conv2.cpp:75->src/conv2.cpp:114]   --->   Operation 51 'sub' 'sub_ln75' <Predicate = (!icmp_ln70)> <Delay = 0.82> <CoreInst = "Adder">   --->   Core 1 'Adder' <Latency = 0> <II = 1> <Delay = 0.82> <FuncUnit> <Opcode : 'add' 'sub'> <InPorts = 2> <OutPorts = 1>
ST_2 : Operation 52 [1/1] (0.00ns) (grouped into LUT with out node add_ln75_2)   --->   "%sext_ln75 = sext i14 %sub_ln75" [src/conv2.cpp:75->src/conv2.cpp:114]   --->   Operation 52 'sext' 'sext_ln75' <Predicate = (!icmp_ln70)> <Delay = 0.00>
ST_2 : Operation 53 [1/1] (0.00ns)   --->   "%conv2_biases_addr = getelementptr i32 %conv2_biases, i64 0, i64 %zext_ln70_1" [src/conv2.cpp:75->src/conv2.cpp:114]   --->   Operation 53 'getelementptr' 'conv2_biases_addr' <Predicate = (!icmp_ln70)> <Delay = 0.00>
ST_2 : Operation 54 [2/2] (1.23ns)   --->   "%conv2_biases_load = load i5 %conv2_biases_addr" [src/conv2.cpp:70->src/conv2.cpp:114]   --->   Operation 54 'load' 'conv2_biases_load' <Predicate = (!icmp_ln70)> <Delay = 1.23> <CoreInst = "RAM">   --->   Core 83 'RAM' <Latency = 1> <II = 1> <Delay = 1.23> <Storage> <Opcode : 'load' 'store'> <Ports = 2> <Width = 32> <Depth = 32> <RAM>
ST_2 : Operation 55 [1/1] (0.76ns)   --->   "%cmp10_i28_mid157 = icmp_ne  i8 %select_ln67_5_read, i8 0"   --->   Operation 55 'icmp' 'cmp10_i28_mid157' <Predicate = (!icmp_ln70)> <Delay = 0.76> <CoreInst = "Cmp">   --->   Core 9 'Cmp' <Latency = 0> <II = 1> <Delay = 0.76> <FuncUnit> <Opcode : 'icmp'> <InPorts = 2> <OutPorts = 1>
ST_2 : Operation 56 [1/1] (0.00ns) (grouped into LUT with out node and_ln74)   --->   "%select_ln70_2 = select i1 %icmp_ln71, i1 %cmp10_i28_mid157, i1 %cmp10_i28" [src/conv2.cpp:70->src/conv2.cpp:114]   --->   Operation 56 'select' 'select_ln70_2' <Predicate = (!icmp_ln70)> <Delay = 0.00> <CoreInst = "Sel">   --->   Core 73 'Sel' <Latency = 0> <II = 1> <Delay = 0.17> <FuncUnit> <Opcode : 'select'> <InPorts = 3> <OutPorts = 1>
ST_2 : Operation 57 [1/1] (0.00ns) (grouped into LUT with out node add_ln75_2)   --->   "%select_ln70_3 = select i1 %icmp_ln71, i9 %select_ln93_read, i9 %empty" [src/conv2.cpp:70->src/conv2.cpp:114]   --->   Operation 57 'select' 'select_ln70_3' <Predicate = (!icmp_ln70)> <Delay = 0.00> <CoreInst = "Sel">   --->   Core 73 'Sel' <Latency = 0> <II = 1> <Delay = 0.39> <FuncUnit> <Opcode : 'select'> <InPorts = 3> <OutPorts = 1>
ST_2 : Operation 58 [1/1] (0.00ns) (grouped into LUT with out node and_ln70)   --->   "%xor_ln70 = xor i1 %icmp_ln71, i1 1" [src/conv2.cpp:70->src/conv2.cpp:114]   --->   Operation 58 'xor' 'xor_ln70' <Predicate = (!icmp_ln70)> <Delay = 0.00> <CoreInst = "LogicGate">   --->   Core 74 'LogicGate' <Latency = 0> <II = 1> <Delay = 0.28> <FuncUnit> <Opcode : 'and' 'or' 'xor'> <InPorts = 2> <OutPorts = 1>
ST_2 : Operation 59 [1/1] (0.78ns)   --->   "%icmp_ln72 = icmp_eq  i6 %tw_load, i6 32" [src/conv2.cpp:72->src/conv2.cpp:114]   --->   Operation 59 'icmp' 'icmp_ln72' <Predicate = (!icmp_ln70)> <Delay = 0.78> <CoreInst = "Cmp">   --->   Core 9 'Cmp' <Latency = 0> <II = 1> <Delay = 0.78> <FuncUnit> <Opcode : 'icmp'> <InPorts = 2> <OutPorts = 1>
ST_2 : Operation 60 [1/1] (0.28ns) (out node of the LUT)   --->   "%and_ln70 = and i1 %icmp_ln72, i1 %xor_ln70" [src/conv2.cpp:70->src/conv2.cpp:114]   --->   Operation 60 'and' 'and_ln70' <Predicate = (!icmp_ln70)> <Delay = 0.28> <CoreInst = "LogicGate">   --->   Core 74 'LogicGate' <Latency = 0> <II = 1> <Delay = 0.28> <FuncUnit> <Opcode : 'and' 'or' 'xor'> <InPorts = 2> <OutPorts = 1>
ST_2 : Operation 61 [1/1] (0.78ns)   --->   "%add_ln71 = add i6 %select_ln70, i6 1" [src/conv2.cpp:71->src/conv2.cpp:114]   --->   Operation 61 'add' 'add_ln71' <Predicate = (!icmp_ln70)> <Delay = 0.78> <CoreInst = "Adder">   --->   Core 1 'Adder' <Latency = 0> <II = 1> <Delay = 0.78> <FuncUnit> <Opcode : 'add' 'sub'> <InPorts = 2> <OutPorts = 1>
ST_2 : Operation 62 [1/1] (0.00ns) (grouped into LUT with out node select_ln71)   --->   "%or_ln71 = or i1 %and_ln70, i1 %icmp_ln71" [src/conv2.cpp:71->src/conv2.cpp:114]   --->   Operation 62 'or' 'or_ln71' <Predicate = (!icmp_ln70)> <Delay = 0.00> <CoreInst = "LogicGate">   --->   Core 74 'LogicGate' <Latency = 0> <II = 1> <Delay = 0.28> <FuncUnit> <Opcode : 'and' 'or' 'xor'> <InPorts = 2> <OutPorts = 1>
ST_2 : Operation 63 [1/1] (0.38ns) (out node of the LUT)   --->   "%select_ln71 = select i1 %or_ln71, i6 0, i6 %tw_load" [src/conv2.cpp:71->src/conv2.cpp:114]   --->   Operation 63 'select' 'select_ln71' <Predicate = (!icmp_ln70)> <Delay = 0.38> <CoreInst = "Sel">   --->   Core 73 'Sel' <Latency = 0> <II = 1> <Delay = 0.38> <FuncUnit> <Opcode : 'select'> <InPorts = 3> <OutPorts = 1>
ST_2 : Operation 64 [1/1] (0.38ns)   --->   "%select_ln71_1 = select i1 %and_ln70, i6 %add_ln71, i6 %select_ln70" [src/conv2.cpp:71->src/conv2.cpp:114]   --->   Operation 64 'select' 'select_ln71_1' <Predicate = (!icmp_ln70)> <Delay = 0.38> <CoreInst = "Sel">   --->   Core 73 'Sel' <Latency = 0> <II = 1> <Delay = 0.38> <FuncUnit> <Opcode : 'select'> <InPorts = 3> <OutPorts = 1>
ST_2 : Operation 65 [1/1] (0.00ns)   --->   "%zext_ln75_2 = zext i6 %select_ln71_1" [src/conv2.cpp:75->src/conv2.cpp:114]   --->   Operation 65 'zext' 'zext_ln75_2' <Predicate = (!icmp_ln70)> <Delay = 0.00>
ST_2 : Operation 66 [1/1] (0.76ns)   --->   "%add_ln75_1 = add i8 %tmp_24_cast, i8 %zext_ln75_2" [src/conv2.cpp:75->src/conv2.cpp:114]   --->   Operation 66 'add' 'add_ln75_1' <Predicate = (!icmp_ln70)> <Delay = 0.76> <CoreInst = "Adder">   --->   Core 1 'Adder' <Latency = 0> <II = 1> <Delay = 0.76> <FuncUnit> <Opcode : 'add' 'sub'> <InPorts = 2> <OutPorts = 1>
ST_2 : Operation 67 [1/1] (0.00ns)   --->   "%tmp_3 = bitconcatenate i13 @_ssdm_op_BitConcatenate.i13.i8.i5, i8 %add_ln75_1, i5 0" [src/conv2.cpp:75->src/conv2.cpp:114]   --->   Operation 67 'bitconcatenate' 'tmp_3' <Predicate = (!icmp_ln70)> <Delay = 0.00>
ST_2 : Operation 68 [1/1] (0.00ns)   --->   "%zext_ln71_2 = zext i6 %add_ln71" [src/conv2.cpp:71->src/conv2.cpp:114]   --->   Operation 68 'zext' 'zext_ln71_2' <Predicate = (!icmp_ln70)> <Delay = 0.00>
ST_2 : Operation 69 [1/1] (0.00ns)   --->   "%add_ln71_cast = zext i6 %add_ln71" [src/conv2.cpp:71->src/conv2.cpp:114]   --->   Operation 69 'zext' 'add_ln71_cast' <Predicate = (!icmp_ln70)> <Delay = 0.00>
ST_2 : Operation 70 [1/1] (0.76ns)   --->   "%cmp10_i28_mid1 = icmp_ult  i8 %add_ln71_cast, i8 %select_ln67_5_read" [src/conv2.cpp:71->src/conv2.cpp:114]   --->   Operation 70 'icmp' 'cmp10_i28_mid1' <Predicate = (!icmp_ln70)> <Delay = 0.76> <CoreInst = "Cmp">   --->   Core 9 'Cmp' <Latency = 0> <II = 1> <Delay = 0.76> <FuncUnit> <Opcode : 'icmp'> <InPorts = 2> <OutPorts = 1>
ST_2 : Operation 71 [1/1] (0.00ns) (grouped into LUT with out node and_ln74)   --->   "%select_ln71_2 = select i1 %and_ln70, i1 %cmp10_i28_mid1, i1 %select_ln70_2" [src/conv2.cpp:71->src/conv2.cpp:114]   --->   Operation 71 'select' 'select_ln71_2' <Predicate = (!icmp_ln70)> <Delay = 0.00> <CoreInst = "Sel">   --->   Core 73 'Sel' <Latency = 0> <II = 1> <Delay = 0.17> <FuncUnit> <Opcode : 'select'> <InPorts = 3> <OutPorts = 1>
ST_2 : Operation 72 [1/1] (0.77ns)   --->   "%p_mid138 = add i9 %zext_ln71_2, i9 %select_ln93_read" [src/conv2.cpp:71->src/conv2.cpp:114]   --->   Operation 72 'add' 'p_mid138' <Predicate = (!icmp_ln70)> <Delay = 0.77> <CoreInst = "Adder">   --->   Core 1 'Adder' <Latency = 0> <II = 1> <Delay = 0.77> <FuncUnit> <Opcode : 'add' 'sub'> <InPorts = 2> <OutPorts = 1>
ST_2 : Operation 73 [1/1] (0.00ns) (grouped into LUT with out node add_ln75_2)   --->   "%select_ln71_3 = select i1 %and_ln70, i9 %p_mid138, i9 %select_ln70_3" [src/conv2.cpp:71->src/conv2.cpp:114]   --->   Operation 73 'select' 'select_ln71_3' <Predicate = (!icmp_ln70)> <Delay = 0.00> <CoreInst = "Sel">   --->   Core 73 'Sel' <Latency = 0> <II = 1> <Delay = 0.39> <FuncUnit> <Opcode : 'select'> <InPorts = 3> <OutPorts = 1>
ST_2 : Operation 74 [1/1] (0.00ns) (grouped into LUT with out node add_ln75_2)   --->   "%zext_ln75_3 = zext i9 %select_ln71_3" [src/conv2.cpp:75->src/conv2.cpp:114]   --->   Operation 74 'zext' 'zext_ln75_3' <Predicate = (!icmp_ln70)> <Delay = 0.00>
ST_2 : Operation 75 [1/1] (0.83ns) (out node of the LUT)   --->   "%add_ln75_2 = add i15 %sext_ln75, i15 %zext_ln75_3" [src/conv2.cpp:75->src/conv2.cpp:114]   --->   Operation 75 'add' 'add_ln75_2' <Predicate = (!icmp_ln70)> <Delay = 0.83> <CoreInst = "Adder">   --->   Core 1 'Adder' <Latency = 0> <II = 1> <Delay = 0.83> <FuncUnit> <Opcode : 'add' 'sub'> <InPorts = 2> <OutPorts = 1>
ST_2 : Operation 76 [1/1] (0.00ns)   --->   "%sext_ln75_1 = sext i15 %add_ln75_2" [src/conv2.cpp:75->src/conv2.cpp:114]   --->   Operation 76 'sext' 'sext_ln75_1' <Predicate = (!icmp_ln70)> <Delay = 0.00>
ST_2 : Operation 77 [1/1] (0.00ns)   --->   "%trunc_ln75_1 = trunc i15 %add_ln75_2" [src/conv2.cpp:75->src/conv2.cpp:114]   --->   Operation 77 'trunc' 'trunc_ln75_1' <Predicate = (!icmp_ln70)> <Delay = 0.00>
ST_2 : Operation 78 [1/1] (0.00ns)   --->   "%p_shl2 = bitconcatenate i21 @_ssdm_op_BitConcatenate.i21.i13.i8, i13 %trunc_ln75_1, i8 0" [src/conv2.cpp:75->src/conv2.cpp:114]   --->   Operation 78 'bitconcatenate' 'p_shl2' <Predicate = (!icmp_ln70)> <Delay = 0.00>
ST_2 : Operation 79 [1/1] (0.90ns)   --->   "%sub_ln75_1 = sub i21 %p_shl2, i21 %sext_ln75_1" [src/conv2.cpp:75->src/conv2.cpp:114]   --->   Operation 79 'sub' 'sub_ln75_1' <Predicate = (!icmp_ln70)> <Delay = 0.90> <CoreInst = "Adder">   --->   Core 1 'Adder' <Latency = 0> <II = 1> <Delay = 0.90> <FuncUnit> <Opcode : 'add' 'sub'> <InPorts = 2> <OutPorts = 1>
ST_2 : Operation 80 [1/1] (0.00ns)   --->   "%zext_ln75_4 = zext i6 %select_ln71" [src/conv2.cpp:75->src/conv2.cpp:114]   --->   Operation 80 'zext' 'zext_ln75_4' <Predicate = (!icmp_ln70)> <Delay = 0.00>
ST_2 : Operation 81 [1/1] (0.82ns)   --->   "%add_ln75_3 = add i13 %tmp_3, i13 %zext_ln75_4" [src/conv2.cpp:75->src/conv2.cpp:114]   --->   Operation 81 'add' 'add_ln75_3' <Predicate = (!icmp_ln70)> <Delay = 0.82> <CoreInst = "Adder">   --->   Core 1 'Adder' <Latency = 0> <II = 1> <Delay = 0.82> <FuncUnit> <Opcode : 'add' 'sub'> <InPorts = 2> <OutPorts = 1>
ST_2 : Operation 82 [1/1] (0.00ns)   --->   "%zext_ln75_5 = zext i13 %add_ln75_3" [src/conv2.cpp:75->src/conv2.cpp:114]   --->   Operation 82 'zext' 'zext_ln75_5' <Predicate = (!icmp_ln70)> <Delay = 0.00>
ST_2 : Operation 83 [1/1] (0.00ns)   --->   "%out_tile_1_addr = getelementptr i32 %out_tile_1, i64 0, i64 %zext_ln75_5" [src/conv2.cpp:75->src/conv2.cpp:114]   --->   Operation 83 'getelementptr' 'out_tile_1_addr' <Predicate = (!icmp_ln70)> <Delay = 0.00>
ST_2 : Operation 84 [1/1] (0.00ns)   --->   "%zext_ln72 = zext i6 %select_ln71" [src/conv2.cpp:72->src/conv2.cpp:114]   --->   Operation 84 'zext' 'zext_ln72' <Predicate = (!icmp_ln70)> <Delay = 0.00>
ST_2 : Operation 85 [1/1] (0.00ns)   --->   "%zext_ln73 = zext i6 %select_ln71" [src/conv2.cpp:73->src/conv2.cpp:114]   --->   Operation 85 'zext' 'zext_ln73' <Predicate = (!icmp_ln70)> <Delay = 0.00>
ST_2 : Operation 86 [1/1] (0.76ns)   --->   "%icmp_ln74 = icmp_ult  i8 %zext_ln73, i8 %zext_ln99_read" [src/conv2.cpp:74->src/conv2.cpp:114]   --->   Operation 86 'icmp' 'icmp_ln74' <Predicate = (!icmp_ln70)> <Delay = 0.76> <CoreInst = "Cmp">   --->   Core 9 'Cmp' <Latency = 0> <II = 1> <Delay = 0.76> <FuncUnit> <Opcode : 'icmp'> <InPorts = 2> <OutPorts = 1>
ST_2 : Operation 87 [1/1] (0.28ns) (out node of the LUT)   --->   "%and_ln74 = and i1 %icmp_ln74, i1 %select_ln71_2" [src/conv2.cpp:74->src/conv2.cpp:114]   --->   Operation 87 'and' 'and_ln74' <Predicate = (!icmp_ln70)> <Delay = 0.28> <CoreInst = "LogicGate">   --->   Core 74 'LogicGate' <Latency = 0> <II = 1> <Delay = 0.28> <FuncUnit> <Opcode : 'and' 'or' 'xor'> <InPorts = 2> <OutPorts = 1>
ST_2 : Operation 88 [1/1] (0.00ns)   --->   "%br_ln74 = br i1 %and_ln74, void %for.inc.i41, void %if.then.i38" [src/conv2.cpp:74->src/conv2.cpp:114]   --->   Operation 88 'br' 'br_ln74' <Predicate = (!icmp_ln70)> <Delay = 0.00>
ST_2 : Operation 89 [2/2] (1.23ns)   --->   "%out_tile_1_load = load i13 %out_tile_1_addr" [src/conv2.cpp:75->src/conv2.cpp:114]   --->   Operation 89 'load' 'out_tile_1_load' <Predicate = (!icmp_ln70 & and_ln74)> <Delay = 1.23> <CoreInst = "RAM">   --->   Core 83 'RAM' <Latency = 1> <II = 1> <Delay = 1.23> <Storage> <Opcode : 'load' 'store'> <Ports = 2> <Width = 32> <Depth = 8192> <RAM>
ST_2 : Operation 90 [1/1] (0.77ns)   --->   "%add_ln75 = add i9 %zext_ln72, i9 %select_ln67_4_read" [src/conv2.cpp:75->src/conv2.cpp:114]   --->   Operation 90 'add' 'add_ln75' <Predicate = (!icmp_ln70 & and_ln74)> <Delay = 0.77> <CoreInst = "Adder">   --->   Core 1 'Adder' <Latency = 0> <II = 1> <Delay = 0.77> <FuncUnit> <Opcode : 'add' 'sub'> <InPorts = 2> <OutPorts = 1>
ST_2 : Operation 91 [1/1] (0.00ns)   --->   "%zext_ln75_6 = zext i9 %add_ln75" [src/conv2.cpp:75->src/conv2.cpp:114]   --->   Operation 91 'zext' 'zext_ln75_6' <Predicate = (!icmp_ln70 & and_ln74)> <Delay = 0.00>
ST_2 : Operation 92 [1/1] (0.90ns)   --->   "%add_ln75_4 = add i21 %sub_ln75_1, i21 %zext_ln75_6" [src/conv2.cpp:75->src/conv2.cpp:114]   --->   Operation 92 'add' 'add_ln75_4' <Predicate = (!icmp_ln70 & and_ln74)> <Delay = 0.90> <CoreInst = "Adder">   --->   Core 1 'Adder' <Latency = 0> <II = 1> <Delay = 0.90> <FuncUnit> <Opcode : 'add' 'sub'> <InPorts = 2> <OutPorts = 1>
ST_2 : Operation 93 [1/1] (0.78ns)   --->   "%add_ln72 = add i6 %select_ln71, i6 1" [src/conv2.cpp:72->src/conv2.cpp:114]   --->   Operation 93 'add' 'add_ln72' <Predicate = (!icmp_ln70)> <Delay = 0.78> <CoreInst = "Adder">   --->   Core 1 'Adder' <Latency = 0> <II = 1> <Delay = 0.78> <FuncUnit> <Opcode : 'add' 'sub'> <InPorts = 2> <OutPorts = 1>
ST_2 : Operation 94 [1/1] (0.80ns)   --->   "%add_ln71_1 = add i12 %indvar_flatten40_load, i12 1" [src/conv2.cpp:71->src/conv2.cpp:114]   --->   Operation 94 'add' 'add_ln71_1' <Predicate = (!icmp_ln70)> <Delay = 0.80> <CoreInst = "Adder">   --->   Core 1 'Adder' <Latency = 0> <II = 1> <Delay = 0.80> <FuncUnit> <Opcode : 'add' 'sub'> <InPorts = 2> <OutPorts = 1>
ST_2 : Operation 95 [1/1] (0.37ns)   --->   "%select_ln71_4 = select i1 %icmp_ln71, i12 1, i12 %add_ln71_1" [src/conv2.cpp:71->src/conv2.cpp:114]   --->   Operation 95 'select' 'select_ln71_4' <Predicate = (!icmp_ln70)> <Delay = 0.37> <CoreInst = "Sel">   --->   Core 73 'Sel' <Latency = 0> <II = 1> <Delay = 0.37> <FuncUnit> <Opcode : 'select'> <InPorts = 3> <OutPorts = 1>
ST_2 : Operation 96 [1/1] (0.42ns)   --->   "%store_ln72 = store i14 %add_ln70_1, i14 %indvar_flatten65" [src/conv2.cpp:72->src/conv2.cpp:114]   --->   Operation 96 'store' 'store_ln72' <Predicate = (!icmp_ln70)> <Delay = 0.42>
ST_2 : Operation 97 [1/1] (0.42ns)   --->   "%store_ln72 = store i4 %select_ln70_1, i4 %tn" [src/conv2.cpp:72->src/conv2.cpp:114]   --->   Operation 97 'store' 'store_ln72' <Predicate = (!icmp_ln70)> <Delay = 0.42>
ST_2 : Operation 98 [1/1] (0.42ns)   --->   "%store_ln72 = store i12 %select_ln71_4, i12 %indvar_flatten40" [src/conv2.cpp:72->src/conv2.cpp:114]   --->   Operation 98 'store' 'store_ln72' <Predicate = (!icmp_ln70)> <Delay = 0.42>
ST_2 : Operation 99 [1/1] (0.42ns)   --->   "%store_ln72 = store i6 %select_ln71_1, i6 %th" [src/conv2.cpp:72->src/conv2.cpp:114]   --->   Operation 99 'store' 'store_ln72' <Predicate = (!icmp_ln70)> <Delay = 0.42>
ST_2 : Operation 100 [1/1] (0.42ns)   --->   "%store_ln72 = store i6 %add_ln72, i6 %tw" [src/conv2.cpp:72->src/conv2.cpp:114]   --->   Operation 100 'store' 'store_ln72' <Predicate = (!icmp_ln70)> <Delay = 0.42>
ST_2 : Operation 101 [1/1] (0.00ns)   --->   "%br_ln72 = br void %for.body8.i36" [src/conv2.cpp:72->src/conv2.cpp:114]   --->   Operation 101 'br' 'br_ln72' <Predicate = (!icmp_ln70)> <Delay = 0.00>

State 3 <SV = 2> <Delay = 1.23>
ST_3 : Operation 102 [1/1] (0.00ns)   --->   "%specloopname_ln0 = specloopname void @_ssdm_op_SpecLoopName, void @VITIS_LOOP_70_1_VITIS_LOOP_71_2_VITIS_LOOP_72_3_str"   --->   Operation 102 'specloopname' 'specloopname_ln0' <Predicate = true> <Delay = 0.00>
ST_3 : Operation 103 [1/1] (0.00ns)   --->   "%speclooptripcount_ln0 = speclooptripcount void @_ssdm_op_SpecLoopTripCount, i64 8192, i64 8192, i64 8192"   --->   Operation 103 'speclooptripcount' 'speclooptripcount_ln0' <Predicate = true> <Delay = 0.00>
ST_3 : Operation 104 [1/2] (1.23ns)   --->   "%conv2_biases_load = load i5 %conv2_biases_addr" [src/conv2.cpp:70->src/conv2.cpp:114]   --->   Operation 104 'load' 'conv2_biases_load' <Predicate = true> <Delay = 1.23> <CoreInst = "RAM">   --->   Core 83 'RAM' <Latency = 1> <II = 1> <Delay = 1.23> <Storage> <Opcode : 'load' 'store'> <Ports = 2> <Width = 32> <Depth = 32> <RAM>
ST_3 : Operation 105 [1/1] (0.00ns)   --->   "%bitcast_ln70 = bitcast i32 %conv2_biases_load" [src/conv2.cpp:70->src/conv2.cpp:114]   --->   Operation 105 'bitcast' 'bitcast_ln70' <Predicate = true> <Delay = 0.00>
ST_3 : Operation 106 [1/1] (0.00ns)   --->   "%specloopname_ln0 = specloopname void @_ssdm_op_SpecLoopName, void @VITIS_LOOP_71_2_VITIS_LOOP_72_3_str"   --->   Operation 106 'specloopname' 'specloopname_ln0' <Predicate = true> <Delay = 0.00>
ST_3 : Operation 107 [1/1] (0.00ns)   --->   "%specpipeline_ln73 = specpipeline void @_ssdm_op_SpecPipeline, i32 1, i32 0, i32 0, i32 0, void @empty_19" [src/conv2.cpp:73->src/conv2.cpp:114]   --->   Operation 107 'specpipeline' 'specpipeline_ln73' <Predicate = true> <Delay = 0.00>
ST_3 : Operation 108 [1/1] (0.00ns)   --->   "%specloopname_ln72 = specloopname void @_ssdm_op_SpecLoopName, void @empty_6" [src/conv2.cpp:72->src/conv2.cpp:114]   --->   Operation 108 'specloopname' 'specloopname_ln72' <Predicate = true> <Delay = 0.00>
ST_3 : Operation 109 [1/2] (1.23ns)   --->   "%out_tile_1_load = load i13 %out_tile_1_addr" [src/conv2.cpp:75->src/conv2.cpp:114]   --->   Operation 109 'load' 'out_tile_1_load' <Predicate = (and_ln74)> <Delay = 1.23> <CoreInst = "RAM">   --->   Core 83 'RAM' <Latency = 1> <II = 1> <Delay = 1.23> <Storage> <Opcode : 'load' 'store'> <Ports = 2> <Width = 32> <Depth = 8192> <RAM>

State 4 <SV = 3> <Delay = 6.43>
ST_4 : [1/1] (1.18ns)   --->   Input mux for Operation 110 '%add19_i = fadd i32 %out_tile_1_load, i32 %bitcast_ln70'
ST_4 : Operation 110 [4/4] (5.25ns)   --->   "%add19_i = fadd i32 %out_tile_1_load, i32 %bitcast_ln70" [src/conv2.cpp:75->src/conv2.cpp:114]   --->   Operation 110 'fadd' 'add19_i' <Predicate = (and_ln74)> <Delay = 5.25> <CoreInst = "FAddSub_fulldsp">   --->   Core 18 'FAddSub_fulldsp' <Latency = 3> <II = 1> <Delay = 6.43> <FuncUnit> <Opcode : 'fadd' 'fsub'> <InPorts = 2> <OutPorts = 1>

State 5 <SV = 4> <Delay = 6.43>
ST_5 : Operation 111 [3/4] (6.43ns)   --->   "%add19_i = fadd i32 %out_tile_1_load, i32 %bitcast_ln70" [src/conv2.cpp:75->src/conv2.cpp:114]   --->   Operation 111 'fadd' 'add19_i' <Predicate = (and_ln74)> <Delay = 6.43> <CoreInst = "FAddSub_fulldsp">   --->   Core 18 'FAddSub_fulldsp' <Latency = 3> <II = 1> <Delay = 6.43> <FuncUnit> <Opcode : 'fadd' 'fsub'> <InPorts = 2> <OutPorts = 1>

State 6 <SV = 5> <Delay = 6.43>
ST_6 : Operation 112 [2/4] (6.43ns)   --->   "%add19_i = fadd i32 %out_tile_1_load, i32 %bitcast_ln70" [src/conv2.cpp:75->src/conv2.cpp:114]   --->   Operation 112 'fadd' 'add19_i' <Predicate = (and_ln74)> <Delay = 6.43> <CoreInst = "FAddSub_fulldsp">   --->   Core 18 'FAddSub_fulldsp' <Latency = 3> <II = 1> <Delay = 6.43> <FuncUnit> <Opcode : 'fadd' 'fsub'> <InPorts = 2> <OutPorts = 1>

State 7 <SV = 6> <Delay = 6.43>
ST_7 : Operation 113 [1/4] (6.43ns)   --->   "%add19_i = fadd i32 %out_tile_1_load, i32 %bitcast_ln70" [src/conv2.cpp:75->src/conv2.cpp:114]   --->   Operation 113 'fadd' 'add19_i' <Predicate = (and_ln74)> <Delay = 6.43> <CoreInst = "FAddSub_fulldsp">   --->   Core 18 'FAddSub_fulldsp' <Latency = 3> <II = 1> <Delay = 6.43> <FuncUnit> <Opcode : 'fadd' 'fsub'> <InPorts = 2> <OutPorts = 1>
ST_7 : Operation 118 [1/1] (0.00ns)   --->   "%ret_ln0 = ret"   --->   Operation 118 'ret' 'ret_ln0' <Predicate = (icmp_ln70)> <Delay = 0.00>

State 8 <SV = 7> <Delay = 1.23>
ST_8 : Operation 114 [1/1] (0.00ns)   --->   "%zext_ln75_7 = zext i21 %add_ln75_4" [src/conv2.cpp:75->src/conv2.cpp:114]   --->   Operation 114 'zext' 'zext_ln75_7' <Predicate = (and_ln74)> <Delay = 0.00>
ST_8 : Operation 115 [1/1] (0.00ns)   --->   "%feat2_addr = getelementptr i32 %feat2, i64 0, i64 %zext_ln75_7" [src/conv2.cpp:75->src/conv2.cpp:114]   --->   Operation 115 'getelementptr' 'feat2_addr' <Predicate = (and_ln74)> <Delay = 0.00>
ST_8 : Operation 116 [1/1] (1.23ns)   --->   "%store_ln75 = store i32 %add19_i, i21 %feat2_addr" [src/conv2.cpp:75->src/conv2.cpp:114]   --->   Operation 116 'store' 'store_ln75' <Predicate = (and_ln74)> <Delay = 1.23> <CoreInst = "RAM">   --->   Core 83 'RAM' <Latency = 1> <II = 1> <Delay = 1.23> <Storage> <Opcode : 'load' 'store'> <Ports = 2> <Width = 32> <Depth = 2080800> <RAM>
ST_8 : Operation 117 [1/1] (0.00ns)   --->   "%br_ln76 = br void %for.inc.i41" [src/conv2.cpp:76->src/conv2.cpp:114]   --->   Operation 117 'br' 'br_ln76' <Predicate = (and_ln74)> <Delay = 0.00>


============================================================
+ Verbose Summary: Timing violations
============================================================
Target clock period: 10.000ns, clock uncertainty: 2.700ns.

 <State 1>: 0.427ns
The critical path consists of the following:
	'alloca' operation ('indvar_flatten65') [13]  (0.000 ns)
	'store' operation ('store_ln0') of constant 0 on local variable 'indvar_flatten65' [20]  (0.427 ns)

 <State 2>: 5.448ns
The critical path consists of the following:
	'load' operation ('indvar_flatten40_load', src/conv2.cpp:71->src/conv2.cpp:114) on local variable 'indvar_flatten40' [28]  (0.000 ns)
	'icmp' operation ('icmp_ln71', src/conv2.cpp:71->src/conv2.cpp:114) [43]  (0.809 ns)
	'select' operation ('select_ln70_1', src/conv2.cpp:70->src/conv2.cpp:114) [45]  (0.391 ns)
	'add' operation ('add_ln70_2', src/conv2.cpp:70->src/conv2.cpp:114) [49]  (0.789 ns)
	'sub' operation ('sub_ln75', src/conv2.cpp:75->src/conv2.cpp:114) [54]  (0.820 ns)
	'add' operation ('add_ln75_2', src/conv2.cpp:75->src/conv2.cpp:114) [80]  (0.831 ns)
	'sub' operation ('sub_ln75_1', src/conv2.cpp:75->src/conv2.cpp:114) [84]  (0.904 ns)
	'add' operation ('add_ln75_4', src/conv2.cpp:75->src/conv2.cpp:114) [101]  (0.904 ns)

 <State 3>: 1.237ns
The critical path consists of the following:
	'load' operation ('out_tile_1_load', src/conv2.cpp:75->src/conv2.cpp:114) on array 'out_tile_1' [97]  (1.237 ns)

 <State 4>: 6.437ns
The critical path consists of the following:
	multiplexor before operation 'fadd' with delay (1.181 ns)
'fadd' operation ('add19_i', src/conv2.cpp:75->src/conv2.cpp:114) [98]  (5.256 ns)

 <State 5>: 6.437ns
The critical path consists of the following:
	'fadd' operation ('add19_i', src/conv2.cpp:75->src/conv2.cpp:114) [98]  (6.437 ns)

 <State 6>: 6.437ns
The critical path consists of the following:
	'fadd' operation ('add19_i', src/conv2.cpp:75->src/conv2.cpp:114) [98]  (6.437 ns)

 <State 7>: 6.437ns
The critical path consists of the following:
	'fadd' operation ('add19_i', src/conv2.cpp:75->src/conv2.cpp:114) [98]  (6.437 ns)

 <State 8>: 1.237ns
The critical path consists of the following:
	'getelementptr' operation ('feat2_addr', src/conv2.cpp:75->src/conv2.cpp:114) [103]  (0.000 ns)
	'store' operation ('store_ln75', src/conv2.cpp:75->src/conv2.cpp:114) of variable 'add19_i', src/conv2.cpp:75->src/conv2.cpp:114 on array 'feat2' [104]  (1.237 ns)


============================================================
+ Verbose Summary: Binding
============================================================
N/A
* FSMD analyzer results:
  - Output states:
 - Input state : 
  - Chain level:
	State 1
	State 2
	State 3
	State 4
	State 5
	State 6
	State 7
	State 8


============================================================
+ Verbose Summary: Datapath Resource usage 
============================================================
N/A
