

================================================================
== Vitis HLS Report for 'conv2_Pipeline_VITIS_LOOP_72_3'
================================================================
* Date:           Fri Oct 31 01:54:44 2025

* Version:        2023.1 (Build 3854077 on May  4 2023)
* Project:        srcnn_hls
* Solution:       solution1 (Vivado IP Flow Target)
* Product family: zynquplus
* Target device:  xck26-sfvc784-2LV-c


================================================================
== Performance Estimates
================================================================
+ Timing: 
    * Summary: 
    +--------+----------+----------+------------+
    |  Clock |  Target  | Estimated| Uncertainty|
    +--------+----------+----------+------------+
    |ap_clk  |  10.00 ns|  7.300 ns|     2.70 ns|
    +--------+----------+----------+------------+

+ Latency: 
    * Summary: 
    +---------+---------+-----------+-----------+------+------+---------+
    |  Latency (cycles) |   Latency (absolute)  |   Interval  | Pipeline|
    |   min   |   max   |    min    |    max    |  min |  max |   Type  |
    +---------+---------+-----------+-----------+------+------+---------+
    |     8212|     8212|  82.120 us|  82.120 us|  8212|  8212|       no|
    +---------+---------+-----------+-----------+------+------+---------+

    + Detail: 
        * Instance: 
        N/A

        * Loop: 
        +---------------------------------------------------+---------+---------+----------+-----------+-----------+------+----------+
        |                                                   |  Latency (cycles) | Iteration|  Initiation Interval  | Trip |          |
        |                     Loop Name                     |   min   |   max   |  Latency |  achieved |   target  | Count| Pipelined|
        +---------------------------------------------------+---------+---------+----------+-----------+-----------+------+----------+
        |- VITIS_LOOP_70_1_VITIS_LOOP_71_2_VITIS_LOOP_72_3  |     8210|     8210|        20|          1|          1|  8192|       yes|
        +---------------------------------------------------+---------+---------+----------+-----------+-----------+------+----------+

============================================================
+ Verbose Summary: Synthesis Manager
============================================================
InlineROM: 1
ExposeGlobal: 0
============================================================
+ Verbose Summary: CDFG Model
============================================================
IsTopModel: 0
ResetActiveHigh: 1
IsCombinational: 0
IsDatapathOnly: 0
HasWiredReturn: 1
HasMFsm: 2
HasVarLatency: 1
IsPipeline: 0
IsRtlPipelined: 0
IsInstanceOverlapped: 0
IsDontTouch: 0
HasImplIP: 0
IsGatedGlobalClock: 0

+ Individual pipeline summary: 
  * Pipeline-0: initiation interval (II) = 1, depth = 21


============================================================
+ Verbose Summary: Schedule
============================================================
* Number of FSM states : 21
* Pipeline : 1
  Pipeline-0 : II = 1, D = 21, States = { 1 2 3 4 5 6 7 8 9 10 11 12 13 14 15 16 17 18 19 20 21 }
* Dataflow Pipeline: 0

* FSM state transitions: 
1 --> 2 
2 --> 3 
3 --> 4 
4 --> 5 
5 --> 6 
6 --> 7 
7 --> 8 
8 --> 9 
9 --> 10 
10 --> 11 
11 --> 12 
12 --> 13 
13 --> 14 
14 --> 15 
15 --> 16 
16 --> 17 
17 --> 18 
18 --> 19 
19 --> 20 
20 --> 21 
21 --> 

* FSM state operations: 

State 1 <SV = 0> <Delay = 0.42>
ST_1 : Operation 23 [1/1] (0.00ns)   --->   "%tw = alloca i32 1"   --->   Operation 23 'alloca' 'tw' <Predicate = true> <Delay = 0.00>
ST_1 : Operation 24 [1/1] (0.00ns)   --->   "%th = alloca i32 1"   --->   Operation 24 'alloca' 'th' <Predicate = true> <Delay = 0.00>
ST_1 : Operation 25 [1/1] (0.00ns)   --->   "%indvar_flatten57 = alloca i32 1"   --->   Operation 25 'alloca' 'indvar_flatten57' <Predicate = true> <Delay = 0.00>
ST_1 : Operation 26 [1/1] (0.00ns)   --->   "%tn = alloca i32 1"   --->   Operation 26 'alloca' 'tn' <Predicate = true> <Delay = 0.00>
ST_1 : Operation 27 [1/1] (0.00ns)   --->   "%indvar_flatten121 = alloca i32 1"   --->   Operation 27 'alloca' 'indvar_flatten121' <Predicate = true> <Delay = 0.00>
ST_1 : Operation 28 [1/1] (0.00ns)   --->   "%specinterface_ln0 = specinterface void @_ssdm_op_SpecInterface, i32 %feat, void @empty_39, i32 0, i32 0, void @empty_40, i32 0, i32 4161600, void @empty_44, void @empty_42, void @empty_40, i32 16, i32 16, i32 16, i32 16, void @empty_40, void @empty_40, i32 4294967295, i32 0"   --->   Operation 28 'specinterface' 'specinterface_ln0' <Predicate = true> <Delay = 0.00>
ST_1 : Operation 29 [1/1] (0.00ns)   --->   "%specinterface_ln0 = specinterface void @_ssdm_op_SpecInterface, i32 %w2, void @empty_39, i32 0, i32 0, void @empty_40, i32 0, i32 2048, void @empty_21, void @empty_42, void @empty_40, i32 16, i32 16, i32 16, i32 16, void @empty_40, void @empty_40, i32 4294967295, i32 0"   --->   Operation 29 'specinterface' 'specinterface_ln0' <Predicate = true> <Delay = 0.00>
ST_1 : Operation 30 [1/1] (0.00ns)   --->   "%tmp3_read = read i64 @_ssdm_op_Read.ap_auto.i64, i64 %tmp3"   --->   Operation 30 'read' 'tmp3_read' <Predicate = true> <Delay = 0.00>
ST_1 : Operation 31 [1/1] (0.00ns)   --->   "%b_read = read i64 @_ssdm_op_Read.ap_auto.i64, i64 %b"   --->   Operation 31 'read' 'b_read' <Predicate = true> <Delay = 0.00>
ST_1 : Operation 32 [1/1] (0.00ns)   --->   "%zext_ln99_read = read i8 @_ssdm_op_Read.ap_auto.i8, i8 %zext_ln99"   --->   Operation 32 'read' 'zext_ln99_read' <Predicate = true> <Delay = 0.00>
ST_1 : Operation 33 [1/1] (0.00ns)   --->   "%select_ln106_read = read i6 @_ssdm_op_Read.ap_auto.i6, i6 %select_ln106"   --->   Operation 33 'read' 'select_ln106_read' <Predicate = true> <Delay = 0.00>
ST_1 : Operation 34 [1/1] (0.00ns)   --->   "%select_ln67_5_read = read i8 @_ssdm_op_Read.ap_auto.i8, i8 %select_ln67_5"   --->   Operation 34 'read' 'select_ln67_5_read' <Predicate = true> <Delay = 0.00>
ST_1 : Operation 35 [1/1] (0.00ns)   --->   "%select_ln93_read = read i9 @_ssdm_op_Read.ap_auto.i9, i9 %select_ln93"   --->   Operation 35 'read' 'select_ln93_read' <Predicate = true> <Delay = 0.00>
ST_1 : Operation 36 [1/1] (0.00ns)   --->   "%trunc_ln67_mid2_read = read i5 @_ssdm_op_Read.ap_auto.i5, i5 %trunc_ln67_mid2"   --->   Operation 36 'read' 'trunc_ln67_mid2_read' <Predicate = true> <Delay = 0.00>
ST_1 : Operation 37 [1/1] (0.42ns)   --->   "%store_ln0 = store i14 0, i14 %indvar_flatten121"   --->   Operation 37 'store' 'store_ln0' <Predicate = true> <Delay = 0.42>
ST_1 : Operation 38 [1/1] (0.42ns)   --->   "%store_ln0 = store i4 0, i4 %tn"   --->   Operation 38 'store' 'store_ln0' <Predicate = true> <Delay = 0.42>
ST_1 : Operation 39 [1/1] (0.42ns)   --->   "%store_ln0 = store i12 0, i12 %indvar_flatten57"   --->   Operation 39 'store' 'store_ln0' <Predicate = true> <Delay = 0.42>
ST_1 : Operation 40 [1/1] (0.42ns)   --->   "%store_ln0 = store i6 0, i6 %th"   --->   Operation 40 'store' 'store_ln0' <Predicate = true> <Delay = 0.42>
ST_1 : Operation 41 [1/1] (0.42ns)   --->   "%store_ln0 = store i6 0, i6 %tw"   --->   Operation 41 'store' 'store_ln0' <Predicate = true> <Delay = 0.42>
ST_1 : Operation 42 [1/1] (0.42ns)   --->   "%br_ln0 = br void %for.body8.i36"   --->   Operation 42 'br' 'br_ln0' <Predicate = true> <Delay = 0.42>

State 2 <SV = 1> <Delay = 6.08>
ST_2 : Operation 43 [1/1] (0.00ns)   --->   "%first_iter_1 = phi i1 1, void %newFuncRoot, i1 0, void %new.latch.for.inc.i41"   --->   Operation 43 'phi' 'first_iter_1' <Predicate = true> <Delay = 0.00>
ST_2 : Operation 44 [1/1] (0.00ns)   --->   "%th_3 = load i6 %th" [src/conv2.cpp:71->src/conv2.cpp:114]   --->   Operation 44 'load' 'th_3' <Predicate = true> <Delay = 0.00>
ST_2 : Operation 45 [1/1] (0.00ns)   --->   "%indvar_flatten57_load = load i12 %indvar_flatten57" [src/conv2.cpp:71->src/conv2.cpp:114]   --->   Operation 45 'load' 'indvar_flatten57_load' <Predicate = true> <Delay = 0.00>
ST_2 : Operation 46 [1/1] (0.00ns)   --->   "%tn_1 = load i4 %tn" [src/conv2.cpp:70->src/conv2.cpp:114]   --->   Operation 46 'load' 'tn_1' <Predicate = true> <Delay = 0.00>
ST_2 : Operation 47 [1/1] (0.00ns)   --->   "%indvar_flatten121_load = load i14 %indvar_flatten121" [src/conv2.cpp:70->src/conv2.cpp:114]   --->   Operation 47 'load' 'indvar_flatten121_load' <Predicate = true> <Delay = 0.00>
ST_2 : Operation 48 [1/1] (0.00ns)   --->   "%zext_ln70 = zext i4 %tn_1" [src/conv2.cpp:70->src/conv2.cpp:114]   --->   Operation 48 'zext' 'zext_ln70' <Predicate = true> <Delay = 0.00>
ST_2 : Operation 49 [1/1] (0.78ns)   --->   "%empty = add i5 %zext_ln70, i5 %trunc_ln67_mid2_read" [src/conv2.cpp:70->src/conv2.cpp:114]   --->   Operation 49 'add' 'empty' <Predicate = true> <Delay = 0.78> <CoreInst = "Adder">   --->   Core 1 'Adder' <Latency = 0> <II = 1> <Delay = 0.78> <FuncUnit> <Opcode : 'add' 'sub'> <InPorts = 2> <OutPorts = 1>
ST_2 : Operation 50 [1/1] (0.00ns)   --->   "%p_cast37 = zext i5 %empty" [src/conv2.cpp:70->src/conv2.cpp:114]   --->   Operation 50 'zext' 'p_cast37' <Predicate = true> <Delay = 0.00>
ST_2 : Operation 51 [1/1] (2.49ns)   --->   "%empty_66 = mul i23 %p_cast37, i23 260100" [src/conv2.cpp:70->src/conv2.cpp:114]   --->   Operation 51 'mul' 'empty_66' <Predicate = true> <Delay = 2.49> <CoreInst = "Multiplier">   --->   Core 3 'Multiplier' <Latency = 0> <II = 1> <Delay = 2.49> <FuncUnit> <Opcode : 'mul'> <InPorts = 2> <OutPorts = 1>
ST_2 : Operation 52 [1/1] (0.00ns)   --->   "%zext_ln71 = zext i23 %empty_66" [src/conv2.cpp:71->src/conv2.cpp:114]   --->   Operation 52 'zext' 'zext_ln71' <Predicate = true> <Delay = 0.00>
ST_2 : Operation 53 [1/1] (0.00ns)   --->   "%zext_ln71_1 = zext i6 %th_3" [src/conv2.cpp:71->src/conv2.cpp:114]   --->   Operation 53 'zext' 'zext_ln71_1' <Predicate = true> <Delay = 0.00>
ST_2 : Operation 54 [1/1] (0.00ns)   --->   "%zext_ln71_2 = zext i6 %th_3" [src/conv2.cpp:71->src/conv2.cpp:114]   --->   Operation 54 'zext' 'zext_ln71_2' <Predicate = true> <Delay = 0.00>
ST_2 : Operation 55 [1/1] (0.77ns)   --->   "%empty_67 = add i9 %zext_ln71_1, i9 %select_ln93_read" [src/conv2.cpp:71->src/conv2.cpp:114]   --->   Operation 55 'add' 'empty_67' <Predicate = true> <Delay = 0.77> <CoreInst = "Adder">   --->   Core 1 'Adder' <Latency = 0> <II = 1> <Delay = 0.77> <FuncUnit> <Opcode : 'add' 'sub'> <InPorts = 2> <OutPorts = 1>
ST_2 : Operation 56 [1/1] (0.00ns)   --->   "%p_shl2 = bitconcatenate i19 @_ssdm_op_BitConcatenate.i19.i9.i10, i9 %empty_67, i10 0" [src/conv2.cpp:71->src/conv2.cpp:114]   --->   Operation 56 'bitconcatenate' 'p_shl2' <Predicate = true> <Delay = 0.00>
ST_2 : Operation 57 [1/1] (0.00ns)   --->   "%p_shl2_cast = zext i19 %p_shl2" [src/conv2.cpp:71->src/conv2.cpp:114]   --->   Operation 57 'zext' 'p_shl2_cast' <Predicate = true> <Delay = 0.00>
ST_2 : Operation 58 [1/1] (0.00ns)   --->   "%p_shl3 = bitconcatenate i11 @_ssdm_op_BitConcatenate.i11.i9.i2, i9 %empty_67, i2 0" [src/conv2.cpp:71->src/conv2.cpp:114]   --->   Operation 58 'bitconcatenate' 'p_shl3' <Predicate = true> <Delay = 0.00>
ST_2 : Operation 59 [1/1] (0.00ns)   --->   "%p_shl3_cast = zext i11 %p_shl3" [src/conv2.cpp:71->src/conv2.cpp:114]   --->   Operation 59 'zext' 'p_shl3_cast' <Predicate = true> <Delay = 0.00>
ST_2 : Operation 60 [1/1] (0.88ns)   --->   "%empty_68 = sub i20 %p_shl2_cast, i20 %p_shl3_cast" [src/conv2.cpp:71->src/conv2.cpp:114]   --->   Operation 60 'sub' 'empty_68' <Predicate = true> <Delay = 0.88> <CoreInst = "Adder">   --->   Core 1 'Adder' <Latency = 0> <II = 1> <Delay = 0.88> <FuncUnit> <Opcode : 'add' 'sub'> <InPorts = 2> <OutPorts = 1>
ST_2 : Operation 61 [1/1] (0.00ns)   --->   "%p_cast17 = sext i20 %empty_68" [src/conv2.cpp:71->src/conv2.cpp:114]   --->   Operation 61 'sext' 'p_cast17' <Predicate = true> <Delay = 0.00>
ST_2 : Operation 62 [1/1] (0.92ns)   --->   "%tmp4 = add i24 %zext_ln71, i24 %p_cast17" [src/conv2.cpp:71->src/conv2.cpp:114]   --->   Operation 62 'add' 'tmp4' <Predicate = true> <Delay = 0.92> <CoreInst = "Adder">   --->   Core 1 'Adder' <Latency = 0> <II = 1> <Delay = 0.92> <FuncUnit> <Opcode : 'add' 'sub'> <InPorts = 2> <OutPorts = 1>
ST_2 : Operation 63 [1/1] (0.76ns)   --->   "%cmp10_i28 = icmp_ult  i8 %zext_ln71_2, i8 %select_ln67_5_read" [src/conv2.cpp:71->src/conv2.cpp:114]   --->   Operation 63 'icmp' 'cmp10_i28' <Predicate = true> <Delay = 0.76> <CoreInst = "Cmp">   --->   Core 9 'Cmp' <Latency = 0> <II = 1> <Delay = 0.76> <FuncUnit> <Opcode : 'icmp'> <InPorts = 2> <OutPorts = 1>
ST_2 : Operation 64 [1/1] (0.38ns)   --->   "%select_ln72 = select i1 %cmp10_i28, i6 %select_ln106_read, i6 0" [src/conv2.cpp:72->src/conv2.cpp:114]   --->   Operation 64 'select' 'select_ln72' <Predicate = true> <Delay = 0.38> <CoreInst = "Sel">   --->   Core 73 'Sel' <Latency = 0> <II = 1> <Delay = 0.38> <FuncUnit> <Opcode : 'select'> <InPorts = 3> <OutPorts = 1>
ST_2 : Operation 65 [1/1] (0.83ns)   --->   "%icmp_ln70 = icmp_eq  i14 %indvar_flatten121_load, i14 8192" [src/conv2.cpp:70->src/conv2.cpp:114]   --->   Operation 65 'icmp' 'icmp_ln70' <Predicate = true> <Delay = 0.83> <CoreInst = "Cmp">   --->   Core 9 'Cmp' <Latency = 0> <II = 1> <Delay = 0.83> <FuncUnit> <Opcode : 'icmp'> <InPorts = 2> <OutPorts = 1>
ST_2 : Operation 66 [1/1] (0.83ns)   --->   "%add_ln70_2 = add i14 %indvar_flatten121_load, i14 1" [src/conv2.cpp:70->src/conv2.cpp:114]   --->   Operation 66 'add' 'add_ln70_2' <Predicate = true> <Delay = 0.83> <CoreInst = "Adder">   --->   Core 1 'Adder' <Latency = 0> <II = 1> <Delay = 0.83> <FuncUnit> <Opcode : 'add' 'sub'> <InPorts = 2> <OutPorts = 1>
ST_2 : Operation 67 [1/1] (0.00ns)   --->   "%br_ln70 = br i1 %icmp_ln70, void %for.inc32.i, void %_ZL17store_out_tile_c2PA32_A32_fPA255_A255_fiiiiiiPf.exit.exitStub" [src/conv2.cpp:70->src/conv2.cpp:114]   --->   Operation 67 'br' 'br_ln70' <Predicate = true> <Delay = 0.00>
ST_2 : Operation 68 [1/1] (0.00ns)   --->   "%tw_load = load i6 %tw" [src/conv2.cpp:72->src/conv2.cpp:114]   --->   Operation 68 'load' 'tw_load' <Predicate = (!icmp_ln70)> <Delay = 0.00>
ST_2 : Operation 69 [1/1] (0.79ns)   --->   "%add_ln70 = add i4 %tn_1, i4 1" [src/conv2.cpp:70->src/conv2.cpp:114]   --->   Operation 69 'add' 'add_ln70' <Predicate = (!icmp_ln70)> <Delay = 0.79> <CoreInst = "Adder">   --->   Core 1 'Adder' <Latency = 0> <II = 1> <Delay = 0.79> <FuncUnit> <Opcode : 'add' 'sub'> <InPorts = 2> <OutPorts = 1>
ST_2 : Operation 70 [1/1] (0.80ns)   --->   "%icmp_ln71 = icmp_eq  i12 %indvar_flatten57_load, i12 1024" [src/conv2.cpp:71->src/conv2.cpp:114]   --->   Operation 70 'icmp' 'icmp_ln71' <Predicate = (!icmp_ln70)> <Delay = 0.80> <CoreInst = "Cmp">   --->   Core 9 'Cmp' <Latency = 0> <II = 1> <Delay = 0.80> <FuncUnit> <Opcode : 'icmp'> <InPorts = 2> <OutPorts = 1>
ST_2 : Operation 71 [1/1] (0.38ns)   --->   "%select_ln70 = select i1 %icmp_ln71, i6 0, i6 %th_3" [src/conv2.cpp:70->src/conv2.cpp:114]   --->   Operation 71 'select' 'select_ln70' <Predicate = (!icmp_ln70)> <Delay = 0.38> <CoreInst = "Sel">   --->   Core 73 'Sel' <Latency = 0> <II = 1> <Delay = 0.38> <FuncUnit> <Opcode : 'select'> <InPorts = 3> <OutPorts = 1>
ST_2 : Operation 72 [1/1] (0.00ns) (grouped into LUT with out node or_ln71)   --->   "%or_ln70 = or i1 %icmp_ln71, i1 %first_iter_1" [src/conv2.cpp:70->src/conv2.cpp:114]   --->   Operation 72 'or' 'or_ln70' <Predicate = (!icmp_ln70)> <Delay = 0.00> <CoreInst = "LogicGate">   --->   Core 74 'LogicGate' <Latency = 0> <II = 1> <Delay = 0.28> <FuncUnit> <Opcode : 'and' 'or' 'xor'> <InPorts = 2> <OutPorts = 1>
ST_2 : Operation 73 [1/1] (0.39ns)   --->   "%select_ln70_1 = select i1 %icmp_ln71, i4 %add_ln70, i4 %tn_1" [src/conv2.cpp:70->src/conv2.cpp:114]   --->   Operation 73 'select' 'select_ln70_1' <Predicate = (!icmp_ln70)> <Delay = 0.39> <CoreInst = "Sel">   --->   Core 73 'Sel' <Latency = 0> <II = 1> <Delay = 0.39> <FuncUnit> <Opcode : 'select'> <InPorts = 3> <OutPorts = 1>
ST_2 : Operation 74 [1/1] (0.00ns)   --->   "%trunc_ln75 = trunc i4 %select_ln70_1" [src/conv2.cpp:75->src/conv2.cpp:114]   --->   Operation 74 'trunc' 'trunc_ln75' <Predicate = (!icmp_ln70)> <Delay = 0.00>
ST_2 : Operation 75 [1/1] (0.00ns)   --->   "%tmp_17_cast = bitconcatenate i8 @_ssdm_op_BitConcatenate.i8.i3.i5, i3 %trunc_ln75, i5 0" [src/conv2.cpp:75->src/conv2.cpp:114]   --->   Operation 75 'bitconcatenate' 'tmp_17_cast' <Predicate = (!icmp_ln70)> <Delay = 0.00>
ST_2 : Operation 76 [1/1] (0.00ns)   --->   "%zext_ln70_1 = zext i4 %add_ln70" [src/conv2.cpp:70->src/conv2.cpp:114]   --->   Operation 76 'zext' 'zext_ln70_1' <Predicate = (!icmp_ln70)> <Delay = 0.00>
ST_2 : Operation 77 [1/1] (0.78ns)   --->   "%p_mid171 = add i5 %zext_ln70_1, i5 %trunc_ln67_mid2_read" [src/conv2.cpp:70->src/conv2.cpp:114]   --->   Operation 77 'add' 'p_mid171' <Predicate = (!icmp_ln70)> <Delay = 0.78> <CoreInst = "Adder">   --->   Core 1 'Adder' <Latency = 0> <II = 1> <Delay = 0.78> <FuncUnit> <Opcode : 'add' 'sub'> <InPorts = 2> <OutPorts = 1>
ST_2 : Operation 78 [1/1] (0.00ns)   --->   "%p_cast37_mid1 = zext i5 %p_mid171" [src/conv2.cpp:70->src/conv2.cpp:114]   --->   Operation 78 'zext' 'p_cast37_mid1' <Predicate = (!icmp_ln70)> <Delay = 0.00>
ST_2 : Operation 79 [1/1] (0.00ns) (grouped into LUT with out node add_ln70_1)   --->   "%select_ln70_2 = select i1 %icmp_ln71, i5 %p_mid171, i5 %empty" [src/conv2.cpp:70->src/conv2.cpp:114]   --->   Operation 79 'select' 'select_ln70_2' <Predicate = (!icmp_ln70)> <Delay = 0.00> <CoreInst = "Sel">   --->   Core 73 'Sel' <Latency = 0> <II = 1> <Delay = 0.41> <FuncUnit> <Opcode : 'select'> <InPorts = 3> <OutPorts = 1>
ST_2 : Operation 80 [1/1] (0.00ns) (grouped into LUT with out node add_ln70_1)   --->   "%p_mid276_v_v = bitconcatenate i7 @_ssdm_op_BitConcatenate.i7.i5.i2, i5 %select_ln70_2, i2 0" [src/conv2.cpp:70->src/conv2.cpp:114]   --->   Operation 80 'bitconcatenate' 'p_mid276_v_v' <Predicate = (!icmp_ln70)> <Delay = 0.00>
ST_2 : Operation 81 [1/1] (0.00ns) (grouped into LUT with out node add_ln70_1)   --->   "%zext_ln70_2 = zext i7 %p_mid276_v_v" [src/conv2.cpp:70->src/conv2.cpp:114]   --->   Operation 81 'zext' 'zext_ln70_2' <Predicate = (!icmp_ln70)> <Delay = 0.00>
ST_2 : Operation 82 [1/1] (1.08ns) (out node of the LUT)   --->   "%add_ln70_1 = add i64 %zext_ln70_2, i64 %b_read" [src/conv2.cpp:70->src/conv2.cpp:114]   --->   Operation 82 'add' 'add_ln70_1' <Predicate = (!icmp_ln70)> <Delay = 1.08> <CoreInst = "Adder">   --->   Core 1 'Adder' <Latency = 0> <II = 1> <Delay = 1.08> <FuncUnit> <Opcode : 'add' 'sub'> <InPorts = 2> <OutPorts = 1>
ST_2 : Operation 83 [1/1] (2.49ns)   --->   "%p_mid177 = mul i23 %p_cast37_mid1, i23 260100" [src/conv2.cpp:70->src/conv2.cpp:114]   --->   Operation 83 'mul' 'p_mid177' <Predicate = (!icmp_ln70)> <Delay = 2.49> <CoreInst = "Multiplier">   --->   Core 3 'Multiplier' <Latency = 0> <II = 1> <Delay = 2.49> <FuncUnit> <Opcode : 'mul'> <InPorts = 2> <OutPorts = 1>
ST_2 : Operation 84 [1/1] (0.00ns)   --->   "%zext_ln71_3 = zext i23 %p_mid177" [src/conv2.cpp:71->src/conv2.cpp:114]   --->   Operation 84 'zext' 'zext_ln71_3' <Predicate = (!icmp_ln70)> <Delay = 0.00>
ST_2 : Operation 85 [1/1] (0.00ns) (grouped into LUT with out node tmp4_mid1)   --->   "%select_ln70_3 = select i1 %icmp_ln71, i23 %p_mid177, i23 %empty_66" [src/conv2.cpp:70->src/conv2.cpp:114]   --->   Operation 85 'select' 'select_ln70_3' <Predicate = (!icmp_ln70)> <Delay = 0.00> <CoreInst = "Sel">   --->   Core 73 'Sel' <Latency = 0> <II = 1> <Delay = 0.33> <FuncUnit> <Opcode : 'select'> <InPorts = 3> <OutPorts = 1>
ST_2 : Operation 86 [1/1] (0.00ns) (grouped into LUT with out node tmp4_mid1)   --->   "%zext_ln70_3 = zext i23 %select_ln70_3" [src/conv2.cpp:70->src/conv2.cpp:114]   --->   Operation 86 'zext' 'zext_ln70_3' <Predicate = (!icmp_ln70)> <Delay = 0.00>
ST_2 : Operation 87 [1/1] (0.00ns)   --->   "%p_shl2_mid = bitconcatenate i19 @_ssdm_op_BitConcatenate.i19.i9.i10, i9 %select_ln93_read, i10 0"   --->   Operation 87 'bitconcatenate' 'p_shl2_mid' <Predicate = (!icmp_ln70)> <Delay = 0.00>
ST_2 : Operation 88 [1/1] (0.00ns)   --->   "%p_shl2_cast_mid191 = zext i19 %p_shl2_mid"   --->   Operation 88 'zext' 'p_shl2_cast_mid191' <Predicate = (!icmp_ln70)> <Delay = 0.00>
ST_2 : Operation 89 [1/1] (0.00ns)   --->   "%p_shl3_mid = bitconcatenate i11 @_ssdm_op_BitConcatenate.i11.i9.i2, i9 %select_ln93_read, i2 0"   --->   Operation 89 'bitconcatenate' 'p_shl3_mid' <Predicate = (!icmp_ln70)> <Delay = 0.00>
ST_2 : Operation 90 [1/1] (0.00ns)   --->   "%p_shl3_cast_mid195 = zext i11 %p_shl3_mid"   --->   Operation 90 'zext' 'p_shl3_cast_mid195' <Predicate = (!icmp_ln70)> <Delay = 0.00>
ST_2 : Operation 91 [1/1] (0.88ns)   --->   "%p_mid197 = sub i20 %p_shl2_cast_mid191, i20 %p_shl3_cast_mid195"   --->   Operation 91 'sub' 'p_mid197' <Predicate = (!icmp_ln70)> <Delay = 0.88> <CoreInst = "Adder">   --->   Core 1 'Adder' <Latency = 0> <II = 1> <Delay = 0.88> <FuncUnit> <Opcode : 'add' 'sub'> <InPorts = 2> <OutPorts = 1>
ST_2 : Operation 92 [1/1] (0.00ns)   --->   "%p_cast17_mid199 = sext i20 %p_mid197"   --->   Operation 92 'sext' 'p_cast17_mid199' <Predicate = (!icmp_ln70)> <Delay = 0.00>
ST_2 : Operation 93 [1/1] (0.92ns)   --->   "%tmp4_mid1101 = add i24 %zext_ln71_3, i24 %p_cast17_mid199" [src/conv2.cpp:71->src/conv2.cpp:114]   --->   Operation 93 'add' 'tmp4_mid1101' <Predicate = (!icmp_ln70)> <Delay = 0.92> <CoreInst = "Adder">   --->   Core 1 'Adder' <Latency = 0> <II = 1> <Delay = 0.92> <FuncUnit> <Opcode : 'add' 'sub'> <InPorts = 2> <OutPorts = 1>
ST_2 : Operation 94 [1/1] (0.76ns)   --->   "%cmp10_i28_mid1107 = icmp_ne  i8 %select_ln67_5_read, i8 0"   --->   Operation 94 'icmp' 'cmp10_i28_mid1107' <Predicate = (!icmp_ln70)> <Delay = 0.76> <CoreInst = "Cmp">   --->   Core 9 'Cmp' <Latency = 0> <II = 1> <Delay = 0.76> <FuncUnit> <Opcode : 'icmp'> <InPorts = 2> <OutPorts = 1>
ST_2 : Operation 95 [1/1] (0.00ns) (grouped into LUT with out node select_ln71_2)   --->   "%select_ln70_4 = select i1 %icmp_ln71, i1 %cmp10_i28_mid1107, i1 %cmp10_i28" [src/conv2.cpp:70->src/conv2.cpp:114]   --->   Operation 95 'select' 'select_ln70_4' <Predicate = (!icmp_ln70)> <Delay = 0.00> <CoreInst = "Sel">   --->   Core 73 'Sel' <Latency = 0> <II = 1> <Delay = 0.17> <FuncUnit> <Opcode : 'select'> <InPorts = 3> <OutPorts = 1>
ST_2 : Operation 96 [1/1] (0.00ns) (grouped into LUT with out node add_ln71_1)   --->   "%select_ln70_5 = select i1 %icmp_ln71, i24 %tmp4_mid1101, i24 %tmp4" [src/conv2.cpp:70->src/conv2.cpp:114]   --->   Operation 96 'select' 'select_ln70_5' <Predicate = (!icmp_ln70)> <Delay = 0.00> <CoreInst = "Sel">   --->   Core 73 'Sel' <Latency = 0> <II = 1> <Delay = 0.32> <FuncUnit> <Opcode : 'select'> <InPorts = 3> <OutPorts = 1>
ST_2 : Operation 97 [1/1] (0.00ns) (grouped into LUT with out node select_ln70_6)   --->   "%select_ln72_1 = select i1 %cmp10_i28_mid1107, i6 %select_ln106_read, i6 0" [src/conv2.cpp:72->src/conv2.cpp:114]   --->   Operation 97 'select' 'select_ln72_1' <Predicate = (!icmp_ln70)> <Delay = 0.00> <CoreInst = "Sel">   --->   Core 73 'Sel' <Latency = 0> <II = 1> <Delay = 0.38> <FuncUnit> <Opcode : 'select'> <InPorts = 3> <OutPorts = 1>
ST_2 : Operation 98 [1/1] (0.38ns) (out node of the LUT)   --->   "%select_ln70_6 = select i1 %icmp_ln71, i6 %select_ln72_1, i6 %select_ln72" [src/conv2.cpp:70->src/conv2.cpp:114]   --->   Operation 98 'select' 'select_ln70_6' <Predicate = (!icmp_ln70)> <Delay = 0.38> <CoreInst = "Sel">   --->   Core 73 'Sel' <Latency = 0> <II = 1> <Delay = 0.38> <FuncUnit> <Opcode : 'select'> <InPorts = 3> <OutPorts = 1>
ST_2 : Operation 99 [1/1] (0.00ns) (grouped into LUT with out node and_ln70)   --->   "%xor_ln70 = xor i1 %icmp_ln71, i1 1" [src/conv2.cpp:70->src/conv2.cpp:114]   --->   Operation 99 'xor' 'xor_ln70' <Predicate = (!icmp_ln70)> <Delay = 0.00> <CoreInst = "LogicGate">   --->   Core 74 'LogicGate' <Latency = 0> <II = 1> <Delay = 0.28> <FuncUnit> <Opcode : 'and' 'or' 'xor'> <InPorts = 2> <OutPorts = 1>
ST_2 : Operation 100 [1/1] (0.78ns)   --->   "%icmp_ln72 = icmp_eq  i6 %tw_load, i6 32" [src/conv2.cpp:72->src/conv2.cpp:114]   --->   Operation 100 'icmp' 'icmp_ln72' <Predicate = (!icmp_ln70)> <Delay = 0.78> <CoreInst = "Cmp">   --->   Core 9 'Cmp' <Latency = 0> <II = 1> <Delay = 0.78> <FuncUnit> <Opcode : 'icmp'> <InPorts = 2> <OutPorts = 1>
ST_2 : Operation 101 [1/1] (0.28ns) (out node of the LUT)   --->   "%and_ln70 = and i1 %icmp_ln72, i1 %xor_ln70" [src/conv2.cpp:70->src/conv2.cpp:114]   --->   Operation 101 'and' 'and_ln70' <Predicate = (!icmp_ln70)> <Delay = 0.28> <CoreInst = "LogicGate">   --->   Core 74 'LogicGate' <Latency = 0> <II = 1> <Delay = 0.28> <FuncUnit> <Opcode : 'and' 'or' 'xor'> <InPorts = 2> <OutPorts = 1>
ST_2 : Operation 102 [1/1] (0.78ns)   --->   "%add_ln71 = add i6 %select_ln70, i6 1" [src/conv2.cpp:71->src/conv2.cpp:114]   --->   Operation 102 'add' 'add_ln71' <Predicate = (!icmp_ln70)> <Delay = 0.78> <CoreInst = "Adder">   --->   Core 1 'Adder' <Latency = 0> <II = 1> <Delay = 0.78> <FuncUnit> <Opcode : 'add' 'sub'> <InPorts = 2> <OutPorts = 1>
ST_2 : Operation 103 [1/1] (0.28ns) (out node of the LUT)   --->   "%or_ln71 = or i1 %and_ln70, i1 %or_ln70" [src/conv2.cpp:71->src/conv2.cpp:114]   --->   Operation 103 'or' 'or_ln71' <Predicate = (!icmp_ln70)> <Delay = 0.28> <CoreInst = "LogicGate">   --->   Core 74 'LogicGate' <Latency = 0> <II = 1> <Delay = 0.28> <FuncUnit> <Opcode : 'and' 'or' 'xor'> <InPorts = 2> <OutPorts = 1>
ST_2 : Operation 104 [1/1] (0.00ns) (grouped into LUT with out node select_ln71)   --->   "%or_ln71_1 = or i1 %and_ln70, i1 %icmp_ln71" [src/conv2.cpp:71->src/conv2.cpp:114]   --->   Operation 104 'or' 'or_ln71_1' <Predicate = (!icmp_ln70)> <Delay = 0.00> <CoreInst = "LogicGate">   --->   Core 74 'LogicGate' <Latency = 0> <II = 1> <Delay = 0.28> <FuncUnit> <Opcode : 'and' 'or' 'xor'> <InPorts = 2> <OutPorts = 1>
ST_2 : Operation 105 [1/1] (0.38ns) (out node of the LUT)   --->   "%select_ln71 = select i1 %or_ln71_1, i6 0, i6 %tw_load" [src/conv2.cpp:71->src/conv2.cpp:114]   --->   Operation 105 'select' 'select_ln71' <Predicate = (!icmp_ln70)> <Delay = 0.38> <CoreInst = "Sel">   --->   Core 73 'Sel' <Latency = 0> <II = 1> <Delay = 0.38> <FuncUnit> <Opcode : 'select'> <InPorts = 3> <OutPorts = 1>
ST_2 : Operation 106 [1/1] (0.38ns)   --->   "%select_ln71_1 = select i1 %and_ln70, i6 %add_ln71, i6 %select_ln70" [src/conv2.cpp:71->src/conv2.cpp:114]   --->   Operation 106 'select' 'select_ln71_1' <Predicate = (!icmp_ln70)> <Delay = 0.38> <CoreInst = "Sel">   --->   Core 73 'Sel' <Latency = 0> <II = 1> <Delay = 0.38> <FuncUnit> <Opcode : 'select'> <InPorts = 3> <OutPorts = 1>
ST_2 : Operation 107 [1/1] (0.00ns)   --->   "%zext_ln75 = zext i6 %select_ln71_1" [src/conv2.cpp:75->src/conv2.cpp:114]   --->   Operation 107 'zext' 'zext_ln75' <Predicate = (!icmp_ln70)> <Delay = 0.00>
ST_2 : Operation 108 [1/1] (0.76ns)   --->   "%add_ln75 = add i8 %tmp_17_cast, i8 %zext_ln75" [src/conv2.cpp:75->src/conv2.cpp:114]   --->   Operation 108 'add' 'add_ln75' <Predicate = (!icmp_ln70)> <Delay = 0.76> <CoreInst = "Adder">   --->   Core 1 'Adder' <Latency = 0> <II = 1> <Delay = 0.76> <FuncUnit> <Opcode : 'add' 'sub'> <InPorts = 2> <OutPorts = 1>
ST_2 : Operation 109 [1/1] (0.00ns)   --->   "%tmp_s = bitconcatenate i13 @_ssdm_op_BitConcatenate.i13.i8.i5, i8 %add_ln75, i5 0" [src/conv2.cpp:75->src/conv2.cpp:114]   --->   Operation 109 'bitconcatenate' 'tmp_s' <Predicate = (!icmp_ln70)> <Delay = 0.00>
ST_2 : Operation 110 [1/1] (0.00ns)   --->   "%zext_ln71_4 = zext i6 %add_ln71" [src/conv2.cpp:71->src/conv2.cpp:114]   --->   Operation 110 'zext' 'zext_ln71_4' <Predicate = (!icmp_ln70)> <Delay = 0.00>
ST_2 : Operation 111 [1/1] (0.00ns)   --->   "%add_ln71_cast = zext i6 %add_ln71" [src/conv2.cpp:71->src/conv2.cpp:114]   --->   Operation 111 'zext' 'add_ln71_cast' <Predicate = (!icmp_ln70)> <Delay = 0.00>
ST_2 : Operation 112 [1/1] (0.77ns)   --->   "%p_mid151 = add i9 %zext_ln71_4, i9 %select_ln93_read" [src/conv2.cpp:71->src/conv2.cpp:114]   --->   Operation 112 'add' 'p_mid151' <Predicate = (!icmp_ln70)> <Delay = 0.77> <CoreInst = "Adder">   --->   Core 1 'Adder' <Latency = 0> <II = 1> <Delay = 0.77> <FuncUnit> <Opcode : 'add' 'sub'> <InPorts = 2> <OutPorts = 1>
ST_2 : Operation 113 [1/1] (0.00ns)   --->   "%p_shl2_mid1 = bitconcatenate i19 @_ssdm_op_BitConcatenate.i19.i9.i10, i9 %p_mid151, i10 0" [src/conv2.cpp:71->src/conv2.cpp:114]   --->   Operation 113 'bitconcatenate' 'p_shl2_mid1' <Predicate = (!icmp_ln70)> <Delay = 0.00>
ST_2 : Operation 114 [1/1] (0.00ns)   --->   "%p_shl2_cast_mid1 = zext i19 %p_shl2_mid1" [src/conv2.cpp:71->src/conv2.cpp:114]   --->   Operation 114 'zext' 'p_shl2_cast_mid1' <Predicate = (!icmp_ln70)> <Delay = 0.00>
ST_2 : Operation 115 [1/1] (0.00ns)   --->   "%p_shl3_mid1 = bitconcatenate i11 @_ssdm_op_BitConcatenate.i11.i9.i2, i9 %p_mid151, i2 0" [src/conv2.cpp:71->src/conv2.cpp:114]   --->   Operation 115 'bitconcatenate' 'p_shl3_mid1' <Predicate = (!icmp_ln70)> <Delay = 0.00>
ST_2 : Operation 116 [1/1] (0.00ns)   --->   "%p_shl3_cast_mid1 = zext i11 %p_shl3_mid1" [src/conv2.cpp:71->src/conv2.cpp:114]   --->   Operation 116 'zext' 'p_shl3_cast_mid1' <Predicate = (!icmp_ln70)> <Delay = 0.00>
ST_2 : Operation 117 [1/1] (0.88ns)   --->   "%p_mid153 = sub i20 %p_shl2_cast_mid1, i20 %p_shl3_cast_mid1" [src/conv2.cpp:71->src/conv2.cpp:114]   --->   Operation 117 'sub' 'p_mid153' <Predicate = (!icmp_ln70)> <Delay = 0.88> <CoreInst = "Adder">   --->   Core 1 'Adder' <Latency = 0> <II = 1> <Delay = 0.88> <FuncUnit> <Opcode : 'add' 'sub'> <InPorts = 2> <OutPorts = 1>
ST_2 : Operation 118 [1/1] (0.00ns) (grouped into LUT with out node tmp4_mid1)   --->   "%p_cast17_mid1 = sext i20 %p_mid153" [src/conv2.cpp:71->src/conv2.cpp:114]   --->   Operation 118 'sext' 'p_cast17_mid1' <Predicate = (!icmp_ln70)> <Delay = 0.00>
ST_2 : Operation 119 [1/1] (0.92ns) (out node of the LUT)   --->   "%tmp4_mid1 = add i24 %zext_ln70_3, i24 %p_cast17_mid1" [src/conv2.cpp:70->src/conv2.cpp:114]   --->   Operation 119 'add' 'tmp4_mid1' <Predicate = (!icmp_ln70)> <Delay = 0.92> <CoreInst = "Adder">   --->   Core 1 'Adder' <Latency = 0> <II = 1> <Delay = 0.92> <FuncUnit> <Opcode : 'add' 'sub'> <InPorts = 2> <OutPorts = 1>
ST_2 : Operation 120 [1/1] (0.76ns)   --->   "%cmp10_i28_mid1 = icmp_ult  i8 %add_ln71_cast, i8 %select_ln67_5_read" [src/conv2.cpp:71->src/conv2.cpp:114]   --->   Operation 120 'icmp' 'cmp10_i28_mid1' <Predicate = (!icmp_ln70)> <Delay = 0.76> <CoreInst = "Cmp">   --->   Core 9 'Cmp' <Latency = 0> <II = 1> <Delay = 0.76> <FuncUnit> <Opcode : 'icmp'> <InPorts = 2> <OutPorts = 1>
ST_2 : Operation 121 [1/1] (0.17ns) (out node of the LUT)   --->   "%select_ln71_2 = select i1 %and_ln70, i1 %cmp10_i28_mid1, i1 %select_ln70_4" [src/conv2.cpp:71->src/conv2.cpp:114]   --->   Operation 121 'select' 'select_ln71_2' <Predicate = (!icmp_ln70)> <Delay = 0.17> <CoreInst = "Sel">   --->   Core 73 'Sel' <Latency = 0> <II = 1> <Delay = 0.17> <FuncUnit> <Opcode : 'select'> <InPorts = 3> <OutPorts = 1>
ST_2 : Operation 122 [1/1] (0.00ns) (grouped into LUT with out node add_ln71_1)   --->   "%select_ln71_3 = select i1 %and_ln70, i24 %tmp4_mid1, i24 %select_ln70_5" [src/conv2.cpp:71->src/conv2.cpp:114]   --->   Operation 122 'select' 'select_ln71_3' <Predicate = (!icmp_ln70)> <Delay = 0.00> <CoreInst = "Sel">   --->   Core 73 'Sel' <Latency = 0> <II = 1> <Delay = 0.32> <FuncUnit> <Opcode : 'select'> <InPorts = 3> <OutPorts = 1>
ST_2 : Operation 123 [1/1] (0.00ns) (grouped into LUT with out node add_ln71_1)   --->   "%sext_ln71 = sext i24 %select_ln71_3" [src/conv2.cpp:71->src/conv2.cpp:114]   --->   Operation 123 'sext' 'sext_ln71' <Predicate = (!icmp_ln70)> <Delay = 0.00>
ST_2 : Operation 124 [1/1] (1.08ns) (out node of the LUT)   --->   "%add_ln71_1 = add i64 %sext_ln71, i64 %tmp3_read" [src/conv2.cpp:71->src/conv2.cpp:114]   --->   Operation 124 'add' 'add_ln71_1' <Predicate = (!icmp_ln70)> <Delay = 1.08> <CoreInst = "Adder">   --->   Core 1 'Adder' <Latency = 0> <II = 1> <Delay = 1.08> <FuncUnit> <Opcode : 'add' 'sub'> <InPorts = 2> <OutPorts = 1>
ST_2 : Operation 125 [1/1] (0.00ns)   --->   "%sext_ln72_mid2_v = partselect i62 @_ssdm_op_PartSelect.i62.i64.i32.i32, i64 %add_ln71_1, i32 2, i32 63" [src/conv2.cpp:71->src/conv2.cpp:114]   --->   Operation 125 'partselect' 'sext_ln72_mid2_v' <Predicate = (!icmp_ln70)> <Delay = 0.00>
ST_2 : Operation 126 [1/1] (0.00ns) (grouped into LUT with out node select_ln71_4)   --->   "%select_ln72_2 = select i1 %cmp10_i28_mid1, i6 %select_ln106_read, i6 0" [src/conv2.cpp:72->src/conv2.cpp:114]   --->   Operation 126 'select' 'select_ln72_2' <Predicate = (!icmp_ln70)> <Delay = 0.00> <CoreInst = "Sel">   --->   Core 73 'Sel' <Latency = 0> <II = 1> <Delay = 0.38> <FuncUnit> <Opcode : 'select'> <InPorts = 3> <OutPorts = 1>
ST_2 : Operation 127 [1/1] (0.38ns) (out node of the LUT)   --->   "%select_ln71_4 = select i1 %and_ln70, i6 %select_ln72_2, i6 %select_ln70_6" [src/conv2.cpp:71->src/conv2.cpp:114]   --->   Operation 127 'select' 'select_ln71_4' <Predicate = (!icmp_ln70)> <Delay = 0.38> <CoreInst = "Sel">   --->   Core 73 'Sel' <Latency = 0> <II = 1> <Delay = 0.38> <FuncUnit> <Opcode : 'select'> <InPorts = 3> <OutPorts = 1>
ST_2 : Operation 128 [1/1] (0.00ns)   --->   "%zext_ln75_1 = zext i6 %select_ln71" [src/conv2.cpp:75->src/conv2.cpp:114]   --->   Operation 128 'zext' 'zext_ln75_1' <Predicate = (!icmp_ln70)> <Delay = 0.00>
ST_2 : Operation 129 [1/1] (0.82ns)   --->   "%add_ln75_1 = add i13 %tmp_s, i13 %zext_ln75_1" [src/conv2.cpp:75->src/conv2.cpp:114]   --->   Operation 129 'add' 'add_ln75_1' <Predicate = (!icmp_ln70)> <Delay = 0.82> <CoreInst = "Adder">   --->   Core 1 'Adder' <Latency = 0> <II = 1> <Delay = 0.82> <FuncUnit> <Opcode : 'add' 'sub'> <InPorts = 2> <OutPorts = 1>
ST_2 : Operation 130 [1/1] (0.00ns)   --->   "%zext_ln75_2 = zext i13 %add_ln75_1" [src/conv2.cpp:75->src/conv2.cpp:114]   --->   Operation 130 'zext' 'zext_ln75_2' <Predicate = (!icmp_ln70)> <Delay = 0.00>
ST_2 : Operation 131 [1/1] (0.00ns)   --->   "%out_tile_1_addr = getelementptr i32 %out_tile_1, i64 0, i64 %zext_ln75_2" [src/conv2.cpp:75->src/conv2.cpp:114]   --->   Operation 131 'getelementptr' 'out_tile_1_addr' <Predicate = (!icmp_ln70)> <Delay = 0.00>
ST_2 : Operation 132 [1/1] (0.00ns)   --->   "%zext_ln72 = zext i6 %select_ln71" [src/conv2.cpp:72->src/conv2.cpp:114]   --->   Operation 132 'zext' 'zext_ln72' <Predicate = (!icmp_ln70)> <Delay = 0.00>
ST_2 : Operation 133 [1/1] (0.00ns)   --->   "%br_ln72 = br i1 %or_ln71, void %for.body8.i36.split, void %for.first.iter.for.body8.i36" [src/conv2.cpp:72->src/conv2.cpp:114]   --->   Operation 133 'br' 'br_ln72' <Predicate = (!icmp_ln70)> <Delay = 0.00>
ST_2 : Operation 134 [1/1] (0.00ns)   --->   "%specpipeline_ln73 = specpipeline void @_ssdm_op_SpecPipeline, i32 1, i32 0, i32 0, i32 0, void @empty_40" [src/conv2.cpp:73->src/conv2.cpp:114]   --->   Operation 134 'specpipeline' 'specpipeline_ln73' <Predicate = (!icmp_ln70)> <Delay = 0.00>
ST_2 : Operation 135 [1/1] (0.00ns)   --->   "%specloopname_ln72 = specloopname void @_ssdm_op_SpecLoopName, void @empty_38" [src/conv2.cpp:72->src/conv2.cpp:114]   --->   Operation 135 'specloopname' 'specloopname_ln72' <Predicate = (!icmp_ln70)> <Delay = 0.00>
ST_2 : Operation 136 [1/1] (0.76ns)   --->   "%icmp_ln74 = icmp_ult  i8 %zext_ln72, i8 %zext_ln99_read" [src/conv2.cpp:74->src/conv2.cpp:114]   --->   Operation 136 'icmp' 'icmp_ln74' <Predicate = (!icmp_ln70)> <Delay = 0.76> <CoreInst = "Cmp">   --->   Core 9 'Cmp' <Latency = 0> <II = 1> <Delay = 0.76> <FuncUnit> <Opcode : 'icmp'> <InPorts = 2> <OutPorts = 1>
ST_2 : Operation 137 [1/1] (0.28ns)   --->   "%and_ln74 = and i1 %icmp_ln74, i1 %select_ln71_2" [src/conv2.cpp:74->src/conv2.cpp:114]   --->   Operation 137 'and' 'and_ln74' <Predicate = (!icmp_ln70)> <Delay = 0.28> <CoreInst = "LogicGate">   --->   Core 74 'LogicGate' <Latency = 0> <II = 1> <Delay = 0.28> <FuncUnit> <Opcode : 'and' 'or' 'xor'> <InPorts = 2> <OutPorts = 1>
ST_2 : Operation 138 [1/1] (0.00ns)   --->   "%br_ln74 = br i1 %and_ln74, void %for.inc.i41, void %if.then.i38" [src/conv2.cpp:74->src/conv2.cpp:114]   --->   Operation 138 'br' 'br_ln74' <Predicate = (!icmp_ln70)> <Delay = 0.00>
ST_2 : Operation 139 [1/1] (0.00ns)   --->   "%trunc_ln7 = partselect i62 @_ssdm_op_PartSelect.i62.i64.i32.i32, i64 %add_ln70_1, i32 2, i32 63" [src/conv2.cpp:75->src/conv2.cpp:114]   --->   Operation 139 'partselect' 'trunc_ln7' <Predicate = (!icmp_ln70 & and_ln74)> <Delay = 0.00>
ST_2 : Operation 140 [1/1] (0.00ns)   --->   "%sext_ln75 = sext i62 %trunc_ln7" [src/conv2.cpp:75->src/conv2.cpp:114]   --->   Operation 140 'sext' 'sext_ln75' <Predicate = (!icmp_ln70 & and_ln74)> <Delay = 0.00>
ST_2 : Operation 141 [1/1] (0.00ns)   --->   "%w2_addr = getelementptr i32 %w2, i64 %sext_ln75" [src/conv2.cpp:75->src/conv2.cpp:114]   --->   Operation 141 'getelementptr' 'w2_addr' <Predicate = (!icmp_ln70 & and_ln74)> <Delay = 0.00>
ST_2 : Operation 142 [1/1] (0.78ns)   --->   "%add_ln72 = add i6 %select_ln71, i6 1" [src/conv2.cpp:72->src/conv2.cpp:114]   --->   Operation 142 'add' 'add_ln72' <Predicate = (!icmp_ln70)> <Delay = 0.78> <CoreInst = "Adder">   --->   Core 1 'Adder' <Latency = 0> <II = 1> <Delay = 0.78> <FuncUnit> <Opcode : 'add' 'sub'> <InPorts = 2> <OutPorts = 1>
ST_2 : Operation 143 [1/1] (0.78ns)   --->   "%icmp_ln72_1 = icmp_eq  i6 %add_ln72, i6 32" [src/conv2.cpp:72->src/conv2.cpp:114]   --->   Operation 143 'icmp' 'icmp_ln72_1' <Predicate = (!icmp_ln70)> <Delay = 0.78> <CoreInst = "Cmp">   --->   Core 9 'Cmp' <Latency = 0> <II = 1> <Delay = 0.78> <FuncUnit> <Opcode : 'icmp'> <InPorts = 2> <OutPorts = 1>
ST_2 : Operation 144 [1/1] (0.00ns)   --->   "%br_ln72 = br i1 %icmp_ln72_1, void %new.latch.for.inc.i41, void %last.iter.for.inc.i41" [src/conv2.cpp:72->src/conv2.cpp:114]   --->   Operation 144 'br' 'br_ln72' <Predicate = (!icmp_ln70)> <Delay = 0.00>
ST_2 : Operation 145 [1/1] (0.80ns)   --->   "%add_ln71_2 = add i12 %indvar_flatten57_load, i12 1" [src/conv2.cpp:71->src/conv2.cpp:114]   --->   Operation 145 'add' 'add_ln71_2' <Predicate = (!icmp_ln70)> <Delay = 0.80> <CoreInst = "Adder">   --->   Core 1 'Adder' <Latency = 0> <II = 1> <Delay = 0.80> <FuncUnit> <Opcode : 'add' 'sub'> <InPorts = 2> <OutPorts = 1>
ST_2 : Operation 146 [1/1] (0.37ns)   --->   "%select_ln71_5 = select i1 %icmp_ln71, i12 1, i12 %add_ln71_2" [src/conv2.cpp:71->src/conv2.cpp:114]   --->   Operation 146 'select' 'select_ln71_5' <Predicate = (!icmp_ln70)> <Delay = 0.37> <CoreInst = "Sel">   --->   Core 73 'Sel' <Latency = 0> <II = 1> <Delay = 0.37> <FuncUnit> <Opcode : 'select'> <InPorts = 3> <OutPorts = 1>
ST_2 : Operation 147 [1/1] (0.42ns)   --->   "%store_ln72 = store i14 %add_ln70_2, i14 %indvar_flatten121" [src/conv2.cpp:72->src/conv2.cpp:114]   --->   Operation 147 'store' 'store_ln72' <Predicate = (!icmp_ln70)> <Delay = 0.42>
ST_2 : Operation 148 [1/1] (0.42ns)   --->   "%store_ln72 = store i4 %select_ln70_1, i4 %tn" [src/conv2.cpp:72->src/conv2.cpp:114]   --->   Operation 148 'store' 'store_ln72' <Predicate = (!icmp_ln70)> <Delay = 0.42>
ST_2 : Operation 149 [1/1] (0.42ns)   --->   "%store_ln72 = store i12 %select_ln71_5, i12 %indvar_flatten57" [src/conv2.cpp:72->src/conv2.cpp:114]   --->   Operation 149 'store' 'store_ln72' <Predicate = (!icmp_ln70)> <Delay = 0.42>
ST_2 : Operation 150 [1/1] (0.42ns)   --->   "%store_ln72 = store i6 %select_ln71_1, i6 %th" [src/conv2.cpp:72->src/conv2.cpp:114]   --->   Operation 150 'store' 'store_ln72' <Predicate = (!icmp_ln70)> <Delay = 0.42>
ST_2 : Operation 151 [1/1] (0.42ns)   --->   "%store_ln72 = store i6 %add_ln72, i6 %tw" [src/conv2.cpp:72->src/conv2.cpp:114]   --->   Operation 151 'store' 'store_ln72' <Predicate = (!icmp_ln70)> <Delay = 0.42>
ST_2 : Operation 152 [1/1] (0.00ns)   --->   "%br_ln72 = br void %for.body8.i36" [src/conv2.cpp:72->src/conv2.cpp:114]   --->   Operation 152 'br' 'br_ln72' <Predicate = (!icmp_ln70)> <Delay = 0.00>

State 3 <SV = 2> <Delay = 7.30>
ST_3 : Operation 153 [1/1] (0.00ns)   --->   "%specloopname_ln0 = specloopname void @_ssdm_op_SpecLoopName, void @VITIS_LOOP_70_1_VITIS_LOOP_71_2_VITIS_LOOP_72_3_str"   --->   Operation 153 'specloopname' 'specloopname_ln0' <Predicate = true> <Delay = 0.00>
ST_3 : Operation 154 [1/1] (0.00ns)   --->   "%speclooptripcount_ln0 = speclooptripcount void @_ssdm_op_SpecLoopTripCount, i64 8192, i64 8192, i64 8192"   --->   Operation 154 'speclooptripcount' 'speclooptripcount_ln0' <Predicate = true> <Delay = 0.00>
ST_3 : Operation 155 [1/1] (0.00ns)   --->   "%specloopname_ln0 = specloopname void @_ssdm_op_SpecLoopName, void @VITIS_LOOP_71_2_VITIS_LOOP_72_3_str"   --->   Operation 155 'specloopname' 'specloopname_ln0' <Predicate = true> <Delay = 0.00>
ST_3 : Operation 156 [1/1] (0.00ns)   --->   "%sext_ln71_1 = sext i62 %sext_ln72_mid2_v" [src/conv2.cpp:71->src/conv2.cpp:114]   --->   Operation 156 'sext' 'sext_ln71_1' <Predicate = true> <Delay = 0.00>
ST_3 : Operation 157 [1/1] (0.00ns)   --->   "%zext_ln71_5 = zext i6 %select_ln71_4" [src/conv2.cpp:71->src/conv2.cpp:114]   --->   Operation 157 'zext' 'zext_ln71_5' <Predicate = true> <Delay = 0.00>
ST_3 : Operation 158 [1/1] (0.00ns)   --->   "%feat_addr = getelementptr i32 %feat, i64 %sext_ln71_1" [src/conv2.cpp:72->src/conv2.cpp:114]   --->   Operation 158 'getelementptr' 'feat_addr' <Predicate = (or_ln71)> <Delay = 0.00>
ST_3 : Operation 159 [1/1] (7.30ns)   --->   "%empty_70 = writereq i1 @_ssdm_op_WriteReq.m_axi.p1i32, i32 %feat_addr, i32 %zext_ln71_5" [src/conv2.cpp:72->src/conv2.cpp:114]   --->   Operation 159 'writereq' 'empty_70' <Predicate = (or_ln71)> <Delay = 7.30> <CoreInst = "m_axi">   --->   Core 121 'm_axi' <Latency = 0> <II = 1> <Delay = 1.00> <Adapter> <Opcode : 'read' 'write' 'readreq' 'writereq' 'writeresp'>
ST_3 : Operation 160 [1/1] (0.00ns)   --->   "%br_ln72 = br void %for.body8.i36.split" [src/conv2.cpp:72->src/conv2.cpp:114]   --->   Operation 160 'br' 'br_ln72' <Predicate = (or_ln71)> <Delay = 0.00>
ST_3 : Operation 161 [8/8] (7.30ns)   --->   "%w2_load_1_req = readreq i1 @_ssdm_op_ReadReq.m_axi.i32P1A, i32 %w2_addr, i32 1" [src/conv2.cpp:75->src/conv2.cpp:114]   --->   Operation 161 'readreq' 'w2_load_1_req' <Predicate = (and_ln74)> <Delay = 7.30> <CoreInst = "m_axi">   --->   Core 121 'm_axi' <Latency = 0> <II = 1> <Delay = 1.00> <Adapter> <Opcode : 'read' 'write' 'readreq' 'writereq' 'writeresp'>

State 4 <SV = 3> <Delay = 7.30>
ST_4 : Operation 162 [7/8] (7.30ns)   --->   "%w2_load_1_req = readreq i1 @_ssdm_op_ReadReq.m_axi.i32P1A, i32 %w2_addr, i32 1" [src/conv2.cpp:75->src/conv2.cpp:114]   --->   Operation 162 'readreq' 'w2_load_1_req' <Predicate = (and_ln74)> <Delay = 7.30> <CoreInst = "m_axi">   --->   Core 121 'm_axi' <Latency = 0> <II = 1> <Delay = 1.00> <Adapter> <Opcode : 'read' 'write' 'readreq' 'writereq' 'writeresp'>

State 5 <SV = 4> <Delay = 7.30>
ST_5 : Operation 163 [6/8] (7.30ns)   --->   "%w2_load_1_req = readreq i1 @_ssdm_op_ReadReq.m_axi.i32P1A, i32 %w2_addr, i32 1" [src/conv2.cpp:75->src/conv2.cpp:114]   --->   Operation 163 'readreq' 'w2_load_1_req' <Predicate = (and_ln74)> <Delay = 7.30> <CoreInst = "m_axi">   --->   Core 121 'm_axi' <Latency = 0> <II = 1> <Delay = 1.00> <Adapter> <Opcode : 'read' 'write' 'readreq' 'writereq' 'writeresp'>

State 6 <SV = 5> <Delay = 7.30>
ST_6 : Operation 164 [5/8] (7.30ns)   --->   "%w2_load_1_req = readreq i1 @_ssdm_op_ReadReq.m_axi.i32P1A, i32 %w2_addr, i32 1" [src/conv2.cpp:75->src/conv2.cpp:114]   --->   Operation 164 'readreq' 'w2_load_1_req' <Predicate = (and_ln74)> <Delay = 7.30> <CoreInst = "m_axi">   --->   Core 121 'm_axi' <Latency = 0> <II = 1> <Delay = 1.00> <Adapter> <Opcode : 'read' 'write' 'readreq' 'writereq' 'writeresp'>

State 7 <SV = 6> <Delay = 7.30>
ST_7 : Operation 165 [4/8] (7.30ns)   --->   "%w2_load_1_req = readreq i1 @_ssdm_op_ReadReq.m_axi.i32P1A, i32 %w2_addr, i32 1" [src/conv2.cpp:75->src/conv2.cpp:114]   --->   Operation 165 'readreq' 'w2_load_1_req' <Predicate = (and_ln74)> <Delay = 7.30> <CoreInst = "m_axi">   --->   Core 121 'm_axi' <Latency = 0> <II = 1> <Delay = 1.00> <Adapter> <Opcode : 'read' 'write' 'readreq' 'writereq' 'writeresp'>

State 8 <SV = 7> <Delay = 7.30>
ST_8 : Operation 166 [3/8] (7.30ns)   --->   "%w2_load_1_req = readreq i1 @_ssdm_op_ReadReq.m_axi.i32P1A, i32 %w2_addr, i32 1" [src/conv2.cpp:75->src/conv2.cpp:114]   --->   Operation 166 'readreq' 'w2_load_1_req' <Predicate = (and_ln74)> <Delay = 7.30> <CoreInst = "m_axi">   --->   Core 121 'm_axi' <Latency = 0> <II = 1> <Delay = 1.00> <Adapter> <Opcode : 'read' 'write' 'readreq' 'writereq' 'writeresp'>

State 9 <SV = 8> <Delay = 7.30>
ST_9 : Operation 167 [2/8] (7.30ns)   --->   "%w2_load_1_req = readreq i1 @_ssdm_op_ReadReq.m_axi.i32P1A, i32 %w2_addr, i32 1" [src/conv2.cpp:75->src/conv2.cpp:114]   --->   Operation 167 'readreq' 'w2_load_1_req' <Predicate = (and_ln74)> <Delay = 7.30> <CoreInst = "m_axi">   --->   Core 121 'm_axi' <Latency = 0> <II = 1> <Delay = 1.00> <Adapter> <Opcode : 'read' 'write' 'readreq' 'writereq' 'writeresp'>

State 10 <SV = 9> <Delay = 7.30>
ST_10 : Operation 168 [2/2] (1.23ns)   --->   "%out_tile_1_load = load i13 %out_tile_1_addr" [src/conv2.cpp:75->src/conv2.cpp:114]   --->   Operation 168 'load' 'out_tile_1_load' <Predicate = (and_ln74)> <Delay = 1.23> <CoreInst = "RAM">   --->   Core 83 'RAM' <Latency = 1> <II = 1> <Delay = 1.23> <Storage> <Opcode : 'load' 'store'> <Ports = 2> <Width = 32> <Depth = 8192> <RAM>
ST_10 : Operation 169 [1/8] (7.30ns)   --->   "%w2_load_1_req = readreq i1 @_ssdm_op_ReadReq.m_axi.i32P1A, i32 %w2_addr, i32 1" [src/conv2.cpp:75->src/conv2.cpp:114]   --->   Operation 169 'readreq' 'w2_load_1_req' <Predicate = (and_ln74)> <Delay = 7.30> <CoreInst = "m_axi">   --->   Core 121 'm_axi' <Latency = 0> <II = 1> <Delay = 1.00> <Adapter> <Opcode : 'read' 'write' 'readreq' 'writereq' 'writeresp'>

State 11 <SV = 10> <Delay = 7.30>
ST_11 : Operation 170 [1/2] (1.23ns)   --->   "%out_tile_1_load = load i13 %out_tile_1_addr" [src/conv2.cpp:75->src/conv2.cpp:114]   --->   Operation 170 'load' 'out_tile_1_load' <Predicate = (and_ln74)> <Delay = 1.23> <CoreInst = "RAM">   --->   Core 83 'RAM' <Latency = 1> <II = 1> <Delay = 1.23> <Storage> <Opcode : 'load' 'store'> <Ports = 2> <Width = 32> <Depth = 8192> <RAM>
ST_11 : Operation 171 [1/1] (7.30ns)   --->   "%w2_addr_read = read i32 @_ssdm_op_Read.m_axi.i32P1A, i32 %w2_addr" [src/conv2.cpp:75->src/conv2.cpp:114]   --->   Operation 171 'read' 'w2_addr_read' <Predicate = (and_ln74)> <Delay = 7.30> <CoreInst = "m_axi">   --->   Core 121 'm_axi' <Latency = 0> <II = 1> <Delay = 1.00> <Adapter> <Opcode : 'read' 'write' 'readreq' 'writereq' 'writeresp'>

State 12 <SV = 11> <Delay = 6.43>
ST_12 : Operation 172 [1/1] (0.00ns)   --->   "%bitcast_ln75 = bitcast i32 %w2_addr_read" [src/conv2.cpp:75->src/conv2.cpp:114]   --->   Operation 172 'bitcast' 'bitcast_ln75' <Predicate = (and_ln74)> <Delay = 0.00>
ST_12 : [1/1] (1.18ns)   --->   Input mux for Operation 173 '%add19_i = fadd i32 %out_tile_1_load, i32 %bitcast_ln75'
ST_12 : Operation 173 [4/4] (5.25ns)   --->   "%add19_i = fadd i32 %out_tile_1_load, i32 %bitcast_ln75" [src/conv2.cpp:75->src/conv2.cpp:114]   --->   Operation 173 'fadd' 'add19_i' <Predicate = (and_ln74)> <Delay = 5.25> <CoreInst = "FAddSub_fulldsp">   --->   Core 18 'FAddSub_fulldsp' <Latency = 3> <II = 1> <Delay = 6.43> <FuncUnit> <Opcode : 'fadd' 'fsub'> <InPorts = 2> <OutPorts = 1>

State 13 <SV = 12> <Delay = 6.43>
ST_13 : Operation 174 [3/4] (6.43ns)   --->   "%add19_i = fadd i32 %out_tile_1_load, i32 %bitcast_ln75" [src/conv2.cpp:75->src/conv2.cpp:114]   --->   Operation 174 'fadd' 'add19_i' <Predicate = (and_ln74)> <Delay = 6.43> <CoreInst = "FAddSub_fulldsp">   --->   Core 18 'FAddSub_fulldsp' <Latency = 3> <II = 1> <Delay = 6.43> <FuncUnit> <Opcode : 'fadd' 'fsub'> <InPorts = 2> <OutPorts = 1>

State 14 <SV = 13> <Delay = 6.43>
ST_14 : Operation 175 [2/4] (6.43ns)   --->   "%add19_i = fadd i32 %out_tile_1_load, i32 %bitcast_ln75" [src/conv2.cpp:75->src/conv2.cpp:114]   --->   Operation 175 'fadd' 'add19_i' <Predicate = (and_ln74)> <Delay = 6.43> <CoreInst = "FAddSub_fulldsp">   --->   Core 18 'FAddSub_fulldsp' <Latency = 3> <II = 1> <Delay = 6.43> <FuncUnit> <Opcode : 'fadd' 'fsub'> <InPorts = 2> <OutPorts = 1>

State 15 <SV = 14> <Delay = 6.43>
ST_15 : Operation 176 [1/4] (6.43ns)   --->   "%add19_i = fadd i32 %out_tile_1_load, i32 %bitcast_ln75" [src/conv2.cpp:75->src/conv2.cpp:114]   --->   Operation 176 'fadd' 'add19_i' <Predicate = (and_ln74)> <Delay = 6.43> <CoreInst = "FAddSub_fulldsp">   --->   Core 18 'FAddSub_fulldsp' <Latency = 3> <II = 1> <Delay = 6.43> <FuncUnit> <Opcode : 'fadd' 'fsub'> <InPorts = 2> <OutPorts = 1>

State 16 <SV = 15> <Delay = 7.30>
ST_16 : Operation 177 [1/1] (0.00ns)   --->   "%bitcast_ln75_1 = bitcast i32 %add19_i" [src/conv2.cpp:75->src/conv2.cpp:114]   --->   Operation 177 'bitcast' 'bitcast_ln75_1' <Predicate = (and_ln74)> <Delay = 0.00>
ST_16 : Operation 178 [1/1] (0.00ns)   --->   "%feat_addr_1 = getelementptr i32 %feat, i64 %sext_ln71_1" [src/conv2.cpp:72->src/conv2.cpp:114]   --->   Operation 178 'getelementptr' 'feat_addr_1' <Predicate = (and_ln74)> <Delay = 0.00>
ST_16 : Operation 179 [1/1] (7.30ns)   --->   "%write_ln75 = write void @_ssdm_op_Write.m_axi.p1i32, i32 %feat_addr_1, i32 %bitcast_ln75_1, i4 15" [src/conv2.cpp:75->src/conv2.cpp:114]   --->   Operation 179 'write' 'write_ln75' <Predicate = (and_ln74)> <Delay = 7.30> <CoreInst = "m_axi">   --->   Core 121 'm_axi' <Latency = 0> <II = 1> <Delay = 1.00> <Adapter> <Opcode : 'read' 'write' 'readreq' 'writereq' 'writeresp'>
ST_16 : Operation 180 [1/1] (0.00ns)   --->   "%br_ln76 = br void %for.inc.i41" [src/conv2.cpp:76->src/conv2.cpp:114]   --->   Operation 180 'br' 'br_ln76' <Predicate = (and_ln74)> <Delay = 0.00>
ST_16 : Operation 181 [1/1] (0.00ns)   --->   "%feat_addr_2 = getelementptr i32 %feat, i64 %sext_ln71_1" [src/conv2.cpp:72->src/conv2.cpp:114]   --->   Operation 181 'getelementptr' 'feat_addr_2' <Predicate = (icmp_ln72_1)> <Delay = 0.00>

State 17 <SV = 16> <Delay = 7.30>
ST_17 : Operation 182 [5/5] (7.30ns)   --->   "%empty_69 = writeresp i1 @_ssdm_op_WriteResp.m_axi.p1i32, i32 %feat_addr_2" [src/conv2.cpp:71->src/conv2.cpp:114]   --->   Operation 182 'writeresp' 'empty_69' <Predicate = (icmp_ln72_1)> <Delay = 7.30> <CoreInst = "m_axi">   --->   Core 121 'm_axi' <Latency = 0> <II = 1> <Delay = 1.00> <Adapter> <Opcode : 'read' 'write' 'readreq' 'writereq' 'writeresp'>

State 18 <SV = 17> <Delay = 7.30>
ST_18 : Operation 183 [4/5] (7.30ns)   --->   "%empty_69 = writeresp i1 @_ssdm_op_WriteResp.m_axi.p1i32, i32 %feat_addr_2" [src/conv2.cpp:71->src/conv2.cpp:114]   --->   Operation 183 'writeresp' 'empty_69' <Predicate = (icmp_ln72_1)> <Delay = 7.30> <CoreInst = "m_axi">   --->   Core 121 'm_axi' <Latency = 0> <II = 1> <Delay = 1.00> <Adapter> <Opcode : 'read' 'write' 'readreq' 'writereq' 'writeresp'>

State 19 <SV = 18> <Delay = 7.30>
ST_19 : Operation 184 [3/5] (7.30ns)   --->   "%empty_69 = writeresp i1 @_ssdm_op_WriteResp.m_axi.p1i32, i32 %feat_addr_2" [src/conv2.cpp:71->src/conv2.cpp:114]   --->   Operation 184 'writeresp' 'empty_69' <Predicate = (icmp_ln72_1)> <Delay = 7.30> <CoreInst = "m_axi">   --->   Core 121 'm_axi' <Latency = 0> <II = 1> <Delay = 1.00> <Adapter> <Opcode : 'read' 'write' 'readreq' 'writereq' 'writeresp'>

State 20 <SV = 19> <Delay = 7.30>
ST_20 : Operation 185 [2/5] (7.30ns)   --->   "%empty_69 = writeresp i1 @_ssdm_op_WriteResp.m_axi.p1i32, i32 %feat_addr_2" [src/conv2.cpp:71->src/conv2.cpp:114]   --->   Operation 185 'writeresp' 'empty_69' <Predicate = (icmp_ln72_1)> <Delay = 7.30> <CoreInst = "m_axi">   --->   Core 121 'm_axi' <Latency = 0> <II = 1> <Delay = 1.00> <Adapter> <Opcode : 'read' 'write' 'readreq' 'writereq' 'writeresp'>
ST_20 : Operation 188 [1/1] (0.00ns)   --->   "%ret_ln0 = ret"   --->   Operation 188 'ret' 'ret_ln0' <Predicate = (icmp_ln70)> <Delay = 0.00>

State 21 <SV = 20> <Delay = 7.30>
ST_21 : Operation 186 [1/5] (7.30ns)   --->   "%empty_69 = writeresp i1 @_ssdm_op_WriteResp.m_axi.p1i32, i32 %feat_addr_2" [src/conv2.cpp:71->src/conv2.cpp:114]   --->   Operation 186 'writeresp' 'empty_69' <Predicate = (icmp_ln72_1)> <Delay = 7.30> <CoreInst = "m_axi">   --->   Core 121 'm_axi' <Latency = 0> <II = 1> <Delay = 1.00> <Adapter> <Opcode : 'read' 'write' 'readreq' 'writereq' 'writeresp'>
ST_21 : Operation 187 [1/1] (0.00ns)   --->   "%br_ln72 = br void %new.latch.for.inc.i41" [src/conv2.cpp:72->src/conv2.cpp:114]   --->   Operation 187 'br' 'br_ln72' <Predicate = (icmp_ln72_1)> <Delay = 0.00>


============================================================
+ Verbose Summary: Timing violations
============================================================
Target clock period: 10.000ns, clock uncertainty: 2.700ns.

 <State 1>: 0.427ns
The critical path consists of the following:
	'alloca' operation ('indvar_flatten121') [15]  (0.000 ns)
	'store' operation ('store_ln0') of constant 0 on local variable 'indvar_flatten121' [25]  (0.427 ns)

 <State 2>: 6.085ns
The critical path consists of the following:
	'load' operation ('tn', src/conv2.cpp:70->src/conv2.cpp:114) on local variable 'tn' [35]  (0.000 ns)
	'add' operation ('add_ln70', src/conv2.cpp:70->src/conv2.cpp:114) [59]  (0.797 ns)
	'add' operation ('p_mid171', src/conv2.cpp:70->src/conv2.cpp:114) [69]  (0.789 ns)
	'mul' operation ('p_mid177', src/conv2.cpp:70->src/conv2.cpp:114) [75]  (2.490 ns)
	'add' operation ('tmp4_mid1101', src/conv2.cpp:71->src/conv2.cpp:114) [85]  (0.924 ns)
	'select' operation ('select_ln70_5', src/conv2.cpp:70->src/conv2.cpp:114) [88]  (0.000 ns)
	'select' operation ('select_ln71_3', src/conv2.cpp:71->src/conv2.cpp:114) [115]  (0.000 ns)
	'add' operation ('add_ln71_1', src/conv2.cpp:71->src/conv2.cpp:114) [117]  (1.085 ns)

 <State 3>: 7.300ns
The critical path consists of the following:
	'getelementptr' operation ('feat_addr', src/conv2.cpp:72->src/conv2.cpp:114) [130]  (0.000 ns)
	bus request operation ('empty_70', src/conv2.cpp:72->src/conv2.cpp:114) on port 'feat' (src/conv2.cpp:72->src/conv2.cpp:114) [131]  (7.300 ns)

 <State 4>: 7.300ns
The critical path consists of the following:
	bus request operation ('w2_load_1_req', src/conv2.cpp:75->src/conv2.cpp:114) on port 'w2' (src/conv2.cpp:75->src/conv2.cpp:114) [144]  (7.300 ns)

 <State 5>: 7.300ns
The critical path consists of the following:
	bus request operation ('w2_load_1_req', src/conv2.cpp:75->src/conv2.cpp:114) on port 'w2' (src/conv2.cpp:75->src/conv2.cpp:114) [144]  (7.300 ns)

 <State 6>: 7.300ns
The critical path consists of the following:
	bus request operation ('w2_load_1_req', src/conv2.cpp:75->src/conv2.cpp:114) on port 'w2' (src/conv2.cpp:75->src/conv2.cpp:114) [144]  (7.300 ns)

 <State 7>: 7.300ns
The critical path consists of the following:
	bus request operation ('w2_load_1_req', src/conv2.cpp:75->src/conv2.cpp:114) on port 'w2' (src/conv2.cpp:75->src/conv2.cpp:114) [144]  (7.300 ns)

 <State 8>: 7.300ns
The critical path consists of the following:
	bus request operation ('w2_load_1_req', src/conv2.cpp:75->src/conv2.cpp:114) on port 'w2' (src/conv2.cpp:75->src/conv2.cpp:114) [144]  (7.300 ns)

 <State 9>: 7.300ns
The critical path consists of the following:
	bus request operation ('w2_load_1_req', src/conv2.cpp:75->src/conv2.cpp:114) on port 'w2' (src/conv2.cpp:75->src/conv2.cpp:114) [144]  (7.300 ns)

 <State 10>: 7.300ns
The critical path consists of the following:
	bus request operation ('w2_load_1_req', src/conv2.cpp:75->src/conv2.cpp:114) on port 'w2' (src/conv2.cpp:75->src/conv2.cpp:114) [144]  (7.300 ns)

 <State 11>: 7.300ns
The critical path consists of the following:
	bus read operation ('w2_addr_read', src/conv2.cpp:75->src/conv2.cpp:114) on port 'w2' (src/conv2.cpp:75->src/conv2.cpp:114) [145]  (7.300 ns)

 <State 12>: 6.437ns
The critical path consists of the following:
	multiplexor before operation 'fadd' with delay (1.181 ns)
'fadd' operation ('add19_i', src/conv2.cpp:75->src/conv2.cpp:114) [147]  (5.256 ns)

 <State 13>: 6.437ns
The critical path consists of the following:
	'fadd' operation ('add19_i', src/conv2.cpp:75->src/conv2.cpp:114) [147]  (6.437 ns)

 <State 14>: 6.437ns
The critical path consists of the following:
	'fadd' operation ('add19_i', src/conv2.cpp:75->src/conv2.cpp:114) [147]  (6.437 ns)

 <State 15>: 6.437ns
The critical path consists of the following:
	'fadd' operation ('add19_i', src/conv2.cpp:75->src/conv2.cpp:114) [147]  (6.437 ns)

 <State 16>: 7.300ns
The critical path consists of the following:
	bus write operation ('write_ln75', src/conv2.cpp:75->src/conv2.cpp:114) on port 'feat' (src/conv2.cpp:75->src/conv2.cpp:114) [150]  (7.300 ns)

 <State 17>: 7.300ns
The critical path consists of the following:
	bus response operation ('empty_69', src/conv2.cpp:71->src/conv2.cpp:114) on port 'feat' (src/conv2.cpp:71->src/conv2.cpp:114) [158]  (7.300 ns)

 <State 18>: 7.300ns
The critical path consists of the following:
	bus response operation ('empty_69', src/conv2.cpp:71->src/conv2.cpp:114) on port 'feat' (src/conv2.cpp:71->src/conv2.cpp:114) [158]  (7.300 ns)

 <State 19>: 7.300ns
The critical path consists of the following:
	bus response operation ('empty_69', src/conv2.cpp:71->src/conv2.cpp:114) on port 'feat' (src/conv2.cpp:71->src/conv2.cpp:114) [158]  (7.300 ns)

 <State 20>: 7.300ns
The critical path consists of the following:
	bus response operation ('empty_69', src/conv2.cpp:71->src/conv2.cpp:114) on port 'feat' (src/conv2.cpp:71->src/conv2.cpp:114) [158]  (7.300 ns)

 <State 21>: 7.300ns
The critical path consists of the following:
	bus response operation ('empty_69', src/conv2.cpp:71->src/conv2.cpp:114) on port 'feat' (src/conv2.cpp:71->src/conv2.cpp:114) [158]  (7.300 ns)


============================================================
+ Verbose Summary: Binding
============================================================
N/A
* FSMD analyzer results:
  - Output states:
 - Input state : 
  - Chain level:
	State 1
	State 2
	State 3
	State 4
	State 5
	State 6
	State 7
	State 8
	State 9
	State 10
	State 11
	State 12
	State 13
	State 14
	State 15
	State 16
	State 17
	State 18
	State 19
	State 20
	State 21


============================================================
+ Verbose Summary: Datapath Resource usage 
============================================================
N/A
