

================================================================
== Vitis HLS Report for 'conv1_Pipeline_VITIS_LOOP_32_2_VITIS_LOOP_33_3'
================================================================
* Date:           Thu Oct 30 21:21:54 2025

* Version:        2023.1 (Build 3854077 on May  4 2023)
* Project:        srcnn_hls
* Solution:       solution1 (Vivado IP Flow Target)
* Product family: zynquplus
* Target device:  xck26-sfvc784-2LV-c


================================================================
== Performance Estimates
================================================================
+ Timing: 
    * Summary: 
    +--------+----------+----------+------------+
    |  Clock |  Target  | Estimated| Uncertainty|
    +--------+----------+----------+------------+
    |ap_clk  |  10.00 ns|  5.857 ns|     2.70 ns|
    +--------+----------+----------+------------+

+ Latency: 
    * Summary: 
    +---------+---------+----------+----------+-----+-------+---------+
    |  Latency (cycles) |  Latency (absolute) |   Interval  | Pipeline|
    |   min   |   max   |    min   |    max   | min |  max  |   Type  |
    +---------+---------+----------+----------+-----+-------+---------+
    |       83|    69171|  0.830 us|  0.692 ms|   83|  69171|       no|
    +---------+---------+----------+----------+-----+-------+---------+

    + Detail: 
        * Instance: 
        N/A

        * Loop: 
        +-----------------------------------+---------+---------+----------+-----------+-----------+------------+----------+
        |                                   |  Latency (cycles) | Iteration|  Initiation Interval  |    Trip    |          |
        |             Loop Name             |   min   |   max   |  Latency |  achieved |   target  |    Count   | Pipelined|
        +-----------------------------------+---------+---------+----------+-----------+-----------+------------+----------+
        |- VITIS_LOOP_32_2_VITIS_LOOP_33_3  |       81|    69169|         2|          1|          1|  81 ~ 69169|       yes|
        +-----------------------------------+---------+---------+----------+-----------+-----------+------------+----------+

============================================================
+ Verbose Summary: Synthesis Manager
============================================================
InlineROM: 1
ExposeGlobal: 0
============================================================
+ Verbose Summary: CDFG Model
============================================================
IsTopModel: 0
ResetActiveHigh: 1
IsCombinational: 0
IsDatapathOnly: 0
HasWiredReturn: 1
HasMFsm: 2
HasVarLatency: 1
IsPipeline: 0
IsRtlPipelined: 0
IsInstanceOverlapped: 0
IsDontTouch: 0
HasImplIP: 0
IsGatedGlobalClock: 0

+ Individual pipeline summary: 
  * Pipeline-0: initiation interval (II) = 1, depth = 3


============================================================
+ Verbose Summary: Schedule
============================================================
* Number of FSM states : 3
* Pipeline : 1
  Pipeline-0 : II = 1, D = 3, States = { 1 2 3 }
* Dataflow Pipeline: 0

* FSM state transitions: 
1 --> 2 
2 --> 3 
3 --> 

* FSM state operations: 

State 1 <SV = 0> <Delay = 0.42>
ST_1 : Operation 5 [1/1] (0.00ns)   --->   "%iw = alloca i32 1"   --->   Operation 5 'alloca' 'iw' <Predicate = true> <Delay = 0.00>
ST_1 : Operation 6 [1/1] (0.00ns)   --->   "%ih = alloca i32 1"   --->   Operation 6 'alloca' 'ih' <Predicate = true> <Delay = 0.00>
ST_1 : Operation 7 [1/1] (0.00ns)   --->   "%indvar_flatten29 = alloca i32 1"   --->   Operation 7 'alloca' 'indvar_flatten29' <Predicate = true> <Delay = 0.00>
ST_1 : Operation 8 [1/1] (0.00ns)   --->   "%zext_ln122_read = read i8 @_ssdm_op_Read.ap_auto.i8, i8 %zext_ln122"   --->   Operation 8 'read' 'zext_ln122_read' <Predicate = true> <Delay = 0.00>
ST_1 : Operation 9 [1/1] (0.00ns)   --->   "%zext_ln121_read = read i9 @_ssdm_op_Read.ap_auto.i9, i9 %zext_ln121"   --->   Operation 9 'read' 'zext_ln121_read' <Predicate = true> <Delay = 0.00>
ST_1 : Operation 10 [1/1] (0.00ns)   --->   "%add6_i_read = read i9 @_ssdm_op_Read.ap_auto.i9, i9 %add6_i"   --->   Operation 10 'read' 'add6_i_read' <Predicate = true> <Delay = 0.00>
ST_1 : Operation 11 [1/1] (0.00ns)   --->   "%mul_ln26_read = read i17 @_ssdm_op_Read.ap_auto.i17, i17 %mul_ln26"   --->   Operation 11 'read' 'mul_ln26_read' <Predicate = true> <Delay = 0.00>
ST_1 : Operation 12 [1/1] (0.00ns)   --->   "%select_ln119_2_read = read i8 @_ssdm_op_Read.ap_auto.i8, i8 %select_ln119_2"   --->   Operation 12 'read' 'select_ln119_2_read' <Predicate = true> <Delay = 0.00>
ST_1 : Operation 13 [1/1] (0.00ns)   --->   "%select_ln119_1_read = read i9 @_ssdm_op_Read.ap_auto.i9, i9 %select_ln119_1"   --->   Operation 13 'read' 'select_ln119_1_read' <Predicate = true> <Delay = 0.00>
ST_1 : Operation 14 [1/1] (0.00ns)   --->   "%zext_ln122_cast = zext i8 %zext_ln122_read"   --->   Operation 14 'zext' 'zext_ln122_cast' <Predicate = true> <Delay = 0.00>
ST_1 : Operation 15 [1/1] (0.00ns)   --->   "%zext_ln121_cast = zext i9 %zext_ln121_read"   --->   Operation 15 'zext' 'zext_ln121_cast' <Predicate = true> <Delay = 0.00>
ST_1 : Operation 16 [1/1] (0.00ns)   --->   "%select_ln119_1_cast = zext i9 %select_ln119_1_read"   --->   Operation 16 'zext' 'select_ln119_1_cast' <Predicate = true> <Delay = 0.00>
ST_1 : Operation 17 [1/1] (0.00ns)   --->   "%specinterface_ln0 = specinterface void @_ssdm_op_SpecInterface, i32 %input_ftmap, void @empty_18, i32 0, i32 0, void @empty_19, i32 4294967295, i32 0, void @empty_19, void @empty_19, void @empty_19, i32 0, i32 0, i32 0, i32 0, void @empty_19, void @empty_19, i32 4294967295, i32 0"   --->   Operation 17 'specinterface' 'specinterface_ln0' <Predicate = true> <Delay = 0.00>
ST_1 : Operation 18 [1/1] (0.42ns)   --->   "%store_ln0 = store i17 0, i17 %indvar_flatten29"   --->   Operation 18 'store' 'store_ln0' <Predicate = true> <Delay = 0.42>
ST_1 : Operation 19 [1/1] (0.42ns)   --->   "%store_ln0 = store i9 0, i9 %ih"   --->   Operation 19 'store' 'store_ln0' <Predicate = true> <Delay = 0.42>
ST_1 : Operation 20 [1/1] (0.42ns)   --->   "%store_ln0 = store i9 0, i9 %iw"   --->   Operation 20 'store' 'store_ln0' <Predicate = true> <Delay = 0.42>
ST_1 : Operation 21 [1/1] (0.00ns)   --->   "%br_ln0 = br void %for.body9.i"   --->   Operation 21 'br' 'br_ln0' <Predicate = true> <Delay = 0.00>

State 2 <SV = 1> <Delay = 5.85>
ST_2 : Operation 22 [1/1] (0.00ns)   --->   "%ih_2 = load i9 %ih"   --->   Operation 22 'load' 'ih_2' <Predicate = true> <Delay = 0.00>
ST_2 : Operation 23 [1/1] (0.00ns)   --->   "%indvar_flatten29_load = load i17 %indvar_flatten29" [src/conv1.cpp:32->src/conv1.cpp:136]   --->   Operation 23 'load' 'indvar_flatten29_load' <Predicate = true> <Delay = 0.00>
ST_2 : Operation 24 [1/1] (0.00ns)   --->   "%zext_ln32 = zext i9 %ih_2" [src/conv1.cpp:32->src/conv1.cpp:136]   --->   Operation 24 'zext' 'zext_ln32' <Predicate = true> <Delay = 0.00>
ST_2 : Operation 25 [1/1] (0.00ns)   --->   "%empty = trunc i9 %ih_2"   --->   Operation 25 'trunc' 'empty' <Predicate = true> <Delay = 0.00>
ST_2 : Operation 26 [1/1] (0.77ns)   --->   "%tmp = add i10 %zext_ln32, i10 1020" [src/conv1.cpp:32->src/conv1.cpp:136]   --->   Operation 26 'add' 'tmp' <Predicate = true> <Delay = 0.77> <CoreInst = "Adder">   --->   Core 1 'Adder' <Latency = 0> <II = 1> <Delay = 0.77> <FuncUnit> <Opcode : 'add' 'sub'> <InPorts = 2> <OutPorts = 1>
ST_2 : Operation 27 [1/1] (0.00ns)   --->   "%tmp_cast = sext i10 %tmp" [src/conv1.cpp:32->src/conv1.cpp:136]   --->   Operation 27 'sext' 'tmp_cast' <Predicate = true> <Delay = 0.00>
ST_2 : Operation 28 [1/1] (0.78ns)   --->   "%empty_42 = add i11 %tmp_cast, i11 %select_ln119_1_cast" [src/conv1.cpp:32->src/conv1.cpp:136]   --->   Operation 28 'add' 'empty_42' <Predicate = true> <Delay = 0.78> <CoreInst = "Adder">   --->   Core 1 'Adder' <Latency = 0> <II = 1> <Delay = 0.78> <FuncUnit> <Opcode : 'add' 'sub'> <InPorts = 2> <OutPorts = 1>
ST_2 : Operation 29 [1/1] (0.00ns)   --->   "%tmp_10 = bitselect i1 @_ssdm_op_BitSelect.i1.i11.i32, i11 %empty_42, i32 10" [src/conv1.cpp:32->src/conv1.cpp:136]   --->   Operation 29 'bitselect' 'tmp_10' <Predicate = true> <Delay = 0.00>
ST_2 : Operation 30 [1/1] (0.79ns)   --->   "%cmp1_i_i = icmp_sgt  i11 %empty_42, i11 254" [src/conv1.cpp:32->src/conv1.cpp:136]   --->   Operation 30 'icmp' 'cmp1_i_i' <Predicate = true> <Delay = 0.79> <CoreInst = "Cmp">   --->   Core 9 'Cmp' <Latency = 0> <II = 1> <Delay = 0.79> <FuncUnit> <Opcode : 'icmp'> <InPorts = 2> <OutPorts = 1>
ST_2 : Operation 31 [1/1] (0.00ns) (grouped into TernaryAdder)   --->   "%tmp1 = add i8 %empty, i8 252"   --->   Operation 31 'add' 'tmp1' <Predicate = true> <Delay = 0.00> <CoreInst = "TAddSub">   --->   Core 10 'TAddSub' <Latency = 0> <II = 1> <Delay = 0.34> <IPBlock> <Opcode : '<invalid operator> ' 'add' 'sub'> <InPorts = 3> <OutPorts = 1> <Sync> <CReg>
ST_2 : Operation 32 [1/1] (1.05ns) (root node of TernaryAdder)   --->   "%empty_43 = add i8 %tmp1, i8 %select_ln119_2_read"   --->   Operation 32 'add' 'empty_43' <Predicate = true> <Delay = 1.05> <CoreInst = "TAddSub">   --->   Core 10 'TAddSub' <Latency = 0> <II = 1> <Delay = 0.34> <IPBlock> <Opcode : '<invalid operator> ' 'add' 'sub'> <InPorts = 3> <OutPorts = 1> <Sync> <CReg>
ST_2 : Operation 33 [1/1] (0.00ns) (grouped into LUT with out node gy)   --->   "%cond_i_i_cast_cast = select i1 %tmp_10, i8 0, i8 254" [src/conv1.cpp:32->src/conv1.cpp:136]   --->   Operation 33 'select' 'cond_i_i_cast_cast' <Predicate = true> <Delay = 0.00> <CoreInst = "Sel">   --->   Core 73 'Sel' <Latency = 0> <II = 1> <Delay = 0.17> <FuncUnit> <Opcode : 'select'> <InPorts = 3> <OutPorts = 1>
ST_2 : Operation 34 [1/1] (0.00ns) (grouped into LUT with out node gy)   --->   "%empty_44 = or i1 %tmp_10, i1 %cmp1_i_i" [src/conv1.cpp:32->src/conv1.cpp:136]   --->   Operation 34 'or' 'empty_44' <Predicate = true> <Delay = 0.00> <CoreInst = "LogicGate">   --->   Core 74 'LogicGate' <Latency = 0> <II = 1> <Delay = 0.28> <FuncUnit> <Opcode : 'and' 'or' 'xor'> <InPorts = 2> <OutPorts = 1>
ST_2 : Operation 35 [1/1] (0.39ns) (out node of the LUT)   --->   "%gy = select i1 %empty_44, i8 %cond_i_i_cast_cast, i8 %empty_43" [src/conv1.cpp:32->src/conv1.cpp:136]   --->   Operation 35 'select' 'gy' <Predicate = true> <Delay = 0.39> <CoreInst = "Sel">   --->   Core 73 'Sel' <Latency = 0> <II = 1> <Delay = 0.39> <FuncUnit> <Opcode : 'select'> <InPorts = 3> <OutPorts = 1>
ST_2 : Operation 36 [1/1] (0.86ns)   --->   "%icmp_ln32 = icmp_eq  i17 %indvar_flatten29_load, i17 %mul_ln26_read" [src/conv1.cpp:32->src/conv1.cpp:136]   --->   Operation 36 'icmp' 'icmp_ln32' <Predicate = true> <Delay = 0.86> <CoreInst = "Cmp">   --->   Core 9 'Cmp' <Latency = 0> <II = 1> <Delay = 0.86> <FuncUnit> <Opcode : 'icmp'> <InPorts = 2> <OutPorts = 1>
ST_2 : Operation 37 [1/1] (0.86ns)   --->   "%add_ln32_2 = add i17 %indvar_flatten29_load, i17 1" [src/conv1.cpp:32->src/conv1.cpp:136]   --->   Operation 37 'add' 'add_ln32_2' <Predicate = true> <Delay = 0.86> <CoreInst = "Adder">   --->   Core 1 'Adder' <Latency = 0> <II = 1> <Delay = 0.86> <FuncUnit> <Opcode : 'add' 'sub'> <InPorts = 2> <OutPorts = 1>
ST_2 : Operation 38 [1/1] (0.00ns)   --->   "%br_ln32 = br i1 %icmp_ln32, void %for.inc26.i.loopexit, void %for.inc.i.preheader.exitStub" [src/conv1.cpp:32->src/conv1.cpp:136]   --->   Operation 38 'br' 'br_ln32' <Predicate = true> <Delay = 0.00>
ST_2 : Operation 39 [1/1] (0.00ns)   --->   "%iw_load = load i9 %iw" [src/conv1.cpp:33->src/conv1.cpp:136]   --->   Operation 39 'load' 'iw_load' <Predicate = (!icmp_ln32)> <Delay = 0.00>
ST_2 : Operation 40 [1/1] (0.77ns)   --->   "%add_ln32 = add i9 %ih_2, i9 1" [src/conv1.cpp:32->src/conv1.cpp:136]   --->   Operation 40 'add' 'add_ln32' <Predicate = (!icmp_ln32)> <Delay = 0.77> <CoreInst = "Adder">   --->   Core 1 'Adder' <Latency = 0> <II = 1> <Delay = 0.77> <FuncUnit> <Opcode : 'add' 'sub'> <InPorts = 2> <OutPorts = 1>
ST_2 : Operation 41 [1/1] (0.77ns)   --->   "%icmp_ln33 = icmp_eq  i9 %iw_load, i9 %add6_i_read" [src/conv1.cpp:33->src/conv1.cpp:136]   --->   Operation 41 'icmp' 'icmp_ln33' <Predicate = (!icmp_ln32)> <Delay = 0.77> <CoreInst = "Cmp">   --->   Core 9 'Cmp' <Latency = 0> <II = 1> <Delay = 0.77> <FuncUnit> <Opcode : 'icmp'> <InPorts = 2> <OutPorts = 1>
ST_2 : Operation 42 [1/1] (0.39ns)   --->   "%select_ln32 = select i1 %icmp_ln33, i9 0, i9 %iw_load" [src/conv1.cpp:32->src/conv1.cpp:136]   --->   Operation 42 'select' 'select_ln32' <Predicate = (!icmp_ln32)> <Delay = 0.39> <CoreInst = "Sel">   --->   Core 73 'Sel' <Latency = 0> <II = 1> <Delay = 0.39> <FuncUnit> <Opcode : 'select'> <InPorts = 3> <OutPorts = 1>
ST_2 : Operation 43 [1/1] (0.39ns)   --->   "%select_ln32_1 = select i1 %icmp_ln33, i9 %add_ln32, i9 %ih_2" [src/conv1.cpp:32->src/conv1.cpp:136]   --->   Operation 43 'select' 'select_ln32_1' <Predicate = (!icmp_ln32)> <Delay = 0.39> <CoreInst = "Sel">   --->   Core 73 'Sel' <Latency = 0> <II = 1> <Delay = 0.39> <FuncUnit> <Opcode : 'select'> <InPorts = 3> <OutPorts = 1>
ST_2 : Operation 44 [1/1] (0.00ns)   --->   "%trunc_ln38 = trunc i9 %select_ln32_1" [src/conv1.cpp:38->src/conv1.cpp:136]   --->   Operation 44 'trunc' 'trunc_ln38' <Predicate = (!icmp_ln32)> <Delay = 0.00>
ST_2 : Operation 45 [1/1] (0.00ns)   --->   "%trunc_ln38_1 = trunc i9 %select_ln32_1" [src/conv1.cpp:38->src/conv1.cpp:136]   --->   Operation 45 'trunc' 'trunc_ln38_1' <Predicate = (!icmp_ln32)> <Delay = 0.00>
ST_2 : Operation 46 [1/1] (0.00ns)   --->   "%tmp_s = bitconcatenate i11 @_ssdm_op_BitConcatenate.i11.i6.i5, i6 %trunc_ln38_1, i5 0" [src/conv1.cpp:38->src/conv1.cpp:136]   --->   Operation 46 'bitconcatenate' 'tmp_s' <Predicate = (!icmp_ln32)> <Delay = 0.00>
ST_2 : Operation 47 [1/1] (0.00ns)   --->   "%tmp_7 = bitconcatenate i11 @_ssdm_op_BitConcatenate.i11.i8.i3, i8 %trunc_ln38, i3 0" [src/conv1.cpp:38->src/conv1.cpp:136]   --->   Operation 47 'bitconcatenate' 'tmp_7' <Predicate = (!icmp_ln32)> <Delay = 0.00>
ST_2 : Operation 48 [1/1] (0.00ns) (grouped into TernaryAdder)   --->   "%add_ln38 = add i11 %tmp_s, i11 %tmp_7" [src/conv1.cpp:38->src/conv1.cpp:136]   --->   Operation 48 'add' 'add_ln38' <Predicate = (!icmp_ln32)> <Delay = 0.00> <CoreInst = "TAddSub">   --->   Core 10 'TAddSub' <Latency = 0> <II = 1> <Delay = 0.34> <IPBlock> <Opcode : '<invalid operator> ' 'add' 'sub'> <InPorts = 3> <OutPorts = 1> <Sync> <CReg>
ST_2 : Operation 49 [1/1] (0.00ns)   --->   "%zext_ln32_1 = zext i9 %add_ln32" [src/conv1.cpp:32->src/conv1.cpp:136]   --->   Operation 49 'zext' 'zext_ln32_1' <Predicate = (!icmp_ln32)> <Delay = 0.00>
ST_2 : Operation 50 [1/1] (0.00ns)   --->   "%empty_45 = trunc i9 %add_ln32" [src/conv1.cpp:32->src/conv1.cpp:136]   --->   Operation 50 'trunc' 'empty_45' <Predicate = (!icmp_ln32)> <Delay = 0.00>
ST_2 : Operation 51 [1/1] (0.77ns)   --->   "%tmp_mid1 = add i10 %zext_ln32_1, i10 1020" [src/conv1.cpp:32->src/conv1.cpp:136]   --->   Operation 51 'add' 'tmp_mid1' <Predicate = (!icmp_ln32)> <Delay = 0.77> <CoreInst = "Adder">   --->   Core 1 'Adder' <Latency = 0> <II = 1> <Delay = 0.77> <FuncUnit> <Opcode : 'add' 'sub'> <InPorts = 2> <OutPorts = 1>
ST_2 : Operation 52 [1/1] (0.00ns)   --->   "%tmp_cast_mid1 = sext i10 %tmp_mid1" [src/conv1.cpp:32->src/conv1.cpp:136]   --->   Operation 52 'sext' 'tmp_cast_mid1' <Predicate = (!icmp_ln32)> <Delay = 0.00>
ST_2 : Operation 53 [1/1] (0.78ns)   --->   "%p_mid1 = add i11 %tmp_cast_mid1, i11 %select_ln119_1_cast" [src/conv1.cpp:32->src/conv1.cpp:136]   --->   Operation 53 'add' 'p_mid1' <Predicate = (!icmp_ln32)> <Delay = 0.78> <CoreInst = "Adder">   --->   Core 1 'Adder' <Latency = 0> <II = 1> <Delay = 0.78> <FuncUnit> <Opcode : 'add' 'sub'> <InPorts = 2> <OutPorts = 1>
ST_2 : Operation 54 [1/1] (0.00ns)   --->   "%tmp_11 = bitselect i1 @_ssdm_op_BitSelect.i1.i11.i32, i11 %p_mid1, i32 10" [src/conv1.cpp:32->src/conv1.cpp:136]   --->   Operation 54 'bitselect' 'tmp_11' <Predicate = (!icmp_ln32)> <Delay = 0.00>
ST_2 : Operation 55 [1/1] (0.79ns)   --->   "%cmp1_i_i_mid1 = icmp_sgt  i11 %p_mid1, i11 254" [src/conv1.cpp:32->src/conv1.cpp:136]   --->   Operation 55 'icmp' 'cmp1_i_i_mid1' <Predicate = (!icmp_ln32)> <Delay = 0.79> <CoreInst = "Cmp">   --->   Core 9 'Cmp' <Latency = 0> <II = 1> <Delay = 0.79> <FuncUnit> <Opcode : 'icmp'> <InPorts = 2> <OutPorts = 1>
ST_2 : Operation 56 [1/1] (0.00ns) (grouped into TernaryAdder)   --->   "%tmp1_mid1 = add i8 %empty_45, i8 252" [src/conv1.cpp:32->src/conv1.cpp:136]   --->   Operation 56 'add' 'tmp1_mid1' <Predicate = (!icmp_ln32)> <Delay = 0.00> <CoreInst = "TAddSub">   --->   Core 10 'TAddSub' <Latency = 0> <II = 1> <Delay = 0.34> <IPBlock> <Opcode : '<invalid operator> ' 'add' 'sub'> <InPorts = 3> <OutPorts = 1> <Sync> <CReg>
ST_2 : Operation 57 [1/1] (1.05ns) (root node of TernaryAdder)   --->   "%p_mid125 = add i8 %tmp1_mid1, i8 %select_ln119_2_read" [src/conv1.cpp:32->src/conv1.cpp:136]   --->   Operation 57 'add' 'p_mid125' <Predicate = (!icmp_ln32)> <Delay = 1.05> <CoreInst = "TAddSub">   --->   Core 10 'TAddSub' <Latency = 0> <II = 1> <Delay = 0.34> <IPBlock> <Opcode : '<invalid operator> ' 'add' 'sub'> <InPorts = 3> <OutPorts = 1> <Sync> <CReg>
ST_2 : Operation 58 [1/1] (0.00ns) (grouped into LUT with out node select_ln32_2)   --->   "%cond_i_i_cast_mid1_cast = select i1 %tmp_11, i8 0, i8 254" [src/conv1.cpp:32->src/conv1.cpp:136]   --->   Operation 58 'select' 'cond_i_i_cast_mid1_cast' <Predicate = (!icmp_ln32)> <Delay = 0.00> <CoreInst = "Sel">   --->   Core 73 'Sel' <Latency = 0> <II = 1> <Delay = 0.17> <FuncUnit> <Opcode : 'select'> <InPorts = 3> <OutPorts = 1>
ST_2 : Operation 59 [1/1] (0.00ns) (grouped into LUT with out node select_ln32_2)   --->   "%p_mid127 = or i1 %tmp_11, i1 %cmp1_i_i_mid1" [src/conv1.cpp:32->src/conv1.cpp:136]   --->   Operation 59 'or' 'p_mid127' <Predicate = (!icmp_ln32)> <Delay = 0.00> <CoreInst = "LogicGate">   --->   Core 74 'LogicGate' <Latency = 0> <II = 1> <Delay = 0.28> <FuncUnit> <Opcode : 'and' 'or' 'xor'> <InPorts = 2> <OutPorts = 1>
ST_2 : Operation 60 [1/1] (0.00ns) (grouped into LUT with out node select_ln32_2)   --->   "%gy_mid1 = select i1 %p_mid127, i8 %cond_i_i_cast_mid1_cast, i8 %p_mid125" [src/conv1.cpp:32->src/conv1.cpp:136]   --->   Operation 60 'select' 'gy_mid1' <Predicate = (!icmp_ln32)> <Delay = 0.00> <CoreInst = "Sel">   --->   Core 73 'Sel' <Latency = 0> <II = 1> <Delay = 0.39> <FuncUnit> <Opcode : 'select'> <InPorts = 3> <OutPorts = 1>
ST_2 : Operation 61 [1/1] (0.39ns) (out node of the LUT)   --->   "%select_ln32_2 = select i1 %icmp_ln33, i8 %gy_mid1, i8 %gy" [src/conv1.cpp:32->src/conv1.cpp:136]   --->   Operation 61 'select' 'select_ln32_2' <Predicate = (!icmp_ln32)> <Delay = 0.39> <CoreInst = "Sel">   --->   Core 73 'Sel' <Latency = 0> <II = 1> <Delay = 0.39> <FuncUnit> <Opcode : 'select'> <InPorts = 3> <OutPorts = 1>
ST_2 : Operation 62 [1/1] (0.00ns)   --->   "%zext_ln38 = zext i8 %select_ln32_2" [src/conv1.cpp:38->src/conv1.cpp:136]   --->   Operation 62 'zext' 'zext_ln38' <Predicate = (!icmp_ln32)> <Delay = 0.00>
ST_2 : Operation 63 [1/1] (0.00ns)   --->   "%tmp_8 = bitconcatenate i16 @_ssdm_op_BitConcatenate.i16.i8.i8, i8 %select_ln32_2, i8 0" [src/conv1.cpp:38->src/conv1.cpp:136]   --->   Operation 63 'bitconcatenate' 'tmp_8' <Predicate = (!icmp_ln32)> <Delay = 0.00>
ST_2 : Operation 64 [1/1] (0.00ns) (grouped into TernaryAdder)   --->   "%sub_ln38 = sub i16 %tmp_8, i16 %zext_ln38" [src/conv1.cpp:38->src/conv1.cpp:136]   --->   Operation 64 'sub' 'sub_ln38' <Predicate = (!icmp_ln32)> <Delay = 0.00> <CoreInst = "TAddSub">   --->   Core 10 'TAddSub' <Latency = 0> <II = 1> <Delay = 0.34> <IPBlock> <Opcode : '<invalid operator> ' 'add' 'sub'> <InPorts = 3> <OutPorts = 1> <Sync> <CReg>
ST_2 : Operation 65 [1/1] (0.00ns)   --->   "%zext_ln38_4 = zext i9 %select_ln32" [src/conv1.cpp:38->src/conv1.cpp:136]   --->   Operation 65 'zext' 'zext_ln38_4' <Predicate = (!icmp_ln32)> <Delay = 0.00>
ST_2 : Operation 66 [1/1] (0.91ns) (root node of TernaryAdder)   --->   "%add_ln38_3 = add i11 %add_ln38, i11 %zext_ln38_4" [src/conv1.cpp:38->src/conv1.cpp:136]   --->   Operation 66 'add' 'add_ln38_3' <Predicate = (!icmp_ln32)> <Delay = 0.91> <CoreInst = "TAddSub">   --->   Core 10 'TAddSub' <Latency = 0> <II = 1> <Delay = 0.34> <IPBlock> <Opcode : '<invalid operator> ' 'add' 'sub'> <InPorts = 3> <OutPorts = 1> <Sync> <CReg>
ST_2 : Operation 67 [1/1] (0.00ns)   --->   "%zext_ln33 = zext i9 %select_ln32" [src/conv1.cpp:33->src/conv1.cpp:136]   --->   Operation 67 'zext' 'zext_ln33' <Predicate = (!icmp_ln32)> <Delay = 0.00>
ST_2 : Operation 68 [1/1] (0.77ns)   --->   "%add_ln37 = add i10 %zext_ln33, i10 1020" [src/conv1.cpp:37->src/conv1.cpp:136]   --->   Operation 68 'add' 'add_ln37' <Predicate = (!icmp_ln32)> <Delay = 0.77> <CoreInst = "Adder">   --->   Core 1 'Adder' <Latency = 0> <II = 1> <Delay = 0.77> <FuncUnit> <Opcode : 'add' 'sub'> <InPorts = 2> <OutPorts = 1>
ST_2 : Operation 69 [1/1] (0.00ns)   --->   "%sext_ln37 = sext i10 %add_ln37" [src/conv1.cpp:37->src/conv1.cpp:136]   --->   Operation 69 'sext' 'sext_ln37' <Predicate = (!icmp_ln32)> <Delay = 0.00>
ST_2 : Operation 70 [1/1] (0.78ns)   --->   "%add_ln37_2 = add i11 %sext_ln37, i11 %zext_ln121_cast" [src/conv1.cpp:37->src/conv1.cpp:136]   --->   Operation 70 'add' 'add_ln37_2' <Predicate = (!icmp_ln32)> <Delay = 0.78> <CoreInst = "Adder">   --->   Core 1 'Adder' <Latency = 0> <II = 1> <Delay = 0.78> <FuncUnit> <Opcode : 'add' 'sub'> <InPorts = 2> <OutPorts = 1>
ST_2 : Operation 71 [1/1] (0.00ns) (grouped into LUT with out node gx)   --->   "%tmp_12 = bitselect i1 @_ssdm_op_BitSelect.i1.i11.i32, i11 %add_ln37_2, i32 10" [src/conv1.cpp:19->src/conv1.cpp:37->src/conv1.cpp:136]   --->   Operation 71 'bitselect' 'tmp_12' <Predicate = (!icmp_ln32)> <Delay = 0.00>
ST_2 : Operation 72 [1/1] (0.79ns)   --->   "%icmp_ln19 = icmp_sgt  i11 %add_ln37_2, i11 254" [src/conv1.cpp:19->src/conv1.cpp:37->src/conv1.cpp:136]   --->   Operation 72 'icmp' 'icmp_ln19' <Predicate = (!icmp_ln32)> <Delay = 0.79> <CoreInst = "Cmp">   --->   Core 9 'Cmp' <Latency = 0> <II = 1> <Delay = 0.79> <FuncUnit> <Opcode : 'icmp'> <InPorts = 2> <OutPorts = 1>
ST_2 : Operation 73 [1/1] (0.78ns)   --->   "%add_ln19 = add i11 %sext_ln37, i11 %zext_ln122_cast" [src/conv1.cpp:19->src/conv1.cpp:37->src/conv1.cpp:136]   --->   Operation 73 'add' 'add_ln19' <Predicate = (!icmp_ln32)> <Delay = 0.78> <CoreInst = "Adder">   --->   Core 1 'Adder' <Latency = 0> <II = 1> <Delay = 0.78> <FuncUnit> <Opcode : 'add' 'sub'> <InPorts = 2> <OutPorts = 1>
ST_2 : Operation 74 [1/1] (0.00ns) (grouped into LUT with out node gx)   --->   "%tmp_13 = bitselect i1 @_ssdm_op_BitSelect.i1.i11.i32, i11 %add_ln37_2, i32 10" [src/conv1.cpp:19->src/conv1.cpp:37->src/conv1.cpp:136]   --->   Operation 74 'bitselect' 'tmp_13' <Predicate = (!icmp_ln32)> <Delay = 0.00>
ST_2 : Operation 75 [1/1] (0.00ns) (grouped into LUT with out node gx)   --->   "%select_ln19 = select i1 %tmp_13, i11 0, i11 254" [src/conv1.cpp:19->src/conv1.cpp:37->src/conv1.cpp:136]   --->   Operation 75 'select' 'select_ln19' <Predicate = (!icmp_ln32)> <Delay = 0.00> <CoreInst = "Sel">   --->   Core 73 'Sel' <Latency = 0> <II = 1> <Delay = 0.39> <FuncUnit> <Opcode : 'select'> <InPorts = 3> <OutPorts = 1>
ST_2 : Operation 76 [1/1] (0.00ns) (grouped into LUT with out node gx)   --->   "%or_ln19 = or i1 %tmp_12, i1 %icmp_ln19" [src/conv1.cpp:19->src/conv1.cpp:37->src/conv1.cpp:136]   --->   Operation 76 'or' 'or_ln19' <Predicate = (!icmp_ln32)> <Delay = 0.00> <CoreInst = "LogicGate">   --->   Core 74 'LogicGate' <Latency = 0> <II = 1> <Delay = 0.28> <FuncUnit> <Opcode : 'and' 'or' 'xor'> <InPorts = 2> <OutPorts = 1>
ST_2 : Operation 77 [1/1] (0.39ns) (out node of the LUT)   --->   "%gx = select i1 %or_ln19, i11 %select_ln19, i11 %add_ln19" [src/conv1.cpp:19->src/conv1.cpp:37->src/conv1.cpp:136]   --->   Operation 77 'select' 'gx' <Predicate = (!icmp_ln32)> <Delay = 0.39> <CoreInst = "Sel">   --->   Core 73 'Sel' <Latency = 0> <II = 1> <Delay = 0.38> <FuncUnit> <Opcode : 'select'> <InPorts = 3> <OutPorts = 1>
ST_2 : Operation 78 [1/1] (0.00ns)   --->   "%sext_ln38 = sext i11 %gx" [src/conv1.cpp:38->src/conv1.cpp:136]   --->   Operation 78 'sext' 'sext_ln38' <Predicate = (!icmp_ln32)> <Delay = 0.00>
ST_2 : Operation 79 [1/1] (0.68ns) (root node of TernaryAdder)   --->   "%add_ln38_4 = add i16 %sub_ln38, i16 %sext_ln38" [src/conv1.cpp:38->src/conv1.cpp:136]   --->   Operation 79 'add' 'add_ln38_4' <Predicate = (!icmp_ln32)> <Delay = 0.68> <CoreInst = "TAddSub">   --->   Core 10 'TAddSub' <Latency = 0> <II = 1> <Delay = 0.34> <IPBlock> <Opcode : '<invalid operator> ' 'add' 'sub'> <InPorts = 3> <OutPorts = 1> <Sync> <CReg>
ST_2 : Operation 80 [1/1] (0.00ns)   --->   "%zext_ln38_6 = zext i16 %add_ln38_4" [src/conv1.cpp:38->src/conv1.cpp:136]   --->   Operation 80 'zext' 'zext_ln38_6' <Predicate = (!icmp_ln32)> <Delay = 0.00>
ST_2 : Operation 81 [1/1] (0.00ns)   --->   "%input_ftmap_addr = getelementptr i32 %input_ftmap, i64 0, i64 %zext_ln38_6" [src/conv1.cpp:38->src/conv1.cpp:136]   --->   Operation 81 'getelementptr' 'input_ftmap_addr' <Predicate = (!icmp_ln32)> <Delay = 0.00>
ST_2 : Operation 82 [2/2] (1.23ns)   --->   "%input_ftmap_load = load i16 %input_ftmap_addr" [src/conv1.cpp:38->src/conv1.cpp:136]   --->   Operation 82 'load' 'input_ftmap_load' <Predicate = (!icmp_ln32)> <Delay = 1.23> <CoreInst = "RAM">   --->   Core 83 'RAM' <Latency = 1> <II = 1> <Delay = 1.23> <Storage> <Opcode : 'load' 'store'> <Ports = 2> <Width = 32> <Depth = 65025> <RAM>
ST_2 : Operation 83 [1/1] (0.77ns)   --->   "%add_ln33 = add i9 %select_ln32, i9 1" [src/conv1.cpp:33->src/conv1.cpp:136]   --->   Operation 83 'add' 'add_ln33' <Predicate = (!icmp_ln32)> <Delay = 0.77> <CoreInst = "Adder">   --->   Core 1 'Adder' <Latency = 0> <II = 1> <Delay = 0.77> <FuncUnit> <Opcode : 'add' 'sub'> <InPorts = 2> <OutPorts = 1>
ST_2 : Operation 84 [1/1] (0.42ns)   --->   "%store_ln33 = store i17 %add_ln32_2, i17 %indvar_flatten29" [src/conv1.cpp:33->src/conv1.cpp:136]   --->   Operation 84 'store' 'store_ln33' <Predicate = (!icmp_ln32)> <Delay = 0.42>
ST_2 : Operation 85 [1/1] (0.42ns)   --->   "%store_ln33 = store i9 %select_ln32_1, i9 %ih" [src/conv1.cpp:33->src/conv1.cpp:136]   --->   Operation 85 'store' 'store_ln33' <Predicate = (!icmp_ln32)> <Delay = 0.42>
ST_2 : Operation 86 [1/1] (0.42ns)   --->   "%store_ln33 = store i9 %add_ln33, i9 %iw" [src/conv1.cpp:33->src/conv1.cpp:136]   --->   Operation 86 'store' 'store_ln33' <Predicate = (!icmp_ln32)> <Delay = 0.42>
ST_2 : Operation 97 [1/1] (0.00ns)   --->   "%ret_ln0 = ret"   --->   Operation 97 'ret' 'ret_ln0' <Predicate = (icmp_ln32)> <Delay = 0.00>

State 3 <SV = 2> <Delay = 2.47>
ST_3 : Operation 87 [1/1] (0.00ns)   --->   "%specloopname_ln0 = specloopname void @_ssdm_op_SpecLoopName, void @VITIS_LOOP_32_2_VITIS_LOOP_33_3_str"   --->   Operation 87 'specloopname' 'specloopname_ln0' <Predicate = true> <Delay = 0.00>
ST_3 : Operation 88 [1/1] (0.00ns)   --->   "%speclooptripcount_ln0 = speclooptripcount void @_ssdm_op_SpecLoopTripCount, i64 81, i64 69169, i64 0"   --->   Operation 88 'speclooptripcount' 'speclooptripcount_ln0' <Predicate = true> <Delay = 0.00>
ST_3 : Operation 89 [1/1] (0.00ns)   --->   "%zext_ln38_5 = zext i11 %add_ln38_3" [src/conv1.cpp:38->src/conv1.cpp:136]   --->   Operation 89 'zext' 'zext_ln38_5' <Predicate = true> <Delay = 0.00>
ST_3 : Operation 90 [1/1] (0.00ns)   --->   "%in_tile_1_0_addr = getelementptr i32 %in_tile_1_0, i64 0, i64 %zext_ln38_5" [src/conv1.cpp:38->src/conv1.cpp:136]   --->   Operation 90 'getelementptr' 'in_tile_1_0_addr' <Predicate = true> <Delay = 0.00>
ST_3 : Operation 91 [1/1] (0.00ns)   --->   "%specpipeline_ln34 = specpipeline void @_ssdm_op_SpecPipeline, i32 1, i32 0, i32 0, i32 0, void @empty_19" [src/conv1.cpp:34->src/conv1.cpp:136]   --->   Operation 91 'specpipeline' 'specpipeline_ln34' <Predicate = true> <Delay = 0.00>
ST_3 : Operation 92 [1/1] (0.00ns)   --->   "%specloopname_ln33 = specloopname void @_ssdm_op_SpecLoopName, void @empty_0" [src/conv1.cpp:33->src/conv1.cpp:136]   --->   Operation 92 'specloopname' 'specloopname_ln33' <Predicate = true> <Delay = 0.00>
ST_3 : Operation 93 [1/2] (1.23ns)   --->   "%input_ftmap_load = load i16 %input_ftmap_addr" [src/conv1.cpp:38->src/conv1.cpp:136]   --->   Operation 93 'load' 'input_ftmap_load' <Predicate = true> <Delay = 1.23> <CoreInst = "RAM">   --->   Core 83 'RAM' <Latency = 1> <II = 1> <Delay = 1.23> <Storage> <Opcode : 'load' 'store'> <Ports = 2> <Width = 32> <Depth = 65025> <RAM>
ST_3 : Operation 94 [1/1] (0.00ns)   --->   "%bitcast_ln38 = bitcast i32 %input_ftmap_load" [src/conv1.cpp:38->src/conv1.cpp:136]   --->   Operation 94 'bitcast' 'bitcast_ln38' <Predicate = true> <Delay = 0.00>
ST_3 : Operation 95 [1/1] (1.23ns)   --->   "%store_ln38 = store i32 %bitcast_ln38, i11 %in_tile_1_0_addr" [src/conv1.cpp:38->src/conv1.cpp:136]   --->   Operation 95 'store' 'store_ln38' <Predicate = true> <Delay = 1.23> <CoreInst = "RAM">   --->   Core 83 'RAM' <Latency = 1> <II = 1> <Delay = 1.23> <Storage> <Opcode : 'load' 'store'> <Ports = 2> <Width = 32> <Depth = 1600> <RAM>
ST_3 : Operation 96 [1/1] (0.00ns)   --->   "%br_ln33 = br void %for.body9.i" [src/conv1.cpp:33->src/conv1.cpp:136]   --->   Operation 96 'br' 'br_ln33' <Predicate = true> <Delay = 0.00>


============================================================
+ Verbose Summary: Timing violations
============================================================
Target clock period: 10.000ns, clock uncertainty: 2.700ns.

 <State 1>: 0.427ns
The critical path consists of the following:
	'alloca' operation ('indvar_flatten29') [11]  (0.000 ns)
	'store' operation ('store_ln0') of constant 0 on local variable 'indvar_flatten29' [22]  (0.427 ns)

 <State 2>: 5.857ns
The critical path consists of the following:
	'load' operation ('iw_load', src/conv1.cpp:33->src/conv1.cpp:136) on local variable 'iw' [45]  (0.000 ns)
	'icmp' operation ('icmp_ln33', src/conv1.cpp:33->src/conv1.cpp:136) [49]  (0.776 ns)
	'select' operation ('select_ln32', src/conv1.cpp:32->src/conv1.cpp:136) [50]  (0.398 ns)
	'add' operation ('add_ln37', src/conv1.cpp:37->src/conv1.cpp:136) [80]  (0.776 ns)
	'add' operation ('add_ln37_2', src/conv1.cpp:37->src/conv1.cpp:136) [82]  (0.787 ns)
	'icmp' operation ('icmp_ln19', src/conv1.cpp:19->src/conv1.cpp:37->src/conv1.cpp:136) [84]  (0.798 ns)
	'or' operation ('or_ln19', src/conv1.cpp:19->src/conv1.cpp:37->src/conv1.cpp:136) [88]  (0.000 ns)
	'select' operation ('gx', src/conv1.cpp:19->src/conv1.cpp:37->src/conv1.cpp:136) [89]  (0.398 ns)
	'add' operation ('add_ln38_4', src/conv1.cpp:38->src/conv1.cpp:136) [91]  (0.687 ns)
	'getelementptr' operation ('input_ftmap_addr', src/conv1.cpp:38->src/conv1.cpp:136) [93]  (0.000 ns)
	'load' operation ('input_ftmap_load', src/conv1.cpp:38->src/conv1.cpp:136) on array 'input_ftmap' [94]  (1.237 ns)

 <State 3>: 2.474ns
The critical path consists of the following:
	'load' operation ('input_ftmap_load', src/conv1.cpp:38->src/conv1.cpp:136) on array 'input_ftmap' [94]  (1.237 ns)
	'store' operation ('store_ln38', src/conv1.cpp:38->src/conv1.cpp:136) of variable 'bitcast_ln38', src/conv1.cpp:38->src/conv1.cpp:136 on array 'in_tile_1_0' [96]  (1.237 ns)


============================================================
+ Verbose Summary: Binding
============================================================
N/A
* FSMD analyzer results:
  - Output states:
 - Input state : 
  - Chain level:
	State 1
	State 2
	State 3


============================================================
+ Verbose Summary: Datapath Resource usage 
============================================================
N/A
