

================================================================
== Vitis HLS Report for 'conv3_Pipeline_VITIS_LOOP_55_3_VITIS_LOOP_56_4'
================================================================
* Date:           Fri Oct 31 01:54:47 2025

* Version:        2023.1 (Build 3854077 on May  4 2023)
* Project:        srcnn_hls
* Solution:       solution1 (Vivado IP Flow Target)
* Product family: zynquplus
* Target device:  xck26-sfvc784-2LV-c


================================================================
== Performance Estimates
================================================================
+ Timing: 
    * Summary: 
    +--------+----------+----------+------------+
    |  Clock |  Target  | Estimated| Uncertainty|
    +--------+----------+----------+------------+
    |ap_clk  |  10.00 ns|  7.300 ns|     2.70 ns|
    +--------+----------+----------+------------+

+ Latency: 
    * Summary: 
    +---------+---------+----------+----------+-----+-----+---------+
    |  Latency (cycles) |  Latency (absolute) |  Interval | Pipeline|
    |   min   |   max   |    min   |    max   | min | max |   Type  |
    +---------+---------+----------+----------+-----+-----+---------+
    |       28|       28|  0.280 us|  0.280 us|   28|   28|       no|
    +---------+---------+----------+----------+-----+-----+---------+

    + Detail: 
        * Instance: 
        N/A

        * Loop: 
        +-----------------------------------+---------+---------+----------+-----------+-----------+------+----------+
        |                                   |  Latency (cycles) | Iteration|  Initiation Interval  | Trip |          |
        |             Loop Name             |   min   |   max   |  Latency |  achieved |   target  | Count| Pipelined|
        +-----------------------------------+---------+---------+----------+-----------+-----------+------+----------+
        |- VITIS_LOOP_55_3_VITIS_LOOP_56_4  |       26|       26|         3|          1|          1|    25|       yes|
        +-----------------------------------+---------+---------+----------+-----------+-----------+------+----------+

============================================================
+ Verbose Summary: Synthesis Manager
============================================================
InlineROM: 1
ExposeGlobal: 0
============================================================
+ Verbose Summary: CDFG Model
============================================================
IsTopModel: 0
ResetActiveHigh: 1
IsCombinational: 0
IsDatapathOnly: 0
HasWiredReturn: 1
HasMFsm: 2
HasVarLatency: 1
IsPipeline: 0
IsRtlPipelined: 0
IsInstanceOverlapped: 0
IsDontTouch: 0
HasImplIP: 0
IsGatedGlobalClock: 0

+ Individual pipeline summary: 
  * Pipeline-0: initiation interval (II) = 1, depth = 3


============================================================
+ Verbose Summary: Schedule
============================================================
* Number of FSM states : 3
* Pipeline : 1
  Pipeline-0 : II = 1, D = 3, States = { 1 2 3 }
* Dataflow Pipeline: 0

* FSM state transitions: 
1 --> 2 
2 --> 3 
3 --> 

* FSM state operations: 

State 1 <SV = 0> <Delay = 1.98>
ST_1 : Operation 6 [1/1] (0.00ns)   --->   "%kw = alloca i32 1"   --->   Operation 6 'alloca' 'kw' <Predicate = true> <Delay = 0.00>
ST_1 : Operation 7 [1/1] (0.00ns)   --->   "%kh = alloca i32 1"   --->   Operation 7 'alloca' 'kh' <Predicate = true> <Delay = 0.00>
ST_1 : Operation 8 [1/1] (0.00ns)   --->   "%indvar_flatten45 = alloca i32 1"   --->   Operation 8 'alloca' 'indvar_flatten45' <Predicate = true> <Delay = 0.00>
ST_1 : Operation 9 [1/1] (0.00ns)   --->   "%sext_ln55_read = read i62 @_ssdm_op_Read.ap_auto.i62, i62 %sext_ln55"   --->   Operation 9 'read' 'sext_ln55_read' <Predicate = true> <Delay = 0.00>
ST_1 : Operation 10 [1/1] (0.00ns)   --->   "%zext_ln52_1_read = read i1 @_ssdm_op_Read.ap_auto.i1, i1 %zext_ln52_1"   --->   Operation 10 'read' 'zext_ln52_1_read' <Predicate = true> <Delay = 0.00>
ST_1 : Operation 11 [1/1] (0.00ns)   --->   "%sext_ln55_cast = sext i62 %sext_ln55_read"   --->   Operation 11 'sext' 'sext_ln55_cast' <Predicate = true> <Delay = 0.00>
ST_1 : Operation 12 [1/1] (0.00ns)   --->   "%zext_ln52_1_cast = zext i1 %zext_ln52_1_read"   --->   Operation 12 'zext' 'zext_ln52_1_cast' <Predicate = true> <Delay = 0.00>
ST_1 : Operation 13 [1/1] (0.00ns)   --->   "%specinterface_ln0 = specinterface void @_ssdm_op_SpecInterface, i32 %w3, void @empty_39, i32 0, i32 0, void @empty_40, i32 0, i32 800, void @empty, void @empty_42, void @empty_40, i32 16, i32 16, i32 16, i32 16, void @empty_40, void @empty_40, i32 4294967295, i32 0"   --->   Operation 13 'specinterface' 'specinterface_ln0' <Predicate = true> <Delay = 0.00>
ST_1 : Operation 14 [1/1] (0.42ns)   --->   "%store_ln0 = store i5 0, i5 %indvar_flatten45"   --->   Operation 14 'store' 'store_ln0' <Predicate = true> <Delay = 0.42>
ST_1 : Operation 15 [1/1] (0.42ns)   --->   "%store_ln0 = store i3 0, i3 %kh"   --->   Operation 15 'store' 'store_ln0' <Predicate = true> <Delay = 0.42>
ST_1 : Operation 16 [1/1] (0.42ns)   --->   "%store_ln0 = store i3 0, i3 %kw"   --->   Operation 16 'store' 'store_ln0' <Predicate = true> <Delay = 0.42>
ST_1 : Operation 17 [1/1] (0.00ns)   --->   "%br_ln0 = br void %for.inc.i16"   --->   Operation 17 'br' 'br_ln0' <Predicate = true> <Delay = 0.00>
ST_1 : Operation 18 [1/1] (0.00ns)   --->   "%indvar_flatten45_load = load i5 %indvar_flatten45" [src/conv3.cpp:55->src/conv3.cpp:159]   --->   Operation 18 'load' 'indvar_flatten45_load' <Predicate = true> <Delay = 0.00>
ST_1 : Operation 19 [1/1] (0.78ns)   --->   "%icmp_ln55 = icmp_eq  i5 %indvar_flatten45_load, i5 25" [src/conv3.cpp:55->src/conv3.cpp:159]   --->   Operation 19 'icmp' 'icmp_ln55' <Predicate = true> <Delay = 0.78> <CoreInst = "Cmp">   --->   Core 9 'Cmp' <Latency = 0> <II = 1> <Delay = 0.78> <FuncUnit> <Opcode : 'icmp'> <InPorts = 2> <OutPorts = 1>
ST_1 : Operation 20 [1/1] (0.78ns)   --->   "%add_ln55_1 = add i5 %indvar_flatten45_load, i5 1" [src/conv3.cpp:55->src/conv3.cpp:159]   --->   Operation 20 'add' 'add_ln55_1' <Predicate = true> <Delay = 0.78> <CoreInst = "Adder">   --->   Core 1 'Adder' <Latency = 0> <II = 1> <Delay = 0.78> <FuncUnit> <Opcode : 'add' 'sub'> <InPorts = 2> <OutPorts = 1>
ST_1 : Operation 21 [1/1] (0.00ns)   --->   "%br_ln55 = br i1 %icmp_ln55, void %for.inc30.i, void %for.inc36.i.loopexit.exitStub" [src/conv3.cpp:55->src/conv3.cpp:159]   --->   Operation 21 'br' 'br_ln55' <Predicate = true> <Delay = 0.00>
ST_1 : Operation 22 [1/1] (0.00ns)   --->   "%kw_load = load i3 %kw" [src/conv3.cpp:56->src/conv3.cpp:159]   --->   Operation 22 'load' 'kw_load' <Predicate = (!icmp_ln55)> <Delay = 0.00>
ST_1 : Operation 23 [1/1] (0.00ns)   --->   "%kh_load = load i3 %kh" [src/conv3.cpp:55->src/conv3.cpp:159]   --->   Operation 23 'load' 'kh_load' <Predicate = (!icmp_ln55)> <Delay = 0.00>
ST_1 : Operation 24 [1/1] (0.67ns)   --->   "%add_ln55 = add i3 %kh_load, i3 1" [src/conv3.cpp:55->src/conv3.cpp:159]   --->   Operation 24 'add' 'add_ln55' <Predicate = (!icmp_ln55)> <Delay = 0.67> <CoreInst = "Adder">   --->   Core 1 'Adder' <Latency = 0> <II = 1> <Delay = 0.67> <FuncUnit> <Opcode : 'add' 'sub'> <InPorts = 2> <OutPorts = 1>
ST_1 : Operation 25 [1/1] (0.67ns)   --->   "%icmp_ln56 = icmp_eq  i3 %kw_load, i3 5" [src/conv3.cpp:56->src/conv3.cpp:159]   --->   Operation 25 'icmp' 'icmp_ln56' <Predicate = (!icmp_ln55)> <Delay = 0.67> <CoreInst = "Cmp">   --->   Core 9 'Cmp' <Latency = 0> <II = 1> <Delay = 0.67> <FuncUnit> <Opcode : 'icmp'> <InPorts = 2> <OutPorts = 1>
ST_1 : Operation 26 [1/1] (0.20ns)   --->   "%select_ln55 = select i1 %icmp_ln56, i3 0, i3 %kw_load" [src/conv3.cpp:55->src/conv3.cpp:159]   --->   Operation 26 'select' 'select_ln55' <Predicate = (!icmp_ln55)> <Delay = 0.20> <CoreInst = "Sel">   --->   Core 73 'Sel' <Latency = 0> <II = 1> <Delay = 0.20> <FuncUnit> <Opcode : 'select'> <InPorts = 3> <OutPorts = 1>
ST_1 : Operation 27 [1/1] (0.20ns)   --->   "%select_ln55_1 = select i1 %icmp_ln56, i3 %add_ln55, i3 %kh_load" [src/conv3.cpp:55->src/conv3.cpp:159]   --->   Operation 27 'select' 'select_ln55_1' <Predicate = (!icmp_ln55)> <Delay = 0.20> <CoreInst = "Sel">   --->   Core 73 'Sel' <Latency = 0> <II = 1> <Delay = 0.20> <FuncUnit> <Opcode : 'select'> <InPorts = 3> <OutPorts = 1>
ST_1 : Operation 28 [1/1] (0.73ns)   --->   "%switch_ln58 = switch i3 %select_ln55_1, void %arrayidx2967.i.case.4, i3 0, void %arrayidx2967.i.case.0, i3 1, void %arrayidx2967.i.case.1, i3 2, void %arrayidx2967.i.case.2, i3 3, void %arrayidx2967.i.case.3" [src/conv3.cpp:58->src/conv3.cpp:159]   --->   Operation 28 'switch' 'switch_ln58' <Predicate = (!icmp_ln55)> <Delay = 0.73>
ST_1 : Operation 29 [1/1] (0.73ns)   --->   "%switch_ln58 = switch i3 %select_ln55, void %arrayidx2967.i.case.467, i3 0, void %arrayidx2967.i.case.063, i3 1, void %arrayidx2967.i.case.164, i3 2, void %arrayidx2967.i.case.265, i3 3, void %arrayidx2967.i.case.366" [src/conv3.cpp:58->src/conv3.cpp:159]   --->   Operation 29 'switch' 'switch_ln58' <Predicate = (!icmp_ln55 & select_ln55_1 == 3)> <Delay = 0.73>
ST_1 : Operation 30 [1/1] (0.00ns)   --->   "%br_ln58 = br void %arrayidx2967.i.exit" [src/conv3.cpp:58->src/conv3.cpp:159]   --->   Operation 30 'br' 'br_ln58' <Predicate = (!icmp_ln55 & select_ln55_1 == 3)> <Delay = 0.00>
ST_1 : Operation 31 [1/1] (0.73ns)   --->   "%switch_ln58 = switch i3 %select_ln55, void %arrayidx2967.i.case.460, i3 0, void %arrayidx2967.i.case.056, i3 1, void %arrayidx2967.i.case.157, i3 2, void %arrayidx2967.i.case.258, i3 3, void %arrayidx2967.i.case.359" [src/conv3.cpp:58->src/conv3.cpp:159]   --->   Operation 31 'switch' 'switch_ln58' <Predicate = (!icmp_ln55 & select_ln55_1 == 2)> <Delay = 0.73>
ST_1 : Operation 32 [1/1] (0.00ns)   --->   "%br_ln58 = br void %arrayidx2967.i.exit" [src/conv3.cpp:58->src/conv3.cpp:159]   --->   Operation 32 'br' 'br_ln58' <Predicate = (!icmp_ln55 & select_ln55_1 == 2)> <Delay = 0.00>
ST_1 : Operation 33 [1/1] (0.73ns)   --->   "%switch_ln58 = switch i3 %select_ln55, void %arrayidx2967.i.case.453, i3 0, void %arrayidx2967.i.case.049, i3 1, void %arrayidx2967.i.case.150, i3 2, void %arrayidx2967.i.case.251, i3 3, void %arrayidx2967.i.case.352" [src/conv3.cpp:58->src/conv3.cpp:159]   --->   Operation 33 'switch' 'switch_ln58' <Predicate = (!icmp_ln55 & select_ln55_1 == 1)> <Delay = 0.73>
ST_1 : Operation 34 [1/1] (0.00ns)   --->   "%br_ln58 = br void %arrayidx2967.i.exit" [src/conv3.cpp:58->src/conv3.cpp:159]   --->   Operation 34 'br' 'br_ln58' <Predicate = (!icmp_ln55 & select_ln55_1 == 1)> <Delay = 0.00>
ST_1 : Operation 35 [1/1] (0.73ns)   --->   "%switch_ln58 = switch i3 %select_ln55, void %arrayidx2967.i.case.446, i3 0, void %arrayidx2967.i.case.042, i3 1, void %arrayidx2967.i.case.143, i3 2, void %arrayidx2967.i.case.244, i3 3, void %arrayidx2967.i.case.345" [src/conv3.cpp:58->src/conv3.cpp:159]   --->   Operation 35 'switch' 'switch_ln58' <Predicate = (!icmp_ln55 & select_ln55_1 == 0)> <Delay = 0.73>
ST_1 : Operation 36 [1/1] (0.00ns)   --->   "%br_ln58 = br void %arrayidx2967.i.exit" [src/conv3.cpp:58->src/conv3.cpp:159]   --->   Operation 36 'br' 'br_ln58' <Predicate = (!icmp_ln55 & select_ln55_1 == 0)> <Delay = 0.00>
ST_1 : Operation 37 [1/1] (0.73ns)   --->   "%switch_ln58 = switch i3 %select_ln55, void %arrayidx2967.i.case.474, i3 0, void %arrayidx2967.i.case.070, i3 1, void %arrayidx2967.i.case.171, i3 2, void %arrayidx2967.i.case.272, i3 3, void %arrayidx2967.i.case.373" [src/conv3.cpp:58->src/conv3.cpp:159]   --->   Operation 37 'switch' 'switch_ln58' <Predicate = (!icmp_ln55 & select_ln55_1 != 0 & select_ln55_1 != 1 & select_ln55_1 != 2 & select_ln55_1 != 3)> <Delay = 0.73>
ST_1 : Operation 38 [1/1] (0.00ns)   --->   "%br_ln58 = br void %arrayidx2967.i.exit" [src/conv3.cpp:58->src/conv3.cpp:159]   --->   Operation 38 'br' 'br_ln58' <Predicate = (!icmp_ln55 & select_ln55_1 != 0 & select_ln55_1 != 1 & select_ln55_1 != 2 & select_ln55_1 != 3)> <Delay = 0.00>
ST_1 : Operation 39 [1/1] (0.67ns)   --->   "%add_ln56 = add i3 %select_ln55, i3 1" [src/conv3.cpp:56->src/conv3.cpp:159]   --->   Operation 39 'add' 'add_ln56' <Predicate = (!icmp_ln55)> <Delay = 0.67> <CoreInst = "Adder">   --->   Core 1 'Adder' <Latency = 0> <II = 1> <Delay = 0.67> <FuncUnit> <Opcode : 'add' 'sub'> <InPorts = 2> <OutPorts = 1>
ST_1 : Operation 40 [1/1] (0.42ns)   --->   "%store_ln56 = store i5 %add_ln55_1, i5 %indvar_flatten45" [src/conv3.cpp:56->src/conv3.cpp:159]   --->   Operation 40 'store' 'store_ln56' <Predicate = (!icmp_ln55)> <Delay = 0.42>
ST_1 : Operation 41 [1/1] (0.42ns)   --->   "%store_ln56 = store i3 %select_ln55_1, i3 %kh" [src/conv3.cpp:56->src/conv3.cpp:159]   --->   Operation 41 'store' 'store_ln56' <Predicate = (!icmp_ln55)> <Delay = 0.42>
ST_1 : Operation 42 [1/1] (0.42ns)   --->   "%store_ln56 = store i3 %add_ln56, i3 %kw" [src/conv3.cpp:56->src/conv3.cpp:159]   --->   Operation 42 'store' 'store_ln56' <Predicate = (!icmp_ln55)> <Delay = 0.42>
ST_1 : Operation 43 [1/1] (0.00ns)   --->   "%br_ln56 = br void %for.inc.i16" [src/conv3.cpp:56->src/conv3.cpp:159]   --->   Operation 43 'br' 'br_ln56' <Predicate = (!icmp_ln55)> <Delay = 0.00>

State 2 <SV = 1> <Delay = 7.30>
ST_2 : Operation 44 [1/1] (0.00ns)   --->   "%p_ZZ5conv3PA255_A255_fPA32_A5_A5_fPfS1_E6w_tile_4_4_0_addr = getelementptr i32 %p_ZZ5conv3PA255_A255_fPA32_A5_A5_fPfS1_E6w_tile_4_4_0, i64 0, i64 %zext_ln52_1_cast" [src/conv3.cpp:58->src/conv3.cpp:159]   --->   Operation 44 'getelementptr' 'p_ZZ5conv3PA255_A255_fPA32_A5_A5_fPfS1_E6w_tile_4_4_0_addr' <Predicate = true> <Delay = 0.00>
ST_2 : Operation 45 [1/1] (0.00ns)   --->   "%p_ZZ5conv3PA255_A255_fPA32_A5_A5_fPfS1_E6w_tile_4_3_0_addr = getelementptr i32 %p_ZZ5conv3PA255_A255_fPA32_A5_A5_fPfS1_E6w_tile_4_3_0, i64 0, i64 %zext_ln52_1_cast" [src/conv3.cpp:58->src/conv3.cpp:159]   --->   Operation 45 'getelementptr' 'p_ZZ5conv3PA255_A255_fPA32_A5_A5_fPfS1_E6w_tile_4_3_0_addr' <Predicate = true> <Delay = 0.00>
ST_2 : Operation 46 [1/1] (0.00ns)   --->   "%p_ZZ5conv3PA255_A255_fPA32_A5_A5_fPfS1_E6w_tile_4_2_0_addr = getelementptr i32 %p_ZZ5conv3PA255_A255_fPA32_A5_A5_fPfS1_E6w_tile_4_2_0, i64 0, i64 %zext_ln52_1_cast" [src/conv3.cpp:58->src/conv3.cpp:159]   --->   Operation 46 'getelementptr' 'p_ZZ5conv3PA255_A255_fPA32_A5_A5_fPfS1_E6w_tile_4_2_0_addr' <Predicate = true> <Delay = 0.00>
ST_2 : Operation 47 [1/1] (0.00ns)   --->   "%p_ZZ5conv3PA255_A255_fPA32_A5_A5_fPfS1_E6w_tile_4_1_0_addr = getelementptr i32 %p_ZZ5conv3PA255_A255_fPA32_A5_A5_fPfS1_E6w_tile_4_1_0, i64 0, i64 %zext_ln52_1_cast" [src/conv3.cpp:58->src/conv3.cpp:159]   --->   Operation 47 'getelementptr' 'p_ZZ5conv3PA255_A255_fPA32_A5_A5_fPfS1_E6w_tile_4_1_0_addr' <Predicate = true> <Delay = 0.00>
ST_2 : Operation 48 [1/1] (0.00ns)   --->   "%p_ZZ5conv3PA255_A255_fPA32_A5_A5_fPfS1_E6w_tile_4_0_0_addr = getelementptr i32 %p_ZZ5conv3PA255_A255_fPA32_A5_A5_fPfS1_E6w_tile_4_0_0, i64 0, i64 %zext_ln52_1_cast" [src/conv3.cpp:58->src/conv3.cpp:159]   --->   Operation 48 'getelementptr' 'p_ZZ5conv3PA255_A255_fPA32_A5_A5_fPfS1_E6w_tile_4_0_0_addr' <Predicate = true> <Delay = 0.00>
ST_2 : Operation 49 [1/1] (0.00ns)   --->   "%p_ZZ5conv3PA255_A255_fPA32_A5_A5_fPfS1_E6w_tile_3_4_0_addr = getelementptr i32 %p_ZZ5conv3PA255_A255_fPA32_A5_A5_fPfS1_E6w_tile_3_4_0, i64 0, i64 %zext_ln52_1_cast" [src/conv3.cpp:58->src/conv3.cpp:159]   --->   Operation 49 'getelementptr' 'p_ZZ5conv3PA255_A255_fPA32_A5_A5_fPfS1_E6w_tile_3_4_0_addr' <Predicate = true> <Delay = 0.00>
ST_2 : Operation 50 [1/1] (0.00ns)   --->   "%p_ZZ5conv3PA255_A255_fPA32_A5_A5_fPfS1_E6w_tile_3_3_0_addr = getelementptr i32 %p_ZZ5conv3PA255_A255_fPA32_A5_A5_fPfS1_E6w_tile_3_3_0, i64 0, i64 %zext_ln52_1_cast" [src/conv3.cpp:58->src/conv3.cpp:159]   --->   Operation 50 'getelementptr' 'p_ZZ5conv3PA255_A255_fPA32_A5_A5_fPfS1_E6w_tile_3_3_0_addr' <Predicate = true> <Delay = 0.00>
ST_2 : Operation 51 [1/1] (0.00ns)   --->   "%p_ZZ5conv3PA255_A255_fPA32_A5_A5_fPfS1_E6w_tile_3_2_0_addr = getelementptr i32 %p_ZZ5conv3PA255_A255_fPA32_A5_A5_fPfS1_E6w_tile_3_2_0, i64 0, i64 %zext_ln52_1_cast" [src/conv3.cpp:58->src/conv3.cpp:159]   --->   Operation 51 'getelementptr' 'p_ZZ5conv3PA255_A255_fPA32_A5_A5_fPfS1_E6w_tile_3_2_0_addr' <Predicate = true> <Delay = 0.00>
ST_2 : Operation 52 [1/1] (0.00ns)   --->   "%p_ZZ5conv3PA255_A255_fPA32_A5_A5_fPfS1_E6w_tile_3_1_0_addr = getelementptr i32 %p_ZZ5conv3PA255_A255_fPA32_A5_A5_fPfS1_E6w_tile_3_1_0, i64 0, i64 %zext_ln52_1_cast" [src/conv3.cpp:58->src/conv3.cpp:159]   --->   Operation 52 'getelementptr' 'p_ZZ5conv3PA255_A255_fPA32_A5_A5_fPfS1_E6w_tile_3_1_0_addr' <Predicate = true> <Delay = 0.00>
ST_2 : Operation 53 [1/1] (0.00ns)   --->   "%p_ZZ5conv3PA255_A255_fPA32_A5_A5_fPfS1_E6w_tile_3_0_0_addr = getelementptr i32 %p_ZZ5conv3PA255_A255_fPA32_A5_A5_fPfS1_E6w_tile_3_0_0, i64 0, i64 %zext_ln52_1_cast" [src/conv3.cpp:58->src/conv3.cpp:159]   --->   Operation 53 'getelementptr' 'p_ZZ5conv3PA255_A255_fPA32_A5_A5_fPfS1_E6w_tile_3_0_0_addr' <Predicate = true> <Delay = 0.00>
ST_2 : Operation 54 [1/1] (0.00ns)   --->   "%p_ZZ5conv3PA255_A255_fPA32_A5_A5_fPfS1_E6w_tile_2_4_0_addr = getelementptr i32 %p_ZZ5conv3PA255_A255_fPA32_A5_A5_fPfS1_E6w_tile_2_4_0, i64 0, i64 %zext_ln52_1_cast" [src/conv3.cpp:58->src/conv3.cpp:159]   --->   Operation 54 'getelementptr' 'p_ZZ5conv3PA255_A255_fPA32_A5_A5_fPfS1_E6w_tile_2_4_0_addr' <Predicate = true> <Delay = 0.00>
ST_2 : Operation 55 [1/1] (0.00ns)   --->   "%p_ZZ5conv3PA255_A255_fPA32_A5_A5_fPfS1_E6w_tile_2_3_0_addr = getelementptr i32 %p_ZZ5conv3PA255_A255_fPA32_A5_A5_fPfS1_E6w_tile_2_3_0, i64 0, i64 %zext_ln52_1_cast" [src/conv3.cpp:58->src/conv3.cpp:159]   --->   Operation 55 'getelementptr' 'p_ZZ5conv3PA255_A255_fPA32_A5_A5_fPfS1_E6w_tile_2_3_0_addr' <Predicate = true> <Delay = 0.00>
ST_2 : Operation 56 [1/1] (0.00ns)   --->   "%p_ZZ5conv3PA255_A255_fPA32_A5_A5_fPfS1_E6w_tile_2_2_0_addr = getelementptr i32 %p_ZZ5conv3PA255_A255_fPA32_A5_A5_fPfS1_E6w_tile_2_2_0, i64 0, i64 %zext_ln52_1_cast" [src/conv3.cpp:58->src/conv3.cpp:159]   --->   Operation 56 'getelementptr' 'p_ZZ5conv3PA255_A255_fPA32_A5_A5_fPfS1_E6w_tile_2_2_0_addr' <Predicate = true> <Delay = 0.00>
ST_2 : Operation 57 [1/1] (0.00ns)   --->   "%p_ZZ5conv3PA255_A255_fPA32_A5_A5_fPfS1_E6w_tile_2_1_0_addr = getelementptr i32 %p_ZZ5conv3PA255_A255_fPA32_A5_A5_fPfS1_E6w_tile_2_1_0, i64 0, i64 %zext_ln52_1_cast" [src/conv3.cpp:58->src/conv3.cpp:159]   --->   Operation 57 'getelementptr' 'p_ZZ5conv3PA255_A255_fPA32_A5_A5_fPfS1_E6w_tile_2_1_0_addr' <Predicate = true> <Delay = 0.00>
ST_2 : Operation 58 [1/1] (0.00ns)   --->   "%p_ZZ5conv3PA255_A255_fPA32_A5_A5_fPfS1_E6w_tile_2_0_0_addr = getelementptr i32 %p_ZZ5conv3PA255_A255_fPA32_A5_A5_fPfS1_E6w_tile_2_0_0, i64 0, i64 %zext_ln52_1_cast" [src/conv3.cpp:58->src/conv3.cpp:159]   --->   Operation 58 'getelementptr' 'p_ZZ5conv3PA255_A255_fPA32_A5_A5_fPfS1_E6w_tile_2_0_0_addr' <Predicate = true> <Delay = 0.00>
ST_2 : Operation 59 [1/1] (0.00ns)   --->   "%p_ZZ5conv3PA255_A255_fPA32_A5_A5_fPfS1_E6w_tile_1_4_0_addr = getelementptr i32 %p_ZZ5conv3PA255_A255_fPA32_A5_A5_fPfS1_E6w_tile_1_4_0, i64 0, i64 %zext_ln52_1_cast" [src/conv3.cpp:58->src/conv3.cpp:159]   --->   Operation 59 'getelementptr' 'p_ZZ5conv3PA255_A255_fPA32_A5_A5_fPfS1_E6w_tile_1_4_0_addr' <Predicate = true> <Delay = 0.00>
ST_2 : Operation 60 [1/1] (0.00ns)   --->   "%p_ZZ5conv3PA255_A255_fPA32_A5_A5_fPfS1_E6w_tile_1_3_0_addr = getelementptr i32 %p_ZZ5conv3PA255_A255_fPA32_A5_A5_fPfS1_E6w_tile_1_3_0, i64 0, i64 %zext_ln52_1_cast" [src/conv3.cpp:58->src/conv3.cpp:159]   --->   Operation 60 'getelementptr' 'p_ZZ5conv3PA255_A255_fPA32_A5_A5_fPfS1_E6w_tile_1_3_0_addr' <Predicate = true> <Delay = 0.00>
ST_2 : Operation 61 [1/1] (0.00ns)   --->   "%p_ZZ5conv3PA255_A255_fPA32_A5_A5_fPfS1_E6w_tile_1_2_0_addr = getelementptr i32 %p_ZZ5conv3PA255_A255_fPA32_A5_A5_fPfS1_E6w_tile_1_2_0, i64 0, i64 %zext_ln52_1_cast" [src/conv3.cpp:58->src/conv3.cpp:159]   --->   Operation 61 'getelementptr' 'p_ZZ5conv3PA255_A255_fPA32_A5_A5_fPfS1_E6w_tile_1_2_0_addr' <Predicate = true> <Delay = 0.00>
ST_2 : Operation 62 [1/1] (0.00ns)   --->   "%p_ZZ5conv3PA255_A255_fPA32_A5_A5_fPfS1_E6w_tile_1_1_0_addr = getelementptr i32 %p_ZZ5conv3PA255_A255_fPA32_A5_A5_fPfS1_E6w_tile_1_1_0, i64 0, i64 %zext_ln52_1_cast" [src/conv3.cpp:58->src/conv3.cpp:159]   --->   Operation 62 'getelementptr' 'p_ZZ5conv3PA255_A255_fPA32_A5_A5_fPfS1_E6w_tile_1_1_0_addr' <Predicate = true> <Delay = 0.00>
ST_2 : Operation 63 [1/1] (0.00ns)   --->   "%p_ZZ5conv3PA255_A255_fPA32_A5_A5_fPfS1_E6w_tile_1_0_0_addr = getelementptr i32 %p_ZZ5conv3PA255_A255_fPA32_A5_A5_fPfS1_E6w_tile_1_0_0, i64 0, i64 %zext_ln52_1_cast" [src/conv3.cpp:58->src/conv3.cpp:159]   --->   Operation 63 'getelementptr' 'p_ZZ5conv3PA255_A255_fPA32_A5_A5_fPfS1_E6w_tile_1_0_0_addr' <Predicate = true> <Delay = 0.00>
ST_2 : Operation 64 [1/1] (0.00ns)   --->   "%p_ZZ5conv3PA255_A255_fPA32_A5_A5_fPfS1_E6w_tile_0_4_0_addr = getelementptr i32 %p_ZZ5conv3PA255_A255_fPA32_A5_A5_fPfS1_E6w_tile_0_4_0, i64 0, i64 %zext_ln52_1_cast" [src/conv3.cpp:58->src/conv3.cpp:159]   --->   Operation 64 'getelementptr' 'p_ZZ5conv3PA255_A255_fPA32_A5_A5_fPfS1_E6w_tile_0_4_0_addr' <Predicate = true> <Delay = 0.00>
ST_2 : Operation 65 [1/1] (0.00ns)   --->   "%p_ZZ5conv3PA255_A255_fPA32_A5_A5_fPfS1_E6w_tile_0_3_0_addr = getelementptr i32 %p_ZZ5conv3PA255_A255_fPA32_A5_A5_fPfS1_E6w_tile_0_3_0, i64 0, i64 %zext_ln52_1_cast" [src/conv3.cpp:58->src/conv3.cpp:159]   --->   Operation 65 'getelementptr' 'p_ZZ5conv3PA255_A255_fPA32_A5_A5_fPfS1_E6w_tile_0_3_0_addr' <Predicate = true> <Delay = 0.00>
ST_2 : Operation 66 [1/1] (0.00ns)   --->   "%p_ZZ5conv3PA255_A255_fPA32_A5_A5_fPfS1_E6w_tile_0_2_0_addr = getelementptr i32 %p_ZZ5conv3PA255_A255_fPA32_A5_A5_fPfS1_E6w_tile_0_2_0, i64 0, i64 %zext_ln52_1_cast" [src/conv3.cpp:58->src/conv3.cpp:159]   --->   Operation 66 'getelementptr' 'p_ZZ5conv3PA255_A255_fPA32_A5_A5_fPfS1_E6w_tile_0_2_0_addr' <Predicate = true> <Delay = 0.00>
ST_2 : Operation 67 [1/1] (0.00ns)   --->   "%p_ZZ5conv3PA255_A255_fPA32_A5_A5_fPfS1_E6w_tile_0_1_0_addr = getelementptr i32 %p_ZZ5conv3PA255_A255_fPA32_A5_A5_fPfS1_E6w_tile_0_1_0, i64 0, i64 %zext_ln52_1_cast" [src/conv3.cpp:58->src/conv3.cpp:159]   --->   Operation 67 'getelementptr' 'p_ZZ5conv3PA255_A255_fPA32_A5_A5_fPfS1_E6w_tile_0_1_0_addr' <Predicate = true> <Delay = 0.00>
ST_2 : Operation 68 [1/1] (0.00ns)   --->   "%w3_addr = getelementptr i32 %w3, i64 %sext_ln55_cast" [src/conv3.cpp:55->src/conv3.cpp:159]   --->   Operation 68 'getelementptr' 'w3_addr' <Predicate = true> <Delay = 0.00>
ST_2 : Operation 69 [1/1] (0.00ns)   --->   "%p_ZZ5conv3PA255_A255_fPA32_A5_A5_fPfS1_E6w_tile_0_0_0_addr = getelementptr i32 %p_ZZ5conv3PA255_A255_fPA32_A5_A5_fPfS1_E6w_tile_0_0_0, i64 0, i64 %zext_ln52_1_cast" [src/conv3.cpp:58->src/conv3.cpp:159]   --->   Operation 69 'getelementptr' 'p_ZZ5conv3PA255_A255_fPA32_A5_A5_fPfS1_E6w_tile_0_0_0_addr' <Predicate = true> <Delay = 0.00>
ST_2 : Operation 70 [1/1] (0.00ns)   --->   "%specloopname_ln0 = specloopname void @_ssdm_op_SpecLoopName, void @VITIS_LOOP_55_3_VITIS_LOOP_56_4_str"   --->   Operation 70 'specloopname' 'specloopname_ln0' <Predicate = (!icmp_ln55)> <Delay = 0.00>
ST_2 : Operation 71 [1/1] (0.00ns)   --->   "%speclooptripcount_ln0 = speclooptripcount void @_ssdm_op_SpecLoopTripCount, i64 25, i64 25, i64 25"   --->   Operation 71 'speclooptripcount' 'speclooptripcount_ln0' <Predicate = (!icmp_ln55)> <Delay = 0.00>
ST_2 : Operation 72 [1/1] (0.00ns)   --->   "%specpipeline_ln57 = specpipeline void @_ssdm_op_SpecPipeline, i32 1, i32 0, i32 0, i32 0, void @empty_40" [src/conv3.cpp:57->src/conv3.cpp:159]   --->   Operation 72 'specpipeline' 'specpipeline_ln57' <Predicate = (!icmp_ln55)> <Delay = 0.00>
ST_2 : Operation 73 [1/1] (0.00ns)   --->   "%specloopname_ln56 = specloopname void @_ssdm_op_SpecLoopName, void @empty_35" [src/conv3.cpp:56->src/conv3.cpp:159]   --->   Operation 73 'specloopname' 'specloopname_ln56' <Predicate = (!icmp_ln55)> <Delay = 0.00>
ST_2 : Operation 74 [1/1] (7.30ns)   --->   "%w3_addr_read = read i32 @_ssdm_op_Read.m_axi.p1i32, i32 %w3_addr" [src/conv3.cpp:58->src/conv3.cpp:159]   --->   Operation 74 'read' 'w3_addr_read' <Predicate = (!icmp_ln55)> <Delay = 7.30> <CoreInst = "m_axi">   --->   Core 121 'm_axi' <Latency = 0> <II = 1> <Delay = 1.00> <Adapter> <Opcode : 'read' 'write' 'readreq' 'writereq' 'writeresp'>
ST_2 : Operation 75 [1/1] (0.00ns)   --->   "%bitcast_ln58 = bitcast i32 %w3_addr_read" [src/conv3.cpp:58->src/conv3.cpp:159]   --->   Operation 75 'bitcast' 'bitcast_ln58' <Predicate = (!icmp_ln55)> <Delay = 0.00>
ST_2 : Operation 126 [1/1] (0.00ns)   --->   "%ret_ln0 = ret"   --->   Operation 126 'ret' 'ret_ln0' <Predicate = (icmp_ln55)> <Delay = 0.00>

State 3 <SV = 2> <Delay = 0.67>
ST_3 : Operation 76 [1/1] (0.67ns)   --->   "%store_ln58 = store i32 %bitcast_ln58, i3 %p_ZZ5conv3PA255_A255_fPA32_A5_A5_fPfS1_E6w_tile_3_3_0_addr" [src/conv3.cpp:58->src/conv3.cpp:159]   --->   Operation 76 'store' 'store_ln58' <Predicate = (select_ln55_1 == 3 & select_ln55 == 3)> <Delay = 0.67> <CoreInst = "RAM">   --->   Core 83 'RAM' <Latency = 1> <II = 1> <Delay = 0.67> <Storage> <Opcode : 'load' 'store'> <Ports = 2> <Width = 32> <Depth = 8> <RAM>
ST_3 : Operation 77 [1/1] (0.00ns)   --->   "%br_ln58 = br void %arrayidx2967.i.exit62" [src/conv3.cpp:58->src/conv3.cpp:159]   --->   Operation 77 'br' 'br_ln58' <Predicate = (select_ln55_1 == 3 & select_ln55 == 3)> <Delay = 0.00>
ST_3 : Operation 78 [1/1] (0.67ns)   --->   "%store_ln58 = store i32 %bitcast_ln58, i3 %p_ZZ5conv3PA255_A255_fPA32_A5_A5_fPfS1_E6w_tile_3_2_0_addr" [src/conv3.cpp:58->src/conv3.cpp:159]   --->   Operation 78 'store' 'store_ln58' <Predicate = (select_ln55_1 == 3 & select_ln55 == 2)> <Delay = 0.67> <CoreInst = "RAM">   --->   Core 83 'RAM' <Latency = 1> <II = 1> <Delay = 0.67> <Storage> <Opcode : 'load' 'store'> <Ports = 2> <Width = 32> <Depth = 8> <RAM>
ST_3 : Operation 79 [1/1] (0.00ns)   --->   "%br_ln58 = br void %arrayidx2967.i.exit62" [src/conv3.cpp:58->src/conv3.cpp:159]   --->   Operation 79 'br' 'br_ln58' <Predicate = (select_ln55_1 == 3 & select_ln55 == 2)> <Delay = 0.00>
ST_3 : Operation 80 [1/1] (0.67ns)   --->   "%store_ln58 = store i32 %bitcast_ln58, i3 %p_ZZ5conv3PA255_A255_fPA32_A5_A5_fPfS1_E6w_tile_3_1_0_addr" [src/conv3.cpp:58->src/conv3.cpp:159]   --->   Operation 80 'store' 'store_ln58' <Predicate = (select_ln55_1 == 3 & select_ln55 == 1)> <Delay = 0.67> <CoreInst = "RAM">   --->   Core 83 'RAM' <Latency = 1> <II = 1> <Delay = 0.67> <Storage> <Opcode : 'load' 'store'> <Ports = 2> <Width = 32> <Depth = 8> <RAM>
ST_3 : Operation 81 [1/1] (0.00ns)   --->   "%br_ln58 = br void %arrayidx2967.i.exit62" [src/conv3.cpp:58->src/conv3.cpp:159]   --->   Operation 81 'br' 'br_ln58' <Predicate = (select_ln55_1 == 3 & select_ln55 == 1)> <Delay = 0.00>
ST_3 : Operation 82 [1/1] (0.67ns)   --->   "%store_ln58 = store i32 %bitcast_ln58, i3 %p_ZZ5conv3PA255_A255_fPA32_A5_A5_fPfS1_E6w_tile_3_0_0_addr" [src/conv3.cpp:58->src/conv3.cpp:159]   --->   Operation 82 'store' 'store_ln58' <Predicate = (select_ln55_1 == 3 & select_ln55 == 0)> <Delay = 0.67> <CoreInst = "RAM">   --->   Core 83 'RAM' <Latency = 1> <II = 1> <Delay = 0.67> <Storage> <Opcode : 'load' 'store'> <Ports = 2> <Width = 32> <Depth = 8> <RAM>
ST_3 : Operation 83 [1/1] (0.00ns)   --->   "%br_ln58 = br void %arrayidx2967.i.exit62" [src/conv3.cpp:58->src/conv3.cpp:159]   --->   Operation 83 'br' 'br_ln58' <Predicate = (select_ln55_1 == 3 & select_ln55 == 0)> <Delay = 0.00>
ST_3 : Operation 84 [1/1] (0.67ns)   --->   "%store_ln58 = store i32 %bitcast_ln58, i3 %p_ZZ5conv3PA255_A255_fPA32_A5_A5_fPfS1_E6w_tile_3_4_0_addr" [src/conv3.cpp:58->src/conv3.cpp:159]   --->   Operation 84 'store' 'store_ln58' <Predicate = (select_ln55_1 == 3 & select_ln55 != 0 & select_ln55 != 1 & select_ln55 != 2 & select_ln55 != 3)> <Delay = 0.67> <CoreInst = "RAM">   --->   Core 83 'RAM' <Latency = 1> <II = 1> <Delay = 0.67> <Storage> <Opcode : 'load' 'store'> <Ports = 2> <Width = 32> <Depth = 8> <RAM>
ST_3 : Operation 85 [1/1] (0.00ns)   --->   "%br_ln58 = br void %arrayidx2967.i.exit62" [src/conv3.cpp:58->src/conv3.cpp:159]   --->   Operation 85 'br' 'br_ln58' <Predicate = (select_ln55_1 == 3 & select_ln55 != 0 & select_ln55 != 1 & select_ln55 != 2 & select_ln55 != 3)> <Delay = 0.00>
ST_3 : Operation 86 [1/1] (0.67ns)   --->   "%store_ln58 = store i32 %bitcast_ln58, i3 %p_ZZ5conv3PA255_A255_fPA32_A5_A5_fPfS1_E6w_tile_2_3_0_addr" [src/conv3.cpp:58->src/conv3.cpp:159]   --->   Operation 86 'store' 'store_ln58' <Predicate = (select_ln55_1 == 2 & select_ln55 == 3)> <Delay = 0.67> <CoreInst = "RAM">   --->   Core 83 'RAM' <Latency = 1> <II = 1> <Delay = 0.67> <Storage> <Opcode : 'load' 'store'> <Ports = 2> <Width = 32> <Depth = 8> <RAM>
ST_3 : Operation 87 [1/1] (0.00ns)   --->   "%br_ln58 = br void %arrayidx2967.i.exit55" [src/conv3.cpp:58->src/conv3.cpp:159]   --->   Operation 87 'br' 'br_ln58' <Predicate = (select_ln55_1 == 2 & select_ln55 == 3)> <Delay = 0.00>
ST_3 : Operation 88 [1/1] (0.67ns)   --->   "%store_ln58 = store i32 %bitcast_ln58, i3 %p_ZZ5conv3PA255_A255_fPA32_A5_A5_fPfS1_E6w_tile_2_2_0_addr" [src/conv3.cpp:58->src/conv3.cpp:159]   --->   Operation 88 'store' 'store_ln58' <Predicate = (select_ln55_1 == 2 & select_ln55 == 2)> <Delay = 0.67> <CoreInst = "RAM">   --->   Core 83 'RAM' <Latency = 1> <II = 1> <Delay = 0.67> <Storage> <Opcode : 'load' 'store'> <Ports = 2> <Width = 32> <Depth = 8> <RAM>
ST_3 : Operation 89 [1/1] (0.00ns)   --->   "%br_ln58 = br void %arrayidx2967.i.exit55" [src/conv3.cpp:58->src/conv3.cpp:159]   --->   Operation 89 'br' 'br_ln58' <Predicate = (select_ln55_1 == 2 & select_ln55 == 2)> <Delay = 0.00>
ST_3 : Operation 90 [1/1] (0.67ns)   --->   "%store_ln58 = store i32 %bitcast_ln58, i3 %p_ZZ5conv3PA255_A255_fPA32_A5_A5_fPfS1_E6w_tile_2_1_0_addr" [src/conv3.cpp:58->src/conv3.cpp:159]   --->   Operation 90 'store' 'store_ln58' <Predicate = (select_ln55_1 == 2 & select_ln55 == 1)> <Delay = 0.67> <CoreInst = "RAM">   --->   Core 83 'RAM' <Latency = 1> <II = 1> <Delay = 0.67> <Storage> <Opcode : 'load' 'store'> <Ports = 2> <Width = 32> <Depth = 8> <RAM>
ST_3 : Operation 91 [1/1] (0.00ns)   --->   "%br_ln58 = br void %arrayidx2967.i.exit55" [src/conv3.cpp:58->src/conv3.cpp:159]   --->   Operation 91 'br' 'br_ln58' <Predicate = (select_ln55_1 == 2 & select_ln55 == 1)> <Delay = 0.00>
ST_3 : Operation 92 [1/1] (0.67ns)   --->   "%store_ln58 = store i32 %bitcast_ln58, i3 %p_ZZ5conv3PA255_A255_fPA32_A5_A5_fPfS1_E6w_tile_2_0_0_addr" [src/conv3.cpp:58->src/conv3.cpp:159]   --->   Operation 92 'store' 'store_ln58' <Predicate = (select_ln55_1 == 2 & select_ln55 == 0)> <Delay = 0.67> <CoreInst = "RAM">   --->   Core 83 'RAM' <Latency = 1> <II = 1> <Delay = 0.67> <Storage> <Opcode : 'load' 'store'> <Ports = 2> <Width = 32> <Depth = 8> <RAM>
ST_3 : Operation 93 [1/1] (0.00ns)   --->   "%br_ln58 = br void %arrayidx2967.i.exit55" [src/conv3.cpp:58->src/conv3.cpp:159]   --->   Operation 93 'br' 'br_ln58' <Predicate = (select_ln55_1 == 2 & select_ln55 == 0)> <Delay = 0.00>
ST_3 : Operation 94 [1/1] (0.67ns)   --->   "%store_ln58 = store i32 %bitcast_ln58, i3 %p_ZZ5conv3PA255_A255_fPA32_A5_A5_fPfS1_E6w_tile_2_4_0_addr" [src/conv3.cpp:58->src/conv3.cpp:159]   --->   Operation 94 'store' 'store_ln58' <Predicate = (select_ln55_1 == 2 & select_ln55 != 0 & select_ln55 != 1 & select_ln55 != 2 & select_ln55 != 3)> <Delay = 0.67> <CoreInst = "RAM">   --->   Core 83 'RAM' <Latency = 1> <II = 1> <Delay = 0.67> <Storage> <Opcode : 'load' 'store'> <Ports = 2> <Width = 32> <Depth = 8> <RAM>
ST_3 : Operation 95 [1/1] (0.00ns)   --->   "%br_ln58 = br void %arrayidx2967.i.exit55" [src/conv3.cpp:58->src/conv3.cpp:159]   --->   Operation 95 'br' 'br_ln58' <Predicate = (select_ln55_1 == 2 & select_ln55 != 0 & select_ln55 != 1 & select_ln55 != 2 & select_ln55 != 3)> <Delay = 0.00>
ST_3 : Operation 96 [1/1] (0.67ns)   --->   "%store_ln58 = store i32 %bitcast_ln58, i3 %p_ZZ5conv3PA255_A255_fPA32_A5_A5_fPfS1_E6w_tile_1_3_0_addr" [src/conv3.cpp:58->src/conv3.cpp:159]   --->   Operation 96 'store' 'store_ln58' <Predicate = (select_ln55_1 == 1 & select_ln55 == 3)> <Delay = 0.67> <CoreInst = "RAM">   --->   Core 83 'RAM' <Latency = 1> <II = 1> <Delay = 0.67> <Storage> <Opcode : 'load' 'store'> <Ports = 2> <Width = 32> <Depth = 8> <RAM>
ST_3 : Operation 97 [1/1] (0.00ns)   --->   "%br_ln58 = br void %arrayidx2967.i.exit48" [src/conv3.cpp:58->src/conv3.cpp:159]   --->   Operation 97 'br' 'br_ln58' <Predicate = (select_ln55_1 == 1 & select_ln55 == 3)> <Delay = 0.00>
ST_3 : Operation 98 [1/1] (0.67ns)   --->   "%store_ln58 = store i32 %bitcast_ln58, i3 %p_ZZ5conv3PA255_A255_fPA32_A5_A5_fPfS1_E6w_tile_1_2_0_addr" [src/conv3.cpp:58->src/conv3.cpp:159]   --->   Operation 98 'store' 'store_ln58' <Predicate = (select_ln55_1 == 1 & select_ln55 == 2)> <Delay = 0.67> <CoreInst = "RAM">   --->   Core 83 'RAM' <Latency = 1> <II = 1> <Delay = 0.67> <Storage> <Opcode : 'load' 'store'> <Ports = 2> <Width = 32> <Depth = 8> <RAM>
ST_3 : Operation 99 [1/1] (0.00ns)   --->   "%br_ln58 = br void %arrayidx2967.i.exit48" [src/conv3.cpp:58->src/conv3.cpp:159]   --->   Operation 99 'br' 'br_ln58' <Predicate = (select_ln55_1 == 1 & select_ln55 == 2)> <Delay = 0.00>
ST_3 : Operation 100 [1/1] (0.67ns)   --->   "%store_ln58 = store i32 %bitcast_ln58, i3 %p_ZZ5conv3PA255_A255_fPA32_A5_A5_fPfS1_E6w_tile_1_1_0_addr" [src/conv3.cpp:58->src/conv3.cpp:159]   --->   Operation 100 'store' 'store_ln58' <Predicate = (select_ln55_1 == 1 & select_ln55 == 1)> <Delay = 0.67> <CoreInst = "RAM">   --->   Core 83 'RAM' <Latency = 1> <II = 1> <Delay = 0.67> <Storage> <Opcode : 'load' 'store'> <Ports = 2> <Width = 32> <Depth = 8> <RAM>
ST_3 : Operation 101 [1/1] (0.00ns)   --->   "%br_ln58 = br void %arrayidx2967.i.exit48" [src/conv3.cpp:58->src/conv3.cpp:159]   --->   Operation 101 'br' 'br_ln58' <Predicate = (select_ln55_1 == 1 & select_ln55 == 1)> <Delay = 0.00>
ST_3 : Operation 102 [1/1] (0.67ns)   --->   "%store_ln58 = store i32 %bitcast_ln58, i3 %p_ZZ5conv3PA255_A255_fPA32_A5_A5_fPfS1_E6w_tile_1_0_0_addr" [src/conv3.cpp:58->src/conv3.cpp:159]   --->   Operation 102 'store' 'store_ln58' <Predicate = (select_ln55_1 == 1 & select_ln55 == 0)> <Delay = 0.67> <CoreInst = "RAM">   --->   Core 83 'RAM' <Latency = 1> <II = 1> <Delay = 0.67> <Storage> <Opcode : 'load' 'store'> <Ports = 2> <Width = 32> <Depth = 8> <RAM>
ST_3 : Operation 103 [1/1] (0.00ns)   --->   "%br_ln58 = br void %arrayidx2967.i.exit48" [src/conv3.cpp:58->src/conv3.cpp:159]   --->   Operation 103 'br' 'br_ln58' <Predicate = (select_ln55_1 == 1 & select_ln55 == 0)> <Delay = 0.00>
ST_3 : Operation 104 [1/1] (0.67ns)   --->   "%store_ln58 = store i32 %bitcast_ln58, i3 %p_ZZ5conv3PA255_A255_fPA32_A5_A5_fPfS1_E6w_tile_1_4_0_addr" [src/conv3.cpp:58->src/conv3.cpp:159]   --->   Operation 104 'store' 'store_ln58' <Predicate = (select_ln55_1 == 1 & select_ln55 != 0 & select_ln55 != 1 & select_ln55 != 2 & select_ln55 != 3)> <Delay = 0.67> <CoreInst = "RAM">   --->   Core 83 'RAM' <Latency = 1> <II = 1> <Delay = 0.67> <Storage> <Opcode : 'load' 'store'> <Ports = 2> <Width = 32> <Depth = 8> <RAM>
ST_3 : Operation 105 [1/1] (0.00ns)   --->   "%br_ln58 = br void %arrayidx2967.i.exit48" [src/conv3.cpp:58->src/conv3.cpp:159]   --->   Operation 105 'br' 'br_ln58' <Predicate = (select_ln55_1 == 1 & select_ln55 != 0 & select_ln55 != 1 & select_ln55 != 2 & select_ln55 != 3)> <Delay = 0.00>
ST_3 : Operation 106 [1/1] (0.67ns)   --->   "%store_ln58 = store i32 %bitcast_ln58, i3 %p_ZZ5conv3PA255_A255_fPA32_A5_A5_fPfS1_E6w_tile_0_3_0_addr" [src/conv3.cpp:58->src/conv3.cpp:159]   --->   Operation 106 'store' 'store_ln58' <Predicate = (select_ln55_1 == 0 & select_ln55 == 3)> <Delay = 0.67> <CoreInst = "RAM">   --->   Core 83 'RAM' <Latency = 1> <II = 1> <Delay = 0.67> <Storage> <Opcode : 'load' 'store'> <Ports = 2> <Width = 32> <Depth = 8> <RAM>
ST_3 : Operation 107 [1/1] (0.00ns)   --->   "%br_ln58 = br void %arrayidx2967.i.exit41" [src/conv3.cpp:58->src/conv3.cpp:159]   --->   Operation 107 'br' 'br_ln58' <Predicate = (select_ln55_1 == 0 & select_ln55 == 3)> <Delay = 0.00>
ST_3 : Operation 108 [1/1] (0.67ns)   --->   "%store_ln58 = store i32 %bitcast_ln58, i3 %p_ZZ5conv3PA255_A255_fPA32_A5_A5_fPfS1_E6w_tile_0_2_0_addr" [src/conv3.cpp:58->src/conv3.cpp:159]   --->   Operation 108 'store' 'store_ln58' <Predicate = (select_ln55_1 == 0 & select_ln55 == 2)> <Delay = 0.67> <CoreInst = "RAM">   --->   Core 83 'RAM' <Latency = 1> <II = 1> <Delay = 0.67> <Storage> <Opcode : 'load' 'store'> <Ports = 2> <Width = 32> <Depth = 8> <RAM>
ST_3 : Operation 109 [1/1] (0.00ns)   --->   "%br_ln58 = br void %arrayidx2967.i.exit41" [src/conv3.cpp:58->src/conv3.cpp:159]   --->   Operation 109 'br' 'br_ln58' <Predicate = (select_ln55_1 == 0 & select_ln55 == 2)> <Delay = 0.00>
ST_3 : Operation 110 [1/1] (0.67ns)   --->   "%store_ln58 = store i32 %bitcast_ln58, i3 %p_ZZ5conv3PA255_A255_fPA32_A5_A5_fPfS1_E6w_tile_0_1_0_addr" [src/conv3.cpp:58->src/conv3.cpp:159]   --->   Operation 110 'store' 'store_ln58' <Predicate = (select_ln55_1 == 0 & select_ln55 == 1)> <Delay = 0.67> <CoreInst = "RAM">   --->   Core 83 'RAM' <Latency = 1> <II = 1> <Delay = 0.67> <Storage> <Opcode : 'load' 'store'> <Ports = 2> <Width = 32> <Depth = 8> <RAM>
ST_3 : Operation 111 [1/1] (0.00ns)   --->   "%br_ln58 = br void %arrayidx2967.i.exit41" [src/conv3.cpp:58->src/conv3.cpp:159]   --->   Operation 111 'br' 'br_ln58' <Predicate = (select_ln55_1 == 0 & select_ln55 == 1)> <Delay = 0.00>
ST_3 : Operation 112 [1/1] (0.67ns)   --->   "%store_ln58 = store i32 %bitcast_ln58, i3 %p_ZZ5conv3PA255_A255_fPA32_A5_A5_fPfS1_E6w_tile_0_0_0_addr" [src/conv3.cpp:58->src/conv3.cpp:159]   --->   Operation 112 'store' 'store_ln58' <Predicate = (select_ln55_1 == 0 & select_ln55 == 0)> <Delay = 0.67> <CoreInst = "RAM">   --->   Core 83 'RAM' <Latency = 1> <II = 1> <Delay = 0.67> <Storage> <Opcode : 'load' 'store'> <Ports = 2> <Width = 32> <Depth = 8> <RAM>
ST_3 : Operation 113 [1/1] (0.00ns)   --->   "%br_ln58 = br void %arrayidx2967.i.exit41" [src/conv3.cpp:58->src/conv3.cpp:159]   --->   Operation 113 'br' 'br_ln58' <Predicate = (select_ln55_1 == 0 & select_ln55 == 0)> <Delay = 0.00>
ST_3 : Operation 114 [1/1] (0.67ns)   --->   "%store_ln58 = store i32 %bitcast_ln58, i3 %p_ZZ5conv3PA255_A255_fPA32_A5_A5_fPfS1_E6w_tile_0_4_0_addr" [src/conv3.cpp:58->src/conv3.cpp:159]   --->   Operation 114 'store' 'store_ln58' <Predicate = (select_ln55_1 == 0 & select_ln55 != 0 & select_ln55 != 1 & select_ln55 != 2 & select_ln55 != 3)> <Delay = 0.67> <CoreInst = "RAM">   --->   Core 83 'RAM' <Latency = 1> <II = 1> <Delay = 0.67> <Storage> <Opcode : 'load' 'store'> <Ports = 2> <Width = 32> <Depth = 8> <RAM>
ST_3 : Operation 115 [1/1] (0.00ns)   --->   "%br_ln58 = br void %arrayidx2967.i.exit41" [src/conv3.cpp:58->src/conv3.cpp:159]   --->   Operation 115 'br' 'br_ln58' <Predicate = (select_ln55_1 == 0 & select_ln55 != 0 & select_ln55 != 1 & select_ln55 != 2 & select_ln55 != 3)> <Delay = 0.00>
ST_3 : Operation 116 [1/1] (0.67ns)   --->   "%store_ln58 = store i32 %bitcast_ln58, i3 %p_ZZ5conv3PA255_A255_fPA32_A5_A5_fPfS1_E6w_tile_4_3_0_addr" [src/conv3.cpp:58->src/conv3.cpp:159]   --->   Operation 116 'store' 'store_ln58' <Predicate = (select_ln55_1 != 0 & select_ln55_1 != 1 & select_ln55_1 != 2 & select_ln55_1 != 3 & select_ln55 == 3)> <Delay = 0.67> <CoreInst = "RAM">   --->   Core 83 'RAM' <Latency = 1> <II = 1> <Delay = 0.67> <Storage> <Opcode : 'load' 'store'> <Ports = 2> <Width = 32> <Depth = 8> <RAM>
ST_3 : Operation 117 [1/1] (0.00ns)   --->   "%br_ln58 = br void %arrayidx2967.i.exit69" [src/conv3.cpp:58->src/conv3.cpp:159]   --->   Operation 117 'br' 'br_ln58' <Predicate = (select_ln55_1 != 0 & select_ln55_1 != 1 & select_ln55_1 != 2 & select_ln55_1 != 3 & select_ln55 == 3)> <Delay = 0.00>
ST_3 : Operation 118 [1/1] (0.67ns)   --->   "%store_ln58 = store i32 %bitcast_ln58, i3 %p_ZZ5conv3PA255_A255_fPA32_A5_A5_fPfS1_E6w_tile_4_2_0_addr" [src/conv3.cpp:58->src/conv3.cpp:159]   --->   Operation 118 'store' 'store_ln58' <Predicate = (select_ln55_1 != 0 & select_ln55_1 != 1 & select_ln55_1 != 2 & select_ln55_1 != 3 & select_ln55 == 2)> <Delay = 0.67> <CoreInst = "RAM">   --->   Core 83 'RAM' <Latency = 1> <II = 1> <Delay = 0.67> <Storage> <Opcode : 'load' 'store'> <Ports = 2> <Width = 32> <Depth = 8> <RAM>
ST_3 : Operation 119 [1/1] (0.00ns)   --->   "%br_ln58 = br void %arrayidx2967.i.exit69" [src/conv3.cpp:58->src/conv3.cpp:159]   --->   Operation 119 'br' 'br_ln58' <Predicate = (select_ln55_1 != 0 & select_ln55_1 != 1 & select_ln55_1 != 2 & select_ln55_1 != 3 & select_ln55 == 2)> <Delay = 0.00>
ST_3 : Operation 120 [1/1] (0.67ns)   --->   "%store_ln58 = store i32 %bitcast_ln58, i3 %p_ZZ5conv3PA255_A255_fPA32_A5_A5_fPfS1_E6w_tile_4_1_0_addr" [src/conv3.cpp:58->src/conv3.cpp:159]   --->   Operation 120 'store' 'store_ln58' <Predicate = (select_ln55_1 != 0 & select_ln55_1 != 1 & select_ln55_1 != 2 & select_ln55_1 != 3 & select_ln55 == 1)> <Delay = 0.67> <CoreInst = "RAM">   --->   Core 83 'RAM' <Latency = 1> <II = 1> <Delay = 0.67> <Storage> <Opcode : 'load' 'store'> <Ports = 2> <Width = 32> <Depth = 8> <RAM>
ST_3 : Operation 121 [1/1] (0.00ns)   --->   "%br_ln58 = br void %arrayidx2967.i.exit69" [src/conv3.cpp:58->src/conv3.cpp:159]   --->   Operation 121 'br' 'br_ln58' <Predicate = (select_ln55_1 != 0 & select_ln55_1 != 1 & select_ln55_1 != 2 & select_ln55_1 != 3 & select_ln55 == 1)> <Delay = 0.00>
ST_3 : Operation 122 [1/1] (0.67ns)   --->   "%store_ln58 = store i32 %bitcast_ln58, i3 %p_ZZ5conv3PA255_A255_fPA32_A5_A5_fPfS1_E6w_tile_4_0_0_addr" [src/conv3.cpp:58->src/conv3.cpp:159]   --->   Operation 122 'store' 'store_ln58' <Predicate = (select_ln55_1 != 0 & select_ln55_1 != 1 & select_ln55_1 != 2 & select_ln55_1 != 3 & select_ln55 == 0)> <Delay = 0.67> <CoreInst = "RAM">   --->   Core 83 'RAM' <Latency = 1> <II = 1> <Delay = 0.67> <Storage> <Opcode : 'load' 'store'> <Ports = 2> <Width = 32> <Depth = 8> <RAM>
ST_3 : Operation 123 [1/1] (0.00ns)   --->   "%br_ln58 = br void %arrayidx2967.i.exit69" [src/conv3.cpp:58->src/conv3.cpp:159]   --->   Operation 123 'br' 'br_ln58' <Predicate = (select_ln55_1 != 0 & select_ln55_1 != 1 & select_ln55_1 != 2 & select_ln55_1 != 3 & select_ln55 == 0)> <Delay = 0.00>
ST_3 : Operation 124 [1/1] (0.67ns)   --->   "%store_ln58 = store i32 %bitcast_ln58, i3 %p_ZZ5conv3PA255_A255_fPA32_A5_A5_fPfS1_E6w_tile_4_4_0_addr" [src/conv3.cpp:58->src/conv3.cpp:159]   --->   Operation 124 'store' 'store_ln58' <Predicate = (select_ln55_1 != 0 & select_ln55_1 != 1 & select_ln55_1 != 2 & select_ln55_1 != 3 & select_ln55 != 0 & select_ln55 != 1 & select_ln55 != 2 & select_ln55 != 3)> <Delay = 0.67> <CoreInst = "RAM">   --->   Core 83 'RAM' <Latency = 1> <II = 1> <Delay = 0.67> <Storage> <Opcode : 'load' 'store'> <Ports = 2> <Width = 32> <Depth = 8> <RAM>
ST_3 : Operation 125 [1/1] (0.00ns)   --->   "%br_ln58 = br void %arrayidx2967.i.exit69" [src/conv3.cpp:58->src/conv3.cpp:159]   --->   Operation 125 'br' 'br_ln58' <Predicate = (select_ln55_1 != 0 & select_ln55_1 != 1 & select_ln55_1 != 2 & select_ln55_1 != 3 & select_ln55 != 0 & select_ln55 != 1 & select_ln55 != 2 & select_ln55 != 3)> <Delay = 0.00>


============================================================
+ Verbose Summary: Timing violations
============================================================
Target clock period: 10.000ns, clock uncertainty: 2.700ns.

 <State 1>: 1.980ns
The critical path consists of the following:
	'alloca' operation ('kw') [29]  (0.000 ns)
	'load' operation ('kw_load', src/conv3.cpp:56->src/conv3.cpp:159) on local variable 'kw' [73]  (0.000 ns)
	'icmp' operation ('icmp_ln56', src/conv3.cpp:56->src/conv3.cpp:159) [78]  (0.673 ns)
	'select' operation ('select_ln55', src/conv3.cpp:55->src/conv3.cpp:159) [79]  (0.208 ns)
	'add' operation ('add_ln56', src/conv3.cpp:56->src/conv3.cpp:159) [182]  (0.673 ns)
	'store' operation ('store_ln56', src/conv3.cpp:56->src/conv3.cpp:159) of variable 'add_ln56', src/conv3.cpp:56->src/conv3.cpp:159 on local variable 'kw' [185]  (0.427 ns)

 <State 2>: 7.300ns
The critical path consists of the following:
	'getelementptr' operation ('w3_addr', src/conv3.cpp:55->src/conv3.cpp:159) [67]  (0.000 ns)
	bus read operation ('w3_addr_read', src/conv3.cpp:58->src/conv3.cpp:159) on port 'w3' (src/conv3.cpp:58->src/conv3.cpp:159) [83]  (7.300 ns)

 <State 3>: 0.677ns
The critical path consists of the following:
	'store' operation ('store_ln58', src/conv3.cpp:58->src/conv3.cpp:159) of variable 'bitcast_ln58', src/conv3.cpp:58->src/conv3.cpp:159 on array 'p_ZZ5conv3PA255_A255_fPA32_A5_A5_fPfS1_E6w_tile_3_1_0' [95]  (0.677 ns)


============================================================
+ Verbose Summary: Binding
============================================================
N/A
* FSMD analyzer results:
  - Output states:
 - Input state : 
  - Chain level:
	State 1
	State 2
	State 3


============================================================
+ Verbose Summary: Datapath Resource usage 
============================================================
N/A
