

================================================================
== Vitis HLS Report for 'conv3_Pipeline_VITIS_LOOP_108_1_VITIS_LOOP_109_2_VITIS_LOOP_110_3'
================================================================
* Date:           Thu Oct 30 21:22:32 2025

* Version:        2023.1 (Build 3854077 on May  4 2023)
* Project:        srcnn_hls
* Solution:       solution1 (Vivado IP Flow Target)
* Product family: zynquplus
* Target device:  xck26-sfvc784-2LV-c


================================================================
== Performance Estimates
================================================================
+ Timing: 
    * Summary: 
    +--------+----------+----------+------------+
    |  Clock |  Target  | Estimated| Uncertainty|
    +--------+----------+----------+------------+
    |ap_clk  |  10.00 ns|  6.437 ns|     2.70 ns|
    +--------+----------+----------+------------+

+ Latency: 
    * Summary: 
    +---------+---------+-----------+-----------+------+------+---------+
    |  Latency (cycles) |   Latency (absolute)  |   Interval  | Pipeline|
    |   min   |   max   |    min    |    max    |  min |  max |   Type  |
    +---------+---------+-----------+-----------+------+------+---------+
    |     8199|     8199|  81.990 us|  81.990 us|  8199|  8199|       no|
    +---------+---------+-----------+-----------+------+------+---------+

    + Detail: 
        * Instance: 
        N/A

        * Loop: 
        +------------------------------------------------------+---------+---------+----------+-----------+-----------+------+----------+
        |                                                      |  Latency (cycles) | Iteration|  Initiation Interval  | Trip |          |
        |                       Loop Name                      |   min   |   max   |  Latency |  achieved |   target  | Count| Pipelined|
        +------------------------------------------------------+---------+---------+----------+-----------+-----------+------+----------+
        |- VITIS_LOOP_108_1_VITIS_LOOP_109_2_VITIS_LOOP_110_3  |     8197|     8197|         7|          1|          1|  8192|       yes|
        +------------------------------------------------------+---------+---------+----------+-----------+-----------+------+----------+

============================================================
+ Verbose Summary: Synthesis Manager
============================================================
InlineROM: 1
ExposeGlobal: 0
============================================================
+ Verbose Summary: CDFG Model
============================================================
IsTopModel: 0
ResetActiveHigh: 1
IsCombinational: 0
IsDatapathOnly: 0
HasWiredReturn: 1
HasMFsm: 2
HasVarLatency: 1
IsPipeline: 0
IsRtlPipelined: 0
IsInstanceOverlapped: 0
IsDontTouch: 0
HasImplIP: 0
IsGatedGlobalClock: 0

+ Individual pipeline summary: 
  * Pipeline-0: initiation interval (II) = 1, depth = 8


============================================================
+ Verbose Summary: Schedule
============================================================
* Number of FSM states : 8
* Pipeline : 1
  Pipeline-0 : II = 1, D = 8, States = { 1 2 3 4 5 6 7 8 }
* Dataflow Pipeline: 0

* FSM state transitions: 
1 --> 2 
2 --> 3 
3 --> 4 
4 --> 5 
5 --> 6 
6 --> 7 
7 --> 8 
8 --> 

* FSM state operations: 

State 1 <SV = 0> <Delay = 0.42>
ST_1 : Operation 10 [1/1] (0.00ns)   --->   "%tw = alloca i32 1"   --->   Operation 10 'alloca' 'tw' <Predicate = true> <Delay = 0.00>
ST_1 : Operation 11 [1/1] (0.00ns)   --->   "%th_1 = alloca i32 1"   --->   Operation 11 'alloca' 'th_1' <Predicate = true> <Delay = 0.00>
ST_1 : Operation 12 [1/1] (0.00ns)   --->   "%indvar_flatten55 = alloca i32 1"   --->   Operation 12 'alloca' 'indvar_flatten55' <Predicate = true> <Delay = 0.00>
ST_1 : Operation 13 [1/1] (0.00ns)   --->   "%tn = alloca i32 1"   --->   Operation 13 'alloca' 'tn' <Predicate = true> <Delay = 0.00>
ST_1 : Operation 14 [1/1] (0.00ns)   --->   "%indvar_flatten78 = alloca i32 1"   --->   Operation 14 'alloca' 'indvar_flatten78' <Predicate = true> <Delay = 0.00>
ST_1 : Operation 15 [1/1] (0.00ns)   --->   "%specinterface_ln0 = specinterface void @_ssdm_op_SpecInterface, i32 %output_ftmap, void @empty_18, i32 0, i32 0, void @empty_19, i32 4294967295, i32 0, void @empty_19, void @empty_19, void @empty_19, i32 0, i32 0, i32 0, i32 0, void @empty_19, void @empty_19, i32 4294967295, i32 0"   --->   Operation 15 'specinterface' 'specinterface_ln0' <Predicate = true> <Delay = 0.00>
ST_1 : Operation 16 [1/1] (0.00ns)   --->   "%select_ln103_read = read i9 @_ssdm_op_Read.ap_auto.i9, i9 %select_ln103"   --->   Operation 16 'read' 'select_ln103_read' <Predicate = true> <Delay = 0.00>
ST_1 : Operation 17 [1/1] (0.00ns)   --->   "%bitcast_ln113_read = read i32 @_ssdm_op_Read.ap_auto.float, i32 %bitcast_ln113"   --->   Operation 17 'read' 'bitcast_ln113_read' <Predicate = true> <Delay = 0.00>
ST_1 : Operation 18 [1/1] (0.00ns)   --->   "%zext_ln105_read = read i8 @_ssdm_op_Read.ap_auto.i8, i8 %zext_ln105"   --->   Operation 18 'read' 'zext_ln105_read' <Predicate = true> <Delay = 0.00>
ST_1 : Operation 19 [1/1] (0.00ns)   --->   "%select_ln103_3_read = read i8 @_ssdm_op_Read.ap_auto.i8, i8 %select_ln103_3"   --->   Operation 19 'read' 'select_ln103_3_read' <Predicate = true> <Delay = 0.00>
ST_1 : Operation 20 [1/1] (0.00ns)   --->   "%zext_ln103_3_read = read i8 @_ssdm_op_Read.ap_auto.i8, i8 %zext_ln103_3"   --->   Operation 20 'read' 'zext_ln103_3_read' <Predicate = true> <Delay = 0.00>
ST_1 : Operation 21 [1/1] (0.00ns)   --->   "%select_ln103_1_read = read i8 @_ssdm_op_Read.ap_auto.i8, i8 %select_ln103_1"   --->   Operation 21 'read' 'select_ln103_1_read' <Predicate = true> <Delay = 0.00>
ST_1 : Operation 22 [1/1] (0.42ns)   --->   "%store_ln0 = store i14 0, i14 %indvar_flatten78"   --->   Operation 22 'store' 'store_ln0' <Predicate = true> <Delay = 0.42>
ST_1 : Operation 23 [1/1] (0.42ns)   --->   "%store_ln0 = store i4 0, i4 %tn"   --->   Operation 23 'store' 'store_ln0' <Predicate = true> <Delay = 0.42>
ST_1 : Operation 24 [1/1] (0.42ns)   --->   "%store_ln0 = store i12 0, i12 %indvar_flatten55"   --->   Operation 24 'store' 'store_ln0' <Predicate = true> <Delay = 0.42>
ST_1 : Operation 25 [1/1] (0.42ns)   --->   "%store_ln0 = store i6 0, i6 %th_1"   --->   Operation 25 'store' 'store_ln0' <Predicate = true> <Delay = 0.42>
ST_1 : Operation 26 [1/1] (0.42ns)   --->   "%store_ln0 = store i6 0, i6 %tw"   --->   Operation 26 'store' 'store_ln0' <Predicate = true> <Delay = 0.42>
ST_1 : Operation 27 [1/1] (0.00ns)   --->   "%br_ln0 = br void %for.body8.i"   --->   Operation 27 'br' 'br_ln0' <Predicate = true> <Delay = 0.00>

State 2 <SV = 1> <Delay = 5.18>
ST_2 : Operation 28 [1/1] (0.00ns)   --->   "%th = load i6 %th_1" [src/conv3.cpp:109->src/conv3.cpp:164]   --->   Operation 28 'load' 'th' <Predicate = true> <Delay = 0.00>
ST_2 : Operation 29 [1/1] (0.00ns)   --->   "%indvar_flatten55_load = load i12 %indvar_flatten55" [src/conv3.cpp:109->src/conv3.cpp:164]   --->   Operation 29 'load' 'indvar_flatten55_load' <Predicate = true> <Delay = 0.00>
ST_2 : Operation 30 [1/1] (0.00ns)   --->   "%indvar_flatten78_load = load i14 %indvar_flatten78" [src/conv3.cpp:108->src/conv3.cpp:164]   --->   Operation 30 'load' 'indvar_flatten78_load' <Predicate = true> <Delay = 0.00>
ST_2 : Operation 31 [1/1] (0.00ns)   --->   "%zext_ln109 = zext i6 %th" [src/conv3.cpp:109->src/conv3.cpp:164]   --->   Operation 31 'zext' 'zext_ln109' <Predicate = true> <Delay = 0.00>
ST_2 : Operation 32 [1/1] (0.76ns)   --->   "%empty = add i8 %zext_ln109, i8 %select_ln103_1_read" [src/conv3.cpp:109->src/conv3.cpp:164]   --->   Operation 32 'add' 'empty' <Predicate = true> <Delay = 0.76> <CoreInst = "Adder">   --->   Core 1 'Adder' <Latency = 0> <II = 1> <Delay = 0.76> <FuncUnit> <Opcode : 'add' 'sub'> <InPorts = 2> <OutPorts = 1>
ST_2 : Operation 33 [1/1] (0.76ns)   --->   "%notrhs = icmp_ult  i8 %zext_ln109, i8 %zext_ln103_3_read" [src/conv3.cpp:109->src/conv3.cpp:164]   --->   Operation 33 'icmp' 'notrhs' <Predicate = true> <Delay = 0.76> <CoreInst = "Cmp">   --->   Core 9 'Cmp' <Latency = 0> <II = 1> <Delay = 0.76> <FuncUnit> <Opcode : 'icmp'> <InPorts = 2> <OutPorts = 1>
ST_2 : Operation 34 [1/1] (0.83ns)   --->   "%icmp_ln108 = icmp_eq  i14 %indvar_flatten78_load, i14 8192" [src/conv3.cpp:108->src/conv3.cpp:164]   --->   Operation 34 'icmp' 'icmp_ln108' <Predicate = true> <Delay = 0.83> <CoreInst = "Cmp">   --->   Core 9 'Cmp' <Latency = 0> <II = 1> <Delay = 0.83> <FuncUnit> <Opcode : 'icmp'> <InPorts = 2> <OutPorts = 1>
ST_2 : Operation 35 [1/1] (0.83ns)   --->   "%add_ln108_1 = add i14 %indvar_flatten78_load, i14 1" [src/conv3.cpp:108->src/conv3.cpp:164]   --->   Operation 35 'add' 'add_ln108_1' <Predicate = true> <Delay = 0.83> <CoreInst = "Adder">   --->   Core 1 'Adder' <Latency = 0> <II = 1> <Delay = 0.83> <FuncUnit> <Opcode : 'add' 'sub'> <InPorts = 2> <OutPorts = 1>
ST_2 : Operation 36 [1/1] (0.00ns)   --->   "%br_ln108 = br i1 %icmp_ln108, void %for.inc32.i, void %_ZL17store_out_tile_c3PA32_A32_fPA255_A255_fiiiiiiPf.exit.exitStub" [src/conv3.cpp:108->src/conv3.cpp:164]   --->   Operation 36 'br' 'br_ln108' <Predicate = true> <Delay = 0.00>
ST_2 : Operation 37 [1/1] (0.00ns)   --->   "%tw_load = load i6 %tw" [src/conv3.cpp:110->src/conv3.cpp:164]   --->   Operation 37 'load' 'tw_load' <Predicate = (!icmp_ln108)> <Delay = 0.00>
ST_2 : Operation 38 [1/1] (0.00ns)   --->   "%tn_load = load i4 %tn" [src/conv3.cpp:108->src/conv3.cpp:164]   --->   Operation 38 'load' 'tn_load' <Predicate = (!icmp_ln108)> <Delay = 0.00>
ST_2 : Operation 39 [1/1] (0.79ns)   --->   "%add_ln108 = add i4 %tn_load, i4 1" [src/conv3.cpp:108->src/conv3.cpp:164]   --->   Operation 39 'add' 'add_ln108' <Predicate = (!icmp_ln108)> <Delay = 0.79> <CoreInst = "Adder">   --->   Core 1 'Adder' <Latency = 0> <II = 1> <Delay = 0.79> <FuncUnit> <Opcode : 'add' 'sub'> <InPorts = 2> <OutPorts = 1>
ST_2 : Operation 40 [1/1] (0.80ns)   --->   "%icmp_ln109 = icmp_eq  i12 %indvar_flatten55_load, i12 1024" [src/conv3.cpp:109->src/conv3.cpp:164]   --->   Operation 40 'icmp' 'icmp_ln109' <Predicate = (!icmp_ln108)> <Delay = 0.80> <CoreInst = "Cmp">   --->   Core 9 'Cmp' <Latency = 0> <II = 1> <Delay = 0.80> <FuncUnit> <Opcode : 'icmp'> <InPorts = 2> <OutPorts = 1>
ST_2 : Operation 41 [1/1] (0.38ns)   --->   "%select_ln108 = select i1 %icmp_ln109, i6 0, i6 %th" [src/conv3.cpp:108->src/conv3.cpp:164]   --->   Operation 41 'select' 'select_ln108' <Predicate = (!icmp_ln108)> <Delay = 0.38> <CoreInst = "Sel">   --->   Core 73 'Sel' <Latency = 0> <II = 1> <Delay = 0.38> <FuncUnit> <Opcode : 'select'> <InPorts = 3> <OutPorts = 1>
ST_2 : Operation 42 [1/1] (0.39ns)   --->   "%select_ln108_1 = select i1 %icmp_ln109, i4 %add_ln108, i4 %tn_load" [src/conv3.cpp:108->src/conv3.cpp:164]   --->   Operation 42 'select' 'select_ln108_1' <Predicate = (!icmp_ln108)> <Delay = 0.39> <CoreInst = "Sel">   --->   Core 73 'Sel' <Latency = 0> <II = 1> <Delay = 0.39> <FuncUnit> <Opcode : 'select'> <InPorts = 3> <OutPorts = 1>
ST_2 : Operation 43 [1/1] (0.00ns)   --->   "%trunc_ln113 = trunc i4 %select_ln108_1" [src/conv3.cpp:113->src/conv3.cpp:164]   --->   Operation 43 'trunc' 'trunc_ln113' <Predicate = (!icmp_ln108)> <Delay = 0.00>
ST_2 : Operation 44 [1/1] (0.00ns)   --->   "%tmp_13_cast = bitconcatenate i8 @_ssdm_op_BitConcatenate.i8.i3.i5, i3 %trunc_ln113, i5 0" [src/conv3.cpp:113->src/conv3.cpp:164]   --->   Operation 44 'bitconcatenate' 'tmp_13_cast' <Predicate = (!icmp_ln108)> <Delay = 0.00>
ST_2 : Operation 45 [1/1] (0.79ns)   --->   "%notlhs_mid1 = icmp_eq  i4 %add_ln108, i4 0" [src/conv3.cpp:108->src/conv3.cpp:164]   --->   Operation 45 'icmp' 'notlhs_mid1' <Predicate = (!icmp_ln108)> <Delay = 0.79> <CoreInst = "Cmp">   --->   Core 9 'Cmp' <Latency = 0> <II = 1> <Delay = 0.79> <FuncUnit> <Opcode : 'icmp'> <InPorts = 2> <OutPorts = 1>
ST_2 : Operation 46 [1/1] (0.79ns)   --->   "%notlhs23 = icmp_eq  i4 %tn_load, i4 0" [src/conv3.cpp:108->src/conv3.cpp:164]   --->   Operation 46 'icmp' 'notlhs23' <Predicate = (!icmp_ln108)> <Delay = 0.79> <CoreInst = "Cmp">   --->   Core 9 'Cmp' <Latency = 0> <II = 1> <Delay = 0.79> <FuncUnit> <Opcode : 'icmp'> <InPorts = 2> <OutPorts = 1>
ST_2 : Operation 47 [1/1] (0.00ns) (grouped into LUT with out node and_ln112)   --->   "%select_ln108_2 = select i1 %icmp_ln109, i1 %notlhs_mid1, i1 %notlhs23" [src/conv3.cpp:108->src/conv3.cpp:164]   --->   Operation 47 'select' 'select_ln108_2' <Predicate = (!icmp_ln108)> <Delay = 0.00> <CoreInst = "Sel">   --->   Core 73 'Sel' <Latency = 0> <II = 1> <Delay = 0.17> <FuncUnit> <Opcode : 'select'> <InPorts = 3> <OutPorts = 1>
ST_2 : Operation 48 [1/1] (0.00ns) (grouped into LUT with out node select_ln109_2)   --->   "%select_ln108_3 = select i1 %icmp_ln109, i8 %select_ln103_1_read, i8 %empty" [src/conv3.cpp:108->src/conv3.cpp:164]   --->   Operation 48 'select' 'select_ln108_3' <Predicate = (!icmp_ln108)> <Delay = 0.00> <CoreInst = "Sel">   --->   Core 73 'Sel' <Latency = 0> <II = 1> <Delay = 0.39> <FuncUnit> <Opcode : 'select'> <InPorts = 3> <OutPorts = 1>
ST_2 : Operation 49 [1/1] (0.76ns)   --->   "%notrhs_mid174 = icmp_ne  i8 %select_ln103_3_read, i8 0"   --->   Operation 49 'icmp' 'notrhs_mid174' <Predicate = (!icmp_ln108)> <Delay = 0.76> <CoreInst = "Cmp">   --->   Core 9 'Cmp' <Latency = 0> <II = 1> <Delay = 0.76> <FuncUnit> <Opcode : 'icmp'> <InPorts = 2> <OutPorts = 1>
ST_2 : Operation 50 [1/1] (0.00ns) (grouped into LUT with out node select_ln109_3)   --->   "%select_ln108_4 = select i1 %icmp_ln109, i1 %notrhs_mid174, i1 %notrhs" [src/conv3.cpp:108->src/conv3.cpp:164]   --->   Operation 50 'select' 'select_ln108_4' <Predicate = (!icmp_ln108)> <Delay = 0.00> <CoreInst = "Sel">   --->   Core 73 'Sel' <Latency = 0> <II = 1> <Delay = 0.17> <FuncUnit> <Opcode : 'select'> <InPorts = 3> <OutPorts = 1>
ST_2 : Operation 51 [1/1] (0.00ns) (grouped into LUT with out node and_ln108)   --->   "%xor_ln108 = xor i1 %icmp_ln109, i1 1" [src/conv3.cpp:108->src/conv3.cpp:164]   --->   Operation 51 'xor' 'xor_ln108' <Predicate = (!icmp_ln108)> <Delay = 0.00> <CoreInst = "LogicGate">   --->   Core 74 'LogicGate' <Latency = 0> <II = 1> <Delay = 0.28> <FuncUnit> <Opcode : 'and' 'or' 'xor'> <InPorts = 2> <OutPorts = 1>
ST_2 : Operation 52 [1/1] (0.78ns)   --->   "%icmp_ln110 = icmp_eq  i6 %tw_load, i6 32" [src/conv3.cpp:110->src/conv3.cpp:164]   --->   Operation 52 'icmp' 'icmp_ln110' <Predicate = (!icmp_ln108)> <Delay = 0.78> <CoreInst = "Cmp">   --->   Core 9 'Cmp' <Latency = 0> <II = 1> <Delay = 0.78> <FuncUnit> <Opcode : 'icmp'> <InPorts = 2> <OutPorts = 1>
ST_2 : Operation 53 [1/1] (0.28ns) (out node of the LUT)   --->   "%and_ln108 = and i1 %icmp_ln110, i1 %xor_ln108" [src/conv3.cpp:108->src/conv3.cpp:164]   --->   Operation 53 'and' 'and_ln108' <Predicate = (!icmp_ln108)> <Delay = 0.28> <CoreInst = "LogicGate">   --->   Core 74 'LogicGate' <Latency = 0> <II = 1> <Delay = 0.28> <FuncUnit> <Opcode : 'and' 'or' 'xor'> <InPorts = 2> <OutPorts = 1>
ST_2 : Operation 54 [1/1] (0.78ns)   --->   "%add_ln109 = add i6 %select_ln108, i6 1" [src/conv3.cpp:109->src/conv3.cpp:164]   --->   Operation 54 'add' 'add_ln109' <Predicate = (!icmp_ln108)> <Delay = 0.78> <CoreInst = "Adder">   --->   Core 1 'Adder' <Latency = 0> <II = 1> <Delay = 0.78> <FuncUnit> <Opcode : 'add' 'sub'> <InPorts = 2> <OutPorts = 1>
ST_2 : Operation 55 [1/1] (0.00ns) (grouped into LUT with out node select_ln109)   --->   "%or_ln109 = or i1 %and_ln108, i1 %icmp_ln109" [src/conv3.cpp:109->src/conv3.cpp:164]   --->   Operation 55 'or' 'or_ln109' <Predicate = (!icmp_ln108)> <Delay = 0.00> <CoreInst = "LogicGate">   --->   Core 74 'LogicGate' <Latency = 0> <II = 1> <Delay = 0.28> <FuncUnit> <Opcode : 'and' 'or' 'xor'> <InPorts = 2> <OutPorts = 1>
ST_2 : Operation 56 [1/1] (0.38ns) (out node of the LUT)   --->   "%select_ln109 = select i1 %or_ln109, i6 0, i6 %tw_load" [src/conv3.cpp:109->src/conv3.cpp:164]   --->   Operation 56 'select' 'select_ln109' <Predicate = (!icmp_ln108)> <Delay = 0.38> <CoreInst = "Sel">   --->   Core 73 'Sel' <Latency = 0> <II = 1> <Delay = 0.38> <FuncUnit> <Opcode : 'select'> <InPorts = 3> <OutPorts = 1>
ST_2 : Operation 57 [1/1] (0.38ns)   --->   "%select_ln109_1 = select i1 %and_ln108, i6 %add_ln109, i6 %select_ln108" [src/conv3.cpp:109->src/conv3.cpp:164]   --->   Operation 57 'select' 'select_ln109_1' <Predicate = (!icmp_ln108)> <Delay = 0.38> <CoreInst = "Sel">   --->   Core 73 'Sel' <Latency = 0> <II = 1> <Delay = 0.38> <FuncUnit> <Opcode : 'select'> <InPorts = 3> <OutPorts = 1>
ST_2 : Operation 58 [1/1] (0.00ns)   --->   "%zext_ln113 = zext i6 %select_ln109_1" [src/conv3.cpp:113->src/conv3.cpp:164]   --->   Operation 58 'zext' 'zext_ln113' <Predicate = (!icmp_ln108)> <Delay = 0.00>
ST_2 : Operation 59 [1/1] (0.76ns)   --->   "%add_ln113_1 = add i8 %tmp_13_cast, i8 %zext_ln113" [src/conv3.cpp:113->src/conv3.cpp:164]   --->   Operation 59 'add' 'add_ln113_1' <Predicate = (!icmp_ln108)> <Delay = 0.76> <CoreInst = "Adder">   --->   Core 1 'Adder' <Latency = 0> <II = 1> <Delay = 0.76> <FuncUnit> <Opcode : 'add' 'sub'> <InPorts = 2> <OutPorts = 1>
ST_2 : Operation 60 [1/1] (0.00ns)   --->   "%tmp_s = bitconcatenate i13 @_ssdm_op_BitConcatenate.i13.i8.i5, i8 %add_ln113_1, i5 0" [src/conv3.cpp:113->src/conv3.cpp:164]   --->   Operation 60 'bitconcatenate' 'tmp_s' <Predicate = (!icmp_ln108)> <Delay = 0.00>
ST_2 : Operation 61 [1/1] (0.00ns)   --->   "%zext_ln109_1 = zext i6 %add_ln109" [src/conv3.cpp:109->src/conv3.cpp:164]   --->   Operation 61 'zext' 'zext_ln109_1' <Predicate = (!icmp_ln108)> <Delay = 0.00>
ST_2 : Operation 62 [1/1] (0.76ns)   --->   "%p_mid153 = add i8 %zext_ln109_1, i8 %select_ln103_1_read" [src/conv3.cpp:109->src/conv3.cpp:164]   --->   Operation 62 'add' 'p_mid153' <Predicate = (!icmp_ln108)> <Delay = 0.76> <CoreInst = "Adder">   --->   Core 1 'Adder' <Latency = 0> <II = 1> <Delay = 0.76> <FuncUnit> <Opcode : 'add' 'sub'> <InPorts = 2> <OutPorts = 1>
ST_2 : Operation 63 [1/1] (0.39ns) (out node of the LUT)   --->   "%select_ln109_2 = select i1 %and_ln108, i8 %p_mid153, i8 %select_ln108_3" [src/conv3.cpp:109->src/conv3.cpp:164]   --->   Operation 63 'select' 'select_ln109_2' <Predicate = (!icmp_ln108)> <Delay = 0.39> <CoreInst = "Sel">   --->   Core 73 'Sel' <Latency = 0> <II = 1> <Delay = 0.39> <FuncUnit> <Opcode : 'select'> <InPorts = 3> <OutPorts = 1>
ST_2 : Operation 64 [1/1] (0.76ns)   --->   "%notrhs_mid1 = icmp_ult  i8 %zext_ln109_1, i8 %zext_ln103_3_read" [src/conv3.cpp:109->src/conv3.cpp:164]   --->   Operation 64 'icmp' 'notrhs_mid1' <Predicate = (!icmp_ln108)> <Delay = 0.76> <CoreInst = "Cmp">   --->   Core 9 'Cmp' <Latency = 0> <II = 1> <Delay = 0.76> <FuncUnit> <Opcode : 'icmp'> <InPorts = 2> <OutPorts = 1>
ST_2 : Operation 65 [1/1] (0.17ns) (out node of the LUT)   --->   "%select_ln109_3 = select i1 %and_ln108, i1 %notrhs_mid1, i1 %select_ln108_4" [src/conv3.cpp:109->src/conv3.cpp:164]   --->   Operation 65 'select' 'select_ln109_3' <Predicate = (!icmp_ln108)> <Delay = 0.17> <CoreInst = "Sel">   --->   Core 73 'Sel' <Latency = 0> <II = 1> <Delay = 0.17> <FuncUnit> <Opcode : 'select'> <InPorts = 3> <OutPorts = 1>
ST_2 : Operation 66 [1/1] (0.00ns)   --->   "%zext_ln113_2 = zext i6 %select_ln109" [src/conv3.cpp:113->src/conv3.cpp:164]   --->   Operation 66 'zext' 'zext_ln113_2' <Predicate = (!icmp_ln108)> <Delay = 0.00>
ST_2 : Operation 67 [1/1] (0.82ns)   --->   "%add_ln113_2 = add i13 %tmp_s, i13 %zext_ln113_2" [src/conv3.cpp:113->src/conv3.cpp:164]   --->   Operation 67 'add' 'add_ln113_2' <Predicate = (!icmp_ln108)> <Delay = 0.82> <CoreInst = "Adder">   --->   Core 1 'Adder' <Latency = 0> <II = 1> <Delay = 0.82> <FuncUnit> <Opcode : 'add' 'sub'> <InPorts = 2> <OutPorts = 1>
ST_2 : Operation 68 [1/1] (0.00ns)   --->   "%zext_ln113_3 = zext i13 %add_ln113_2" [src/conv3.cpp:113->src/conv3.cpp:164]   --->   Operation 68 'zext' 'zext_ln113_3' <Predicate = (!icmp_ln108)> <Delay = 0.00>
ST_2 : Operation 69 [1/1] (0.00ns)   --->   "%out_tile_addr = getelementptr i32 %out_tile, i64 0, i64 %zext_ln113_3" [src/conv3.cpp:113->src/conv3.cpp:164]   --->   Operation 69 'getelementptr' 'out_tile_addr' <Predicate = (!icmp_ln108)> <Delay = 0.00>
ST_2 : Operation 70 [1/1] (0.00ns)   --->   "%zext_ln111 = zext i6 %select_ln109" [src/conv3.cpp:111->src/conv3.cpp:164]   --->   Operation 70 'zext' 'zext_ln111' <Predicate = (!icmp_ln108)> <Delay = 0.00>
ST_2 : Operation 71 [1/1] (0.76ns)   --->   "%icmp_ln112 = icmp_ult  i8 %zext_ln111, i8 %zext_ln105_read" [src/conv3.cpp:112->src/conv3.cpp:164]   --->   Operation 71 'icmp' 'icmp_ln112' <Predicate = (!icmp_ln108)> <Delay = 0.76> <CoreInst = "Cmp">   --->   Core 9 'Cmp' <Latency = 0> <II = 1> <Delay = 0.76> <FuncUnit> <Opcode : 'icmp'> <InPorts = 2> <OutPorts = 1>
ST_2 : Operation 72 [1/1] (0.00ns) (grouped into LUT with out node and_ln112)   --->   "%and_ln112_1 = and i1 %icmp_ln112, i1 %select_ln108_2" [src/conv3.cpp:112->src/conv3.cpp:164]   --->   Operation 72 'and' 'and_ln112_1' <Predicate = (!icmp_ln108)> <Delay = 0.00> <CoreInst = "LogicGate">   --->   Core 74 'LogicGate' <Latency = 0> <II = 1> <Delay = 0.28> <FuncUnit> <Opcode : 'and' 'or' 'xor'> <InPorts = 2> <OutPorts = 1>
ST_2 : Operation 73 [1/1] (0.28ns) (out node of the LUT)   --->   "%and_ln112 = and i1 %and_ln112_1, i1 %select_ln109_3" [src/conv3.cpp:112->src/conv3.cpp:164]   --->   Operation 73 'and' 'and_ln112' <Predicate = (!icmp_ln108)> <Delay = 0.28> <CoreInst = "LogicGate">   --->   Core 74 'LogicGate' <Latency = 0> <II = 1> <Delay = 0.28> <FuncUnit> <Opcode : 'and' 'or' 'xor'> <InPorts = 2> <OutPorts = 1>
ST_2 : Operation 74 [1/1] (0.00ns)   --->   "%br_ln112 = br i1 %and_ln112, void %for.inc.i26, void %if.then.i23" [src/conv3.cpp:112->src/conv3.cpp:164]   --->   Operation 74 'br' 'br_ln112' <Predicate = (!icmp_ln108)> <Delay = 0.00>
ST_2 : Operation 75 [2/2] (1.23ns)   --->   "%out_tile_load = load i13 %out_tile_addr" [src/conv3.cpp:113->src/conv3.cpp:164]   --->   Operation 75 'load' 'out_tile_load' <Predicate = (!icmp_ln108 & and_ln112)> <Delay = 1.23> <CoreInst = "RAM">   --->   Core 83 'RAM' <Latency = 1> <II = 1> <Delay = 1.23> <Storage> <Opcode : 'load' 'store'> <Ports = 2> <Width = 32> <Depth = 8192> <RAM>
ST_2 : Operation 76 [1/1] (0.78ns)   --->   "%add_ln110 = add i6 %select_ln109, i6 1" [src/conv3.cpp:110->src/conv3.cpp:164]   --->   Operation 76 'add' 'add_ln110' <Predicate = (!icmp_ln108)> <Delay = 0.78> <CoreInst = "Adder">   --->   Core 1 'Adder' <Latency = 0> <II = 1> <Delay = 0.78> <FuncUnit> <Opcode : 'add' 'sub'> <InPorts = 2> <OutPorts = 1>
ST_2 : Operation 77 [1/1] (0.80ns)   --->   "%add_ln109_1 = add i12 %indvar_flatten55_load, i12 1" [src/conv3.cpp:109->src/conv3.cpp:164]   --->   Operation 77 'add' 'add_ln109_1' <Predicate = (!icmp_ln108)> <Delay = 0.80> <CoreInst = "Adder">   --->   Core 1 'Adder' <Latency = 0> <II = 1> <Delay = 0.80> <FuncUnit> <Opcode : 'add' 'sub'> <InPorts = 2> <OutPorts = 1>
ST_2 : Operation 78 [1/1] (0.37ns)   --->   "%select_ln109_4 = select i1 %icmp_ln109, i12 1, i12 %add_ln109_1" [src/conv3.cpp:109->src/conv3.cpp:164]   --->   Operation 78 'select' 'select_ln109_4' <Predicate = (!icmp_ln108)> <Delay = 0.37> <CoreInst = "Sel">   --->   Core 73 'Sel' <Latency = 0> <II = 1> <Delay = 0.37> <FuncUnit> <Opcode : 'select'> <InPorts = 3> <OutPorts = 1>
ST_2 : Operation 79 [1/1] (0.42ns)   --->   "%store_ln110 = store i14 %add_ln108_1, i14 %indvar_flatten78" [src/conv3.cpp:110->src/conv3.cpp:164]   --->   Operation 79 'store' 'store_ln110' <Predicate = (!icmp_ln108)> <Delay = 0.42>
ST_2 : Operation 80 [1/1] (0.42ns)   --->   "%store_ln110 = store i4 %select_ln108_1, i4 %tn" [src/conv3.cpp:110->src/conv3.cpp:164]   --->   Operation 80 'store' 'store_ln110' <Predicate = (!icmp_ln108)> <Delay = 0.42>
ST_2 : Operation 81 [1/1] (0.42ns)   --->   "%store_ln110 = store i12 %select_ln109_4, i12 %indvar_flatten55" [src/conv3.cpp:110->src/conv3.cpp:164]   --->   Operation 81 'store' 'store_ln110' <Predicate = (!icmp_ln108)> <Delay = 0.42>
ST_2 : Operation 82 [1/1] (0.42ns)   --->   "%store_ln110 = store i6 %select_ln109_1, i6 %th_1" [src/conv3.cpp:110->src/conv3.cpp:164]   --->   Operation 82 'store' 'store_ln110' <Predicate = (!icmp_ln108)> <Delay = 0.42>
ST_2 : Operation 83 [1/1] (0.42ns)   --->   "%store_ln110 = store i6 %add_ln110, i6 %tw" [src/conv3.cpp:110->src/conv3.cpp:164]   --->   Operation 83 'store' 'store_ln110' <Predicate = (!icmp_ln108)> <Delay = 0.42>
ST_2 : Operation 84 [1/1] (0.00ns)   --->   "%br_ln110 = br void %for.body8.i" [src/conv3.cpp:110->src/conv3.cpp:164]   --->   Operation 84 'br' 'br_ln110' <Predicate = (!icmp_ln108)> <Delay = 0.00>

State 3 <SV = 2> <Delay = 1.23>
ST_3 : Operation 85 [1/2] (1.23ns)   --->   "%out_tile_load = load i13 %out_tile_addr" [src/conv3.cpp:113->src/conv3.cpp:164]   --->   Operation 85 'load' 'out_tile_load' <Predicate = (and_ln112)> <Delay = 1.23> <CoreInst = "RAM">   --->   Core 83 'RAM' <Latency = 1> <II = 1> <Delay = 1.23> <Storage> <Opcode : 'load' 'store'> <Ports = 2> <Width = 32> <Depth = 8192> <RAM>

State 4 <SV = 3> <Delay = 6.43>
ST_4 : [1/1] (1.18ns)   --->   Input mux for Operation 86 '%add19_i = fadd i32 %out_tile_load, i32 %bitcast_ln113_read'
ST_4 : Operation 86 [4/4] (5.25ns)   --->   "%add19_i = fadd i32 %out_tile_load, i32 %bitcast_ln113_read" [src/conv3.cpp:113->src/conv3.cpp:164]   --->   Operation 86 'fadd' 'add19_i' <Predicate = (and_ln112)> <Delay = 5.25> <CoreInst = "FAddSub_fulldsp">   --->   Core 18 'FAddSub_fulldsp' <Latency = 3> <II = 1> <Delay = 6.43> <FuncUnit> <Opcode : 'fadd' 'fsub'> <InPorts = 2> <OutPorts = 1>

State 5 <SV = 4> <Delay = 6.43>
ST_5 : Operation 87 [3/4] (6.43ns)   --->   "%add19_i = fadd i32 %out_tile_load, i32 %bitcast_ln113_read" [src/conv3.cpp:113->src/conv3.cpp:164]   --->   Operation 87 'fadd' 'add19_i' <Predicate = (and_ln112)> <Delay = 6.43> <CoreInst = "FAddSub_fulldsp">   --->   Core 18 'FAddSub_fulldsp' <Latency = 3> <II = 1> <Delay = 6.43> <FuncUnit> <Opcode : 'fadd' 'fsub'> <InPorts = 2> <OutPorts = 1>

State 6 <SV = 5> <Delay = 6.43>
ST_6 : Operation 88 [2/4] (6.43ns)   --->   "%add19_i = fadd i32 %out_tile_load, i32 %bitcast_ln113_read" [src/conv3.cpp:113->src/conv3.cpp:164]   --->   Operation 88 'fadd' 'add19_i' <Predicate = (and_ln112)> <Delay = 6.43> <CoreInst = "FAddSub_fulldsp">   --->   Core 18 'FAddSub_fulldsp' <Latency = 3> <II = 1> <Delay = 6.43> <FuncUnit> <Opcode : 'fadd' 'fsub'> <InPorts = 2> <OutPorts = 1>

State 7 <SV = 6> <Delay = 6.43>
ST_7 : Operation 89 [1/4] (6.43ns)   --->   "%add19_i = fadd i32 %out_tile_load, i32 %bitcast_ln113_read" [src/conv3.cpp:113->src/conv3.cpp:164]   --->   Operation 89 'fadd' 'add19_i' <Predicate = (and_ln112)> <Delay = 6.43> <CoreInst = "FAddSub_fulldsp">   --->   Core 18 'FAddSub_fulldsp' <Latency = 3> <II = 1> <Delay = 6.43> <FuncUnit> <Opcode : 'fadd' 'fsub'> <InPorts = 2> <OutPorts = 1>
ST_7 : Operation 107 [1/1] (0.00ns)   --->   "%ret_ln0 = ret"   --->   Operation 107 'ret' 'ret_ln0' <Predicate = (icmp_ln108)> <Delay = 0.00>

State 8 <SV = 7> <Delay = 2.94>
ST_8 : Operation 90 [1/1] (0.00ns)   --->   "%specloopname_ln0 = specloopname void @_ssdm_op_SpecLoopName, void @VITIS_LOOP_108_1_VITIS_LOOP_109_2_VITIS_LOOP_110_3_str"   --->   Operation 90 'specloopname' 'specloopname_ln0' <Predicate = true> <Delay = 0.00>
ST_8 : Operation 91 [1/1] (0.00ns)   --->   "%speclooptripcount_ln0 = speclooptripcount void @_ssdm_op_SpecLoopTripCount, i64 8192, i64 8192, i64 8192"   --->   Operation 91 'speclooptripcount' 'speclooptripcount_ln0' <Predicate = true> <Delay = 0.00>
ST_8 : Operation 92 [1/1] (0.00ns)   --->   "%specloopname_ln0 = specloopname void @_ssdm_op_SpecLoopName, void @VITIS_LOOP_109_2_VITIS_LOOP_110_3_str"   --->   Operation 92 'specloopname' 'specloopname_ln0' <Predicate = true> <Delay = 0.00>
ST_8 : Operation 93 [1/1] (0.00ns)   --->   "%zext_ln113_1 = zext i8 %select_ln109_2" [src/conv3.cpp:113->src/conv3.cpp:164]   --->   Operation 93 'zext' 'zext_ln113_1' <Predicate = true> <Delay = 0.00>
ST_8 : Operation 94 [1/1] (0.00ns)   --->   "%tmp_1 = bitconcatenate i16 @_ssdm_op_BitConcatenate.i16.i8.i8, i8 %select_ln109_2, i8 0" [src/conv3.cpp:113->src/conv3.cpp:164]   --->   Operation 94 'bitconcatenate' 'tmp_1' <Predicate = true> <Delay = 0.00>
ST_8 : Operation 95 [1/1] (0.85ns)   --->   "%sub_ln113 = sub i16 %tmp_1, i16 %zext_ln113_1" [src/conv3.cpp:113->src/conv3.cpp:164]   --->   Operation 95 'sub' 'sub_ln113' <Predicate = true> <Delay = 0.85> <CoreInst = "Adder">   --->   Core 1 'Adder' <Latency = 0> <II = 1> <Delay = 0.85> <FuncUnit> <Opcode : 'add' 'sub'> <InPorts = 2> <OutPorts = 1>
ST_8 : Operation 96 [1/1] (0.00ns)   --->   "%zext_ln110 = zext i6 %select_ln109" [src/conv3.cpp:110->src/conv3.cpp:164]   --->   Operation 96 'zext' 'zext_ln110' <Predicate = true> <Delay = 0.00>
ST_8 : Operation 97 [1/1] (0.00ns)   --->   "%specpipeline_ln111 = specpipeline void @_ssdm_op_SpecPipeline, i32 1, i32 0, i32 0, i32 0, void @empty_19" [src/conv3.cpp:111->src/conv3.cpp:164]   --->   Operation 97 'specpipeline' 'specpipeline_ln111' <Predicate = true> <Delay = 0.00>
ST_8 : Operation 98 [1/1] (0.00ns)   --->   "%specloopname_ln110 = specloopname void @_ssdm_op_SpecLoopName, void @empty_28" [src/conv3.cpp:110->src/conv3.cpp:164]   --->   Operation 98 'specloopname' 'specloopname_ln110' <Predicate = true> <Delay = 0.00>
ST_8 : Operation 99 [1/1] (0.77ns)   --->   "%add_ln113 = add i9 %zext_ln110, i9 %select_ln103_read" [src/conv3.cpp:113->src/conv3.cpp:164]   --->   Operation 99 'add' 'add_ln113' <Predicate = (and_ln112)> <Delay = 0.77> <CoreInst = "Adder">   --->   Core 1 'Adder' <Latency = 0> <II = 1> <Delay = 0.77> <FuncUnit> <Opcode : 'add' 'sub'> <InPorts = 2> <OutPorts = 1>
ST_8 : Operation 100 [1/1] (0.00ns)   --->   "%zext_ln113_4 = zext i9 %add_ln113" [src/conv3.cpp:113->src/conv3.cpp:164]   --->   Operation 100 'zext' 'zext_ln113_4' <Predicate = (and_ln112)> <Delay = 0.00>
ST_8 : Operation 101 [1/1] (0.85ns)   --->   "%add_ln113_3 = add i16 %sub_ln113, i16 %zext_ln113_4" [src/conv3.cpp:113->src/conv3.cpp:164]   --->   Operation 101 'add' 'add_ln113_3' <Predicate = (and_ln112)> <Delay = 0.85> <CoreInst = "Adder">   --->   Core 1 'Adder' <Latency = 0> <II = 1> <Delay = 0.85> <FuncUnit> <Opcode : 'add' 'sub'> <InPorts = 2> <OutPorts = 1>
ST_8 : Operation 102 [1/1] (0.00ns)   --->   "%zext_ln113_5 = zext i16 %add_ln113_3" [src/conv3.cpp:113->src/conv3.cpp:164]   --->   Operation 102 'zext' 'zext_ln113_5' <Predicate = (and_ln112)> <Delay = 0.00>
ST_8 : Operation 103 [1/1] (0.00ns)   --->   "%output_ftmap_addr = getelementptr i32 %output_ftmap, i64 0, i64 %zext_ln113_5" [src/conv3.cpp:113->src/conv3.cpp:164]   --->   Operation 103 'getelementptr' 'output_ftmap_addr' <Predicate = (and_ln112)> <Delay = 0.00>
ST_8 : Operation 104 [1/1] (0.00ns)   --->   "%bitcast_ln113_1 = bitcast i32 %add19_i" [src/conv3.cpp:113->src/conv3.cpp:164]   --->   Operation 104 'bitcast' 'bitcast_ln113_1' <Predicate = (and_ln112)> <Delay = 0.00>
ST_8 : Operation 105 [1/1] (1.23ns)   --->   "%store_ln113 = store i32 %bitcast_ln113_1, i16 %output_ftmap_addr" [src/conv3.cpp:113->src/conv3.cpp:164]   --->   Operation 105 'store' 'store_ln113' <Predicate = (and_ln112)> <Delay = 1.23> <CoreInst = "RAM">   --->   Core 83 'RAM' <Latency = 1> <II = 1> <Delay = 1.23> <Storage> <Opcode : 'load' 'store'> <Ports = 2> <Width = 32> <Depth = 65025> <RAM>
ST_8 : Operation 106 [1/1] (0.00ns)   --->   "%br_ln114 = br void %for.inc.i26" [src/conv3.cpp:114->src/conv3.cpp:164]   --->   Operation 106 'br' 'br_ln114' <Predicate = (and_ln112)> <Delay = 0.00>


============================================================
+ Verbose Summary: Timing violations
============================================================
Target clock period: 10.000ns, clock uncertainty: 2.700ns.

 <State 1>: 0.427ns
The critical path consists of the following:
	'alloca' operation ('indvar_flatten78') [13]  (0.000 ns)
	'store' operation ('store_ln0') of constant 0 on local variable 'indvar_flatten78' [21]  (0.427 ns)

 <State 2>: 5.180ns
The critical path consists of the following:
	'load' operation ('indvar_flatten55_load', src/conv3.cpp:109->src/conv3.cpp:164) on local variable 'indvar_flatten55' [29]  (0.000 ns)
	'icmp' operation ('icmp_ln109', src/conv3.cpp:109->src/conv3.cpp:164) [43]  (0.809 ns)
	'select' operation ('select_ln108', src/conv3.cpp:108->src/conv3.cpp:164) [44]  (0.384 ns)
	'add' operation ('add_ln109', src/conv3.cpp:109->src/conv3.cpp:164) [57]  (0.781 ns)
	'select' operation ('select_ln109_1', src/conv3.cpp:109->src/conv3.cpp:164) [61]  (0.384 ns)
	'add' operation ('add_ln113_1', src/conv3.cpp:113->src/conv3.cpp:164) [63]  (0.765 ns)
	'add' operation ('add_ln113_2', src/conv3.cpp:113->src/conv3.cpp:164) [74]  (0.820 ns)
	'getelementptr' operation ('out_tile_addr', src/conv3.cpp:113->src/conv3.cpp:164) [76]  (0.000 ns)
	'load' operation ('out_tile_load', src/conv3.cpp:113->src/conv3.cpp:164) on array 'out_tile' [86]  (1.237 ns)

 <State 3>: 1.237ns
The critical path consists of the following:
	'load' operation ('out_tile_load', src/conv3.cpp:113->src/conv3.cpp:164) on array 'out_tile' [86]  (1.237 ns)

 <State 4>: 6.437ns
The critical path consists of the following:
	multiplexor before operation 'fadd' with delay (1.181 ns)
'fadd' operation ('add19_i', src/conv3.cpp:113->src/conv3.cpp:164) [87]  (5.256 ns)

 <State 5>: 6.437ns
The critical path consists of the following:
	'fadd' operation ('add19_i', src/conv3.cpp:113->src/conv3.cpp:164) [87]  (6.437 ns)

 <State 6>: 6.437ns
The critical path consists of the following:
	'fadd' operation ('add19_i', src/conv3.cpp:113->src/conv3.cpp:164) [87]  (6.437 ns)

 <State 7>: 6.437ns
The critical path consists of the following:
	'fadd' operation ('add19_i', src/conv3.cpp:113->src/conv3.cpp:164) [87]  (6.437 ns)

 <State 8>: 2.943ns
The critical path consists of the following:
	'sub' operation ('sub_ln113', src/conv3.cpp:113->src/conv3.cpp:164) [70]  (0.853 ns)
	'add' operation ('add_ln113_3', src/conv3.cpp:113->src/conv3.cpp:164) [90]  (0.853 ns)
	'getelementptr' operation ('output_ftmap_addr', src/conv3.cpp:113->src/conv3.cpp:164) [92]  (0.000 ns)
	'store' operation ('store_ln113', src/conv3.cpp:113->src/conv3.cpp:164) of variable 'bitcast_ln113_1', src/conv3.cpp:113->src/conv3.cpp:164 on array 'output_ftmap' [94]  (1.237 ns)


============================================================
+ Verbose Summary: Binding
============================================================
N/A
* FSMD analyzer results:
  - Output states:
 - Input state : 
  - Chain level:
	State 1
	State 2
	State 3
	State 4
	State 5
	State 6
	State 7
	State 8


============================================================
+ Verbose Summary: Datapath Resource usage 
============================================================
N/A
