

================================================================
== Vitis HLS Report for 'conv2_Pipeline_VITIS_LOOP_23_2_VITIS_LOOP_24_3'
================================================================
* Date:           Thu Oct 30 21:22:11 2025

* Version:        2023.1 (Build 3854077 on May  4 2023)
* Project:        srcnn_hls
* Solution:       solution1 (Vivado IP Flow Target)
* Product family: zynquplus
* Target device:  xck26-sfvc784-2LV-c


================================================================
== Performance Estimates
================================================================
+ Timing: 
    * Summary: 
    +--------+----------+----------+------------+
    |  Clock |  Target  | Estimated| Uncertainty|
    +--------+----------+----------+------------+
    |ap_clk  |  10.00 ns|  5.859 ns|     2.70 ns|
    +--------+----------+----------+------------+

+ Latency: 
    * Summary: 
    +---------+---------+-----------+-----------+------+------+---------+
    |  Latency (cycles) |   Latency (absolute)  |   Interval  | Pipeline|
    |   min   |   max   |    min    |    max    |  min |  max |   Type  |
    +---------+---------+-----------+-----------+------+------+---------+
    |     1026|     1026|  10.260 us|  10.260 us|  1026|  1026|       no|
    +---------+---------+-----------+-----------+------+------+---------+

    + Detail: 
        * Instance: 
        N/A

        * Loop: 
        +-----------------------------------+---------+---------+----------+-----------+-----------+------+----------+
        |                                   |  Latency (cycles) | Iteration|  Initiation Interval  | Trip |          |
        |             Loop Name             |   min   |   max   |  Latency |  achieved |   target  | Count| Pipelined|
        +-----------------------------------+---------+---------+----------+-----------+-----------+------+----------+
        |- VITIS_LOOP_23_2_VITIS_LOOP_24_3  |     1024|     1024|         2|          1|          1|  1024|       yes|
        +-----------------------------------+---------+---------+----------+-----------+-----------+------+----------+

============================================================
+ Verbose Summary: Synthesis Manager
============================================================
InlineROM: 1
ExposeGlobal: 0
============================================================
+ Verbose Summary: CDFG Model
============================================================
IsTopModel: 0
ResetActiveHigh: 1
IsCombinational: 0
IsDatapathOnly: 0
HasWiredReturn: 1
HasMFsm: 2
HasVarLatency: 1
IsPipeline: 0
IsRtlPipelined: 0
IsInstanceOverlapped: 0
IsDontTouch: 0
HasImplIP: 0
IsGatedGlobalClock: 0

+ Individual pipeline summary: 
  * Pipeline-0: initiation interval (II) = 1, depth = 2


============================================================
+ Verbose Summary: Schedule
============================================================
* Number of FSM states : 2
* Pipeline : 1
  Pipeline-0 : II = 1, D = 2, States = { 1 2 }
* Dataflow Pipeline: 0

* FSM state transitions: 
1 --> 2 
2 --> 

* FSM state operations: 

State 1 <SV = 0> <Delay = 5.85>
ST_1 : Operation 5 [1/1] (0.00ns)   --->   "%tw = alloca i32 1"   --->   Operation 5 'alloca' 'tw' <Predicate = true> <Delay = 0.00>
ST_1 : Operation 6 [1/1] (0.00ns)   --->   "%th_2 = alloca i32 1"   --->   Operation 6 'alloca' 'th_2' <Predicate = true> <Delay = 0.00>
ST_1 : Operation 7 [1/1] (0.00ns)   --->   "%indvar_flatten23 = alloca i32 1"   --->   Operation 7 'alloca' 'indvar_flatten23' <Predicate = true> <Delay = 0.00>
ST_1 : Operation 8 [1/1] (0.00ns)   --->   "%select_ln67_4_read = read i9 @_ssdm_op_Read.ap_auto.i9, i9 %select_ln67_4"   --->   Operation 8 'read' 'select_ln67_4_read' <Predicate = true> <Delay = 0.00>
ST_1 : Operation 9 [1/1] (0.00ns)   --->   "%zext_ln99_read = read i8 @_ssdm_op_Read.ap_auto.i8, i8 %zext_ln99"   --->   Operation 9 'read' 'zext_ln99_read' <Predicate = true> <Delay = 0.00>
ST_1 : Operation 10 [1/1] (0.00ns)   --->   "%sub_ln27_read = read i16 @_ssdm_op_Read.ap_auto.i16, i16 %sub_ln27"   --->   Operation 10 'read' 'sub_ln27_read' <Predicate = true> <Delay = 0.00>
ST_1 : Operation 11 [1/1] (0.00ns)   --->   "%select_ln93_read = read i9 @_ssdm_op_Read.ap_auto.i9, i9 %select_ln93"   --->   Operation 11 'read' 'select_ln93_read' <Predicate = true> <Delay = 0.00>
ST_1 : Operation 12 [1/1] (0.00ns)   --->   "%select_ln67_5_read = read i8 @_ssdm_op_Read.ap_auto.i8, i8 %select_ln67_5"   --->   Operation 12 'read' 'select_ln67_5_read' <Predicate = true> <Delay = 0.00>
ST_1 : Operation 13 [1/1] (0.00ns)   --->   "%sub_ln27_cast = sext i16 %sub_ln27_read"   --->   Operation 13 'sext' 'sub_ln27_cast' <Predicate = true> <Delay = 0.00>
ST_1 : Operation 14 [1/1] (0.42ns)   --->   "%store_ln0 = store i11 0, i11 %indvar_flatten23"   --->   Operation 14 'store' 'store_ln0' <Predicate = true> <Delay = 0.42>
ST_1 : Operation 15 [1/1] (0.42ns)   --->   "%store_ln0 = store i6 0, i6 %th_2"   --->   Operation 15 'store' 'store_ln0' <Predicate = true> <Delay = 0.42>
ST_1 : Operation 16 [1/1] (0.42ns)   --->   "%store_ln0 = store i6 0, i6 %tw"   --->   Operation 16 'store' 'store_ln0' <Predicate = true> <Delay = 0.42>
ST_1 : Operation 17 [1/1] (0.00ns)   --->   "%br_ln0 = br void %for.body8.i"   --->   Operation 17 'br' 'br_ln0' <Predicate = true> <Delay = 0.00>
ST_1 : Operation 18 [1/1] (0.00ns)   --->   "%th = load i6 %th_2" [src/conv2.cpp:23->src/conv2.cpp:109]   --->   Operation 18 'load' 'th' <Predicate = true> <Delay = 0.00>
ST_1 : Operation 19 [1/1] (0.00ns)   --->   "%indvar_flatten23_load = load i11 %indvar_flatten23" [src/conv2.cpp:23->src/conv2.cpp:109]   --->   Operation 19 'load' 'indvar_flatten23_load' <Predicate = true> <Delay = 0.00>
ST_1 : Operation 20 [1/1] (0.00ns)   --->   "%zext_ln23 = zext i6 %th" [src/conv2.cpp:23->src/conv2.cpp:109]   --->   Operation 20 'zext' 'zext_ln23' <Predicate = true> <Delay = 0.00>
ST_1 : Operation 21 [1/1] (0.76ns)   --->   "%cmp10_i = icmp_ult  i8 %zext_ln23, i8 %select_ln67_5_read" [src/conv2.cpp:23->src/conv2.cpp:109]   --->   Operation 21 'icmp' 'cmp10_i' <Predicate = true> <Delay = 0.76> <CoreInst = "Cmp">   --->   Core 9 'Cmp' <Latency = 0> <II = 1> <Delay = 0.76> <FuncUnit> <Opcode : 'icmp'> <InPorts = 2> <OutPorts = 1>
ST_1 : Operation 22 [1/1] (0.79ns)   --->   "%icmp_ln23 = icmp_eq  i11 %indvar_flatten23_load, i11 1024" [src/conv2.cpp:23->src/conv2.cpp:109]   --->   Operation 22 'icmp' 'icmp_ln23' <Predicate = true> <Delay = 0.79> <CoreInst = "Cmp">   --->   Core 9 'Cmp' <Latency = 0> <II = 1> <Delay = 0.79> <FuncUnit> <Opcode : 'icmp'> <InPorts = 2> <OutPorts = 1>
ST_1 : Operation 23 [1/1] (0.79ns)   --->   "%add_ln23_2 = add i11 %indvar_flatten23_load, i11 1" [src/conv2.cpp:23->src/conv2.cpp:109]   --->   Operation 23 'add' 'add_ln23_2' <Predicate = true> <Delay = 0.79> <CoreInst = "Adder">   --->   Core 1 'Adder' <Latency = 0> <II = 1> <Delay = 0.79> <FuncUnit> <Opcode : 'add' 'sub'> <InPorts = 2> <OutPorts = 1>
ST_1 : Operation 24 [1/1] (0.00ns)   --->   "%br_ln23 = br i1 %icmp_ln23, void %for.inc25.i, void %for.inc16.i.preheader.exitStub" [src/conv2.cpp:23->src/conv2.cpp:109]   --->   Operation 24 'br' 'br_ln23' <Predicate = true> <Delay = 0.00>
ST_1 : Operation 25 [1/1] (0.00ns)   --->   "%tw_load = load i6 %tw" [src/conv2.cpp:24->src/conv2.cpp:109]   --->   Operation 25 'load' 'tw_load' <Predicate = (!icmp_ln23)> <Delay = 0.00>
ST_1 : Operation 26 [1/1] (0.78ns)   --->   "%add_ln23 = add i6 %th, i6 1" [src/conv2.cpp:23->src/conv2.cpp:109]   --->   Operation 26 'add' 'add_ln23' <Predicate = (!icmp_ln23)> <Delay = 0.78> <CoreInst = "Adder">   --->   Core 1 'Adder' <Latency = 0> <II = 1> <Delay = 0.78> <FuncUnit> <Opcode : 'add' 'sub'> <InPorts = 2> <OutPorts = 1>
ST_1 : Operation 27 [1/1] (0.00ns)   --->   "%specloopname_ln0 = specloopname void @_ssdm_op_SpecLoopName, void @VITIS_LOOP_23_2_VITIS_LOOP_24_3_str"   --->   Operation 27 'specloopname' 'specloopname_ln0' <Predicate = (!icmp_ln23)> <Delay = 0.00>
ST_1 : Operation 28 [1/1] (0.00ns)   --->   "%speclooptripcount_ln0 = speclooptripcount void @_ssdm_op_SpecLoopTripCount, i64 1024, i64 1024, i64 1024"   --->   Operation 28 'speclooptripcount' 'speclooptripcount_ln0' <Predicate = (!icmp_ln23)> <Delay = 0.00>
ST_1 : Operation 29 [1/1] (0.78ns)   --->   "%icmp_ln24 = icmp_eq  i6 %tw_load, i6 32" [src/conv2.cpp:24->src/conv2.cpp:109]   --->   Operation 29 'icmp' 'icmp_ln24' <Predicate = (!icmp_ln23)> <Delay = 0.78> <CoreInst = "Cmp">   --->   Core 9 'Cmp' <Latency = 0> <II = 1> <Delay = 0.78> <FuncUnit> <Opcode : 'icmp'> <InPorts = 2> <OutPorts = 1>
ST_1 : Operation 30 [1/1] (0.38ns)   --->   "%select_ln23 = select i1 %icmp_ln24, i6 0, i6 %tw_load" [src/conv2.cpp:23->src/conv2.cpp:109]   --->   Operation 30 'select' 'select_ln23' <Predicate = (!icmp_ln23)> <Delay = 0.38> <CoreInst = "Sel">   --->   Core 73 'Sel' <Latency = 0> <II = 1> <Delay = 0.38> <FuncUnit> <Opcode : 'select'> <InPorts = 3> <OutPorts = 1>
ST_1 : Operation 31 [1/1] (0.38ns)   --->   "%select_ln23_1 = select i1 %icmp_ln24, i6 %add_ln23, i6 %th" [src/conv2.cpp:23->src/conv2.cpp:109]   --->   Operation 31 'select' 'select_ln23_1' <Predicate = (!icmp_ln23)> <Delay = 0.38> <CoreInst = "Sel">   --->   Core 73 'Sel' <Latency = 0> <II = 1> <Delay = 0.38> <FuncUnit> <Opcode : 'select'> <InPorts = 3> <OutPorts = 1>
ST_1 : Operation 32 [1/1] (0.00ns)   --->   "%trunc_ln27 = trunc i6 %select_ln23_1" [src/conv2.cpp:27->src/conv2.cpp:109]   --->   Operation 32 'trunc' 'trunc_ln27' <Predicate = (!icmp_ln23)> <Delay = 0.00>
ST_1 : Operation 33 [1/1] (0.00ns)   --->   "%tmp_s = bitconcatenate i10 @_ssdm_op_BitConcatenate.i10.i5.i5, i5 %trunc_ln27, i5 0" [src/conv2.cpp:27->src/conv2.cpp:109]   --->   Operation 33 'bitconcatenate' 'tmp_s' <Predicate = (!icmp_ln23)> <Delay = 0.00>
ST_1 : Operation 34 [1/1] (0.00ns)   --->   "%add_ln23_cast = zext i6 %add_ln23" [src/conv2.cpp:23->src/conv2.cpp:109]   --->   Operation 34 'zext' 'add_ln23_cast' <Predicate = (!icmp_ln23)> <Delay = 0.00>
ST_1 : Operation 35 [1/1] (0.76ns)   --->   "%cmp10_i_mid1 = icmp_ult  i8 %add_ln23_cast, i8 %select_ln67_5_read" [src/conv2.cpp:23->src/conv2.cpp:109]   --->   Operation 35 'icmp' 'cmp10_i_mid1' <Predicate = (!icmp_ln23)> <Delay = 0.76> <CoreInst = "Cmp">   --->   Core 9 'Cmp' <Latency = 0> <II = 1> <Delay = 0.76> <FuncUnit> <Opcode : 'icmp'> <InPorts = 2> <OutPorts = 1>
ST_1 : Operation 36 [1/1] (0.00ns) (grouped into LUT with out node and_ln26)   --->   "%select_ln23_2 = select i1 %icmp_ln24, i1 %cmp10_i_mid1, i1 %cmp10_i" [src/conv2.cpp:23->src/conv2.cpp:109]   --->   Operation 36 'select' 'select_ln23_2' <Predicate = (!icmp_ln23)> <Delay = 0.00> <CoreInst = "Sel">   --->   Core 73 'Sel' <Latency = 0> <II = 1> <Delay = 0.17> <FuncUnit> <Opcode : 'select'> <InPorts = 3> <OutPorts = 1>
ST_1 : Operation 37 [1/1] (0.00ns)   --->   "%zext_ln23_1 = zext i6 %select_ln23_1" [src/conv2.cpp:23->src/conv2.cpp:109]   --->   Operation 37 'zext' 'zext_ln23_1' <Predicate = (!icmp_ln23)> <Delay = 0.00>
ST_1 : Operation 38 [1/1] (0.77ns)   --->   "%add_ln23_1 = add i9 %zext_ln23_1, i9 %select_ln93_read" [src/conv2.cpp:23->src/conv2.cpp:109]   --->   Operation 38 'add' 'add_ln23_1' <Predicate = (!icmp_ln23)> <Delay = 0.77> <CoreInst = "Adder">   --->   Core 1 'Adder' <Latency = 0> <II = 1> <Delay = 0.77> <FuncUnit> <Opcode : 'add' 'sub'> <InPorts = 2> <OutPorts = 1>
ST_1 : Operation 39 [1/1] (0.00ns)   --->   "%zext_ln27 = zext i9 %add_ln23_1" [src/conv2.cpp:27->src/conv2.cpp:109]   --->   Operation 39 'zext' 'zext_ln27' <Predicate = (!icmp_ln23)> <Delay = 0.00>
ST_1 : Operation 40 [1/1] (0.85ns)   --->   "%add_ln27_2 = add i17 %sub_ln27_cast, i17 %zext_ln27" [src/conv2.cpp:27->src/conv2.cpp:109]   --->   Operation 40 'add' 'add_ln27_2' <Predicate = (!icmp_ln23)> <Delay = 0.85> <CoreInst = "Adder">   --->   Core 1 'Adder' <Latency = 0> <II = 1> <Delay = 0.85> <FuncUnit> <Opcode : 'add' 'sub'> <InPorts = 2> <OutPorts = 1>
ST_1 : Operation 41 [1/1] (0.00ns)   --->   "%sext_ln27 = sext i17 %add_ln27_2" [src/conv2.cpp:27->src/conv2.cpp:109]   --->   Operation 41 'sext' 'sext_ln27' <Predicate = (!icmp_ln23)> <Delay = 0.00>
ST_1 : Operation 42 [1/1] (0.00ns)   --->   "%trunc_ln27_1 = trunc i17 %add_ln27_2" [src/conv2.cpp:27->src/conv2.cpp:109]   --->   Operation 42 'trunc' 'trunc_ln27_1' <Predicate = (!icmp_ln23)> <Delay = 0.00>
ST_1 : Operation 43 [1/1] (0.00ns)   --->   "%p_shl1 = bitconcatenate i22 @_ssdm_op_BitConcatenate.i22.i14.i8, i14 %trunc_ln27_1, i8 0" [src/conv2.cpp:27->src/conv2.cpp:109]   --->   Operation 43 'bitconcatenate' 'p_shl1' <Predicate = (!icmp_ln23)> <Delay = 0.00>
ST_1 : Operation 44 [1/1] (0.91ns)   --->   "%sub_ln27_1 = sub i22 %p_shl1, i22 %sext_ln27" [src/conv2.cpp:27->src/conv2.cpp:109]   --->   Operation 44 'sub' 'sub_ln27_1' <Predicate = (!icmp_ln23)> <Delay = 0.91> <CoreInst = "Adder">   --->   Core 1 'Adder' <Latency = 0> <II = 1> <Delay = 0.91> <FuncUnit> <Opcode : 'add' 'sub'> <InPorts = 2> <OutPorts = 1>
ST_1 : Operation 45 [1/1] (0.00ns)   --->   "%zext_ln27_1 = zext i6 %select_ln23" [src/conv2.cpp:27->src/conv2.cpp:109]   --->   Operation 45 'zext' 'zext_ln27_1' <Predicate = (!icmp_ln23)> <Delay = 0.00>
ST_1 : Operation 46 [1/1] (0.78ns)   --->   "%add_ln27_3 = add i10 %tmp_s, i10 %zext_ln27_1" [src/conv2.cpp:27->src/conv2.cpp:109]   --->   Operation 46 'add' 'add_ln27_3' <Predicate = (!icmp_ln23)> <Delay = 0.78> <CoreInst = "Adder">   --->   Core 1 'Adder' <Latency = 0> <II = 1> <Delay = 0.78> <FuncUnit> <Opcode : 'add' 'sub'> <InPorts = 2> <OutPorts = 1>
ST_1 : Operation 47 [1/1] (0.00ns)   --->   "%zext_ln27_2 = zext i10 %add_ln27_3" [src/conv2.cpp:27->src/conv2.cpp:109]   --->   Operation 47 'zext' 'zext_ln27_2' <Predicate = (!icmp_ln23)> <Delay = 0.00>
ST_1 : Operation 48 [1/1] (0.00ns)   --->   "%in_tile_0_addr = getelementptr i32 %in_tile_0, i64 0, i64 %zext_ln27_2" [src/conv2.cpp:27->src/conv2.cpp:109]   --->   Operation 48 'getelementptr' 'in_tile_0_addr' <Predicate = (!icmp_ln23)> <Delay = 0.00>
ST_1 : Operation 49 [1/1] (0.00ns)   --->   "%zext_ln24 = zext i6 %select_ln23" [src/conv2.cpp:24->src/conv2.cpp:109]   --->   Operation 49 'zext' 'zext_ln24' <Predicate = (!icmp_ln23)> <Delay = 0.00>
ST_1 : Operation 50 [1/1] (0.00ns)   --->   "%zext_ln25 = zext i6 %select_ln23" [src/conv2.cpp:25->src/conv2.cpp:109]   --->   Operation 50 'zext' 'zext_ln25' <Predicate = (!icmp_ln23)> <Delay = 0.00>
ST_1 : Operation 51 [1/1] (0.00ns)   --->   "%specpipeline_ln25 = specpipeline void @_ssdm_op_SpecPipeline, i32 1, i32 0, i32 0, i32 0, void @empty_19" [src/conv2.cpp:25->src/conv2.cpp:109]   --->   Operation 51 'specpipeline' 'specpipeline_ln25' <Predicate = (!icmp_ln23)> <Delay = 0.00>
ST_1 : Operation 52 [1/1] (0.00ns)   --->   "%specloopname_ln24 = specloopname void @_ssdm_op_SpecLoopName, void @empty_9" [src/conv2.cpp:24->src/conv2.cpp:109]   --->   Operation 52 'specloopname' 'specloopname_ln24' <Predicate = (!icmp_ln23)> <Delay = 0.00>
ST_1 : Operation 53 [1/1] (0.76ns)   --->   "%icmp_ln26 = icmp_ult  i8 %zext_ln25, i8 %zext_ln99_read" [src/conv2.cpp:26->src/conv2.cpp:109]   --->   Operation 53 'icmp' 'icmp_ln26' <Predicate = (!icmp_ln23)> <Delay = 0.76> <CoreInst = "Cmp">   --->   Core 9 'Cmp' <Latency = 0> <II = 1> <Delay = 0.76> <FuncUnit> <Opcode : 'icmp'> <InPorts = 2> <OutPorts = 1>
ST_1 : Operation 54 [1/1] (0.28ns) (out node of the LUT)   --->   "%and_ln26 = and i1 %icmp_ln26, i1 %select_ln23_2" [src/conv2.cpp:26->src/conv2.cpp:109]   --->   Operation 54 'and' 'and_ln26' <Predicate = (!icmp_ln23)> <Delay = 0.28> <CoreInst = "LogicGate">   --->   Core 74 'LogicGate' <Latency = 0> <II = 1> <Delay = 0.28> <FuncUnit> <Opcode : 'and' 'or' 'xor'> <InPorts = 2> <OutPorts = 1>
ST_1 : Operation 55 [1/1] (0.00ns)   --->   "%br_ln26 = br i1 %and_ln26, void %for.inc.i, void %if.then.i" [src/conv2.cpp:26->src/conv2.cpp:109]   --->   Operation 55 'br' 'br_ln26' <Predicate = (!icmp_ln23)> <Delay = 0.00>
ST_1 : Operation 56 [1/1] (0.77ns)   --->   "%add_ln27 = add i9 %zext_ln24, i9 %select_ln67_4_read" [src/conv2.cpp:27->src/conv2.cpp:109]   --->   Operation 56 'add' 'add_ln27' <Predicate = (!icmp_ln23 & and_ln26)> <Delay = 0.77> <CoreInst = "Adder">   --->   Core 1 'Adder' <Latency = 0> <II = 1> <Delay = 0.77> <FuncUnit> <Opcode : 'add' 'sub'> <InPorts = 2> <OutPorts = 1>
ST_1 : Operation 57 [1/1] (0.00ns)   --->   "%zext_ln27_3 = zext i9 %add_ln27" [src/conv2.cpp:27->src/conv2.cpp:109]   --->   Operation 57 'zext' 'zext_ln27_3' <Predicate = (!icmp_ln23 & and_ln26)> <Delay = 0.00>
ST_1 : Operation 58 [1/1] (0.91ns)   --->   "%add_ln27_4 = add i22 %sub_ln27_1, i22 %zext_ln27_3" [src/conv2.cpp:27->src/conv2.cpp:109]   --->   Operation 58 'add' 'add_ln27_4' <Predicate = (!icmp_ln23 & and_ln26)> <Delay = 0.91> <CoreInst = "Adder">   --->   Core 1 'Adder' <Latency = 0> <II = 1> <Delay = 0.91> <FuncUnit> <Opcode : 'add' 'sub'> <InPorts = 2> <OutPorts = 1>
ST_1 : Operation 59 [1/1] (0.00ns)   --->   "%zext_ln27_4 = zext i22 %add_ln27_4" [src/conv2.cpp:27->src/conv2.cpp:109]   --->   Operation 59 'zext' 'zext_ln27_4' <Predicate = (!icmp_ln23 & and_ln26)> <Delay = 0.00>
ST_1 : Operation 60 [1/1] (0.00ns)   --->   "%feat1_addr = getelementptr i32 %feat1, i64 0, i64 %zext_ln27_4" [src/conv2.cpp:27->src/conv2.cpp:109]   --->   Operation 60 'getelementptr' 'feat1_addr' <Predicate = (!icmp_ln23 & and_ln26)> <Delay = 0.00>
ST_1 : Operation 61 [2/2] (1.23ns)   --->   "%feat1_load = load i22 %feat1_addr" [src/conv2.cpp:27->src/conv2.cpp:109]   --->   Operation 61 'load' 'feat1_load' <Predicate = (!icmp_ln23 & and_ln26)> <Delay = 1.23> <CoreInst = "RAM">   --->   Core 83 'RAM' <Latency = 1> <II = 1> <Delay = 1.23> <Storage> <Opcode : 'load' 'store'> <Ports = 2> <Width = 32> <Depth = 4161600> <RAM>
ST_1 : Operation 62 [1/1] (0.78ns)   --->   "%add_ln24 = add i6 %select_ln23, i6 1" [src/conv2.cpp:24->src/conv2.cpp:109]   --->   Operation 62 'add' 'add_ln24' <Predicate = (!icmp_ln23)> <Delay = 0.78> <CoreInst = "Adder">   --->   Core 1 'Adder' <Latency = 0> <II = 1> <Delay = 0.78> <FuncUnit> <Opcode : 'add' 'sub'> <InPorts = 2> <OutPorts = 1>
ST_1 : Operation 63 [1/1] (0.42ns)   --->   "%store_ln24 = store i11 %add_ln23_2, i11 %indvar_flatten23" [src/conv2.cpp:24->src/conv2.cpp:109]   --->   Operation 63 'store' 'store_ln24' <Predicate = (!icmp_ln23)> <Delay = 0.42>
ST_1 : Operation 64 [1/1] (0.42ns)   --->   "%store_ln24 = store i6 %select_ln23_1, i6 %th_2" [src/conv2.cpp:24->src/conv2.cpp:109]   --->   Operation 64 'store' 'store_ln24' <Predicate = (!icmp_ln23)> <Delay = 0.42>
ST_1 : Operation 65 [1/1] (0.42ns)   --->   "%store_ln24 = store i6 %add_ln24, i6 %tw" [src/conv2.cpp:24->src/conv2.cpp:109]   --->   Operation 65 'store' 'store_ln24' <Predicate = (!icmp_ln23)> <Delay = 0.42>
ST_1 : Operation 66 [1/1] (0.00ns)   --->   "%br_ln24 = br void %for.body8.i" [src/conv2.cpp:24->src/conv2.cpp:109]   --->   Operation 66 'br' 'br_ln24' <Predicate = (!icmp_ln23)> <Delay = 0.00>
ST_1 : Operation 70 [1/1] (0.00ns)   --->   "%ret_ln0 = ret"   --->   Operation 70 'ret' 'ret_ln0' <Predicate = (icmp_ln23)> <Delay = 0.00>

State 2 <SV = 1> <Delay = 2.47>
ST_2 : Operation 67 [1/2] (1.23ns)   --->   "%feat1_load = load i22 %feat1_addr" [src/conv2.cpp:27->src/conv2.cpp:109]   --->   Operation 67 'load' 'feat1_load' <Predicate = (and_ln26)> <Delay = 1.23> <CoreInst = "RAM">   --->   Core 83 'RAM' <Latency = 1> <II = 1> <Delay = 1.23> <Storage> <Opcode : 'load' 'store'> <Ports = 2> <Width = 32> <Depth = 4161600> <RAM>
ST_2 : Operation 68 [1/1] (1.23ns)   --->   "%store_ln27 = store i32 %feat1_load, i10 %in_tile_0_addr" [src/conv2.cpp:27->src/conv2.cpp:109]   --->   Operation 68 'store' 'store_ln27' <Predicate = (and_ln26)> <Delay = 1.23> <CoreInst = "RAM">   --->   Core 83 'RAM' <Latency = 1> <II = 1> <Delay = 1.23> <Storage> <Opcode : 'load' 'store'> <Ports = 2> <Width = 32> <Depth = 1024> <RAM>
ST_2 : Operation 69 [1/1] (0.00ns)   --->   "%br_ln27 = br void %for.inc.i" [src/conv2.cpp:27->src/conv2.cpp:109]   --->   Operation 69 'br' 'br_ln27' <Predicate = (and_ln26)> <Delay = 0.00>


============================================================
+ Verbose Summary: Timing violations
============================================================
Target clock period: 10.000ns, clock uncertainty: 2.700ns.

 <State 1>: 5.859ns
The critical path consists of the following:
	'alloca' operation ('tw') [8]  (0.000 ns)
	'load' operation ('tw_load', src/conv2.cpp:24->src/conv2.cpp:109) on local variable 'tw' [30]  (0.000 ns)
	'icmp' operation ('icmp_ln24', src/conv2.cpp:24->src/conv2.cpp:109) [34]  (0.781 ns)
	'select' operation ('select_ln23_1', src/conv2.cpp:23->src/conv2.cpp:109) [36]  (0.384 ns)
	'add' operation ('add_ln23_1', src/conv2.cpp:23->src/conv2.cpp:109) [43]  (0.776 ns)
	'add' operation ('add_ln27_2', src/conv2.cpp:27->src/conv2.cpp:109) [45]  (0.853 ns)
	'sub' operation ('sub_ln27_1', src/conv2.cpp:27->src/conv2.cpp:109) [49]  (0.914 ns)
	'add' operation ('add_ln27_4', src/conv2.cpp:27->src/conv2.cpp:109) [64]  (0.914 ns)
	'getelementptr' operation ('feat1_addr', src/conv2.cpp:27->src/conv2.cpp:109) [66]  (0.000 ns)
	'load' operation ('feat1_load', src/conv2.cpp:27->src/conv2.cpp:109) on array 'feat1' [67]  (1.237 ns)

 <State 2>: 2.474ns
The critical path consists of the following:
	'load' operation ('feat1_load', src/conv2.cpp:27->src/conv2.cpp:109) on array 'feat1' [67]  (1.237 ns)
	'store' operation ('store_ln27', src/conv2.cpp:27->src/conv2.cpp:109) of variable 'feat1_load', src/conv2.cpp:27->src/conv2.cpp:109 on array 'in_tile_0' [68]  (1.237 ns)


============================================================
+ Verbose Summary: Binding
============================================================
N/A
* FSMD analyzer results:
  - Output states:
 - Input state : 
  - Chain level:
	State 1
	State 2


============================================================
+ Verbose Summary: Datapath Resource usage 
============================================================
N/A
