

================================================================
== Vitis HLS Report for 'conv3_Pipeline_VITIS_LOOP_32_2_VITIS_LOOP_33_3'
================================================================
* Date:           Thu Oct 30 21:22:19 2025

* Version:        2023.1 (Build 3854077 on May  4 2023)
* Project:        srcnn_hls
* Solution:       solution1 (Vivado IP Flow Target)
* Product family: zynquplus
* Target device:  xck26-sfvc784-2LV-c


================================================================
== Performance Estimates
================================================================
+ Timing: 
    * Summary: 
    +--------+----------+----------+------------+
    |  Clock |  Target  | Estimated| Uncertainty|
    +--------+----------+----------+------------+
    |ap_clk  |  10.00 ns|  4.691 ns|     2.70 ns|
    +--------+----------+----------+------------+

+ Latency: 
    * Summary: 
    +---------+---------+----------+----------+-----+-------+---------+
    |  Latency (cycles) |  Latency (absolute) |   Interval  | Pipeline|
    |   min   |   max   |    min   |    max   | min |  max  |   Type  |
    +---------+---------+----------+----------+-----+-------+---------+
    |       38|    67094|  0.380 us|  0.671 ms|   38|  67094|       no|
    +---------+---------+----------+----------+-----+-------+---------+

    + Detail: 
        * Instance: 
        N/A

        * Loop: 
        +-----------------------------------+---------+---------+----------+-----------+-----------+------------+----------+
        |                                   |  Latency (cycles) | Iteration|  Initiation Interval  |    Trip    |          |
        |             Loop Name             |   min   |   max   |  Latency |  achieved |   target  |    Count   | Pipelined|
        +-----------------------------------+---------+---------+----------+-----------+-----------+------------+----------+
        |- VITIS_LOOP_32_2_VITIS_LOOP_33_3  |       36|    67092|        13|          1|          1|  25 ~ 67081|       yes|
        +-----------------------------------+---------+---------+----------+-----------+-----------+------------+----------+

============================================================
+ Verbose Summary: Synthesis Manager
============================================================
InlineROM: 1
ExposeGlobal: 0
============================================================
+ Verbose Summary: CDFG Model
============================================================
IsTopModel: 0
ResetActiveHigh: 1
IsCombinational: 0
IsDatapathOnly: 0
HasWiredReturn: 1
HasMFsm: 2
HasVarLatency: 1
IsPipeline: 0
IsRtlPipelined: 0
IsInstanceOverlapped: 0
IsDontTouch: 0
HasImplIP: 0
IsGatedGlobalClock: 0

+ Individual pipeline summary: 
  * Pipeline-0: initiation interval (II) = 1, depth = 14


============================================================
+ Verbose Summary: Schedule
============================================================
* Number of FSM states : 14
* Pipeline : 1
  Pipeline-0 : II = 1, D = 14, States = { 1 2 3 4 5 6 7 8 9 10 11 12 13 14 }
* Dataflow Pipeline: 0

* FSM state transitions: 
1 --> 2 
2 --> 3 
3 --> 4 
4 --> 5 
5 --> 6 
6 --> 7 
7 --> 8 
8 --> 9 
9 --> 10 
10 --> 11 
11 --> 12 
12 --> 13 
13 --> 14 
14 --> 

* FSM state operations: 

State 1 <SV = 0> <Delay = 0.42>
ST_1 : Operation 16 [1/1] (0.00ns)   --->   "%iw = alloca i32 1"   --->   Operation 16 'alloca' 'iw' <Predicate = true> <Delay = 0.00>
ST_1 : Operation 17 [1/1] (0.00ns)   --->   "%ih = alloca i32 1"   --->   Operation 17 'alloca' 'ih' <Predicate = true> <Delay = 0.00>
ST_1 : Operation 18 [1/1] (0.00ns)   --->   "%indvar_flatten38 = alloca i32 1"   --->   Operation 18 'alloca' 'indvar_flatten38' <Predicate = true> <Delay = 0.00>
ST_1 : Operation 19 [1/1] (0.00ns)   --->   "%zext_ln140_read = read i8 @_ssdm_op_Read.ap_auto.i8, i8 %zext_ln140"   --->   Operation 19 'read' 'zext_ln140_read' <Predicate = true> <Delay = 0.00>
ST_1 : Operation 20 [1/1] (0.00ns)   --->   "%zext_ln103_1_read = read i9 @_ssdm_op_Read.ap_auto.i9, i9 %zext_ln103_1"   --->   Operation 20 'read' 'zext_ln103_1_read' <Predicate = true> <Delay = 0.00>
ST_1 : Operation 21 [1/1] (0.00ns)   --->   "%sub_ln38_read = read i15 @_ssdm_op_Read.ap_auto.i15, i15 %sub_ln38"   --->   Operation 21 'read' 'sub_ln38_read' <Predicate = true> <Delay = 0.00>
ST_1 : Operation 22 [1/1] (0.00ns)   --->   "%add6_i_read = read i9 @_ssdm_op_Read.ap_auto.i9, i9 %add6_i"   --->   Operation 22 'read' 'add6_i_read' <Predicate = true> <Delay = 0.00>
ST_1 : Operation 23 [1/1] (0.00ns)   --->   "%bound21_read = read i17 @_ssdm_op_Read.ap_auto.i17, i17 %bound21"   --->   Operation 23 'read' 'bound21_read' <Predicate = true> <Delay = 0.00>
ST_1 : Operation 24 [1/1] (0.00ns)   --->   "%zext_ln103_2_read = read i8 @_ssdm_op_Read.ap_auto.i8, i8 %zext_ln103_2"   --->   Operation 24 'read' 'zext_ln103_2_read' <Predicate = true> <Delay = 0.00>
ST_1 : Operation 25 [1/1] (0.00ns)   --->   "%zext_ln103_read = read i9 @_ssdm_op_Read.ap_auto.i9, i9 %zext_ln103"   --->   Operation 25 'read' 'zext_ln103_read' <Predicate = true> <Delay = 0.00>
ST_1 : Operation 26 [1/1] (0.00ns)   --->   "%zext_ln140_cast = zext i8 %zext_ln140_read"   --->   Operation 26 'zext' 'zext_ln140_cast' <Predicate = true> <Delay = 0.00>
ST_1 : Operation 27 [1/1] (0.00ns)   --->   "%zext_ln103_1_cast = zext i9 %zext_ln103_1_read"   --->   Operation 27 'zext' 'zext_ln103_1_cast' <Predicate = true> <Delay = 0.00>
ST_1 : Operation 28 [1/1] (0.00ns)   --->   "%zext_ln103_2_cast = zext i8 %zext_ln103_2_read"   --->   Operation 28 'zext' 'zext_ln103_2_cast' <Predicate = true> <Delay = 0.00>
ST_1 : Operation 29 [1/1] (0.00ns)   --->   "%zext_ln103_cast = zext i9 %zext_ln103_read"   --->   Operation 29 'zext' 'zext_ln103_cast' <Predicate = true> <Delay = 0.00>
ST_1 : Operation 30 [1/1] (0.00ns)   --->   "%sub_ln38_cast = sext i15 %sub_ln38_read"   --->   Operation 30 'sext' 'sub_ln38_cast' <Predicate = true> <Delay = 0.00>
ST_1 : Operation 31 [1/1] (0.42ns)   --->   "%store_ln0 = store i17 0, i17 %indvar_flatten38"   --->   Operation 31 'store' 'store_ln0' <Predicate = true> <Delay = 0.42>
ST_1 : Operation 32 [1/1] (0.42ns)   --->   "%store_ln0 = store i9 0, i9 %ih"   --->   Operation 32 'store' 'store_ln0' <Predicate = true> <Delay = 0.42>
ST_1 : Operation 33 [1/1] (0.42ns)   --->   "%store_ln0 = store i9 0, i9 %iw"   --->   Operation 33 'store' 'store_ln0' <Predicate = true> <Delay = 0.42>
ST_1 : Operation 34 [1/1] (0.00ns)   --->   "%br_ln0 = br void %for.inc.i"   --->   Operation 34 'br' 'br_ln0' <Predicate = true> <Delay = 0.00>

State 2 <SV = 1> <Delay = 3.52>
ST_2 : Operation 35 [1/1] (0.00ns)   --->   "%ih_1 = load i9 %ih" [src/conv3.cpp:32->src/conv3.cpp:158]   --->   Operation 35 'load' 'ih_1' <Predicate = true> <Delay = 0.00>
ST_2 : Operation 36 [1/1] (0.00ns)   --->   "%indvar_flatten38_load = load i17 %indvar_flatten38" [src/conv3.cpp:32->src/conv3.cpp:158]   --->   Operation 36 'load' 'indvar_flatten38_load' <Predicate = true> <Delay = 0.00>
ST_2 : Operation 37 [1/1] (0.00ns)   --->   "%ih_cast = zext i9 %ih_1" [src/conv3.cpp:32->src/conv3.cpp:158]   --->   Operation 37 'zext' 'ih_cast' <Predicate = true> <Delay = 0.00>
ST_2 : Operation 38 [1/1] (0.77ns)   --->   "%tmp1 = add i10 %ih_cast, i10 1022" [src/conv3.cpp:32->src/conv3.cpp:158]   --->   Operation 38 'add' 'tmp1' <Predicate = true> <Delay = 0.77> <CoreInst = "Adder">   --->   Core 1 'Adder' <Latency = 0> <II = 1> <Delay = 0.77> <FuncUnit> <Opcode : 'add' 'sub'> <InPorts = 2> <OutPorts = 1>
ST_2 : Operation 39 [1/1] (0.78ns)   --->   "%empty = add i10 %tmp1, i10 %zext_ln103_cast" [src/conv3.cpp:32->src/conv3.cpp:158]   --->   Operation 39 'add' 'empty' <Predicate = true> <Delay = 0.78> <CoreInst = "Adder">   --->   Core 1 'Adder' <Latency = 0> <II = 1> <Delay = 0.78> <FuncUnit> <Opcode : 'add' 'sub'> <InPorts = 2> <OutPorts = 1>
ST_2 : Operation 40 [1/1] (0.00ns) (grouped into LUT with out node gy)   --->   "%tmp = bitselect i1 @_ssdm_op_BitSelect.i1.i10.i32, i10 %empty, i32 9" [src/conv3.cpp:32->src/conv3.cpp:158]   --->   Operation 40 'bitselect' 'tmp' <Predicate = true> <Delay = 0.00>
ST_2 : Operation 41 [1/1] (0.78ns)   --->   "%cmp1_i_i = icmp_sgt  i10 %empty, i10 254" [src/conv3.cpp:32->src/conv3.cpp:158]   --->   Operation 41 'icmp' 'cmp1_i_i' <Predicate = true> <Delay = 0.78> <CoreInst = "Cmp">   --->   Core 9 'Cmp' <Latency = 0> <II = 1> <Delay = 0.78> <FuncUnit> <Opcode : 'icmp'> <InPorts = 2> <OutPorts = 1>
ST_2 : Operation 42 [1/1] (0.78ns)   --->   "%empty_38 = add i10 %tmp1, i10 %zext_ln103_2_cast" [src/conv3.cpp:32->src/conv3.cpp:158]   --->   Operation 42 'add' 'empty_38' <Predicate = true> <Delay = 0.78> <CoreInst = "Adder">   --->   Core 1 'Adder' <Latency = 0> <II = 1> <Delay = 0.78> <FuncUnit> <Opcode : 'add' 'sub'> <InPorts = 2> <OutPorts = 1>
ST_2 : Operation 43 [1/1] (0.00ns) (grouped into LUT with out node gy)   --->   "%tmp_1 = bitselect i1 @_ssdm_op_BitSelect.i1.i10.i32, i10 %empty, i32 9" [src/conv3.cpp:32->src/conv3.cpp:158]   --->   Operation 43 'bitselect' 'tmp_1' <Predicate = true> <Delay = 0.00>
ST_2 : Operation 44 [1/1] (0.00ns) (grouped into LUT with out node gy)   --->   "%p_cast_cast = select i1 %tmp_1, i10 0, i10 254" [src/conv3.cpp:32->src/conv3.cpp:158]   --->   Operation 44 'select' 'p_cast_cast' <Predicate = true> <Delay = 0.00> <CoreInst = "Sel">   --->   Core 73 'Sel' <Latency = 0> <II = 1> <Delay = 0.39> <FuncUnit> <Opcode : 'select'> <InPorts = 3> <OutPorts = 1>
ST_2 : Operation 45 [1/1] (0.00ns) (grouped into LUT with out node gy)   --->   "%empty_39 = or i1 %tmp, i1 %cmp1_i_i" [src/conv3.cpp:32->src/conv3.cpp:158]   --->   Operation 45 'or' 'empty_39' <Predicate = true> <Delay = 0.00> <CoreInst = "LogicGate">   --->   Core 74 'LogicGate' <Latency = 0> <II = 1> <Delay = 0.28> <FuncUnit> <Opcode : 'and' 'or' 'xor'> <InPorts = 2> <OutPorts = 1>
ST_2 : Operation 46 [1/1] (0.40ns) (out node of the LUT)   --->   "%gy = select i1 %empty_39, i10 %p_cast_cast, i10 %empty_38" [src/conv3.cpp:32->src/conv3.cpp:158]   --->   Operation 46 'select' 'gy' <Predicate = true> <Delay = 0.40> <CoreInst = "Sel">   --->   Core 73 'Sel' <Latency = 0> <II = 1> <Delay = 0.40> <FuncUnit> <Opcode : 'select'> <InPorts = 3> <OutPorts = 1>
ST_2 : Operation 47 [1/1] (0.86ns)   --->   "%icmp_ln32 = icmp_eq  i17 %indvar_flatten38_load, i17 %bound21_read" [src/conv3.cpp:32->src/conv3.cpp:158]   --->   Operation 47 'icmp' 'icmp_ln32' <Predicate = true> <Delay = 0.86> <CoreInst = "Cmp">   --->   Core 9 'Cmp' <Latency = 0> <II = 1> <Delay = 0.86> <FuncUnit> <Opcode : 'icmp'> <InPorts = 2> <OutPorts = 1>
ST_2 : Operation 48 [1/1] (0.86ns)   --->   "%add_ln32_1 = add i17 %indvar_flatten38_load, i17 1" [src/conv3.cpp:32->src/conv3.cpp:158]   --->   Operation 48 'add' 'add_ln32_1' <Predicate = true> <Delay = 0.86> <CoreInst = "Adder">   --->   Core 1 'Adder' <Latency = 0> <II = 1> <Delay = 0.86> <FuncUnit> <Opcode : 'add' 'sub'> <InPorts = 2> <OutPorts = 1>
ST_2 : Operation 49 [1/1] (0.00ns)   --->   "%br_ln32 = br i1 %icmp_ln32, void %for.inc26.i.loopexit, void %VITIS_LOOP_53_2.i.preheader.exitStub" [src/conv3.cpp:32->src/conv3.cpp:158]   --->   Operation 49 'br' 'br_ln32' <Predicate = true> <Delay = 0.00>
ST_2 : Operation 50 [1/1] (0.00ns)   --->   "%iw_load = load i9 %iw" [src/conv3.cpp:33->src/conv3.cpp:158]   --->   Operation 50 'load' 'iw_load' <Predicate = (!icmp_ln32)> <Delay = 0.00>
ST_2 : Operation 51 [1/1] (0.77ns)   --->   "%add_ln32 = add i9 %ih_1, i9 1" [src/conv3.cpp:32->src/conv3.cpp:158]   --->   Operation 51 'add' 'add_ln32' <Predicate = (!icmp_ln32)> <Delay = 0.77> <CoreInst = "Adder">   --->   Core 1 'Adder' <Latency = 0> <II = 1> <Delay = 0.77> <FuncUnit> <Opcode : 'add' 'sub'> <InPorts = 2> <OutPorts = 1>
ST_2 : Operation 52 [1/1] (0.77ns)   --->   "%icmp_ln33 = icmp_eq  i9 %iw_load, i9 %add6_i_read" [src/conv3.cpp:33->src/conv3.cpp:158]   --->   Operation 52 'icmp' 'icmp_ln33' <Predicate = (!icmp_ln32)> <Delay = 0.77> <CoreInst = "Cmp">   --->   Core 9 'Cmp' <Latency = 0> <II = 1> <Delay = 0.77> <FuncUnit> <Opcode : 'icmp'> <InPorts = 2> <OutPorts = 1>
ST_2 : Operation 53 [1/1] (0.39ns)   --->   "%iw_mid2 = select i1 %icmp_ln33, i9 0, i9 %iw_load" [src/conv3.cpp:33->src/conv3.cpp:158]   --->   Operation 53 'select' 'iw_mid2' <Predicate = (!icmp_ln32)> <Delay = 0.39> <CoreInst = "Sel">   --->   Core 73 'Sel' <Latency = 0> <II = 1> <Delay = 0.39> <FuncUnit> <Opcode : 'select'> <InPorts = 3> <OutPorts = 1>
ST_2 : Operation 54 [1/1] (0.00ns)   --->   "%ih_cast_mid1 = zext i9 %add_ln32" [src/conv3.cpp:32->src/conv3.cpp:158]   --->   Operation 54 'zext' 'ih_cast_mid1' <Predicate = (!icmp_ln32)> <Delay = 0.00>
ST_2 : Operation 55 [1/1] (0.39ns)   --->   "%zext_ln32_mid2_v_v = select i1 %icmp_ln33, i9 %add_ln32, i9 %ih_1" [src/conv3.cpp:33->src/conv3.cpp:158]   --->   Operation 55 'select' 'zext_ln32_mid2_v_v' <Predicate = (!icmp_ln32)> <Delay = 0.39> <CoreInst = "Sel">   --->   Core 73 'Sel' <Latency = 0> <II = 1> <Delay = 0.39> <FuncUnit> <Opcode : 'select'> <InPorts = 3> <OutPorts = 1>
ST_2 : Operation 56 [1/1] (0.00ns)   --->   "%zext_ln32_mid2_v_v_cast = zext i9 %zext_ln32_mid2_v_v" [src/conv3.cpp:33->src/conv3.cpp:158]   --->   Operation 56 'zext' 'zext_ln32_mid2_v_v_cast' <Predicate = (!icmp_ln32)> <Delay = 0.00>
ST_2 : Operation 57 [1/1] (2.14ns)   --->   "%mul4 = mul i19 %zext_ln32_mid2_v_v_cast, i19 820" [src/conv3.cpp:33->src/conv3.cpp:158]   --->   Operation 57 'mul' 'mul4' <Predicate = (!icmp_ln32)> <Delay = 2.14> <CoreInst = "Multiplier">   --->   Core 3 'Multiplier' <Latency = 0> <II = 1> <Delay = 2.14> <FuncUnit> <Opcode : 'mul'> <InPorts = 2> <OutPorts = 1>
ST_2 : Operation 58 [1/1] (0.00ns)   --->   "%tmp_17_cast = partselect i3 @_ssdm_op_PartSelect.i3.i19.i32.i32, i19 %mul4, i32 12, i32 14" [src/conv3.cpp:38->src/conv3.cpp:158]   --->   Operation 58 'partselect' 'tmp_17_cast' <Predicate = (!icmp_ln32)> <Delay = 0.00>
ST_2 : Operation 59 [13/13] (1.53ns)   --->   "%trunc_ln32_mid2_v = urem i9 %zext_ln32_mid2_v_v, i9 5" [src/conv3.cpp:33->src/conv3.cpp:158]   --->   Operation 59 'urem' 'trunc_ln32_mid2_v' <Predicate = (!icmp_ln32)> <Delay = 1.53> <CoreInst = "Divider">   --->   Core 6 'Divider' <Latency = 12> <II = 1> <Delay = 1.53> <FuncUnit> <Opcode : 'sdiv' 'srem' 'udiv' 'urem'> <InPorts = 2> <OutPorts = 1>
ST_2 : Operation 60 [1/1] (0.77ns)   --->   "%tmp1_mid1 = add i10 %ih_cast_mid1, i10 1022" [src/conv3.cpp:32->src/conv3.cpp:158]   --->   Operation 60 'add' 'tmp1_mid1' <Predicate = (!icmp_ln32)> <Delay = 0.77> <CoreInst = "Adder">   --->   Core 1 'Adder' <Latency = 0> <II = 1> <Delay = 0.77> <FuncUnit> <Opcode : 'add' 'sub'> <InPorts = 2> <OutPorts = 1>
ST_2 : Operation 61 [1/1] (0.78ns)   --->   "%p_mid1 = add i10 %tmp1_mid1, i10 %zext_ln103_cast" [src/conv3.cpp:32->src/conv3.cpp:158]   --->   Operation 61 'add' 'p_mid1' <Predicate = (!icmp_ln32)> <Delay = 0.78> <CoreInst = "Adder">   --->   Core 1 'Adder' <Latency = 0> <II = 1> <Delay = 0.78> <FuncUnit> <Opcode : 'add' 'sub'> <InPorts = 2> <OutPorts = 1>
ST_2 : Operation 62 [1/1] (0.00ns) (grouped into LUT with out node idxprom16_i_mid2_v)   --->   "%tmp_2 = bitselect i1 @_ssdm_op_BitSelect.i1.i10.i32, i10 %p_mid1, i32 9" [src/conv3.cpp:32->src/conv3.cpp:158]   --->   Operation 62 'bitselect' 'tmp_2' <Predicate = (!icmp_ln32)> <Delay = 0.00>
ST_2 : Operation 63 [1/1] (0.78ns)   --->   "%cmp1_i_i_mid1 = icmp_sgt  i10 %p_mid1, i10 254" [src/conv3.cpp:32->src/conv3.cpp:158]   --->   Operation 63 'icmp' 'cmp1_i_i_mid1' <Predicate = (!icmp_ln32)> <Delay = 0.78> <CoreInst = "Cmp">   --->   Core 9 'Cmp' <Latency = 0> <II = 1> <Delay = 0.78> <FuncUnit> <Opcode : 'icmp'> <InPorts = 2> <OutPorts = 1>
ST_2 : Operation 64 [1/1] (0.78ns)   --->   "%p_mid128 = add i10 %tmp1_mid1, i10 %zext_ln103_2_cast" [src/conv3.cpp:32->src/conv3.cpp:158]   --->   Operation 64 'add' 'p_mid128' <Predicate = (!icmp_ln32)> <Delay = 0.78> <CoreInst = "Adder">   --->   Core 1 'Adder' <Latency = 0> <II = 1> <Delay = 0.78> <FuncUnit> <Opcode : 'add' 'sub'> <InPorts = 2> <OutPorts = 1>
ST_2 : Operation 65 [1/1] (0.00ns) (grouped into LUT with out node idxprom16_i_mid2_v)   --->   "%tmp_3 = bitselect i1 @_ssdm_op_BitSelect.i1.i10.i32, i10 %p_mid1, i32 9" [src/conv3.cpp:32->src/conv3.cpp:158]   --->   Operation 65 'bitselect' 'tmp_3' <Predicate = (!icmp_ln32)> <Delay = 0.00>
ST_2 : Operation 66 [1/1] (0.00ns) (grouped into LUT with out node idxprom16_i_mid2_v)   --->   "%p_mid134_cast_cast = select i1 %tmp_3, i10 0, i10 254" [src/conv3.cpp:32->src/conv3.cpp:158]   --->   Operation 66 'select' 'p_mid134_cast_cast' <Predicate = (!icmp_ln32)> <Delay = 0.00> <CoreInst = "Sel">   --->   Core 73 'Sel' <Latency = 0> <II = 1> <Delay = 0.39> <FuncUnit> <Opcode : 'select'> <InPorts = 3> <OutPorts = 1>
ST_2 : Operation 67 [1/1] (0.00ns) (grouped into LUT with out node idxprom16_i_mid2_v)   --->   "%p_mid136 = or i1 %tmp_2, i1 %cmp1_i_i_mid1" [src/conv3.cpp:32->src/conv3.cpp:158]   --->   Operation 67 'or' 'p_mid136' <Predicate = (!icmp_ln32)> <Delay = 0.00> <CoreInst = "LogicGate">   --->   Core 74 'LogicGate' <Latency = 0> <II = 1> <Delay = 0.28> <FuncUnit> <Opcode : 'and' 'or' 'xor'> <InPorts = 2> <OutPorts = 1>
ST_2 : Operation 68 [1/1] (0.00ns) (grouped into LUT with out node idxprom16_i_mid2_v)   --->   "%gy_mid1 = select i1 %p_mid136, i10 %p_mid134_cast_cast, i10 %p_mid128" [src/conv3.cpp:32->src/conv3.cpp:158]   --->   Operation 68 'select' 'gy_mid1' <Predicate = (!icmp_ln32)> <Delay = 0.00> <CoreInst = "Sel">   --->   Core 73 'Sel' <Latency = 0> <II = 1> <Delay = 0.40> <FuncUnit> <Opcode : 'select'> <InPorts = 3> <OutPorts = 1>
ST_2 : Operation 69 [1/1] (0.40ns) (out node of the LUT)   --->   "%idxprom16_i_mid2_v = select i1 %icmp_ln33, i10 %gy_mid1, i10 %gy" [src/conv3.cpp:33->src/conv3.cpp:158]   --->   Operation 69 'select' 'idxprom16_i_mid2_v' <Predicate = (!icmp_ln32)> <Delay = 0.40> <CoreInst = "Sel">   --->   Core 73 'Sel' <Latency = 0> <II = 1> <Delay = 0.40> <FuncUnit> <Opcode : 'select'> <InPorts = 3> <OutPorts = 1>
ST_2 : Operation 70 [13/13] (1.53ns)   --->   "%urem_ln33 = urem i9 %iw_mid2, i9 5" [src/conv3.cpp:33->src/conv3.cpp:158]   --->   Operation 70 'urem' 'urem_ln33' <Predicate = (!icmp_ln32)> <Delay = 1.53> <CoreInst = "Divider">   --->   Core 6 'Divider' <Latency = 12> <II = 1> <Delay = 1.53> <FuncUnit> <Opcode : 'sdiv' 'srem' 'udiv' 'urem'> <InPorts = 2> <OutPorts = 1>
ST_2 : Operation 71 [1/1] (0.77ns)   --->   "%add_ln33 = add i9 %iw_mid2, i9 1" [src/conv3.cpp:33->src/conv3.cpp:158]   --->   Operation 71 'add' 'add_ln33' <Predicate = (!icmp_ln32)> <Delay = 0.77> <CoreInst = "Adder">   --->   Core 1 'Adder' <Latency = 0> <II = 1> <Delay = 0.77> <FuncUnit> <Opcode : 'add' 'sub'> <InPorts = 2> <OutPorts = 1>
ST_2 : Operation 72 [1/1] (0.42ns)   --->   "%store_ln33 = store i17 %add_ln32_1, i17 %indvar_flatten38" [src/conv3.cpp:33->src/conv3.cpp:158]   --->   Operation 72 'store' 'store_ln33' <Predicate = (!icmp_ln32)> <Delay = 0.42>
ST_2 : Operation 73 [1/1] (0.42ns)   --->   "%store_ln33 = store i9 %zext_ln32_mid2_v_v, i9 %ih" [src/conv3.cpp:33->src/conv3.cpp:158]   --->   Operation 73 'store' 'store_ln33' <Predicate = (!icmp_ln32)> <Delay = 0.42>
ST_2 : Operation 74 [1/1] (0.42ns)   --->   "%store_ln33 = store i9 %add_ln33, i9 %iw" [src/conv3.cpp:33->src/conv3.cpp:158]   --->   Operation 74 'store' 'store_ln33' <Predicate = (!icmp_ln32)> <Delay = 0.42>
ST_2 : Operation 75 [1/1] (0.00ns)   --->   "%br_ln33 = br void %for.inc.i" [src/conv3.cpp:33->src/conv3.cpp:158]   --->   Operation 75 'br' 'br_ln33' <Predicate = (!icmp_ln32)> <Delay = 0.00>

State 3 <SV = 2> <Delay = 1.53>
ST_3 : Operation 76 [12/13] (1.53ns)   --->   "%trunc_ln32_mid2_v = urem i9 %zext_ln32_mid2_v_v, i9 5" [src/conv3.cpp:33->src/conv3.cpp:158]   --->   Operation 76 'urem' 'trunc_ln32_mid2_v' <Predicate = true> <Delay = 1.53> <CoreInst = "Divider">   --->   Core 6 'Divider' <Latency = 12> <II = 1> <Delay = 1.53> <FuncUnit> <Opcode : 'sdiv' 'srem' 'udiv' 'urem'> <InPorts = 2> <OutPorts = 1>
ST_3 : Operation 77 [12/13] (1.53ns)   --->   "%urem_ln33 = urem i9 %iw_mid2, i9 5" [src/conv3.cpp:33->src/conv3.cpp:158]   --->   Operation 77 'urem' 'urem_ln33' <Predicate = true> <Delay = 1.53> <CoreInst = "Divider">   --->   Core 6 'Divider' <Latency = 12> <II = 1> <Delay = 1.53> <FuncUnit> <Opcode : 'sdiv' 'srem' 'udiv' 'urem'> <InPorts = 2> <OutPorts = 1>

State 4 <SV = 3> <Delay = 1.53>
ST_4 : Operation 78 [11/13] (1.53ns)   --->   "%trunc_ln32_mid2_v = urem i9 %zext_ln32_mid2_v_v, i9 5" [src/conv3.cpp:33->src/conv3.cpp:158]   --->   Operation 78 'urem' 'trunc_ln32_mid2_v' <Predicate = true> <Delay = 1.53> <CoreInst = "Divider">   --->   Core 6 'Divider' <Latency = 12> <II = 1> <Delay = 1.53> <FuncUnit> <Opcode : 'sdiv' 'srem' 'udiv' 'urem'> <InPorts = 2> <OutPorts = 1>
ST_4 : Operation 79 [11/13] (1.53ns)   --->   "%urem_ln33 = urem i9 %iw_mid2, i9 5" [src/conv3.cpp:33->src/conv3.cpp:158]   --->   Operation 79 'urem' 'urem_ln33' <Predicate = true> <Delay = 1.53> <CoreInst = "Divider">   --->   Core 6 'Divider' <Latency = 12> <II = 1> <Delay = 1.53> <FuncUnit> <Opcode : 'sdiv' 'srem' 'udiv' 'urem'> <InPorts = 2> <OutPorts = 1>

State 5 <SV = 4> <Delay = 1.53>
ST_5 : Operation 80 [10/13] (1.53ns)   --->   "%trunc_ln32_mid2_v = urem i9 %zext_ln32_mid2_v_v, i9 5" [src/conv3.cpp:33->src/conv3.cpp:158]   --->   Operation 80 'urem' 'trunc_ln32_mid2_v' <Predicate = true> <Delay = 1.53> <CoreInst = "Divider">   --->   Core 6 'Divider' <Latency = 12> <II = 1> <Delay = 1.53> <FuncUnit> <Opcode : 'sdiv' 'srem' 'udiv' 'urem'> <InPorts = 2> <OutPorts = 1>
ST_5 : Operation 81 [10/13] (1.53ns)   --->   "%urem_ln33 = urem i9 %iw_mid2, i9 5" [src/conv3.cpp:33->src/conv3.cpp:158]   --->   Operation 81 'urem' 'urem_ln33' <Predicate = true> <Delay = 1.53> <CoreInst = "Divider">   --->   Core 6 'Divider' <Latency = 12> <II = 1> <Delay = 1.53> <FuncUnit> <Opcode : 'sdiv' 'srem' 'udiv' 'urem'> <InPorts = 2> <OutPorts = 1>

State 6 <SV = 5> <Delay = 1.53>
ST_6 : Operation 82 [9/13] (1.53ns)   --->   "%trunc_ln32_mid2_v = urem i9 %zext_ln32_mid2_v_v, i9 5" [src/conv3.cpp:33->src/conv3.cpp:158]   --->   Operation 82 'urem' 'trunc_ln32_mid2_v' <Predicate = true> <Delay = 1.53> <CoreInst = "Divider">   --->   Core 6 'Divider' <Latency = 12> <II = 1> <Delay = 1.53> <FuncUnit> <Opcode : 'sdiv' 'srem' 'udiv' 'urem'> <InPorts = 2> <OutPorts = 1>
ST_6 : Operation 83 [9/13] (1.53ns)   --->   "%urem_ln33 = urem i9 %iw_mid2, i9 5" [src/conv3.cpp:33->src/conv3.cpp:158]   --->   Operation 83 'urem' 'urem_ln33' <Predicate = true> <Delay = 1.53> <CoreInst = "Divider">   --->   Core 6 'Divider' <Latency = 12> <II = 1> <Delay = 1.53> <FuncUnit> <Opcode : 'sdiv' 'srem' 'udiv' 'urem'> <InPorts = 2> <OutPorts = 1>

State 7 <SV = 6> <Delay = 1.53>
ST_7 : Operation 84 [8/13] (1.53ns)   --->   "%trunc_ln32_mid2_v = urem i9 %zext_ln32_mid2_v_v, i9 5" [src/conv3.cpp:33->src/conv3.cpp:158]   --->   Operation 84 'urem' 'trunc_ln32_mid2_v' <Predicate = true> <Delay = 1.53> <CoreInst = "Divider">   --->   Core 6 'Divider' <Latency = 12> <II = 1> <Delay = 1.53> <FuncUnit> <Opcode : 'sdiv' 'srem' 'udiv' 'urem'> <InPorts = 2> <OutPorts = 1>
ST_7 : Operation 85 [8/13] (1.53ns)   --->   "%urem_ln33 = urem i9 %iw_mid2, i9 5" [src/conv3.cpp:33->src/conv3.cpp:158]   --->   Operation 85 'urem' 'urem_ln33' <Predicate = true> <Delay = 1.53> <CoreInst = "Divider">   --->   Core 6 'Divider' <Latency = 12> <II = 1> <Delay = 1.53> <FuncUnit> <Opcode : 'sdiv' 'srem' 'udiv' 'urem'> <InPorts = 2> <OutPorts = 1>

State 8 <SV = 7> <Delay = 1.53>
ST_8 : Operation 86 [7/13] (1.53ns)   --->   "%trunc_ln32_mid2_v = urem i9 %zext_ln32_mid2_v_v, i9 5" [src/conv3.cpp:33->src/conv3.cpp:158]   --->   Operation 86 'urem' 'trunc_ln32_mid2_v' <Predicate = true> <Delay = 1.53> <CoreInst = "Divider">   --->   Core 6 'Divider' <Latency = 12> <II = 1> <Delay = 1.53> <FuncUnit> <Opcode : 'sdiv' 'srem' 'udiv' 'urem'> <InPorts = 2> <OutPorts = 1>
ST_8 : Operation 87 [7/13] (1.53ns)   --->   "%urem_ln33 = urem i9 %iw_mid2, i9 5" [src/conv3.cpp:33->src/conv3.cpp:158]   --->   Operation 87 'urem' 'urem_ln33' <Predicate = true> <Delay = 1.53> <CoreInst = "Divider">   --->   Core 6 'Divider' <Latency = 12> <II = 1> <Delay = 1.53> <FuncUnit> <Opcode : 'sdiv' 'srem' 'udiv' 'urem'> <InPorts = 2> <OutPorts = 1>

State 9 <SV = 8> <Delay = 1.53>
ST_9 : Operation 88 [6/13] (1.53ns)   --->   "%trunc_ln32_mid2_v = urem i9 %zext_ln32_mid2_v_v, i9 5" [src/conv3.cpp:33->src/conv3.cpp:158]   --->   Operation 88 'urem' 'trunc_ln32_mid2_v' <Predicate = true> <Delay = 1.53> <CoreInst = "Divider">   --->   Core 6 'Divider' <Latency = 12> <II = 1> <Delay = 1.53> <FuncUnit> <Opcode : 'sdiv' 'srem' 'udiv' 'urem'> <InPorts = 2> <OutPorts = 1>
ST_9 : Operation 89 [6/13] (1.53ns)   --->   "%urem_ln33 = urem i9 %iw_mid2, i9 5" [src/conv3.cpp:33->src/conv3.cpp:158]   --->   Operation 89 'urem' 'urem_ln33' <Predicate = true> <Delay = 1.53> <CoreInst = "Divider">   --->   Core 6 'Divider' <Latency = 12> <II = 1> <Delay = 1.53> <FuncUnit> <Opcode : 'sdiv' 'srem' 'udiv' 'urem'> <InPorts = 2> <OutPorts = 1>

State 10 <SV = 9> <Delay = 1.53>
ST_10 : Operation 90 [5/13] (1.53ns)   --->   "%trunc_ln32_mid2_v = urem i9 %zext_ln32_mid2_v_v, i9 5" [src/conv3.cpp:33->src/conv3.cpp:158]   --->   Operation 90 'urem' 'trunc_ln32_mid2_v' <Predicate = true> <Delay = 1.53> <CoreInst = "Divider">   --->   Core 6 'Divider' <Latency = 12> <II = 1> <Delay = 1.53> <FuncUnit> <Opcode : 'sdiv' 'srem' 'udiv' 'urem'> <InPorts = 2> <OutPorts = 1>
ST_10 : Operation 91 [5/13] (1.53ns)   --->   "%urem_ln33 = urem i9 %iw_mid2, i9 5" [src/conv3.cpp:33->src/conv3.cpp:158]   --->   Operation 91 'urem' 'urem_ln33' <Predicate = true> <Delay = 1.53> <CoreInst = "Divider">   --->   Core 6 'Divider' <Latency = 12> <II = 1> <Delay = 1.53> <FuncUnit> <Opcode : 'sdiv' 'srem' 'udiv' 'urem'> <InPorts = 2> <OutPorts = 1>

State 11 <SV = 10> <Delay = 1.53>
ST_11 : Operation 92 [4/13] (1.53ns)   --->   "%trunc_ln32_mid2_v = urem i9 %zext_ln32_mid2_v_v, i9 5" [src/conv3.cpp:33->src/conv3.cpp:158]   --->   Operation 92 'urem' 'trunc_ln32_mid2_v' <Predicate = true> <Delay = 1.53> <CoreInst = "Divider">   --->   Core 6 'Divider' <Latency = 12> <II = 1> <Delay = 1.53> <FuncUnit> <Opcode : 'sdiv' 'srem' 'udiv' 'urem'> <InPorts = 2> <OutPorts = 1>
ST_11 : Operation 93 [4/13] (1.53ns)   --->   "%urem_ln33 = urem i9 %iw_mid2, i9 5" [src/conv3.cpp:33->src/conv3.cpp:158]   --->   Operation 93 'urem' 'urem_ln33' <Predicate = true> <Delay = 1.53> <CoreInst = "Divider">   --->   Core 6 'Divider' <Latency = 12> <II = 1> <Delay = 1.53> <FuncUnit> <Opcode : 'sdiv' 'srem' 'udiv' 'urem'> <InPorts = 2> <OutPorts = 1>

State 12 <SV = 11> <Delay = 1.53>
ST_12 : Operation 94 [3/13] (1.53ns)   --->   "%trunc_ln32_mid2_v = urem i9 %zext_ln32_mid2_v_v, i9 5" [src/conv3.cpp:33->src/conv3.cpp:158]   --->   Operation 94 'urem' 'trunc_ln32_mid2_v' <Predicate = true> <Delay = 1.53> <CoreInst = "Divider">   --->   Core 6 'Divider' <Latency = 12> <II = 1> <Delay = 1.53> <FuncUnit> <Opcode : 'sdiv' 'srem' 'udiv' 'urem'> <InPorts = 2> <OutPorts = 1>
ST_12 : Operation 95 [3/13] (1.53ns)   --->   "%urem_ln33 = urem i9 %iw_mid2, i9 5" [src/conv3.cpp:33->src/conv3.cpp:158]   --->   Operation 95 'urem' 'urem_ln33' <Predicate = true> <Delay = 1.53> <CoreInst = "Divider">   --->   Core 6 'Divider' <Latency = 12> <II = 1> <Delay = 1.53> <FuncUnit> <Opcode : 'sdiv' 'srem' 'udiv' 'urem'> <InPorts = 2> <OutPorts = 1>

State 13 <SV = 12> <Delay = 4.69>
ST_13 : Operation 96 [1/1] (0.00ns)   --->   "%tmp_s = bitconcatenate i6 @_ssdm_op_BitConcatenate.i6.i3.i3, i3 %tmp_17_cast, i3 0" [src/conv3.cpp:38->src/conv3.cpp:158]   --->   Operation 96 'bitconcatenate' 'tmp_s' <Predicate = true> <Delay = 0.00>
ST_13 : Operation 97 [2/13] (1.53ns)   --->   "%trunc_ln32_mid2_v = urem i9 %zext_ln32_mid2_v_v, i9 5" [src/conv3.cpp:33->src/conv3.cpp:158]   --->   Operation 97 'urem' 'trunc_ln32_mid2_v' <Predicate = true> <Delay = 1.53> <CoreInst = "Divider">   --->   Core 6 'Divider' <Latency = 12> <II = 1> <Delay = 1.53> <FuncUnit> <Opcode : 'sdiv' 'srem' 'udiv' 'urem'> <InPorts = 2> <OutPorts = 1>
ST_13 : Operation 98 [1/1] (0.00ns) (grouped into LUT with out node add_ln38)   --->   "%sext_ln38 = sext i10 %idxprom16_i_mid2_v" [src/conv3.cpp:38->src/conv3.cpp:158]   --->   Operation 98 'sext' 'sext_ln38' <Predicate = true> <Delay = 0.00>
ST_13 : Operation 99 [1/1] (0.84ns) (out node of the LUT)   --->   "%add_ln38 = add i16 %sub_ln38_cast, i16 %sext_ln38" [src/conv3.cpp:38->src/conv3.cpp:158]   --->   Operation 99 'add' 'add_ln38' <Predicate = true> <Delay = 0.84> <CoreInst = "Adder">   --->   Core 1 'Adder' <Latency = 0> <II = 1> <Delay = 0.84> <FuncUnit> <Opcode : 'add' 'sub'> <InPorts = 2> <OutPorts = 1>
ST_13 : Operation 100 [1/1] (0.00ns)   --->   "%sext_ln38_1 = sext i16 %add_ln38" [src/conv3.cpp:38->src/conv3.cpp:158]   --->   Operation 100 'sext' 'sext_ln38_1' <Predicate = true> <Delay = 0.00>
ST_13 : Operation 101 [1/1] (0.00ns)   --->   "%trunc_ln38 = trunc i16 %add_ln38" [src/conv3.cpp:38->src/conv3.cpp:158]   --->   Operation 101 'trunc' 'trunc_ln38' <Predicate = true> <Delay = 0.00>
ST_13 : Operation 102 [1/1] (0.00ns)   --->   "%p_shl2 = bitconcatenate i21 @_ssdm_op_BitConcatenate.i21.i13.i8, i13 %trunc_ln38, i8 0" [src/conv3.cpp:38->src/conv3.cpp:158]   --->   Operation 102 'bitconcatenate' 'p_shl2' <Predicate = true> <Delay = 0.00>
ST_13 : Operation 103 [1/1] (0.00ns) (grouped into TernaryAdder)   --->   "%sub_ln38_1 = sub i21 %p_shl2, i21 %sext_ln38_1" [src/conv3.cpp:38->src/conv3.cpp:158]   --->   Operation 103 'sub' 'sub_ln38_1' <Predicate = true> <Delay = 0.00> <CoreInst = "TAddSub">   --->   Core 10 'TAddSub' <Latency = 0> <II = 1> <Delay = 0.35> <IPBlock> <Opcode : '<invalid operator> ' 'add' 'sub'> <InPorts = 3> <OutPorts = 1> <Sync> <CReg>
ST_13 : Operation 104 [1/1] (0.00ns)   --->   "%trunc_ln37_cast = zext i9 %iw_mid2" [src/conv3.cpp:33->src/conv3.cpp:158]   --->   Operation 104 'zext' 'trunc_ln37_cast' <Predicate = true> <Delay = 0.00>
ST_13 : Operation 105 [1/1] (0.00ns)   --->   "%zext_ln33 = zext i9 %iw_mid2" [src/conv3.cpp:33->src/conv3.cpp:158]   --->   Operation 105 'zext' 'zext_ln33' <Predicate = true> <Delay = 0.00>
ST_13 : Operation 106 [1/1] (2.14ns)   --->   "%mul_ln33 = mul i19 %zext_ln33, i19 820" [src/conv3.cpp:33->src/conv3.cpp:158]   --->   Operation 106 'mul' 'mul_ln33' <Predicate = true> <Delay = 2.14> <CoreInst = "Multiplier">   --->   Core 3 'Multiplier' <Latency = 0> <II = 1> <Delay = 2.14> <FuncUnit> <Opcode : 'mul'> <InPorts = 2> <OutPorts = 1>
ST_13 : Operation 107 [1/1] (0.00ns)   --->   "%udiv_ln_cast = partselect i6 @_ssdm_op_PartSelect.i6.i19.i32.i32, i19 %mul_ln33, i32 12, i32 17" [src/conv3.cpp:38->src/conv3.cpp:158]   --->   Operation 107 'partselect' 'udiv_ln_cast' <Predicate = true> <Delay = 0.00>
ST_13 : Operation 108 [1/1] (0.78ns)   --->   "%add_ln38_1 = add i6 %tmp_s, i6 %udiv_ln_cast" [src/conv3.cpp:38->src/conv3.cpp:158]   --->   Operation 108 'add' 'add_ln38_1' <Predicate = true> <Delay = 0.78> <CoreInst = "Adder">   --->   Core 1 'Adder' <Latency = 0> <II = 1> <Delay = 0.78> <FuncUnit> <Opcode : 'add' 'sub'> <InPorts = 2> <OutPorts = 1>
ST_13 : Operation 109 [2/13] (1.53ns)   --->   "%urem_ln33 = urem i9 %iw_mid2, i9 5" [src/conv3.cpp:33->src/conv3.cpp:158]   --->   Operation 109 'urem' 'urem_ln33' <Predicate = true> <Delay = 1.53> <CoreInst = "Divider">   --->   Core 6 'Divider' <Latency = 12> <II = 1> <Delay = 1.53> <FuncUnit> <Opcode : 'sdiv' 'srem' 'udiv' 'urem'> <InPorts = 2> <OutPorts = 1>
ST_13 : Operation 110 [1/1] (0.77ns)   --->   "%add_ln37 = add i10 %trunc_ln37_cast, i10 1022" [src/conv3.cpp:37->src/conv3.cpp:158]   --->   Operation 110 'add' 'add_ln37' <Predicate = true> <Delay = 0.77> <CoreInst = "Adder">   --->   Core 1 'Adder' <Latency = 0> <II = 1> <Delay = 0.77> <FuncUnit> <Opcode : 'add' 'sub'> <InPorts = 2> <OutPorts = 1>
ST_13 : Operation 111 [1/1] (0.78ns)   --->   "%add_ln37_1 = add i10 %add_ln37, i10 %zext_ln103_1_cast" [src/conv3.cpp:37->src/conv3.cpp:158]   --->   Operation 111 'add' 'add_ln37_1' <Predicate = true> <Delay = 0.78> <CoreInst = "Adder">   --->   Core 1 'Adder' <Latency = 0> <II = 1> <Delay = 0.78> <FuncUnit> <Opcode : 'add' 'sub'> <InPorts = 2> <OutPorts = 1>
ST_13 : Operation 112 [1/1] (0.00ns) (grouped into LUT with out node gx)   --->   "%tmp_4 = bitselect i1 @_ssdm_op_BitSelect.i1.i10.i32, i10 %add_ln37_1, i32 9" [src/conv3.cpp:19->src/conv3.cpp:37->src/conv3.cpp:158]   --->   Operation 112 'bitselect' 'tmp_4' <Predicate = true> <Delay = 0.00>
ST_13 : Operation 113 [1/1] (0.78ns)   --->   "%icmp_ln19 = icmp_sgt  i10 %add_ln37_1, i10 254" [src/conv3.cpp:19->src/conv3.cpp:37->src/conv3.cpp:158]   --->   Operation 113 'icmp' 'icmp_ln19' <Predicate = true> <Delay = 0.78> <CoreInst = "Cmp">   --->   Core 9 'Cmp' <Latency = 0> <II = 1> <Delay = 0.78> <FuncUnit> <Opcode : 'icmp'> <InPorts = 2> <OutPorts = 1>
ST_13 : Operation 114 [1/1] (0.78ns)   --->   "%add_ln19 = add i10 %add_ln37, i10 %zext_ln140_cast" [src/conv3.cpp:19->src/conv3.cpp:37->src/conv3.cpp:158]   --->   Operation 114 'add' 'add_ln19' <Predicate = true> <Delay = 0.78> <CoreInst = "Adder">   --->   Core 1 'Adder' <Latency = 0> <II = 1> <Delay = 0.78> <FuncUnit> <Opcode : 'add' 'sub'> <InPorts = 2> <OutPorts = 1>
ST_13 : Operation 115 [1/1] (0.00ns) (grouped into LUT with out node gx)   --->   "%tmp_5 = bitselect i1 @_ssdm_op_BitSelect.i1.i10.i32, i10 %add_ln37_1, i32 9" [src/conv3.cpp:19->src/conv3.cpp:37->src/conv3.cpp:158]   --->   Operation 115 'bitselect' 'tmp_5' <Predicate = true> <Delay = 0.00>
ST_13 : Operation 116 [1/1] (0.00ns) (grouped into LUT with out node gx)   --->   "%select_ln19 = select i1 %tmp_5, i10 0, i10 254" [src/conv3.cpp:19->src/conv3.cpp:37->src/conv3.cpp:158]   --->   Operation 116 'select' 'select_ln19' <Predicate = true> <Delay = 0.00> <CoreInst = "Sel">   --->   Core 73 'Sel' <Latency = 0> <II = 1> <Delay = 0.39> <FuncUnit> <Opcode : 'select'> <InPorts = 3> <OutPorts = 1>
ST_13 : Operation 117 [1/1] (0.00ns) (grouped into LUT with out node gx)   --->   "%or_ln19 = or i1 %tmp_4, i1 %icmp_ln19" [src/conv3.cpp:19->src/conv3.cpp:37->src/conv3.cpp:158]   --->   Operation 117 'or' 'or_ln19' <Predicate = true> <Delay = 0.00> <CoreInst = "LogicGate">   --->   Core 74 'LogicGate' <Latency = 0> <II = 1> <Delay = 0.28> <FuncUnit> <Opcode : 'and' 'or' 'xor'> <InPorts = 2> <OutPorts = 1>
ST_13 : Operation 118 [1/1] (0.40ns) (out node of the LUT)   --->   "%gx = select i1 %or_ln19, i10 %select_ln19, i10 %add_ln19" [src/conv3.cpp:19->src/conv3.cpp:37->src/conv3.cpp:158]   --->   Operation 118 'select' 'gx' <Predicate = true> <Delay = 0.40> <CoreInst = "Sel">   --->   Core 73 'Sel' <Latency = 0> <II = 1> <Delay = 0.40> <FuncUnit> <Opcode : 'select'> <InPorts = 3> <OutPorts = 1>
ST_13 : Operation 119 [1/1] (0.00ns)   --->   "%sext_ln38_2 = sext i10 %gx" [src/conv3.cpp:38->src/conv3.cpp:158]   --->   Operation 119 'sext' 'sext_ln38_2' <Predicate = true> <Delay = 0.00>
ST_13 : Operation 120 [1/1] (0.70ns) (root node of TernaryAdder)   --->   "%add_ln38_2 = add i21 %sub_ln38_1, i21 %sext_ln38_2" [src/conv3.cpp:38->src/conv3.cpp:158]   --->   Operation 120 'add' 'add_ln38_2' <Predicate = true> <Delay = 0.70> <CoreInst = "TAddSub">   --->   Core 10 'TAddSub' <Latency = 0> <II = 1> <Delay = 0.35> <IPBlock> <Opcode : '<invalid operator> ' 'add' 'sub'> <InPorts = 3> <OutPorts = 1> <Sync> <CReg>
ST_13 : Operation 121 [1/1] (0.00ns)   --->   "%zext_ln38_1 = zext i21 %add_ln38_2" [src/conv3.cpp:38->src/conv3.cpp:158]   --->   Operation 121 'zext' 'zext_ln38_1' <Predicate = true> <Delay = 0.00>
ST_13 : Operation 122 [1/1] (0.00ns)   --->   "%feat2_addr = getelementptr i32 %feat2, i64 0, i64 %zext_ln38_1" [src/conv3.cpp:38->src/conv3.cpp:158]   --->   Operation 122 'getelementptr' 'feat2_addr' <Predicate = true> <Delay = 0.00>
ST_13 : Operation 123 [2/2] (1.23ns)   --->   "%feat2_load = load i21 %feat2_addr" [src/conv3.cpp:38->src/conv3.cpp:158]   --->   Operation 123 'load' 'feat2_load' <Predicate = true> <Delay = 1.23> <CoreInst = "RAM">   --->   Core 83 'RAM' <Latency = 1> <II = 1> <Delay = 1.23> <Storage> <Opcode : 'load' 'store'> <Ports = 2> <Width = 32> <Depth = 2080800> <RAM>
ST_13 : Operation 220 [1/1] (0.00ns)   --->   "%ret_ln0 = ret"   --->   Operation 220 'ret' 'ret_ln0' <Predicate = (icmp_ln32)> <Delay = 0.00>

State 14 <SV = 13> <Delay = 3.05>
ST_14 : Operation 124 [1/1] (0.00ns)   --->   "%specloopname_ln0 = specloopname void @_ssdm_op_SpecLoopName, void @VITIS_LOOP_32_2_VITIS_LOOP_33_3_str"   --->   Operation 124 'specloopname' 'specloopname_ln0' <Predicate = true> <Delay = 0.00>
ST_14 : Operation 125 [1/1] (0.00ns)   --->   "%speclooptripcount_ln0 = speclooptripcount void @_ssdm_op_SpecLoopTripCount, i64 25, i64 67081, i64 0"   --->   Operation 125 'speclooptripcount' 'speclooptripcount_ln0' <Predicate = true> <Delay = 0.00>
ST_14 : Operation 126 [1/13] (1.53ns)   --->   "%trunc_ln32_mid2_v = urem i9 %zext_ln32_mid2_v_v, i9 5" [src/conv3.cpp:33->src/conv3.cpp:158]   --->   Operation 126 'urem' 'trunc_ln32_mid2_v' <Predicate = true> <Delay = 1.53> <CoreInst = "Divider">   --->   Core 6 'Divider' <Latency = 12> <II = 1> <Delay = 1.53> <FuncUnit> <Opcode : 'sdiv' 'srem' 'udiv' 'urem'> <InPorts = 2> <OutPorts = 1>
ST_14 : Operation 127 [1/1] (0.00ns)   --->   "%empty_40 = trunc i3 %trunc_ln32_mid2_v" [src/conv3.cpp:33->src/conv3.cpp:158]   --->   Operation 127 'trunc' 'empty_40' <Predicate = true> <Delay = 0.00>
ST_14 : Operation 128 [1/1] (0.00ns)   --->   "%specpipeline_ln34 = specpipeline void @_ssdm_op_SpecPipeline, i32 1, i32 0, i32 0, i32 0, void @empty_19" [src/conv3.cpp:34->src/conv3.cpp:158]   --->   Operation 128 'specpipeline' 'specpipeline_ln34' <Predicate = true> <Delay = 0.00>
ST_14 : Operation 129 [1/1] (0.00ns)   --->   "%specloopname_ln33 = specloopname void @_ssdm_op_SpecLoopName, void @empty_0" [src/conv3.cpp:33->src/conv3.cpp:158]   --->   Operation 129 'specloopname' 'specloopname_ln33' <Predicate = true> <Delay = 0.00>
ST_14 : Operation 130 [1/1] (0.00ns)   --->   "%zext_ln38 = zext i6 %add_ln38_1" [src/conv3.cpp:38->src/conv3.cpp:158]   --->   Operation 130 'zext' 'zext_ln38' <Predicate = true> <Delay = 0.00>
ST_14 : Operation 131 [1/1] (0.00ns)   --->   "%p_ZZ5conv3PA255_A255_fPA32_A5_A5_fPfS1_E7in_tile_0_0_0_addr = getelementptr i32 %p_ZZ5conv3PA255_A255_fPA32_A5_A5_fPfS1_E7in_tile_0_0_0, i64 0, i64 %zext_ln38" [src/conv3.cpp:38->src/conv3.cpp:158]   --->   Operation 131 'getelementptr' 'p_ZZ5conv3PA255_A255_fPA32_A5_A5_fPfS1_E7in_tile_0_0_0_addr' <Predicate = true> <Delay = 0.00>
ST_14 : Operation 132 [1/1] (0.00ns)   --->   "%p_ZZ5conv3PA255_A255_fPA32_A5_A5_fPfS1_E7in_tile_0_1_0_addr = getelementptr i32 %p_ZZ5conv3PA255_A255_fPA32_A5_A5_fPfS1_E7in_tile_0_1_0, i64 0, i64 %zext_ln38" [src/conv3.cpp:38->src/conv3.cpp:158]   --->   Operation 132 'getelementptr' 'p_ZZ5conv3PA255_A255_fPA32_A5_A5_fPfS1_E7in_tile_0_1_0_addr' <Predicate = true> <Delay = 0.00>
ST_14 : Operation 133 [1/1] (0.00ns)   --->   "%p_ZZ5conv3PA255_A255_fPA32_A5_A5_fPfS1_E7in_tile_0_2_0_addr = getelementptr i32 %p_ZZ5conv3PA255_A255_fPA32_A5_A5_fPfS1_E7in_tile_0_2_0, i64 0, i64 %zext_ln38" [src/conv3.cpp:38->src/conv3.cpp:158]   --->   Operation 133 'getelementptr' 'p_ZZ5conv3PA255_A255_fPA32_A5_A5_fPfS1_E7in_tile_0_2_0_addr' <Predicate = true> <Delay = 0.00>
ST_14 : Operation 134 [1/1] (0.00ns)   --->   "%p_ZZ5conv3PA255_A255_fPA32_A5_A5_fPfS1_E7in_tile_0_3_0_addr = getelementptr i32 %p_ZZ5conv3PA255_A255_fPA32_A5_A5_fPfS1_E7in_tile_0_3_0, i64 0, i64 %zext_ln38" [src/conv3.cpp:38->src/conv3.cpp:158]   --->   Operation 134 'getelementptr' 'p_ZZ5conv3PA255_A255_fPA32_A5_A5_fPfS1_E7in_tile_0_3_0_addr' <Predicate = true> <Delay = 0.00>
ST_14 : Operation 135 [1/1] (0.00ns)   --->   "%p_ZZ5conv3PA255_A255_fPA32_A5_A5_fPfS1_E7in_tile_0_4_0_addr = getelementptr i32 %p_ZZ5conv3PA255_A255_fPA32_A5_A5_fPfS1_E7in_tile_0_4_0, i64 0, i64 %zext_ln38" [src/conv3.cpp:38->src/conv3.cpp:158]   --->   Operation 135 'getelementptr' 'p_ZZ5conv3PA255_A255_fPA32_A5_A5_fPfS1_E7in_tile_0_4_0_addr' <Predicate = true> <Delay = 0.00>
ST_14 : Operation 136 [1/1] (0.00ns)   --->   "%p_ZZ5conv3PA255_A255_fPA32_A5_A5_fPfS1_E7in_tile_1_0_0_addr = getelementptr i32 %p_ZZ5conv3PA255_A255_fPA32_A5_A5_fPfS1_E7in_tile_1_0_0, i64 0, i64 %zext_ln38" [src/conv3.cpp:38->src/conv3.cpp:158]   --->   Operation 136 'getelementptr' 'p_ZZ5conv3PA255_A255_fPA32_A5_A5_fPfS1_E7in_tile_1_0_0_addr' <Predicate = true> <Delay = 0.00>
ST_14 : Operation 137 [1/1] (0.00ns)   --->   "%p_ZZ5conv3PA255_A255_fPA32_A5_A5_fPfS1_E7in_tile_1_1_0_addr = getelementptr i32 %p_ZZ5conv3PA255_A255_fPA32_A5_A5_fPfS1_E7in_tile_1_1_0, i64 0, i64 %zext_ln38" [src/conv3.cpp:38->src/conv3.cpp:158]   --->   Operation 137 'getelementptr' 'p_ZZ5conv3PA255_A255_fPA32_A5_A5_fPfS1_E7in_tile_1_1_0_addr' <Predicate = true> <Delay = 0.00>
ST_14 : Operation 138 [1/1] (0.00ns)   --->   "%p_ZZ5conv3PA255_A255_fPA32_A5_A5_fPfS1_E7in_tile_1_2_0_addr = getelementptr i32 %p_ZZ5conv3PA255_A255_fPA32_A5_A5_fPfS1_E7in_tile_1_2_0, i64 0, i64 %zext_ln38" [src/conv3.cpp:38->src/conv3.cpp:158]   --->   Operation 138 'getelementptr' 'p_ZZ5conv3PA255_A255_fPA32_A5_A5_fPfS1_E7in_tile_1_2_0_addr' <Predicate = true> <Delay = 0.00>
ST_14 : Operation 139 [1/1] (0.00ns)   --->   "%p_ZZ5conv3PA255_A255_fPA32_A5_A5_fPfS1_E7in_tile_1_3_0_addr = getelementptr i32 %p_ZZ5conv3PA255_A255_fPA32_A5_A5_fPfS1_E7in_tile_1_3_0, i64 0, i64 %zext_ln38" [src/conv3.cpp:38->src/conv3.cpp:158]   --->   Operation 139 'getelementptr' 'p_ZZ5conv3PA255_A255_fPA32_A5_A5_fPfS1_E7in_tile_1_3_0_addr' <Predicate = true> <Delay = 0.00>
ST_14 : Operation 140 [1/1] (0.00ns)   --->   "%p_ZZ5conv3PA255_A255_fPA32_A5_A5_fPfS1_E7in_tile_1_4_0_addr = getelementptr i32 %p_ZZ5conv3PA255_A255_fPA32_A5_A5_fPfS1_E7in_tile_1_4_0, i64 0, i64 %zext_ln38" [src/conv3.cpp:38->src/conv3.cpp:158]   --->   Operation 140 'getelementptr' 'p_ZZ5conv3PA255_A255_fPA32_A5_A5_fPfS1_E7in_tile_1_4_0_addr' <Predicate = true> <Delay = 0.00>
ST_14 : Operation 141 [1/1] (0.00ns)   --->   "%p_ZZ5conv3PA255_A255_fPA32_A5_A5_fPfS1_E7in_tile_2_0_0_addr = getelementptr i32 %p_ZZ5conv3PA255_A255_fPA32_A5_A5_fPfS1_E7in_tile_2_0_0, i64 0, i64 %zext_ln38" [src/conv3.cpp:38->src/conv3.cpp:158]   --->   Operation 141 'getelementptr' 'p_ZZ5conv3PA255_A255_fPA32_A5_A5_fPfS1_E7in_tile_2_0_0_addr' <Predicate = true> <Delay = 0.00>
ST_14 : Operation 142 [1/1] (0.00ns)   --->   "%p_ZZ5conv3PA255_A255_fPA32_A5_A5_fPfS1_E7in_tile_2_1_0_addr = getelementptr i32 %p_ZZ5conv3PA255_A255_fPA32_A5_A5_fPfS1_E7in_tile_2_1_0, i64 0, i64 %zext_ln38" [src/conv3.cpp:38->src/conv3.cpp:158]   --->   Operation 142 'getelementptr' 'p_ZZ5conv3PA255_A255_fPA32_A5_A5_fPfS1_E7in_tile_2_1_0_addr' <Predicate = true> <Delay = 0.00>
ST_14 : Operation 143 [1/1] (0.00ns)   --->   "%p_ZZ5conv3PA255_A255_fPA32_A5_A5_fPfS1_E7in_tile_2_2_0_addr = getelementptr i32 %p_ZZ5conv3PA255_A255_fPA32_A5_A5_fPfS1_E7in_tile_2_2_0, i64 0, i64 %zext_ln38" [src/conv3.cpp:38->src/conv3.cpp:158]   --->   Operation 143 'getelementptr' 'p_ZZ5conv3PA255_A255_fPA32_A5_A5_fPfS1_E7in_tile_2_2_0_addr' <Predicate = true> <Delay = 0.00>
ST_14 : Operation 144 [1/1] (0.00ns)   --->   "%p_ZZ5conv3PA255_A255_fPA32_A5_A5_fPfS1_E7in_tile_2_3_0_addr = getelementptr i32 %p_ZZ5conv3PA255_A255_fPA32_A5_A5_fPfS1_E7in_tile_2_3_0, i64 0, i64 %zext_ln38" [src/conv3.cpp:38->src/conv3.cpp:158]   --->   Operation 144 'getelementptr' 'p_ZZ5conv3PA255_A255_fPA32_A5_A5_fPfS1_E7in_tile_2_3_0_addr' <Predicate = true> <Delay = 0.00>
ST_14 : Operation 145 [1/1] (0.00ns)   --->   "%p_ZZ5conv3PA255_A255_fPA32_A5_A5_fPfS1_E7in_tile_2_4_0_addr = getelementptr i32 %p_ZZ5conv3PA255_A255_fPA32_A5_A5_fPfS1_E7in_tile_2_4_0, i64 0, i64 %zext_ln38" [src/conv3.cpp:38->src/conv3.cpp:158]   --->   Operation 145 'getelementptr' 'p_ZZ5conv3PA255_A255_fPA32_A5_A5_fPfS1_E7in_tile_2_4_0_addr' <Predicate = true> <Delay = 0.00>
ST_14 : Operation 146 [1/1] (0.00ns)   --->   "%p_ZZ5conv3PA255_A255_fPA32_A5_A5_fPfS1_E7in_tile_3_0_0_addr = getelementptr i32 %p_ZZ5conv3PA255_A255_fPA32_A5_A5_fPfS1_E7in_tile_3_0_0, i64 0, i64 %zext_ln38" [src/conv3.cpp:38->src/conv3.cpp:158]   --->   Operation 146 'getelementptr' 'p_ZZ5conv3PA255_A255_fPA32_A5_A5_fPfS1_E7in_tile_3_0_0_addr' <Predicate = true> <Delay = 0.00>
ST_14 : Operation 147 [1/1] (0.00ns)   --->   "%p_ZZ5conv3PA255_A255_fPA32_A5_A5_fPfS1_E7in_tile_3_1_0_addr = getelementptr i32 %p_ZZ5conv3PA255_A255_fPA32_A5_A5_fPfS1_E7in_tile_3_1_0, i64 0, i64 %zext_ln38" [src/conv3.cpp:38->src/conv3.cpp:158]   --->   Operation 147 'getelementptr' 'p_ZZ5conv3PA255_A255_fPA32_A5_A5_fPfS1_E7in_tile_3_1_0_addr' <Predicate = true> <Delay = 0.00>
ST_14 : Operation 148 [1/1] (0.00ns)   --->   "%p_ZZ5conv3PA255_A255_fPA32_A5_A5_fPfS1_E7in_tile_3_2_0_addr = getelementptr i32 %p_ZZ5conv3PA255_A255_fPA32_A5_A5_fPfS1_E7in_tile_3_2_0, i64 0, i64 %zext_ln38" [src/conv3.cpp:38->src/conv3.cpp:158]   --->   Operation 148 'getelementptr' 'p_ZZ5conv3PA255_A255_fPA32_A5_A5_fPfS1_E7in_tile_3_2_0_addr' <Predicate = true> <Delay = 0.00>
ST_14 : Operation 149 [1/1] (0.00ns)   --->   "%p_ZZ5conv3PA255_A255_fPA32_A5_A5_fPfS1_E7in_tile_3_3_0_addr = getelementptr i32 %p_ZZ5conv3PA255_A255_fPA32_A5_A5_fPfS1_E7in_tile_3_3_0, i64 0, i64 %zext_ln38" [src/conv3.cpp:38->src/conv3.cpp:158]   --->   Operation 149 'getelementptr' 'p_ZZ5conv3PA255_A255_fPA32_A5_A5_fPfS1_E7in_tile_3_3_0_addr' <Predicate = true> <Delay = 0.00>
ST_14 : Operation 150 [1/1] (0.00ns)   --->   "%p_ZZ5conv3PA255_A255_fPA32_A5_A5_fPfS1_E7in_tile_3_4_0_addr = getelementptr i32 %p_ZZ5conv3PA255_A255_fPA32_A5_A5_fPfS1_E7in_tile_3_4_0, i64 0, i64 %zext_ln38" [src/conv3.cpp:38->src/conv3.cpp:158]   --->   Operation 150 'getelementptr' 'p_ZZ5conv3PA255_A255_fPA32_A5_A5_fPfS1_E7in_tile_3_4_0_addr' <Predicate = true> <Delay = 0.00>
ST_14 : Operation 151 [1/1] (0.00ns)   --->   "%p_ZZ5conv3PA255_A255_fPA32_A5_A5_fPfS1_E7in_tile_4_0_0_addr = getelementptr i32 %p_ZZ5conv3PA255_A255_fPA32_A5_A5_fPfS1_E7in_tile_4_0_0, i64 0, i64 %zext_ln38" [src/conv3.cpp:38->src/conv3.cpp:158]   --->   Operation 151 'getelementptr' 'p_ZZ5conv3PA255_A255_fPA32_A5_A5_fPfS1_E7in_tile_4_0_0_addr' <Predicate = true> <Delay = 0.00>
ST_14 : Operation 152 [1/1] (0.00ns)   --->   "%p_ZZ5conv3PA255_A255_fPA32_A5_A5_fPfS1_E7in_tile_4_1_0_addr = getelementptr i32 %p_ZZ5conv3PA255_A255_fPA32_A5_A5_fPfS1_E7in_tile_4_1_0, i64 0, i64 %zext_ln38" [src/conv3.cpp:38->src/conv3.cpp:158]   --->   Operation 152 'getelementptr' 'p_ZZ5conv3PA255_A255_fPA32_A5_A5_fPfS1_E7in_tile_4_1_0_addr' <Predicate = true> <Delay = 0.00>
ST_14 : Operation 153 [1/1] (0.00ns)   --->   "%p_ZZ5conv3PA255_A255_fPA32_A5_A5_fPfS1_E7in_tile_4_2_0_addr = getelementptr i32 %p_ZZ5conv3PA255_A255_fPA32_A5_A5_fPfS1_E7in_tile_4_2_0, i64 0, i64 %zext_ln38" [src/conv3.cpp:38->src/conv3.cpp:158]   --->   Operation 153 'getelementptr' 'p_ZZ5conv3PA255_A255_fPA32_A5_A5_fPfS1_E7in_tile_4_2_0_addr' <Predicate = true> <Delay = 0.00>
ST_14 : Operation 154 [1/1] (0.00ns)   --->   "%p_ZZ5conv3PA255_A255_fPA32_A5_A5_fPfS1_E7in_tile_4_3_0_addr = getelementptr i32 %p_ZZ5conv3PA255_A255_fPA32_A5_A5_fPfS1_E7in_tile_4_3_0, i64 0, i64 %zext_ln38" [src/conv3.cpp:38->src/conv3.cpp:158]   --->   Operation 154 'getelementptr' 'p_ZZ5conv3PA255_A255_fPA32_A5_A5_fPfS1_E7in_tile_4_3_0_addr' <Predicate = true> <Delay = 0.00>
ST_14 : Operation 155 [1/1] (0.00ns)   --->   "%p_ZZ5conv3PA255_A255_fPA32_A5_A5_fPfS1_E7in_tile_4_4_0_addr = getelementptr i32 %p_ZZ5conv3PA255_A255_fPA32_A5_A5_fPfS1_E7in_tile_4_4_0, i64 0, i64 %zext_ln38" [src/conv3.cpp:38->src/conv3.cpp:158]   --->   Operation 155 'getelementptr' 'p_ZZ5conv3PA255_A255_fPA32_A5_A5_fPfS1_E7in_tile_4_4_0_addr' <Predicate = true> <Delay = 0.00>
ST_14 : Operation 156 [1/13] (1.53ns)   --->   "%urem_ln33 = urem i9 %iw_mid2, i9 5" [src/conv3.cpp:33->src/conv3.cpp:158]   --->   Operation 156 'urem' 'urem_ln33' <Predicate = true> <Delay = 1.53> <CoreInst = "Divider">   --->   Core 6 'Divider' <Latency = 12> <II = 1> <Delay = 1.53> <FuncUnit> <Opcode : 'sdiv' 'srem' 'udiv' 'urem'> <InPorts = 2> <OutPorts = 1>
ST_14 : Operation 157 [1/1] (0.00ns)   --->   "%trunc_ln33 = trunc i3 %urem_ln33" [src/conv3.cpp:33->src/conv3.cpp:158]   --->   Operation 157 'trunc' 'trunc_ln33' <Predicate = true> <Delay = 0.00>
ST_14 : Operation 158 [1/2] (1.23ns)   --->   "%feat2_load = load i21 %feat2_addr" [src/conv3.cpp:38->src/conv3.cpp:158]   --->   Operation 158 'load' 'feat2_load' <Predicate = true> <Delay = 1.23> <CoreInst = "RAM">   --->   Core 83 'RAM' <Latency = 1> <II = 1> <Delay = 1.23> <Storage> <Opcode : 'load' 'store'> <Ports = 2> <Width = 32> <Depth = 2080800> <RAM>
ST_14 : Operation 159 [1/1] (0.73ns)   --->   "%switch_ln38 = switch i3 %empty_40, void %arrayidx2546.i.case.4, i3 0, void %arrayidx2546.i.case.0, i3 1, void %arrayidx2546.i.case.1, i3 2, void %arrayidx2546.i.case.2, i3 3, void %arrayidx2546.i.case.3" [src/conv3.cpp:38->src/conv3.cpp:158]   --->   Operation 159 'switch' 'switch_ln38' <Predicate = true> <Delay = 0.73>
ST_14 : Operation 160 [1/1] (0.73ns)   --->   "%switch_ln38 = switch i3 %trunc_ln33, void %arrayidx2546.i.case.431, i3 0, void %arrayidx2546.i.case.027, i3 1, void %arrayidx2546.i.case.128, i3 2, void %arrayidx2546.i.case.229, i3 3, void %arrayidx2546.i.case.330" [src/conv3.cpp:38->src/conv3.cpp:158]   --->   Operation 160 'switch' 'switch_ln38' <Predicate = (empty_40 == 3)> <Delay = 0.73>
ST_14 : Operation 161 [1/1] (1.23ns)   --->   "%store_ln38 = store i32 %feat2_load, i6 %p_ZZ5conv3PA255_A255_fPA32_A5_A5_fPfS1_E7in_tile_3_3_0_addr" [src/conv3.cpp:38->src/conv3.cpp:158]   --->   Operation 161 'store' 'store_ln38' <Predicate = (empty_40 == 3 & trunc_ln33 == 3)> <Delay = 1.23> <CoreInst = "RAM">   --->   Core 83 'RAM' <Latency = 1> <II = 1> <Delay = 1.23> <Storage> <Opcode : 'load' 'store'> <Ports = 2> <Width = 32> <Depth = 64> <RAM>
ST_14 : Operation 162 [1/1] (0.00ns)   --->   "%br_ln38 = br void %arrayidx2546.i.exit26" [src/conv3.cpp:38->src/conv3.cpp:158]   --->   Operation 162 'br' 'br_ln38' <Predicate = (empty_40 == 3 & trunc_ln33 == 3)> <Delay = 0.00>
ST_14 : Operation 163 [1/1] (1.23ns)   --->   "%store_ln38 = store i32 %feat2_load, i6 %p_ZZ5conv3PA255_A255_fPA32_A5_A5_fPfS1_E7in_tile_3_2_0_addr" [src/conv3.cpp:38->src/conv3.cpp:158]   --->   Operation 163 'store' 'store_ln38' <Predicate = (empty_40 == 3 & trunc_ln33 == 2)> <Delay = 1.23> <CoreInst = "RAM">   --->   Core 83 'RAM' <Latency = 1> <II = 1> <Delay = 1.23> <Storage> <Opcode : 'load' 'store'> <Ports = 2> <Width = 32> <Depth = 64> <RAM>
ST_14 : Operation 164 [1/1] (0.00ns)   --->   "%br_ln38 = br void %arrayidx2546.i.exit26" [src/conv3.cpp:38->src/conv3.cpp:158]   --->   Operation 164 'br' 'br_ln38' <Predicate = (empty_40 == 3 & trunc_ln33 == 2)> <Delay = 0.00>
ST_14 : Operation 165 [1/1] (1.23ns)   --->   "%store_ln38 = store i32 %feat2_load, i6 %p_ZZ5conv3PA255_A255_fPA32_A5_A5_fPfS1_E7in_tile_3_1_0_addr" [src/conv3.cpp:38->src/conv3.cpp:158]   --->   Operation 165 'store' 'store_ln38' <Predicate = (empty_40 == 3 & trunc_ln33 == 1)> <Delay = 1.23> <CoreInst = "RAM">   --->   Core 83 'RAM' <Latency = 1> <II = 1> <Delay = 1.23> <Storage> <Opcode : 'load' 'store'> <Ports = 2> <Width = 32> <Depth = 64> <RAM>
ST_14 : Operation 166 [1/1] (0.00ns)   --->   "%br_ln38 = br void %arrayidx2546.i.exit26" [src/conv3.cpp:38->src/conv3.cpp:158]   --->   Operation 166 'br' 'br_ln38' <Predicate = (empty_40 == 3 & trunc_ln33 == 1)> <Delay = 0.00>
ST_14 : Operation 167 [1/1] (1.23ns)   --->   "%store_ln38 = store i32 %feat2_load, i6 %p_ZZ5conv3PA255_A255_fPA32_A5_A5_fPfS1_E7in_tile_3_0_0_addr" [src/conv3.cpp:38->src/conv3.cpp:158]   --->   Operation 167 'store' 'store_ln38' <Predicate = (empty_40 == 3 & trunc_ln33 == 0)> <Delay = 1.23> <CoreInst = "RAM">   --->   Core 83 'RAM' <Latency = 1> <II = 1> <Delay = 1.23> <Storage> <Opcode : 'load' 'store'> <Ports = 2> <Width = 32> <Depth = 64> <RAM>
ST_14 : Operation 168 [1/1] (0.00ns)   --->   "%br_ln38 = br void %arrayidx2546.i.exit26" [src/conv3.cpp:38->src/conv3.cpp:158]   --->   Operation 168 'br' 'br_ln38' <Predicate = (empty_40 == 3 & trunc_ln33 == 0)> <Delay = 0.00>
ST_14 : Operation 169 [1/1] (1.23ns)   --->   "%store_ln38 = store i32 %feat2_load, i6 %p_ZZ5conv3PA255_A255_fPA32_A5_A5_fPfS1_E7in_tile_3_4_0_addr" [src/conv3.cpp:38->src/conv3.cpp:158]   --->   Operation 169 'store' 'store_ln38' <Predicate = (empty_40 == 3 & trunc_ln33 != 0 & trunc_ln33 != 1 & trunc_ln33 != 2 & trunc_ln33 != 3)> <Delay = 1.23> <CoreInst = "RAM">   --->   Core 83 'RAM' <Latency = 1> <II = 1> <Delay = 1.23> <Storage> <Opcode : 'load' 'store'> <Ports = 2> <Width = 32> <Depth = 64> <RAM>
ST_14 : Operation 170 [1/1] (0.00ns)   --->   "%br_ln38 = br void %arrayidx2546.i.exit26" [src/conv3.cpp:38->src/conv3.cpp:158]   --->   Operation 170 'br' 'br_ln38' <Predicate = (empty_40 == 3 & trunc_ln33 != 0 & trunc_ln33 != 1 & trunc_ln33 != 2 & trunc_ln33 != 3)> <Delay = 0.00>
ST_14 : Operation 171 [1/1] (0.00ns)   --->   "%br_ln38 = br void %arrayidx2546.i.exit" [src/conv3.cpp:38->src/conv3.cpp:158]   --->   Operation 171 'br' 'br_ln38' <Predicate = (empty_40 == 3)> <Delay = 0.00>
ST_14 : Operation 172 [1/1] (0.73ns)   --->   "%switch_ln38 = switch i3 %trunc_ln33, void %arrayidx2546.i.case.424, i3 0, void %arrayidx2546.i.case.020, i3 1, void %arrayidx2546.i.case.121, i3 2, void %arrayidx2546.i.case.222, i3 3, void %arrayidx2546.i.case.323" [src/conv3.cpp:38->src/conv3.cpp:158]   --->   Operation 172 'switch' 'switch_ln38' <Predicate = (empty_40 == 2)> <Delay = 0.73>
ST_14 : Operation 173 [1/1] (1.23ns)   --->   "%store_ln38 = store i32 %feat2_load, i6 %p_ZZ5conv3PA255_A255_fPA32_A5_A5_fPfS1_E7in_tile_2_3_0_addr" [src/conv3.cpp:38->src/conv3.cpp:158]   --->   Operation 173 'store' 'store_ln38' <Predicate = (empty_40 == 2 & trunc_ln33 == 3)> <Delay = 1.23> <CoreInst = "RAM">   --->   Core 83 'RAM' <Latency = 1> <II = 1> <Delay = 1.23> <Storage> <Opcode : 'load' 'store'> <Ports = 2> <Width = 32> <Depth = 64> <RAM>
ST_14 : Operation 174 [1/1] (0.00ns)   --->   "%br_ln38 = br void %arrayidx2546.i.exit19" [src/conv3.cpp:38->src/conv3.cpp:158]   --->   Operation 174 'br' 'br_ln38' <Predicate = (empty_40 == 2 & trunc_ln33 == 3)> <Delay = 0.00>
ST_14 : Operation 175 [1/1] (1.23ns)   --->   "%store_ln38 = store i32 %feat2_load, i6 %p_ZZ5conv3PA255_A255_fPA32_A5_A5_fPfS1_E7in_tile_2_2_0_addr" [src/conv3.cpp:38->src/conv3.cpp:158]   --->   Operation 175 'store' 'store_ln38' <Predicate = (empty_40 == 2 & trunc_ln33 == 2)> <Delay = 1.23> <CoreInst = "RAM">   --->   Core 83 'RAM' <Latency = 1> <II = 1> <Delay = 1.23> <Storage> <Opcode : 'load' 'store'> <Ports = 2> <Width = 32> <Depth = 64> <RAM>
ST_14 : Operation 176 [1/1] (0.00ns)   --->   "%br_ln38 = br void %arrayidx2546.i.exit19" [src/conv3.cpp:38->src/conv3.cpp:158]   --->   Operation 176 'br' 'br_ln38' <Predicate = (empty_40 == 2 & trunc_ln33 == 2)> <Delay = 0.00>
ST_14 : Operation 177 [1/1] (1.23ns)   --->   "%store_ln38 = store i32 %feat2_load, i6 %p_ZZ5conv3PA255_A255_fPA32_A5_A5_fPfS1_E7in_tile_2_1_0_addr" [src/conv3.cpp:38->src/conv3.cpp:158]   --->   Operation 177 'store' 'store_ln38' <Predicate = (empty_40 == 2 & trunc_ln33 == 1)> <Delay = 1.23> <CoreInst = "RAM">   --->   Core 83 'RAM' <Latency = 1> <II = 1> <Delay = 1.23> <Storage> <Opcode : 'load' 'store'> <Ports = 2> <Width = 32> <Depth = 64> <RAM>
ST_14 : Operation 178 [1/1] (0.00ns)   --->   "%br_ln38 = br void %arrayidx2546.i.exit19" [src/conv3.cpp:38->src/conv3.cpp:158]   --->   Operation 178 'br' 'br_ln38' <Predicate = (empty_40 == 2 & trunc_ln33 == 1)> <Delay = 0.00>
ST_14 : Operation 179 [1/1] (1.23ns)   --->   "%store_ln38 = store i32 %feat2_load, i6 %p_ZZ5conv3PA255_A255_fPA32_A5_A5_fPfS1_E7in_tile_2_0_0_addr" [src/conv3.cpp:38->src/conv3.cpp:158]   --->   Operation 179 'store' 'store_ln38' <Predicate = (empty_40 == 2 & trunc_ln33 == 0)> <Delay = 1.23> <CoreInst = "RAM">   --->   Core 83 'RAM' <Latency = 1> <II = 1> <Delay = 1.23> <Storage> <Opcode : 'load' 'store'> <Ports = 2> <Width = 32> <Depth = 64> <RAM>
ST_14 : Operation 180 [1/1] (0.00ns)   --->   "%br_ln38 = br void %arrayidx2546.i.exit19" [src/conv3.cpp:38->src/conv3.cpp:158]   --->   Operation 180 'br' 'br_ln38' <Predicate = (empty_40 == 2 & trunc_ln33 == 0)> <Delay = 0.00>
ST_14 : Operation 181 [1/1] (1.23ns)   --->   "%store_ln38 = store i32 %feat2_load, i6 %p_ZZ5conv3PA255_A255_fPA32_A5_A5_fPfS1_E7in_tile_2_4_0_addr" [src/conv3.cpp:38->src/conv3.cpp:158]   --->   Operation 181 'store' 'store_ln38' <Predicate = (empty_40 == 2 & trunc_ln33 != 0 & trunc_ln33 != 1 & trunc_ln33 != 2 & trunc_ln33 != 3)> <Delay = 1.23> <CoreInst = "RAM">   --->   Core 83 'RAM' <Latency = 1> <II = 1> <Delay = 1.23> <Storage> <Opcode : 'load' 'store'> <Ports = 2> <Width = 32> <Depth = 64> <RAM>
ST_14 : Operation 182 [1/1] (0.00ns)   --->   "%br_ln38 = br void %arrayidx2546.i.exit19" [src/conv3.cpp:38->src/conv3.cpp:158]   --->   Operation 182 'br' 'br_ln38' <Predicate = (empty_40 == 2 & trunc_ln33 != 0 & trunc_ln33 != 1 & trunc_ln33 != 2 & trunc_ln33 != 3)> <Delay = 0.00>
ST_14 : Operation 183 [1/1] (0.00ns)   --->   "%br_ln38 = br void %arrayidx2546.i.exit" [src/conv3.cpp:38->src/conv3.cpp:158]   --->   Operation 183 'br' 'br_ln38' <Predicate = (empty_40 == 2)> <Delay = 0.00>
ST_14 : Operation 184 [1/1] (0.73ns)   --->   "%switch_ln38 = switch i3 %trunc_ln33, void %arrayidx2546.i.case.417, i3 0, void %arrayidx2546.i.case.013, i3 1, void %arrayidx2546.i.case.114, i3 2, void %arrayidx2546.i.case.215, i3 3, void %arrayidx2546.i.case.316" [src/conv3.cpp:38->src/conv3.cpp:158]   --->   Operation 184 'switch' 'switch_ln38' <Predicate = (empty_40 == 1)> <Delay = 0.73>
ST_14 : Operation 185 [1/1] (1.23ns)   --->   "%store_ln38 = store i32 %feat2_load, i6 %p_ZZ5conv3PA255_A255_fPA32_A5_A5_fPfS1_E7in_tile_1_3_0_addr" [src/conv3.cpp:38->src/conv3.cpp:158]   --->   Operation 185 'store' 'store_ln38' <Predicate = (empty_40 == 1 & trunc_ln33 == 3)> <Delay = 1.23> <CoreInst = "RAM">   --->   Core 83 'RAM' <Latency = 1> <II = 1> <Delay = 1.23> <Storage> <Opcode : 'load' 'store'> <Ports = 2> <Width = 32> <Depth = 64> <RAM>
ST_14 : Operation 186 [1/1] (0.00ns)   --->   "%br_ln38 = br void %arrayidx2546.i.exit12" [src/conv3.cpp:38->src/conv3.cpp:158]   --->   Operation 186 'br' 'br_ln38' <Predicate = (empty_40 == 1 & trunc_ln33 == 3)> <Delay = 0.00>
ST_14 : Operation 187 [1/1] (1.23ns)   --->   "%store_ln38 = store i32 %feat2_load, i6 %p_ZZ5conv3PA255_A255_fPA32_A5_A5_fPfS1_E7in_tile_1_2_0_addr" [src/conv3.cpp:38->src/conv3.cpp:158]   --->   Operation 187 'store' 'store_ln38' <Predicate = (empty_40 == 1 & trunc_ln33 == 2)> <Delay = 1.23> <CoreInst = "RAM">   --->   Core 83 'RAM' <Latency = 1> <II = 1> <Delay = 1.23> <Storage> <Opcode : 'load' 'store'> <Ports = 2> <Width = 32> <Depth = 64> <RAM>
ST_14 : Operation 188 [1/1] (0.00ns)   --->   "%br_ln38 = br void %arrayidx2546.i.exit12" [src/conv3.cpp:38->src/conv3.cpp:158]   --->   Operation 188 'br' 'br_ln38' <Predicate = (empty_40 == 1 & trunc_ln33 == 2)> <Delay = 0.00>
ST_14 : Operation 189 [1/1] (1.23ns)   --->   "%store_ln38 = store i32 %feat2_load, i6 %p_ZZ5conv3PA255_A255_fPA32_A5_A5_fPfS1_E7in_tile_1_1_0_addr" [src/conv3.cpp:38->src/conv3.cpp:158]   --->   Operation 189 'store' 'store_ln38' <Predicate = (empty_40 == 1 & trunc_ln33 == 1)> <Delay = 1.23> <CoreInst = "RAM">   --->   Core 83 'RAM' <Latency = 1> <II = 1> <Delay = 1.23> <Storage> <Opcode : 'load' 'store'> <Ports = 2> <Width = 32> <Depth = 64> <RAM>
ST_14 : Operation 190 [1/1] (0.00ns)   --->   "%br_ln38 = br void %arrayidx2546.i.exit12" [src/conv3.cpp:38->src/conv3.cpp:158]   --->   Operation 190 'br' 'br_ln38' <Predicate = (empty_40 == 1 & trunc_ln33 == 1)> <Delay = 0.00>
ST_14 : Operation 191 [1/1] (1.23ns)   --->   "%store_ln38 = store i32 %feat2_load, i6 %p_ZZ5conv3PA255_A255_fPA32_A5_A5_fPfS1_E7in_tile_1_0_0_addr" [src/conv3.cpp:38->src/conv3.cpp:158]   --->   Operation 191 'store' 'store_ln38' <Predicate = (empty_40 == 1 & trunc_ln33 == 0)> <Delay = 1.23> <CoreInst = "RAM">   --->   Core 83 'RAM' <Latency = 1> <II = 1> <Delay = 1.23> <Storage> <Opcode : 'load' 'store'> <Ports = 2> <Width = 32> <Depth = 64> <RAM>
ST_14 : Operation 192 [1/1] (0.00ns)   --->   "%br_ln38 = br void %arrayidx2546.i.exit12" [src/conv3.cpp:38->src/conv3.cpp:158]   --->   Operation 192 'br' 'br_ln38' <Predicate = (empty_40 == 1 & trunc_ln33 == 0)> <Delay = 0.00>
ST_14 : Operation 193 [1/1] (1.23ns)   --->   "%store_ln38 = store i32 %feat2_load, i6 %p_ZZ5conv3PA255_A255_fPA32_A5_A5_fPfS1_E7in_tile_1_4_0_addr" [src/conv3.cpp:38->src/conv3.cpp:158]   --->   Operation 193 'store' 'store_ln38' <Predicate = (empty_40 == 1 & trunc_ln33 != 0 & trunc_ln33 != 1 & trunc_ln33 != 2 & trunc_ln33 != 3)> <Delay = 1.23> <CoreInst = "RAM">   --->   Core 83 'RAM' <Latency = 1> <II = 1> <Delay = 1.23> <Storage> <Opcode : 'load' 'store'> <Ports = 2> <Width = 32> <Depth = 64> <RAM>
ST_14 : Operation 194 [1/1] (0.00ns)   --->   "%br_ln38 = br void %arrayidx2546.i.exit12" [src/conv3.cpp:38->src/conv3.cpp:158]   --->   Operation 194 'br' 'br_ln38' <Predicate = (empty_40 == 1 & trunc_ln33 != 0 & trunc_ln33 != 1 & trunc_ln33 != 2 & trunc_ln33 != 3)> <Delay = 0.00>
ST_14 : Operation 195 [1/1] (0.00ns)   --->   "%br_ln38 = br void %arrayidx2546.i.exit" [src/conv3.cpp:38->src/conv3.cpp:158]   --->   Operation 195 'br' 'br_ln38' <Predicate = (empty_40 == 1)> <Delay = 0.00>
ST_14 : Operation 196 [1/1] (0.73ns)   --->   "%switch_ln38 = switch i3 %trunc_ln33, void %arrayidx2546.i.case.410, i3 0, void %arrayidx2546.i.case.06, i3 1, void %arrayidx2546.i.case.17, i3 2, void %arrayidx2546.i.case.28, i3 3, void %arrayidx2546.i.case.39" [src/conv3.cpp:38->src/conv3.cpp:158]   --->   Operation 196 'switch' 'switch_ln38' <Predicate = (empty_40 == 0)> <Delay = 0.73>
ST_14 : Operation 197 [1/1] (1.23ns)   --->   "%store_ln38 = store i32 %feat2_load, i6 %p_ZZ5conv3PA255_A255_fPA32_A5_A5_fPfS1_E7in_tile_0_3_0_addr" [src/conv3.cpp:38->src/conv3.cpp:158]   --->   Operation 197 'store' 'store_ln38' <Predicate = (empty_40 == 0 & trunc_ln33 == 3)> <Delay = 1.23> <CoreInst = "RAM">   --->   Core 83 'RAM' <Latency = 1> <II = 1> <Delay = 1.23> <Storage> <Opcode : 'load' 'store'> <Ports = 2> <Width = 32> <Depth = 64> <RAM>
ST_14 : Operation 198 [1/1] (0.00ns)   --->   "%br_ln38 = br void %arrayidx2546.i.exit5" [src/conv3.cpp:38->src/conv3.cpp:158]   --->   Operation 198 'br' 'br_ln38' <Predicate = (empty_40 == 0 & trunc_ln33 == 3)> <Delay = 0.00>
ST_14 : Operation 199 [1/1] (1.23ns)   --->   "%store_ln38 = store i32 %feat2_load, i6 %p_ZZ5conv3PA255_A255_fPA32_A5_A5_fPfS1_E7in_tile_0_2_0_addr" [src/conv3.cpp:38->src/conv3.cpp:158]   --->   Operation 199 'store' 'store_ln38' <Predicate = (empty_40 == 0 & trunc_ln33 == 2)> <Delay = 1.23> <CoreInst = "RAM">   --->   Core 83 'RAM' <Latency = 1> <II = 1> <Delay = 1.23> <Storage> <Opcode : 'load' 'store'> <Ports = 2> <Width = 32> <Depth = 64> <RAM>
ST_14 : Operation 200 [1/1] (0.00ns)   --->   "%br_ln38 = br void %arrayidx2546.i.exit5" [src/conv3.cpp:38->src/conv3.cpp:158]   --->   Operation 200 'br' 'br_ln38' <Predicate = (empty_40 == 0 & trunc_ln33 == 2)> <Delay = 0.00>
ST_14 : Operation 201 [1/1] (1.23ns)   --->   "%store_ln38 = store i32 %feat2_load, i6 %p_ZZ5conv3PA255_A255_fPA32_A5_A5_fPfS1_E7in_tile_0_1_0_addr" [src/conv3.cpp:38->src/conv3.cpp:158]   --->   Operation 201 'store' 'store_ln38' <Predicate = (empty_40 == 0 & trunc_ln33 == 1)> <Delay = 1.23> <CoreInst = "RAM">   --->   Core 83 'RAM' <Latency = 1> <II = 1> <Delay = 1.23> <Storage> <Opcode : 'load' 'store'> <Ports = 2> <Width = 32> <Depth = 64> <RAM>
ST_14 : Operation 202 [1/1] (0.00ns)   --->   "%br_ln38 = br void %arrayidx2546.i.exit5" [src/conv3.cpp:38->src/conv3.cpp:158]   --->   Operation 202 'br' 'br_ln38' <Predicate = (empty_40 == 0 & trunc_ln33 == 1)> <Delay = 0.00>
ST_14 : Operation 203 [1/1] (1.23ns)   --->   "%store_ln38 = store i32 %feat2_load, i6 %p_ZZ5conv3PA255_A255_fPA32_A5_A5_fPfS1_E7in_tile_0_0_0_addr" [src/conv3.cpp:38->src/conv3.cpp:158]   --->   Operation 203 'store' 'store_ln38' <Predicate = (empty_40 == 0 & trunc_ln33 == 0)> <Delay = 1.23> <CoreInst = "RAM">   --->   Core 83 'RAM' <Latency = 1> <II = 1> <Delay = 1.23> <Storage> <Opcode : 'load' 'store'> <Ports = 2> <Width = 32> <Depth = 64> <RAM>
ST_14 : Operation 204 [1/1] (0.00ns)   --->   "%br_ln38 = br void %arrayidx2546.i.exit5" [src/conv3.cpp:38->src/conv3.cpp:158]   --->   Operation 204 'br' 'br_ln38' <Predicate = (empty_40 == 0 & trunc_ln33 == 0)> <Delay = 0.00>
ST_14 : Operation 205 [1/1] (1.23ns)   --->   "%store_ln38 = store i32 %feat2_load, i6 %p_ZZ5conv3PA255_A255_fPA32_A5_A5_fPfS1_E7in_tile_0_4_0_addr" [src/conv3.cpp:38->src/conv3.cpp:158]   --->   Operation 205 'store' 'store_ln38' <Predicate = (empty_40 == 0 & trunc_ln33 != 0 & trunc_ln33 != 1 & trunc_ln33 != 2 & trunc_ln33 != 3)> <Delay = 1.23> <CoreInst = "RAM">   --->   Core 83 'RAM' <Latency = 1> <II = 1> <Delay = 1.23> <Storage> <Opcode : 'load' 'store'> <Ports = 2> <Width = 32> <Depth = 64> <RAM>
ST_14 : Operation 206 [1/1] (0.00ns)   --->   "%br_ln38 = br void %arrayidx2546.i.exit5" [src/conv3.cpp:38->src/conv3.cpp:158]   --->   Operation 206 'br' 'br_ln38' <Predicate = (empty_40 == 0 & trunc_ln33 != 0 & trunc_ln33 != 1 & trunc_ln33 != 2 & trunc_ln33 != 3)> <Delay = 0.00>
ST_14 : Operation 207 [1/1] (0.00ns)   --->   "%br_ln38 = br void %arrayidx2546.i.exit" [src/conv3.cpp:38->src/conv3.cpp:158]   --->   Operation 207 'br' 'br_ln38' <Predicate = (empty_40 == 0)> <Delay = 0.00>
ST_14 : Operation 208 [1/1] (0.73ns)   --->   "%switch_ln38 = switch i3 %trunc_ln33, void %arrayidx2546.i.case.438, i3 0, void %arrayidx2546.i.case.034, i3 1, void %arrayidx2546.i.case.135, i3 2, void %arrayidx2546.i.case.236, i3 3, void %arrayidx2546.i.case.337" [src/conv3.cpp:38->src/conv3.cpp:158]   --->   Operation 208 'switch' 'switch_ln38' <Predicate = (empty_40 != 0 & empty_40 != 1 & empty_40 != 2 & empty_40 != 3)> <Delay = 0.73>
ST_14 : Operation 209 [1/1] (1.23ns)   --->   "%store_ln38 = store i32 %feat2_load, i6 %p_ZZ5conv3PA255_A255_fPA32_A5_A5_fPfS1_E7in_tile_4_3_0_addr" [src/conv3.cpp:38->src/conv3.cpp:158]   --->   Operation 209 'store' 'store_ln38' <Predicate = (empty_40 != 0 & empty_40 != 1 & empty_40 != 2 & empty_40 != 3 & trunc_ln33 == 3)> <Delay = 1.23> <CoreInst = "RAM">   --->   Core 83 'RAM' <Latency = 1> <II = 1> <Delay = 1.23> <Storage> <Opcode : 'load' 'store'> <Ports = 2> <Width = 32> <Depth = 64> <RAM>
ST_14 : Operation 210 [1/1] (0.00ns)   --->   "%br_ln38 = br void %arrayidx2546.i.exit33" [src/conv3.cpp:38->src/conv3.cpp:158]   --->   Operation 210 'br' 'br_ln38' <Predicate = (empty_40 != 0 & empty_40 != 1 & empty_40 != 2 & empty_40 != 3 & trunc_ln33 == 3)> <Delay = 0.00>
ST_14 : Operation 211 [1/1] (1.23ns)   --->   "%store_ln38 = store i32 %feat2_load, i6 %p_ZZ5conv3PA255_A255_fPA32_A5_A5_fPfS1_E7in_tile_4_2_0_addr" [src/conv3.cpp:38->src/conv3.cpp:158]   --->   Operation 211 'store' 'store_ln38' <Predicate = (empty_40 != 0 & empty_40 != 1 & empty_40 != 2 & empty_40 != 3 & trunc_ln33 == 2)> <Delay = 1.23> <CoreInst = "RAM">   --->   Core 83 'RAM' <Latency = 1> <II = 1> <Delay = 1.23> <Storage> <Opcode : 'load' 'store'> <Ports = 2> <Width = 32> <Depth = 64> <RAM>
ST_14 : Operation 212 [1/1] (0.00ns)   --->   "%br_ln38 = br void %arrayidx2546.i.exit33" [src/conv3.cpp:38->src/conv3.cpp:158]   --->   Operation 212 'br' 'br_ln38' <Predicate = (empty_40 != 0 & empty_40 != 1 & empty_40 != 2 & empty_40 != 3 & trunc_ln33 == 2)> <Delay = 0.00>
ST_14 : Operation 213 [1/1] (1.23ns)   --->   "%store_ln38 = store i32 %feat2_load, i6 %p_ZZ5conv3PA255_A255_fPA32_A5_A5_fPfS1_E7in_tile_4_1_0_addr" [src/conv3.cpp:38->src/conv3.cpp:158]   --->   Operation 213 'store' 'store_ln38' <Predicate = (empty_40 != 0 & empty_40 != 1 & empty_40 != 2 & empty_40 != 3 & trunc_ln33 == 1)> <Delay = 1.23> <CoreInst = "RAM">   --->   Core 83 'RAM' <Latency = 1> <II = 1> <Delay = 1.23> <Storage> <Opcode : 'load' 'store'> <Ports = 2> <Width = 32> <Depth = 64> <RAM>
ST_14 : Operation 214 [1/1] (0.00ns)   --->   "%br_ln38 = br void %arrayidx2546.i.exit33" [src/conv3.cpp:38->src/conv3.cpp:158]   --->   Operation 214 'br' 'br_ln38' <Predicate = (empty_40 != 0 & empty_40 != 1 & empty_40 != 2 & empty_40 != 3 & trunc_ln33 == 1)> <Delay = 0.00>
ST_14 : Operation 215 [1/1] (1.23ns)   --->   "%store_ln38 = store i32 %feat2_load, i6 %p_ZZ5conv3PA255_A255_fPA32_A5_A5_fPfS1_E7in_tile_4_0_0_addr" [src/conv3.cpp:38->src/conv3.cpp:158]   --->   Operation 215 'store' 'store_ln38' <Predicate = (empty_40 != 0 & empty_40 != 1 & empty_40 != 2 & empty_40 != 3 & trunc_ln33 == 0)> <Delay = 1.23> <CoreInst = "RAM">   --->   Core 83 'RAM' <Latency = 1> <II = 1> <Delay = 1.23> <Storage> <Opcode : 'load' 'store'> <Ports = 2> <Width = 32> <Depth = 64> <RAM>
ST_14 : Operation 216 [1/1] (0.00ns)   --->   "%br_ln38 = br void %arrayidx2546.i.exit33" [src/conv3.cpp:38->src/conv3.cpp:158]   --->   Operation 216 'br' 'br_ln38' <Predicate = (empty_40 != 0 & empty_40 != 1 & empty_40 != 2 & empty_40 != 3 & trunc_ln33 == 0)> <Delay = 0.00>
ST_14 : Operation 217 [1/1] (1.23ns)   --->   "%store_ln38 = store i32 %feat2_load, i6 %p_ZZ5conv3PA255_A255_fPA32_A5_A5_fPfS1_E7in_tile_4_4_0_addr" [src/conv3.cpp:38->src/conv3.cpp:158]   --->   Operation 217 'store' 'store_ln38' <Predicate = (empty_40 != 0 & empty_40 != 1 & empty_40 != 2 & empty_40 != 3 & trunc_ln33 != 0 & trunc_ln33 != 1 & trunc_ln33 != 2 & trunc_ln33 != 3)> <Delay = 1.23> <CoreInst = "RAM">   --->   Core 83 'RAM' <Latency = 1> <II = 1> <Delay = 1.23> <Storage> <Opcode : 'load' 'store'> <Ports = 2> <Width = 32> <Depth = 64> <RAM>
ST_14 : Operation 218 [1/1] (0.00ns)   --->   "%br_ln38 = br void %arrayidx2546.i.exit33" [src/conv3.cpp:38->src/conv3.cpp:158]   --->   Operation 218 'br' 'br_ln38' <Predicate = (empty_40 != 0 & empty_40 != 1 & empty_40 != 2 & empty_40 != 3 & trunc_ln33 != 0 & trunc_ln33 != 1 & trunc_ln33 != 2 & trunc_ln33 != 3)> <Delay = 0.00>
ST_14 : Operation 219 [1/1] (0.00ns)   --->   "%br_ln38 = br void %arrayidx2546.i.exit" [src/conv3.cpp:38->src/conv3.cpp:158]   --->   Operation 219 'br' 'br_ln38' <Predicate = (empty_40 != 0 & empty_40 != 1 & empty_40 != 2 & empty_40 != 3)> <Delay = 0.00>


============================================================
+ Verbose Summary: Timing violations
============================================================
Target clock period: 10.000ns, clock uncertainty: 2.700ns.

 <State 1>: 0.427ns
The critical path consists of the following:
	'alloca' operation ('indvar_flatten38') [36]  (0.000 ns)
	'store' operation ('store_ln0') of constant 0 on local variable 'indvar_flatten38' [49]  (0.427 ns)

 <State 2>: 3.529ns
The critical path consists of the following:
	'load' operation ('ih', src/conv3.cpp:32->src/conv3.cpp:158) on local variable 'ih' [54]  (0.000 ns)
	'add' operation ('add_ln32', src/conv3.cpp:32->src/conv3.cpp:158) [71]  (0.776 ns)
	'add' operation ('tmp1_mid1', src/conv3.cpp:32->src/conv3.cpp:158) [84]  (0.776 ns)
	'add' operation ('p_mid1', src/conv3.cpp:32->src/conv3.cpp:158) [85]  (0.787 ns)
	'icmp' operation ('cmp1_i_i_mid1', src/conv3.cpp:32->src/conv3.cpp:158) [87]  (0.787 ns)
	'or' operation ('p_mid136', src/conv3.cpp:32->src/conv3.cpp:158) [91]  (0.000 ns)
	'select' operation ('gy_mid1', src/conv3.cpp:32->src/conv3.cpp:158) [92]  (0.000 ns)
	'select' operation ('idxprom16_i_mid2_v', src/conv3.cpp:33->src/conv3.cpp:158) [93]  (0.403 ns)

 <State 3>: 1.531ns
The critical path consists of the following:
	'urem' operation ('trunc_ln32_mid2_v', src/conv3.cpp:33->src/conv3.cpp:158) [82]  (1.531 ns)

 <State 4>: 1.531ns
The critical path consists of the following:
	'urem' operation ('trunc_ln32_mid2_v', src/conv3.cpp:33->src/conv3.cpp:158) [82]  (1.531 ns)

 <State 5>: 1.531ns
The critical path consists of the following:
	'urem' operation ('trunc_ln32_mid2_v', src/conv3.cpp:33->src/conv3.cpp:158) [82]  (1.531 ns)

 <State 6>: 1.531ns
The critical path consists of the following:
	'urem' operation ('trunc_ln32_mid2_v', src/conv3.cpp:33->src/conv3.cpp:158) [82]  (1.531 ns)

 <State 7>: 1.531ns
The critical path consists of the following:
	'urem' operation ('trunc_ln32_mid2_v', src/conv3.cpp:33->src/conv3.cpp:158) [82]  (1.531 ns)

 <State 8>: 1.531ns
The critical path consists of the following:
	'urem' operation ('trunc_ln32_mid2_v', src/conv3.cpp:33->src/conv3.cpp:158) [82]  (1.531 ns)

 <State 9>: 1.531ns
The critical path consists of the following:
	'urem' operation ('trunc_ln32_mid2_v', src/conv3.cpp:33->src/conv3.cpp:158) [82]  (1.531 ns)

 <State 10>: 1.531ns
The critical path consists of the following:
	'urem' operation ('trunc_ln32_mid2_v', src/conv3.cpp:33->src/conv3.cpp:158) [82]  (1.531 ns)

 <State 11>: 1.531ns
The critical path consists of the following:
	'urem' operation ('trunc_ln32_mid2_v', src/conv3.cpp:33->src/conv3.cpp:158) [82]  (1.531 ns)

 <State 12>: 1.531ns
The critical path consists of the following:
	'urem' operation ('trunc_ln32_mid2_v', src/conv3.cpp:33->src/conv3.cpp:158) [82]  (1.531 ns)

 <State 13>: 4.691ns
The critical path consists of the following:
	'add' operation ('add_ln37', src/conv3.cpp:37->src/conv3.cpp:158) [135]  (0.776 ns)
	'add' operation ('add_ln37_1', src/conv3.cpp:37->src/conv3.cpp:158) [136]  (0.787 ns)
	'icmp' operation ('icmp_ln19', src/conv3.cpp:19->src/conv3.cpp:37->src/conv3.cpp:158) [138]  (0.787 ns)
	'or' operation ('or_ln19', src/conv3.cpp:19->src/conv3.cpp:37->src/conv3.cpp:158) [142]  (0.000 ns)
	'select' operation ('gx', src/conv3.cpp:19->src/conv3.cpp:37->src/conv3.cpp:158) [143]  (0.403 ns)
	'add' operation ('add_ln38_2', src/conv3.cpp:38->src/conv3.cpp:158) [145]  (0.701 ns)
	'getelementptr' operation ('feat2_addr', src/conv3.cpp:38->src/conv3.cpp:158) [147]  (0.000 ns)
	'load' operation ('feat2_load', src/conv3.cpp:38->src/conv3.cpp:158) on array 'feat2' [148]  (1.237 ns)

 <State 14>: 3.055ns
The critical path consists of the following:
	'load' operation ('feat2_load', src/conv3.cpp:38->src/conv3.cpp:158) on array 'feat2' [148]  (1.237 ns)
	'store' operation ('store_ln38', src/conv3.cpp:38->src/conv3.cpp:158) of variable 'feat2_load', src/conv3.cpp:38->src/conv3.cpp:158 on array 'p_ZZ5conv3PA255_A255_fPA32_A5_A5_fPfS1_E7in_tile_0_1_0' [216]  (1.237 ns)
	blocking operation 0.5815 ns on control path)


============================================================
+ Verbose Summary: Binding
============================================================
N/A
* FSMD analyzer results:
  - Output states:
 - Input state : 
  - Chain level:
	State 1
	State 2
	State 3
	State 4
	State 5
	State 6
	State 7
	State 8
	State 9
	State 10
	State 11
	State 12
	State 13
	State 14


============================================================
+ Verbose Summary: Datapath Resource usage 
============================================================
N/A
