

================================================================
== Vitis HLS Report for 'conv3_Pipeline_VITIS_LOOP_143_4_VITIS_LOOP_144_5_VITIS_LOOP_145_6'
================================================================
* Date:           Thu Oct 30 21:22:47 2025

* Version:        2023.1 (Build 3854077 on May  4 2023)
* Project:        srcnn_hls
* Solution:       solution1 (Vivado IP Flow Target)
* Product family: zynquplus
* Target device:  xck26-sfvc784-2LV-c


================================================================
== Performance Estimates
================================================================
+ Timing: 
    * Summary: 
    +--------+----------+----------+------------+
    |  Clock |  Target  | Estimated| Uncertainty|
    +--------+----------+----------+------------+
    |ap_clk  |  10.00 ns|  5.180 ns|     2.70 ns|
    +--------+----------+----------+------------+

+ Latency: 
    * Summary: 
    +---------+---------+-----------+-----------+------+------+---------+
    |  Latency (cycles) |   Latency (absolute)  |   Interval  | Pipeline|
    |   min   |   max   |    min    |    max    |  min |  max |   Type  |
    +---------+---------+-----------+-----------+------+------+---------+
    |     8194|     8194|  81.940 us|  81.940 us|  8194|  8194|       no|
    +---------+---------+-----------+-----------+------+------+---------+

    + Detail: 
        * Instance: 
        N/A

        * Loop: 
        +------------------------------------------------------+---------+---------+----------+-----------+-----------+------+----------+
        |                                                      |  Latency (cycles) | Iteration|  Initiation Interval  | Trip |          |
        |                       Loop Name                      |   min   |   max   |  Latency |  achieved |   target  | Count| Pipelined|
        +------------------------------------------------------+---------+---------+----------+-----------+-----------+------+----------+
        |- VITIS_LOOP_143_4_VITIS_LOOP_144_5_VITIS_LOOP_145_6  |     8192|     8192|         1|          1|          1|  8192|       yes|
        +------------------------------------------------------+---------+---------+----------+-----------+-----------+------+----------+



================================================================
== Utilization Estimates
================================================================
* Summary: 
+-----------------+---------+------+--------+--------+-----+
|       Name      | BRAM_18K|  DSP |   FF   |   LUT  | URAM|
+-----------------+---------+------+--------+--------+-----+
|DSP              |        -|     -|       -|       -|    -|
|Expression       |        -|     -|       0|     303|    -|
|FIFO             |        -|     -|       -|       -|    -|
|Instance         |        -|     -|       -|       -|    -|
|Memory           |        -|     -|       -|       -|    -|
|Multiplexer      |        -|     -|       -|      63|    -|
|Register         |        -|     -|      45|       -|    -|
+-----------------+---------+------+--------+--------+-----+
|Total            |        0|     0|      45|     366|    0|
+-----------------+---------+------+--------+--------+-----+
|Available        |      288|  1248|  234240|  117120|   64|
+-----------------+---------+------+--------+--------+-----+
|Utilization (%)  |        0|     0|      ~0|      ~0|    0|
+-----------------+---------+------+--------+--------+-----+

+ Detail: 
    * Instance: 
    N/A

    * DSP: 
    N/A

    * Memory: 
    N/A

    * FIFO: 
    N/A

    * Expression: 
    +--------------------------+----------+----+---+----+------------+------------+
    |       Variable Name      | Operation| DSP| FF| LUT| Bitwidth P0| Bitwidth P1|
    +--------------------------+----------+----+---+----+------------+------------+
    |add_ln143_1_fu_167_p2     |         +|   0|  0|  21|          14|           1|
    |add_ln143_fu_179_p2       |         +|   0|  0|  12|           4|           1|
    |add_ln144_1_fu_375_p2     |         +|   0|  0|  19|          12|           1|
    |add_ln144_fu_270_p2       |         +|   0|  0|  13|           6|           1|
    |add_ln145_fu_369_p2       |         +|   0|  0|  13|           6|           1|
    |add_ln148_1_fu_337_p2     |         +|   0|  0|  20|          13|          13|
    |add_ln148_fu_302_p2       |         +|   0|  0|  15|           8|           8|
    |and_ln143_fu_264_p2       |       and|   0|  0|   2|           1|           1|
    |and_ln147_1_fu_357_p2     |       and|   0|  0|   2|           1|           1|
    |and_ln147_fu_363_p2       |       and|   0|  0|   2|           1|           1|
    |icmp_ln143_fu_161_p2      |      icmp|   0|  0|  22|          14|          15|
    |icmp_ln144_fu_185_p2      |      icmp|   0|  0|  19|          12|          11|
    |icmp_ln145_fu_258_p2      |      icmp|   0|  0|  14|           6|           7|
    |icmp_ln147_fu_352_p2      |      icmp|   0|  0|  15|           8|           8|
    |notlhs18_fu_225_p2        |      icmp|   0|  0|  12|           4|           1|
    |notlhs1_mid1_fu_219_p2    |      icmp|   0|  0|  12|           4|           1|
    |notrhs2_fu_156_p2         |      icmp|   0|  0|  15|           8|           8|
    |notrhs2_mid112_fu_239_p2  |      icmp|   0|  0|  15|           8|           1|
    |notrhs2_mid1_fu_320_p2    |      icmp|   0|  0|  15|           8|           8|
    |or_ln144_fu_276_p2        |        or|   0|  0|   2|           1|           1|
    |select_ln143_1_fu_199_p3  |    select|   0|  0|   4|           1|           4|
    |select_ln143_2_fu_231_p3  |    select|   0|  0|   2|           1|           1|
    |select_ln143_3_fu_244_p3  |    select|   0|  0|   2|           1|           1|
    |select_ln143_fu_191_p3    |    select|   0|  0|   6|           1|           1|
    |select_ln144_1_fu_290_p3  |    select|   0|  0|   6|           1|           6|
    |select_ln144_2_fu_325_p3  |    select|   0|  0|   2|           1|           1|
    |select_ln144_3_fu_381_p3  |    select|   0|  0|  11|           1|           1|
    |select_ln144_fu_282_p3    |    select|   0|  0|   6|           1|           1|
    |ap_enable_pp0             |       xor|   0|  0|   2|           1|           2|
    |xor_ln143_fu_252_p2       |       xor|   0|  0|   2|           1|           2|
    +--------------------------+----------+----+---+----+------------+------------+
    |Total                     |          |   0|  0| 303|         149|         110|
    +--------------------------+----------+----+---+----+------------+------------+

    * Multiplexer: 
    +-------------------------+----+-----------+-----+-----------+
    |           Name          | LUT| Input Size| Bits| Total Bits|
    +-------------------------+----+-----------+-----+-----------+
    |ap_done_int              |   9|          2|    1|          2|
    |ap_enable_reg_pp0_iter1  |   9|          2|    1|          2|
    |indvar_flatten16_fu_82   |   9|          2|   14|         28|
    |indvar_flatten_fu_74     |   9|          2|   12|         24|
    |th_fu_70                 |   9|          2|    6|         12|
    |tn_fu_78                 |   9|          2|    4|          8|
    |tw_fu_66                 |   9|          2|    6|         12|
    +-------------------------+----+-----------+-----+-----------+
    |Total                    |  63|         14|   44|         88|
    +-------------------------+----+-----------+-----+-----------+

    * Register: 
    +-------------------------+----+----+-----+-----------+
    |           Name          | FF | LUT| Bits| Const Bits|
    +-------------------------+----+----+-----+-----------+
    |ap_CS_fsm                |   1|   0|    1|          0|
    |ap_done_reg              |   1|   0|    1|          0|
    |ap_enable_reg_pp0_iter1  |   1|   0|    1|          0|
    |indvar_flatten16_fu_82   |  14|   0|   14|          0|
    |indvar_flatten_fu_74     |  12|   0|   12|          0|
    |th_fu_70                 |   6|   0|    6|          0|
    |tn_fu_78                 |   4|   0|    4|          0|
    |tw_fu_66                 |   6|   0|    6|          0|
    +-------------------------+----+----+-----+-----------+
    |Total                    |  45|   0|   45|          0|
    +-------------------------+----+----+-----+-----------+



================================================================
== Interface
================================================================
* Summary: 
+-------------------+-----+-----+------------+-------------------------------------------------------------------+--------------+
|     RTL Ports     | Dir | Bits|  Protocol  |                           Source Object                           |    C Type    |
+-------------------+-----+-----+------------+-------------------------------------------------------------------+--------------+
|ap_clk             |   in|    1|  ap_ctrl_hs|  conv3_Pipeline_VITIS_LOOP_143_4_VITIS_LOOP_144_5_VITIS_LOOP_145_6|  return value|
|ap_rst             |   in|    1|  ap_ctrl_hs|  conv3_Pipeline_VITIS_LOOP_143_4_VITIS_LOOP_144_5_VITIS_LOOP_145_6|  return value|
|ap_start           |   in|    1|  ap_ctrl_hs|  conv3_Pipeline_VITIS_LOOP_143_4_VITIS_LOOP_144_5_VITIS_LOOP_145_6|  return value|
|ap_done            |  out|    1|  ap_ctrl_hs|  conv3_Pipeline_VITIS_LOOP_143_4_VITIS_LOOP_144_5_VITIS_LOOP_145_6|  return value|
|ap_idle            |  out|    1|  ap_ctrl_hs|  conv3_Pipeline_VITIS_LOOP_143_4_VITIS_LOOP_144_5_VITIS_LOOP_145_6|  return value|
|ap_ready           |  out|    1|  ap_ctrl_hs|  conv3_Pipeline_VITIS_LOOP_143_4_VITIS_LOOP_144_5_VITIS_LOOP_145_6|  return value|
|zext_ln103_3       |   in|    8|     ap_none|                                                       zext_ln103_3|        scalar|
|select_ln103_3     |   in|    8|     ap_none|                                                     select_ln103_3|        scalar|
|zext_ln105         |   in|    8|     ap_none|                                                         zext_ln105|        scalar|
|out_tile_address0  |  out|   13|   ap_memory|                                                           out_tile|         array|
|out_tile_ce0       |  out|    1|   ap_memory|                                                           out_tile|         array|
|out_tile_we0       |  out|    1|   ap_memory|                                                           out_tile|         array|
|out_tile_d0        |  out|   32|   ap_memory|                                                           out_tile|         array|
+-------------------+-----+-----+------------+-------------------------------------------------------------------+--------------+

============================================================
+ Verbose Summary: Synthesis Manager
============================================================
InlineROM: 1
ExposeGlobal: 0
============================================================
+ Verbose Summary: CDFG Model
============================================================
IsTopModel: 0
ResetActiveHigh: 1
IsCombinational: 2
IsDatapathOnly: 2
HasWiredReturn: 1
HasMFsm: 2
HasVarLatency: 1
IsPipeline: 0
IsRtlPipelined: 0
IsInstanceOverlapped: 0
IsDontTouch: 0
HasImplIP: 0
IsGatedGlobalClock: 0

+ Individual pipeline summary: 
  * Pipeline-0: initiation interval (II) = 1, depth = 2


============================================================
+ Verbose Summary: Schedule
============================================================
* Number of FSM states : 2
* Pipeline : 1
  Pipeline-0 : II = 1, D = 2, States = { 1 2 }
* Dataflow Pipeline: 0

* FSM state transitions: 
1 --> 2 
2 --> 

* FSM state operations: 

State 1 <SV = 0> <Delay = 0.42>
ST_1 : Operation 4 [1/1] (0.00ns)   --->   "%tw = alloca i32 1"   --->   Operation 4 'alloca' 'tw' <Predicate = true> <Delay = 0.00>
ST_1 : Operation 5 [1/1] (0.00ns)   --->   "%th = alloca i32 1"   --->   Operation 5 'alloca' 'th' <Predicate = true> <Delay = 0.00>
ST_1 : Operation 6 [1/1] (0.00ns)   --->   "%indvar_flatten = alloca i32 1"   --->   Operation 6 'alloca' 'indvar_flatten' <Predicate = true> <Delay = 0.00>
ST_1 : Operation 7 [1/1] (0.00ns)   --->   "%tn = alloca i32 1"   --->   Operation 7 'alloca' 'tn' <Predicate = true> <Delay = 0.00>
ST_1 : Operation 8 [1/1] (0.00ns)   --->   "%indvar_flatten16 = alloca i32 1"   --->   Operation 8 'alloca' 'indvar_flatten16' <Predicate = true> <Delay = 0.00>
ST_1 : Operation 9 [1/1] (0.00ns)   --->   "%zext_ln105_read = read i8 @_ssdm_op_Read.ap_auto.i8, i8 %zext_ln105"   --->   Operation 9 'read' 'zext_ln105_read' <Predicate = true> <Delay = 0.00>
ST_1 : Operation 10 [1/1] (0.00ns)   --->   "%select_ln103_3_read = read i8 @_ssdm_op_Read.ap_auto.i8, i8 %select_ln103_3"   --->   Operation 10 'read' 'select_ln103_3_read' <Predicate = true> <Delay = 0.00>
ST_1 : Operation 11 [1/1] (0.00ns)   --->   "%zext_ln103_3_read = read i8 @_ssdm_op_Read.ap_auto.i8, i8 %zext_ln103_3"   --->   Operation 11 'read' 'zext_ln103_3_read' <Predicate = true> <Delay = 0.00>
ST_1 : Operation 12 [1/1] (0.42ns)   --->   "%store_ln0 = store i14 0, i14 %indvar_flatten16"   --->   Operation 12 'store' 'store_ln0' <Predicate = true> <Delay = 0.42>
ST_1 : Operation 13 [1/1] (0.42ns)   --->   "%store_ln0 = store i4 0, i4 %tn"   --->   Operation 13 'store' 'store_ln0' <Predicate = true> <Delay = 0.42>
ST_1 : Operation 14 [1/1] (0.42ns)   --->   "%store_ln0 = store i12 0, i12 %indvar_flatten"   --->   Operation 14 'store' 'store_ln0' <Predicate = true> <Delay = 0.42>
ST_1 : Operation 15 [1/1] (0.42ns)   --->   "%store_ln0 = store i6 0, i6 %th"   --->   Operation 15 'store' 'store_ln0' <Predicate = true> <Delay = 0.42>
ST_1 : Operation 16 [1/1] (0.42ns)   --->   "%store_ln0 = store i6 0, i6 %tw"   --->   Operation 16 'store' 'store_ln0' <Predicate = true> <Delay = 0.42>
ST_1 : Operation 17 [1/1] (0.00ns)   --->   "%br_ln0 = br void %for.body35"   --->   Operation 17 'br' 'br_ln0' <Predicate = true> <Delay = 0.00>

State 2 <SV = 1> <Delay = 5.18>
ST_2 : Operation 18 [1/1] (0.00ns)   --->   "%th_1 = load i6 %th" [src/conv3.cpp:144]   --->   Operation 18 'load' 'th_1' <Predicate = true> <Delay = 0.00>
ST_2 : Operation 19 [1/1] (0.00ns)   --->   "%indvar_flatten_load = load i12 %indvar_flatten" [src/conv3.cpp:144]   --->   Operation 19 'load' 'indvar_flatten_load' <Predicate = true> <Delay = 0.00>
ST_2 : Operation 20 [1/1] (0.00ns)   --->   "%indvar_flatten16_load = load i14 %indvar_flatten16" [src/conv3.cpp:143]   --->   Operation 20 'load' 'indvar_flatten16_load' <Predicate = true> <Delay = 0.00>
ST_2 : Operation 21 [1/1] (0.00ns)   --->   "%zext_ln144 = zext i6 %th_1" [src/conv3.cpp:144]   --->   Operation 21 'zext' 'zext_ln144' <Predicate = true> <Delay = 0.00>
ST_2 : Operation 22 [1/1] (0.76ns)   --->   "%notrhs2 = icmp_ult  i8 %zext_ln144, i8 %zext_ln103_3_read" [src/conv3.cpp:144]   --->   Operation 22 'icmp' 'notrhs2' <Predicate = true> <Delay = 0.76> <CoreInst = "Cmp">   --->   Core 9 'Cmp' <Latency = 0> <II = 1> <Delay = 0.76> <FuncUnit> <Opcode : 'icmp'> <InPorts = 2> <OutPorts = 1>
ST_2 : Operation 23 [1/1] (0.83ns)   --->   "%icmp_ln143 = icmp_eq  i14 %indvar_flatten16_load, i14 8192" [src/conv3.cpp:143]   --->   Operation 23 'icmp' 'icmp_ln143' <Predicate = true> <Delay = 0.83> <CoreInst = "Cmp">   --->   Core 9 'Cmp' <Latency = 0> <II = 1> <Delay = 0.84> <FuncUnit> <Opcode : 'icmp'> <InPorts = 2> <OutPorts = 1>
ST_2 : Operation 24 [1/1] (0.83ns)   --->   "%add_ln143_1 = add i14 %indvar_flatten16_load, i14 1" [src/conv3.cpp:143]   --->   Operation 24 'add' 'add_ln143_1' <Predicate = true> <Delay = 0.83> <CoreInst = "Adder">   --->   Core 1 'Adder' <Latency = 0> <II = 1> <Delay = 0.83> <FuncUnit> <Opcode : 'add' 'sub'> <InPorts = 2> <OutPorts = 1>
ST_2 : Operation 25 [1/1] (0.00ns)   --->   "%br_ln143 = br i1 %icmp_ln143, void %for.inc47, void %VITIS_LOOP_155_7.exitStub" [src/conv3.cpp:143]   --->   Operation 25 'br' 'br_ln143' <Predicate = true> <Delay = 0.00>
ST_2 : Operation 26 [1/1] (0.00ns)   --->   "%tw_load = load i6 %tw" [src/conv3.cpp:145]   --->   Operation 26 'load' 'tw_load' <Predicate = (!icmp_ln143)> <Delay = 0.00>
ST_2 : Operation 27 [1/1] (0.00ns)   --->   "%tn_load = load i4 %tn" [src/conv3.cpp:143]   --->   Operation 27 'load' 'tn_load' <Predicate = (!icmp_ln143)> <Delay = 0.00>
ST_2 : Operation 28 [1/1] (0.79ns)   --->   "%add_ln143 = add i4 %tn_load, i4 1" [src/conv3.cpp:143]   --->   Operation 28 'add' 'add_ln143' <Predicate = (!icmp_ln143)> <Delay = 0.79> <CoreInst = "Adder">   --->   Core 1 'Adder' <Latency = 0> <II = 1> <Delay = 0.79> <FuncUnit> <Opcode : 'add' 'sub'> <InPorts = 2> <OutPorts = 1>
ST_2 : Operation 29 [1/1] (0.00ns)   --->   "%specloopname_ln0 = specloopname void @_ssdm_op_SpecLoopName, void @VITIS_LOOP_143_4_VITIS_LOOP_144_5_VITIS_LOOP_145_6_str"   --->   Operation 29 'specloopname' 'specloopname_ln0' <Predicate = (!icmp_ln143)> <Delay = 0.00>
ST_2 : Operation 30 [1/1] (0.00ns)   --->   "%speclooptripcount_ln0 = speclooptripcount void @_ssdm_op_SpecLoopTripCount, i64 8192, i64 8192, i64 8192"   --->   Operation 30 'speclooptripcount' 'speclooptripcount_ln0' <Predicate = (!icmp_ln143)> <Delay = 0.00>
ST_2 : Operation 31 [1/1] (0.80ns)   --->   "%icmp_ln144 = icmp_eq  i12 %indvar_flatten_load, i12 1024" [src/conv3.cpp:144]   --->   Operation 31 'icmp' 'icmp_ln144' <Predicate = (!icmp_ln143)> <Delay = 0.80> <CoreInst = "Cmp">   --->   Core 9 'Cmp' <Latency = 0> <II = 1> <Delay = 0.80> <FuncUnit> <Opcode : 'icmp'> <InPorts = 2> <OutPorts = 1>
ST_2 : Operation 32 [1/1] (0.38ns)   --->   "%select_ln143 = select i1 %icmp_ln144, i6 0, i6 %th_1" [src/conv3.cpp:143]   --->   Operation 32 'select' 'select_ln143' <Predicate = (!icmp_ln143)> <Delay = 0.38> <CoreInst = "Sel">   --->   Core 73 'Sel' <Latency = 0> <II = 1> <Delay = 0.38> <FuncUnit> <Opcode : 'select'> <InPorts = 3> <OutPorts = 1>
ST_2 : Operation 33 [1/1] (0.39ns)   --->   "%select_ln143_1 = select i1 %icmp_ln144, i4 %add_ln143, i4 %tn_load" [src/conv3.cpp:143]   --->   Operation 33 'select' 'select_ln143_1' <Predicate = (!icmp_ln143)> <Delay = 0.39> <CoreInst = "Sel">   --->   Core 73 'Sel' <Latency = 0> <II = 1> <Delay = 0.39> <FuncUnit> <Opcode : 'select'> <InPorts = 3> <OutPorts = 1>
ST_2 : Operation 34 [1/1] (0.00ns)   --->   "%trunc_ln148 = trunc i4 %select_ln143_1" [src/conv3.cpp:148]   --->   Operation 34 'trunc' 'trunc_ln148' <Predicate = (!icmp_ln143)> <Delay = 0.00>
ST_2 : Operation 35 [1/1] (0.00ns)   --->   "%tmp_cast = bitconcatenate i8 @_ssdm_op_BitConcatenate.i8.i3.i5, i3 %trunc_ln148, i5 0" [src/conv3.cpp:148]   --->   Operation 35 'bitconcatenate' 'tmp_cast' <Predicate = (!icmp_ln143)> <Delay = 0.00>
ST_2 : Operation 36 [1/1] (0.79ns)   --->   "%notlhs1_mid1 = icmp_eq  i4 %add_ln143, i4 0" [src/conv3.cpp:143]   --->   Operation 36 'icmp' 'notlhs1_mid1' <Predicate = (!icmp_ln143)> <Delay = 0.79> <CoreInst = "Cmp">   --->   Core 9 'Cmp' <Latency = 0> <II = 1> <Delay = 0.79> <FuncUnit> <Opcode : 'icmp'> <InPorts = 2> <OutPorts = 1>
ST_2 : Operation 37 [1/1] (0.79ns)   --->   "%notlhs18 = icmp_eq  i4 %tn_load, i4 0" [src/conv3.cpp:143]   --->   Operation 37 'icmp' 'notlhs18' <Predicate = (!icmp_ln143)> <Delay = 0.79> <CoreInst = "Cmp">   --->   Core 9 'Cmp' <Latency = 0> <II = 1> <Delay = 0.79> <FuncUnit> <Opcode : 'icmp'> <InPorts = 2> <OutPorts = 1>
ST_2 : Operation 38 [1/1] (0.00ns) (grouped into LUT with out node and_ln147)   --->   "%select_ln143_2 = select i1 %icmp_ln144, i1 %notlhs1_mid1, i1 %notlhs18" [src/conv3.cpp:143]   --->   Operation 38 'select' 'select_ln143_2' <Predicate = (!icmp_ln143)> <Delay = 0.00> <CoreInst = "Sel">   --->   Core 73 'Sel' <Latency = 0> <II = 1> <Delay = 0.17> <FuncUnit> <Opcode : 'select'> <InPorts = 3> <OutPorts = 1>
ST_2 : Operation 39 [1/1] (0.76ns)   --->   "%notrhs2_mid112 = icmp_ne  i8 %select_ln103_3_read, i8 0"   --->   Operation 39 'icmp' 'notrhs2_mid112' <Predicate = (!icmp_ln143)> <Delay = 0.76> <CoreInst = "Cmp">   --->   Core 9 'Cmp' <Latency = 0> <II = 1> <Delay = 0.76> <FuncUnit> <Opcode : 'icmp'> <InPorts = 2> <OutPorts = 1>
ST_2 : Operation 40 [1/1] (0.00ns) (grouped into LUT with out node select_ln144_2)   --->   "%select_ln143_3 = select i1 %icmp_ln144, i1 %notrhs2_mid112, i1 %notrhs2" [src/conv3.cpp:143]   --->   Operation 40 'select' 'select_ln143_3' <Predicate = (!icmp_ln143)> <Delay = 0.00> <CoreInst = "Sel">   --->   Core 73 'Sel' <Latency = 0> <II = 1> <Delay = 0.17> <FuncUnit> <Opcode : 'select'> <InPorts = 3> <OutPorts = 1>
ST_2 : Operation 41 [1/1] (0.00ns) (grouped into LUT with out node and_ln143)   --->   "%xor_ln143 = xor i1 %icmp_ln144, i1 1" [src/conv3.cpp:143]   --->   Operation 41 'xor' 'xor_ln143' <Predicate = (!icmp_ln143)> <Delay = 0.00> <CoreInst = "LogicGate">   --->   Core 74 'LogicGate' <Latency = 0> <II = 1> <Delay = 0.28> <FuncUnit> <Opcode : 'and' 'or' 'xor'> <InPorts = 2> <OutPorts = 1>
ST_2 : Operation 42 [1/1] (0.78ns)   --->   "%icmp_ln145 = icmp_eq  i6 %tw_load, i6 32" [src/conv3.cpp:145]   --->   Operation 42 'icmp' 'icmp_ln145' <Predicate = (!icmp_ln143)> <Delay = 0.78> <CoreInst = "Cmp">   --->   Core 9 'Cmp' <Latency = 0> <II = 1> <Delay = 0.77> <FuncUnit> <Opcode : 'icmp'> <InPorts = 2> <OutPorts = 1>
ST_2 : Operation 43 [1/1] (0.28ns) (out node of the LUT)   --->   "%and_ln143 = and i1 %icmp_ln145, i1 %xor_ln143" [src/conv3.cpp:143]   --->   Operation 43 'and' 'and_ln143' <Predicate = (!icmp_ln143)> <Delay = 0.28> <CoreInst = "LogicGate">   --->   Core 74 'LogicGate' <Latency = 0> <II = 1> <Delay = 0.28> <FuncUnit> <Opcode : 'and' 'or' 'xor'> <InPorts = 2> <OutPorts = 1>
ST_2 : Operation 44 [1/1] (0.78ns)   --->   "%add_ln144 = add i6 %select_ln143, i6 1" [src/conv3.cpp:144]   --->   Operation 44 'add' 'add_ln144' <Predicate = (!icmp_ln143)> <Delay = 0.78> <CoreInst = "Adder">   --->   Core 1 'Adder' <Latency = 0> <II = 1> <Delay = 0.78> <FuncUnit> <Opcode : 'add' 'sub'> <InPorts = 2> <OutPorts = 1>
ST_2 : Operation 45 [1/1] (0.00ns)   --->   "%specloopname_ln0 = specloopname void @_ssdm_op_SpecLoopName, void @VITIS_LOOP_144_5_VITIS_LOOP_145_6_str"   --->   Operation 45 'specloopname' 'specloopname_ln0' <Predicate = (!icmp_ln143)> <Delay = 0.00>
ST_2 : Operation 46 [1/1] (0.00ns) (grouped into LUT with out node select_ln144)   --->   "%or_ln144 = or i1 %and_ln143, i1 %icmp_ln144" [src/conv3.cpp:144]   --->   Operation 46 'or' 'or_ln144' <Predicate = (!icmp_ln143)> <Delay = 0.00> <CoreInst = "LogicGate">   --->   Core 74 'LogicGate' <Latency = 0> <II = 1> <Delay = 0.28> <FuncUnit> <Opcode : 'and' 'or' 'xor'> <InPorts = 2> <OutPorts = 1>
ST_2 : Operation 47 [1/1] (0.38ns) (out node of the LUT)   --->   "%select_ln144 = select i1 %or_ln144, i6 0, i6 %tw_load" [src/conv3.cpp:144]   --->   Operation 47 'select' 'select_ln144' <Predicate = (!icmp_ln143)> <Delay = 0.38> <CoreInst = "Sel">   --->   Core 73 'Sel' <Latency = 0> <II = 1> <Delay = 0.38> <FuncUnit> <Opcode : 'select'> <InPorts = 3> <OutPorts = 1>
ST_2 : Operation 48 [1/1] (0.38ns)   --->   "%select_ln144_1 = select i1 %and_ln143, i6 %add_ln144, i6 %select_ln143" [src/conv3.cpp:144]   --->   Operation 48 'select' 'select_ln144_1' <Predicate = (!icmp_ln143)> <Delay = 0.38> <CoreInst = "Sel">   --->   Core 73 'Sel' <Latency = 0> <II = 1> <Delay = 0.38> <FuncUnit> <Opcode : 'select'> <InPorts = 3> <OutPorts = 1>
ST_2 : Operation 49 [1/1] (0.00ns)   --->   "%zext_ln148 = zext i6 %select_ln144_1" [src/conv3.cpp:148]   --->   Operation 49 'zext' 'zext_ln148' <Predicate = (!icmp_ln143)> <Delay = 0.00>
ST_2 : Operation 50 [1/1] (0.76ns)   --->   "%add_ln148 = add i8 %tmp_cast, i8 %zext_ln148" [src/conv3.cpp:148]   --->   Operation 50 'add' 'add_ln148' <Predicate = (!icmp_ln143)> <Delay = 0.76> <CoreInst = "Adder">   --->   Core 1 'Adder' <Latency = 0> <II = 1> <Delay = 0.76> <FuncUnit> <Opcode : 'add' 'sub'> <InPorts = 2> <OutPorts = 1>
ST_2 : Operation 51 [1/1] (0.00ns)   --->   "%tmp_9 = bitconcatenate i13 @_ssdm_op_BitConcatenate.i13.i8.i5, i8 %add_ln148, i5 0" [src/conv3.cpp:148]   --->   Operation 51 'bitconcatenate' 'tmp_9' <Predicate = (!icmp_ln143)> <Delay = 0.00>
ST_2 : Operation 52 [1/1] (0.00ns)   --->   "%add_ln144_cast = zext i6 %add_ln144" [src/conv3.cpp:144]   --->   Operation 52 'zext' 'add_ln144_cast' <Predicate = (!icmp_ln143)> <Delay = 0.00>
ST_2 : Operation 53 [1/1] (0.76ns)   --->   "%notrhs2_mid1 = icmp_ult  i8 %add_ln144_cast, i8 %zext_ln103_3_read" [src/conv3.cpp:144]   --->   Operation 53 'icmp' 'notrhs2_mid1' <Predicate = (!icmp_ln143)> <Delay = 0.76> <CoreInst = "Cmp">   --->   Core 9 'Cmp' <Latency = 0> <II = 1> <Delay = 0.76> <FuncUnit> <Opcode : 'icmp'> <InPorts = 2> <OutPorts = 1>
ST_2 : Operation 54 [1/1] (0.17ns) (out node of the LUT)   --->   "%select_ln144_2 = select i1 %and_ln143, i1 %notrhs2_mid1, i1 %select_ln143_3" [src/conv3.cpp:144]   --->   Operation 54 'select' 'select_ln144_2' <Predicate = (!icmp_ln143)> <Delay = 0.17> <CoreInst = "Sel">   --->   Core 73 'Sel' <Latency = 0> <II = 1> <Delay = 0.17> <FuncUnit> <Opcode : 'select'> <InPorts = 3> <OutPorts = 1>
ST_2 : Operation 55 [1/1] (0.00ns)   --->   "%zext_ln148_1 = zext i6 %select_ln144" [src/conv3.cpp:148]   --->   Operation 55 'zext' 'zext_ln148_1' <Predicate = (!icmp_ln143)> <Delay = 0.00>
ST_2 : Operation 56 [1/1] (0.82ns)   --->   "%add_ln148_1 = add i13 %tmp_9, i13 %zext_ln148_1" [src/conv3.cpp:148]   --->   Operation 56 'add' 'add_ln148_1' <Predicate = (!icmp_ln143)> <Delay = 0.82> <CoreInst = "Adder">   --->   Core 1 'Adder' <Latency = 0> <II = 1> <Delay = 0.82> <FuncUnit> <Opcode : 'add' 'sub'> <InPorts = 2> <OutPorts = 1>
ST_2 : Operation 57 [1/1] (0.00ns)   --->   "%zext_ln148_2 = zext i13 %add_ln148_1" [src/conv3.cpp:148]   --->   Operation 57 'zext' 'zext_ln148_2' <Predicate = (!icmp_ln143)> <Delay = 0.00>
ST_2 : Operation 58 [1/1] (0.00ns)   --->   "%out_tile_addr = getelementptr i32 %out_tile, i64 0, i64 %zext_ln148_2" [src/conv3.cpp:148]   --->   Operation 58 'getelementptr' 'out_tile_addr' <Predicate = (!icmp_ln143)> <Delay = 0.00>
ST_2 : Operation 59 [1/1] (0.00ns)   --->   "%zext_ln146 = zext i6 %select_ln144" [src/conv3.cpp:146]   --->   Operation 59 'zext' 'zext_ln146' <Predicate = (!icmp_ln143)> <Delay = 0.00>
ST_2 : Operation 60 [1/1] (0.00ns)   --->   "%specpipeline_ln146 = specpipeline void @_ssdm_op_SpecPipeline, i32 1, i32 0, i32 0, i32 0, void @empty_19" [src/conv3.cpp:146]   --->   Operation 60 'specpipeline' 'specpipeline_ln146' <Predicate = (!icmp_ln143)> <Delay = 0.00>
ST_2 : Operation 61 [1/1] (0.00ns)   --->   "%specloopname_ln145 = specloopname void @_ssdm_op_SpecLoopName, void @empty_20" [src/conv3.cpp:145]   --->   Operation 61 'specloopname' 'specloopname_ln145' <Predicate = (!icmp_ln143)> <Delay = 0.00>
ST_2 : Operation 62 [1/1] (0.76ns)   --->   "%icmp_ln147 = icmp_ult  i8 %zext_ln146, i8 %zext_ln105_read" [src/conv3.cpp:147]   --->   Operation 62 'icmp' 'icmp_ln147' <Predicate = (!icmp_ln143)> <Delay = 0.76> <CoreInst = "Cmp">   --->   Core 9 'Cmp' <Latency = 0> <II = 1> <Delay = 0.76> <FuncUnit> <Opcode : 'icmp'> <InPorts = 2> <OutPorts = 1>
ST_2 : Operation 63 [1/1] (0.00ns) (grouped into LUT with out node and_ln147)   --->   "%and_ln147_1 = and i1 %icmp_ln147, i1 %select_ln143_2" [src/conv3.cpp:147]   --->   Operation 63 'and' 'and_ln147_1' <Predicate = (!icmp_ln143)> <Delay = 0.00> <CoreInst = "LogicGate">   --->   Core 74 'LogicGate' <Latency = 0> <II = 1> <Delay = 0.28> <FuncUnit> <Opcode : 'and' 'or' 'xor'> <InPorts = 2> <OutPorts = 1>
ST_2 : Operation 64 [1/1] (0.28ns) (out node of the LUT)   --->   "%and_ln147 = and i1 %and_ln147_1, i1 %select_ln144_2" [src/conv3.cpp:147]   --->   Operation 64 'and' 'and_ln147' <Predicate = (!icmp_ln143)> <Delay = 0.28> <CoreInst = "LogicGate">   --->   Core 74 'LogicGate' <Latency = 0> <II = 1> <Delay = 0.28> <FuncUnit> <Opcode : 'and' 'or' 'xor'> <InPorts = 2> <OutPorts = 1>
ST_2 : Operation 65 [1/1] (0.00ns)   --->   "%br_ln147 = br i1 %and_ln147, void %for.inc, void %if.then" [src/conv3.cpp:147]   --->   Operation 65 'br' 'br_ln147' <Predicate = (!icmp_ln143)> <Delay = 0.00>
ST_2 : Operation 66 [1/1] (1.23ns)   --->   "%store_ln148 = store i32 0, i13 %out_tile_addr" [src/conv3.cpp:148]   --->   Operation 66 'store' 'store_ln148' <Predicate = (!icmp_ln143 & and_ln147)> <Delay = 1.23> <CoreInst = "RAM">   --->   Core 83 'RAM' <Latency = 1> <II = 1> <Delay = 1.23> <Storage> <Opcode : 'load' 'store'> <Ports = 2> <Width = 32> <Depth = 8192> <RAM>
ST_2 : Operation 67 [1/1] (0.00ns)   --->   "%br_ln149 = br void %for.inc" [src/conv3.cpp:149]   --->   Operation 67 'br' 'br_ln149' <Predicate = (!icmp_ln143 & and_ln147)> <Delay = 0.00>
ST_2 : Operation 68 [1/1] (0.78ns)   --->   "%add_ln145 = add i6 %select_ln144, i6 1" [src/conv3.cpp:145]   --->   Operation 68 'add' 'add_ln145' <Predicate = (!icmp_ln143)> <Delay = 0.78> <CoreInst = "Adder">   --->   Core 1 'Adder' <Latency = 0> <II = 1> <Delay = 0.78> <FuncUnit> <Opcode : 'add' 'sub'> <InPorts = 2> <OutPorts = 1>
ST_2 : Operation 69 [1/1] (0.80ns)   --->   "%add_ln144_1 = add i12 %indvar_flatten_load, i12 1" [src/conv3.cpp:144]   --->   Operation 69 'add' 'add_ln144_1' <Predicate = (!icmp_ln143)> <Delay = 0.80> <CoreInst = "Adder">   --->   Core 1 'Adder' <Latency = 0> <II = 1> <Delay = 0.80> <FuncUnit> <Opcode : 'add' 'sub'> <InPorts = 2> <OutPorts = 1>
ST_2 : Operation 70 [1/1] (0.37ns)   --->   "%select_ln144_3 = select i1 %icmp_ln144, i12 1, i12 %add_ln144_1" [src/conv3.cpp:144]   --->   Operation 70 'select' 'select_ln144_3' <Predicate = (!icmp_ln143)> <Delay = 0.37> <CoreInst = "Sel">   --->   Core 73 'Sel' <Latency = 0> <II = 1> <Delay = 0.37> <FuncUnit> <Opcode : 'select'> <InPorts = 3> <OutPorts = 1>
ST_2 : Operation 71 [1/1] (0.42ns)   --->   "%store_ln145 = store i14 %add_ln143_1, i14 %indvar_flatten16" [src/conv3.cpp:145]   --->   Operation 71 'store' 'store_ln145' <Predicate = (!icmp_ln143)> <Delay = 0.42>
ST_2 : Operation 72 [1/1] (0.42ns)   --->   "%store_ln145 = store i4 %select_ln143_1, i4 %tn" [src/conv3.cpp:145]   --->   Operation 72 'store' 'store_ln145' <Predicate = (!icmp_ln143)> <Delay = 0.42>
ST_2 : Operation 73 [1/1] (0.42ns)   --->   "%store_ln145 = store i12 %select_ln144_3, i12 %indvar_flatten" [src/conv3.cpp:145]   --->   Operation 73 'store' 'store_ln145' <Predicate = (!icmp_ln143)> <Delay = 0.42>
ST_2 : Operation 74 [1/1] (0.42ns)   --->   "%store_ln145 = store i6 %select_ln144_1, i6 %th" [src/conv3.cpp:145]   --->   Operation 74 'store' 'store_ln145' <Predicate = (!icmp_ln143)> <Delay = 0.42>
ST_2 : Operation 75 [1/1] (0.42ns)   --->   "%store_ln145 = store i6 %add_ln145, i6 %tw" [src/conv3.cpp:145]   --->   Operation 75 'store' 'store_ln145' <Predicate = (!icmp_ln143)> <Delay = 0.42>
ST_2 : Operation 76 [1/1] (0.00ns)   --->   "%br_ln145 = br void %for.body35" [src/conv3.cpp:145]   --->   Operation 76 'br' 'br_ln145' <Predicate = (!icmp_ln143)> <Delay = 0.00>
ST_2 : Operation 77 [1/1] (0.00ns)   --->   "%ret_ln0 = ret"   --->   Operation 77 'ret' 'ret_ln0' <Predicate = (icmp_ln143)> <Delay = 0.00>


============================================================
+ Verbose Summary: Binding
============================================================
STG Binding: 
---------------- STG Properties BEGIN ----------------
- Is combinational: 0
- Is one-state seq: 0
- Is datapath-only: 0
- Is pipelined: 0
- Is top level: 0
Port [ Return ] is wired: 1; IO mode=ap_ctrl_hs:ce=0
Port [ zext_ln103_3]:  wired=1; compound=0; hidden=0; nouse=0; global=0; static=0; extern=0; dir=0; type=0; pingpong=0; private_global=0; IO mode=ap_none:ce=0
Port [ select_ln103_3]:  wired=1; compound=0; hidden=0; nouse=0; global=0; static=0; extern=0; dir=0; type=0; pingpong=0; private_global=0; IO mode=ap_none:ce=0
Port [ zext_ln105]:  wired=1; compound=0; hidden=0; nouse=0; global=0; static=0; extern=0; dir=0; type=0; pingpong=0; private_global=0; IO mode=ap_none:ce=0
Port [ out_tile]:  wired=1; compound=1; hidden=0; nouse=0; global=1; static=1; extern=0; dir=1; type=1; pingpong=0; private_global=0; MemPort=[03]; IO mode=ap_memory:ce=0
---------------- STG Properties END ------------------

---------------- Datapath Model BEGIN ----------------

<LifeTime>
<method=bitvector/>
tw                    (alloca           ) [ 011]
th                    (alloca           ) [ 011]
indvar_flatten        (alloca           ) [ 011]
tn                    (alloca           ) [ 011]
indvar_flatten16      (alloca           ) [ 011]
zext_ln105_read       (read             ) [ 011]
select_ln103_3_read   (read             ) [ 011]
zext_ln103_3_read     (read             ) [ 011]
store_ln0             (store            ) [ 000]
store_ln0             (store            ) [ 000]
store_ln0             (store            ) [ 000]
store_ln0             (store            ) [ 000]
store_ln0             (store            ) [ 000]
br_ln0                (br               ) [ 000]
th_1                  (load             ) [ 000]
indvar_flatten_load   (load             ) [ 000]
indvar_flatten16_load (load             ) [ 000]
zext_ln144            (zext             ) [ 000]
notrhs2               (icmp             ) [ 000]
icmp_ln143            (icmp             ) [ 011]
add_ln143_1           (add              ) [ 000]
br_ln143              (br               ) [ 000]
tw_load               (load             ) [ 000]
tn_load               (load             ) [ 000]
add_ln143             (add              ) [ 000]
specloopname_ln0      (specloopname     ) [ 000]
speclooptripcount_ln0 (speclooptripcount) [ 000]
icmp_ln144            (icmp             ) [ 000]
select_ln143          (select           ) [ 000]
select_ln143_1        (select           ) [ 000]
trunc_ln148           (trunc            ) [ 000]
tmp_cast              (bitconcatenate   ) [ 000]
notlhs1_mid1          (icmp             ) [ 000]
notlhs18              (icmp             ) [ 000]
select_ln143_2        (select           ) [ 000]
notrhs2_mid112        (icmp             ) [ 000]
select_ln143_3        (select           ) [ 000]
xor_ln143             (xor              ) [ 000]
icmp_ln145            (icmp             ) [ 000]
and_ln143             (and              ) [ 000]
add_ln144             (add              ) [ 000]
specloopname_ln0      (specloopname     ) [ 000]
or_ln144              (or               ) [ 000]
select_ln144          (select           ) [ 000]
select_ln144_1        (select           ) [ 000]
zext_ln148            (zext             ) [ 000]
add_ln148             (add              ) [ 000]
tmp_9                 (bitconcatenate   ) [ 000]
add_ln144_cast        (zext             ) [ 000]
notrhs2_mid1          (icmp             ) [ 000]
select_ln144_2        (select           ) [ 000]
zext_ln148_1          (zext             ) [ 000]
add_ln148_1           (add              ) [ 000]
zext_ln148_2          (zext             ) [ 000]
out_tile_addr         (getelementptr    ) [ 000]
zext_ln146            (zext             ) [ 000]
specpipeline_ln146    (specpipeline     ) [ 000]
specloopname_ln145    (specloopname     ) [ 000]
icmp_ln147            (icmp             ) [ 000]
and_ln147_1           (and              ) [ 000]
and_ln147             (and              ) [ 011]
br_ln147              (br               ) [ 000]
store_ln148           (store            ) [ 000]
br_ln149              (br               ) [ 000]
add_ln145             (add              ) [ 000]
add_ln144_1           (add              ) [ 000]
select_ln144_3        (select           ) [ 000]
store_ln145           (store            ) [ 000]
store_ln145           (store            ) [ 000]
store_ln145           (store            ) [ 000]
store_ln145           (store            ) [ 000]
store_ln145           (store            ) [ 000]
br_ln145              (br               ) [ 000]
ret_ln0               (ret              ) [ 000]
</LifeTime>

<model>

<comp_list>
<comp id="0" class="1000" name="zext_ln103_3">
<pin_list>
<pin id="1" dir="1" index="0" bw="1" slack="0"/>
</pin_list>
<bind>
<StgValue><ssdm name="zext_ln103_3"/></StgValue>
</bind>
</comp>

<comp id="2" class="1000" name="select_ln103_3">
<pin_list>
<pin id="3" dir="1" index="0" bw="1" slack="0"/>
</pin_list>
<bind>
<StgValue><ssdm name="select_ln103_3"/></StgValue>
</bind>
</comp>

<comp id="4" class="1000" name="zext_ln105">
<pin_list>
<pin id="5" dir="1" index="0" bw="1" slack="0"/>
</pin_list>
<bind>
<StgValue><ssdm name="zext_ln105"/></StgValue>
</bind>
</comp>

<comp id="6" class="1000" name="out_tile">
<pin_list>
<pin id="7" dir="1" index="0" bw="1" slack="0"/>
</pin_list>
<bind>
<StgValue><ssdm name="out_tile"/><MemPortTyVec>0 3 </MemPortTyVec>
</StgValue>
</bind>
</comp>

<comp id="8" class="1001" name="const_8">
<pin_list>
<pin id="9" dir="1" index="0" bw="1" slack="0"/>
</pin_list>
<bind>
<StgValue><ssdm name=""/></StgValue>
</bind>
</comp>

<comp id="10" class="1001" name="const_10">
<pin_list>
<pin id="11" dir="1" index="0" bw="1" slack="0"/>
</pin_list>
<bind>
<StgValue><ssdm name="_ssdm_op_Read.ap_auto.i8"/></StgValue>
</bind>
</comp>

<comp id="12" class="1001" name="const_12">
<pin_list>
<pin id="13" dir="1" index="0" bw="1" slack="0"/>
</pin_list>
<bind>
<StgValue><ssdm name=""/></StgValue>
</bind>
</comp>

<comp id="14" class="1001" name="const_14">
<pin_list>
<pin id="15" dir="1" index="0" bw="1" slack="0"/>
</pin_list>
<bind>
<StgValue><ssdm name=""/></StgValue>
</bind>
</comp>

<comp id="16" class="1001" name="const_16">
<pin_list>
<pin id="17" dir="1" index="0" bw="1" slack="0"/>
</pin_list>
<bind>
<StgValue><ssdm name=""/></StgValue>
</bind>
</comp>

<comp id="18" class="1001" name="const_18">
<pin_list>
<pin id="19" dir="1" index="0" bw="1" slack="0"/>
</pin_list>
<bind>
<StgValue><ssdm name=""/></StgValue>
</bind>
</comp>

<comp id="20" class="1001" name="const_20">
<pin_list>
<pin id="21" dir="1" index="0" bw="1" slack="0"/>
</pin_list>
<bind>
<StgValue><ssdm name=""/></StgValue>
</bind>
</comp>

<comp id="22" class="1001" name="const_22">
<pin_list>
<pin id="23" dir="1" index="0" bw="1" slack="0"/>
</pin_list>
<bind>
<StgValue><ssdm name=""/></StgValue>
</bind>
</comp>

<comp id="24" class="1001" name="const_24">
<pin_list>
<pin id="25" dir="1" index="0" bw="1" slack="0"/>
</pin_list>
<bind>
<StgValue><ssdm name=""/></StgValue>
</bind>
</comp>

<comp id="26" class="1001" name="const_26">
<pin_list>
<pin id="27" dir="1" index="0" bw="1" slack="2147483647"/>
</pin_list>
<bind>
<StgValue><ssdm name="_ssdm_op_SpecLoopName"/></StgValue>
</bind>
</comp>

<comp id="28" class="1001" name="const_28">
<pin_list>
<pin id="29" dir="1" index="0" bw="1" slack="2147483647"/>
</pin_list>
<bind>
<StgValue><ssdm name="VITIS_LOOP_143_4_VITIS_LOOP_144_5_VITIS_LOOP_145_6_str"/></StgValue>
</bind>
</comp>

<comp id="30" class="1001" name="const_30">
<pin_list>
<pin id="31" dir="1" index="0" bw="1" slack="2147483647"/>
</pin_list>
<bind>
<StgValue><ssdm name="_ssdm_op_SpecLoopTripCount"/></StgValue>
</bind>
</comp>

<comp id="32" class="1001" name="const_32">
<pin_list>
<pin id="33" dir="1" index="0" bw="1" slack="2147483647"/>
</pin_list>
<bind>
<StgValue><ssdm name=""/></StgValue>
</bind>
</comp>

<comp id="34" class="1001" name="const_34">
<pin_list>
<pin id="35" dir="1" index="0" bw="1" slack="0"/>
</pin_list>
<bind>
<StgValue><ssdm name=""/></StgValue>
</bind>
</comp>

<comp id="36" class="1001" name="const_36">
<pin_list>
<pin id="37" dir="1" index="0" bw="1" slack="0"/>
</pin_list>
<bind>
<StgValue><ssdm name="_ssdm_op_BitConcatenate.i8.i3.i5"/></StgValue>
</bind>
</comp>

<comp id="38" class="1001" name="const_38">
<pin_list>
<pin id="39" dir="1" index="0" bw="1" slack="0"/>
</pin_list>
<bind>
<StgValue><ssdm name=""/></StgValue>
</bind>
</comp>

<comp id="40" class="1001" name="const_40">
<pin_list>
<pin id="41" dir="1" index="0" bw="1" slack="0"/>
</pin_list>
<bind>
<StgValue><ssdm name=""/></StgValue>
</bind>
</comp>

<comp id="42" class="1001" name="const_42">
<pin_list>
<pin id="43" dir="1" index="0" bw="1" slack="0"/>
</pin_list>
<bind>
<StgValue><ssdm name=""/></StgValue>
</bind>
</comp>

<comp id="44" class="1001" name="const_44">
<pin_list>
<pin id="45" dir="1" index="0" bw="1" slack="0"/>
</pin_list>
<bind>
<StgValue><ssdm name=""/></StgValue>
</bind>
</comp>

<comp id="46" class="1001" name="const_46">
<pin_list>
<pin id="47" dir="1" index="0" bw="1" slack="0"/>
</pin_list>
<bind>
<StgValue><ssdm name=""/></StgValue>
</bind>
</comp>

<comp id="48" class="1001" name="const_48">
<pin_list>
<pin id="49" dir="1" index="0" bw="1" slack="2147483647"/>
</pin_list>
<bind>
<StgValue><ssdm name="VITIS_LOOP_144_5_VITIS_LOOP_145_6_str"/></StgValue>
</bind>
</comp>

<comp id="50" class="1001" name="const_50">
<pin_list>
<pin id="51" dir="1" index="0" bw="1" slack="0"/>
</pin_list>
<bind>
<StgValue><ssdm name="_ssdm_op_BitConcatenate.i13.i8.i5"/></StgValue>
</bind>
</comp>

<comp id="52" class="1001" name="const_52">
<pin_list>
<pin id="53" dir="1" index="0" bw="1" slack="0"/>
</pin_list>
<bind>
<StgValue><ssdm name=""/></StgValue>
</bind>
</comp>

<comp id="54" class="1001" name="const_54">
<pin_list>
<pin id="55" dir="1" index="0" bw="1" slack="2147483647"/>
</pin_list>
<bind>
<StgValue><ssdm name="_ssdm_op_SpecPipeline"/></StgValue>
</bind>
</comp>

<comp id="56" class="1001" name="const_56">
<pin_list>
<pin id="57" dir="1" index="0" bw="1" slack="2147483647"/>
</pin_list>
<bind>
<StgValue><ssdm name=""/></StgValue>
</bind>
</comp>

<comp id="58" class="1001" name="const_58">
<pin_list>
<pin id="59" dir="1" index="0" bw="1" slack="2147483647"/>
</pin_list>
<bind>
<StgValue><ssdm name="empty_19"/></StgValue>
</bind>
</comp>

<comp id="60" class="1001" name="const_60">
<pin_list>
<pin id="61" dir="1" index="0" bw="1" slack="2147483647"/>
</pin_list>
<bind>
<StgValue><ssdm name="empty_20"/></StgValue>
</bind>
</comp>

<comp id="62" class="1001" name="const_62">
<pin_list>
<pin id="63" dir="1" index="0" bw="1" slack="0"/>
</pin_list>
<bind>
<StgValue><ssdm name=""/></StgValue>
</bind>
</comp>

<comp id="64" class="1001" name="const_64">
<pin_list>
<pin id="65" dir="1" index="0" bw="1" slack="0"/>
</pin_list>
<bind>
<StgValue><ssdm name=""/></StgValue>
</bind>
</comp>

<comp id="66" class="1004" name="tw_fu_66">
<pin_list>
<pin id="67" dir="0" index="0" bw="1" slack="0"/>
<pin id="68" dir="1" index="1" bw="6" slack="0"/>
</pin_list>
<bind>
<opcode="alloca(26) " fcode="alloca"/>
<opset="tw/1 "/>
</bind>
</comp>

<comp id="70" class="1004" name="th_fu_70">
<pin_list>
<pin id="71" dir="0" index="0" bw="1" slack="0"/>
<pin id="72" dir="1" index="1" bw="6" slack="0"/>
</pin_list>
<bind>
<opcode="alloca(26) " fcode="alloca"/>
<opset="th/1 "/>
</bind>
</comp>

<comp id="74" class="1004" name="indvar_flatten_fu_74">
<pin_list>
<pin id="75" dir="0" index="0" bw="1" slack="0"/>
<pin id="76" dir="1" index="1" bw="12" slack="0"/>
</pin_list>
<bind>
<opcode="alloca(26) " fcode="alloca"/>
<opset="indvar_flatten/1 "/>
</bind>
</comp>

<comp id="78" class="1004" name="tn_fu_78">
<pin_list>
<pin id="79" dir="0" index="0" bw="1" slack="0"/>
<pin id="80" dir="1" index="1" bw="4" slack="0"/>
</pin_list>
<bind>
<opcode="alloca(26) " fcode="alloca"/>
<opset="tn/1 "/>
</bind>
</comp>

<comp id="82" class="1004" name="indvar_flatten16_fu_82">
<pin_list>
<pin id="83" dir="0" index="0" bw="1" slack="0"/>
<pin id="84" dir="1" index="1" bw="14" slack="0"/>
</pin_list>
<bind>
<opcode="alloca(26) " fcode="alloca"/>
<opset="indvar_flatten16/1 "/>
</bind>
</comp>

<comp id="86" class="1004" name="zext_ln105_read_read_fu_86">
<pin_list>
<pin id="87" dir="0" index="0" bw="8" slack="0"/>
<pin id="88" dir="0" index="1" bw="8" slack="0"/>
<pin id="89" dir="1" index="2" bw="8" slack="1"/>
</pin_list>
<bind>
<opcode="read(1150) " fcode="read"/>
<opset="zext_ln105_read/1 "/>
</bind>
</comp>

<comp id="92" class="1004" name="select_ln103_3_read_read_fu_92">
<pin_list>
<pin id="93" dir="0" index="0" bw="8" slack="0"/>
<pin id="94" dir="0" index="1" bw="8" slack="0"/>
<pin id="95" dir="1" index="2" bw="8" slack="1"/>
</pin_list>
<bind>
<opcode="read(1150) " fcode="read"/>
<opset="select_ln103_3_read/1 "/>
</bind>
</comp>

<comp id="98" class="1004" name="zext_ln103_3_read_read_fu_98">
<pin_list>
<pin id="99" dir="0" index="0" bw="8" slack="0"/>
<pin id="100" dir="0" index="1" bw="8" slack="0"/>
<pin id="101" dir="1" index="2" bw="8" slack="1"/>
</pin_list>
<bind>
<opcode="read(1150) " fcode="read"/>
<opset="zext_ln103_3_read/1 "/>
</bind>
</comp>

<comp id="104" class="1004" name="out_tile_addr_gep_fu_104">
<pin_list>
<pin id="105" dir="0" index="0" bw="32" slack="0"/>
<pin id="106" dir="0" index="1" bw="1" slack="0"/>
<pin id="107" dir="0" index="2" bw="13" slack="0"/>
<pin id="108" dir="1" index="3" bw="13" slack="0"/>
</pin_list>
<bind>
<opcode="getelementptr(29) " fcode="getelementptr"/>
<opset="out_tile_addr/2 "/>
</bind>
</comp>

<comp id="111" class="1004" name="store_ln148_access_fu_111">
<pin_list>
<pin id="112" dir="0" index="0" bw="13" slack="0"/>
<pin id="113" dir="0" index="1" bw="32" slack="0"/>
<pin id="114" dir="0" index="2" bw="0" slack="2147483647"/>
<pin id="115" dir="1" index="3" bw="32" slack="2147483647"/>
</pin_list>
<bind>
<opcode="store(28) " fcode="store"/>
<opset="store_ln148/2 "/>
</bind>
</comp>

<comp id="118" class="1004" name="store_ln0_store_fu_118">
<pin_list>
<pin id="119" dir="0" index="0" bw="1" slack="0"/>
<pin id="120" dir="0" index="1" bw="14" slack="0"/>
<pin id="121" dir="1" index="2" bw="0" slack="2147483647"/>
</pin_list>
<bind>
<opcode="store(28) " fcode="store"/>
<opset="store_ln0/1 "/>
</bind>
</comp>

<comp id="123" class="1004" name="store_ln0_store_fu_123">
<pin_list>
<pin id="124" dir="0" index="0" bw="1" slack="0"/>
<pin id="125" dir="0" index="1" bw="4" slack="0"/>
<pin id="126" dir="1" index="2" bw="0" slack="2147483647"/>
</pin_list>
<bind>
<opcode="store(28) " fcode="store"/>
<opset="store_ln0/1 "/>
</bind>
</comp>

<comp id="128" class="1004" name="store_ln0_store_fu_128">
<pin_list>
<pin id="129" dir="0" index="0" bw="1" slack="0"/>
<pin id="130" dir="0" index="1" bw="12" slack="0"/>
<pin id="131" dir="1" index="2" bw="0" slack="2147483647"/>
</pin_list>
<bind>
<opcode="store(28) " fcode="store"/>
<opset="store_ln0/1 "/>
</bind>
</comp>

<comp id="133" class="1004" name="store_ln0_store_fu_133">
<pin_list>
<pin id="134" dir="0" index="0" bw="1" slack="0"/>
<pin id="135" dir="0" index="1" bw="6" slack="0"/>
<pin id="136" dir="1" index="2" bw="0" slack="2147483647"/>
</pin_list>
<bind>
<opcode="store(28) " fcode="store"/>
<opset="store_ln0/1 "/>
</bind>
</comp>

<comp id="138" class="1004" name="store_ln0_store_fu_138">
<pin_list>
<pin id="139" dir="0" index="0" bw="1" slack="0"/>
<pin id="140" dir="0" index="1" bw="6" slack="0"/>
<pin id="141" dir="1" index="2" bw="0" slack="2147483647"/>
</pin_list>
<bind>
<opcode="store(28) " fcode="store"/>
<opset="store_ln0/1 "/>
</bind>
</comp>

<comp id="143" class="1004" name="th_1_load_fu_143">
<pin_list>
<pin id="144" dir="0" index="0" bw="6" slack="1"/>
<pin id="145" dir="1" index="1" bw="6" slack="0"/>
</pin_list>
<bind>
<opcode="load(27) " fcode="load"/>
<opset="th_1/2 "/>
</bind>
</comp>

<comp id="146" class="1004" name="indvar_flatten_load_load_fu_146">
<pin_list>
<pin id="147" dir="0" index="0" bw="12" slack="1"/>
<pin id="148" dir="1" index="1" bw="12" slack="0"/>
</pin_list>
<bind>
<opcode="load(27) " fcode="load"/>
<opset="indvar_flatten_load/2 "/>
</bind>
</comp>

<comp id="149" class="1004" name="indvar_flatten16_load_load_fu_149">
<pin_list>
<pin id="150" dir="0" index="0" bw="14" slack="1"/>
<pin id="151" dir="1" index="1" bw="14" slack="0"/>
</pin_list>
<bind>
<opcode="load(27) " fcode="load"/>
<opset="indvar_flatten16_load/2 "/>
</bind>
</comp>

<comp id="152" class="1004" name="zext_ln144_fu_152">
<pin_list>
<pin id="153" dir="0" index="0" bw="6" slack="0"/>
<pin id="154" dir="1" index="1" bw="8" slack="0"/>
</pin_list>
<bind>
<opcode="zext(34) " fcode="zext"/>
<opset="zext_ln144/2 "/>
</bind>
</comp>

<comp id="156" class="1004" name="notrhs2_fu_156">
<pin_list>
<pin id="157" dir="0" index="0" bw="8" slack="0"/>
<pin id="158" dir="0" index="1" bw="8" slack="1"/>
<pin id="159" dir="1" index="2" bw="1" slack="0"/>
</pin_list>
<bind>
<opcode="icmp(45) " fcode="icmp"/>
<opset="notrhs2/2 "/>
</bind>
</comp>

<comp id="161" class="1004" name="icmp_ln143_fu_161">
<pin_list>
<pin id="162" dir="0" index="0" bw="14" slack="0"/>
<pin id="163" dir="0" index="1" bw="14" slack="0"/>
<pin id="164" dir="1" index="2" bw="1" slack="2147483647"/>
</pin_list>
<bind>
<opcode="icmp(45) " fcode="icmp"/>
<opset="icmp_ln143/2 "/>
</bind>
</comp>

<comp id="167" class="1004" name="add_ln143_1_fu_167">
<pin_list>
<pin id="168" dir="0" index="0" bw="14" slack="0"/>
<pin id="169" dir="0" index="1" bw="1" slack="0"/>
<pin id="170" dir="1" index="2" bw="14" slack="0"/>
</pin_list>
<bind>
<opcode="add(8) " fcode="add"/>
<opset="add_ln143_1/2 "/>
</bind>
</comp>

<comp id="173" class="1004" name="tw_load_load_fu_173">
<pin_list>
<pin id="174" dir="0" index="0" bw="6" slack="1"/>
<pin id="175" dir="1" index="1" bw="6" slack="0"/>
</pin_list>
<bind>
<opcode="load(27) " fcode="load"/>
<opset="tw_load/2 "/>
</bind>
</comp>

<comp id="176" class="1004" name="tn_load_load_fu_176">
<pin_list>
<pin id="177" dir="0" index="0" bw="4" slack="1"/>
<pin id="178" dir="1" index="1" bw="4" slack="0"/>
</pin_list>
<bind>
<opcode="load(27) " fcode="load"/>
<opset="tn_load/2 "/>
</bind>
</comp>

<comp id="179" class="1004" name="add_ln143_fu_179">
<pin_list>
<pin id="180" dir="0" index="0" bw="4" slack="0"/>
<pin id="181" dir="0" index="1" bw="1" slack="0"/>
<pin id="182" dir="1" index="2" bw="4" slack="0"/>
</pin_list>
<bind>
<opcode="add(8) " fcode="add"/>
<opset="add_ln143/2 "/>
</bind>
</comp>

<comp id="185" class="1004" name="icmp_ln144_fu_185">
<pin_list>
<pin id="186" dir="0" index="0" bw="12" slack="0"/>
<pin id="187" dir="0" index="1" bw="12" slack="0"/>
<pin id="188" dir="1" index="2" bw="1" slack="0"/>
</pin_list>
<bind>
<opcode="icmp(45) " fcode="icmp"/>
<opset="icmp_ln144/2 "/>
</bind>
</comp>

<comp id="191" class="1004" name="select_ln143_fu_191">
<pin_list>
<pin id="192" dir="0" index="0" bw="1" slack="0"/>
<pin id="193" dir="0" index="1" bw="6" slack="0"/>
<pin id="194" dir="0" index="2" bw="6" slack="0"/>
<pin id="195" dir="1" index="3" bw="6" slack="0"/>
</pin_list>
<bind>
<opcode="select(49) " fcode="select"/>
<opset="select_ln143/2 "/>
</bind>
</comp>

<comp id="199" class="1004" name="select_ln143_1_fu_199">
<pin_list>
<pin id="200" dir="0" index="0" bw="1" slack="0"/>
<pin id="201" dir="0" index="1" bw="4" slack="0"/>
<pin id="202" dir="0" index="2" bw="4" slack="0"/>
<pin id="203" dir="1" index="3" bw="4" slack="0"/>
</pin_list>
<bind>
<opcode="select(49) " fcode="select"/>
<opset="select_ln143_1/2 "/>
</bind>
</comp>

<comp id="207" class="1004" name="trunc_ln148_fu_207">
<pin_list>
<pin id="208" dir="0" index="0" bw="4" slack="0"/>
<pin id="209" dir="1" index="1" bw="3" slack="0"/>
</pin_list>
<bind>
<opcode="trunc(33) " fcode="trunc"/>
<opset="trunc_ln148/2 "/>
</bind>
</comp>

<comp id="211" class="1004" name="tmp_cast_fu_211">
<pin_list>
<pin id="212" dir="0" index="0" bw="8" slack="0"/>
<pin id="213" dir="0" index="1" bw="3" slack="0"/>
<pin id="214" dir="0" index="2" bw="1" slack="0"/>
<pin id="215" dir="1" index="3" bw="8" slack="0"/>
</pin_list>
<bind>
<opcode="bitconcatenate(1004) " fcode="bitconcatenate"/>
<opset="tmp_cast/2 "/>
</bind>
</comp>

<comp id="219" class="1004" name="notlhs1_mid1_fu_219">
<pin_list>
<pin id="220" dir="0" index="0" bw="4" slack="0"/>
<pin id="221" dir="0" index="1" bw="4" slack="0"/>
<pin id="222" dir="1" index="2" bw="1" slack="0"/>
</pin_list>
<bind>
<opcode="icmp(45) " fcode="icmp"/>
<opset="notlhs1_mid1/2 "/>
</bind>
</comp>

<comp id="225" class="1004" name="notlhs18_fu_225">
<pin_list>
<pin id="226" dir="0" index="0" bw="4" slack="0"/>
<pin id="227" dir="0" index="1" bw="4" slack="0"/>
<pin id="228" dir="1" index="2" bw="1" slack="0"/>
</pin_list>
<bind>
<opcode="icmp(45) " fcode="icmp"/>
<opset="notlhs18/2 "/>
</bind>
</comp>

<comp id="231" class="1004" name="select_ln143_2_fu_231">
<pin_list>
<pin id="232" dir="0" index="0" bw="1" slack="0"/>
<pin id="233" dir="0" index="1" bw="1" slack="0"/>
<pin id="234" dir="0" index="2" bw="1" slack="0"/>
<pin id="235" dir="1" index="3" bw="1" slack="0"/>
</pin_list>
<bind>
<opcode="select(49) " fcode="select"/>
<opset="select_ln143_2/2 "/>
</bind>
</comp>

<comp id="239" class="1004" name="notrhs2_mid112_fu_239">
<pin_list>
<pin id="240" dir="0" index="0" bw="8" slack="1"/>
<pin id="241" dir="0" index="1" bw="8" slack="0"/>
<pin id="242" dir="1" index="2" bw="1" slack="0"/>
</pin_list>
<bind>
<opcode="icmp(45) " fcode="icmp"/>
<opset="notrhs2_mid112/2 "/>
</bind>
</comp>

<comp id="244" class="1004" name="select_ln143_3_fu_244">
<pin_list>
<pin id="245" dir="0" index="0" bw="1" slack="0"/>
<pin id="246" dir="0" index="1" bw="1" slack="0"/>
<pin id="247" dir="0" index="2" bw="1" slack="0"/>
<pin id="248" dir="1" index="3" bw="1" slack="0"/>
</pin_list>
<bind>
<opcode="select(49) " fcode="select"/>
<opset="select_ln143_3/2 "/>
</bind>
</comp>

<comp id="252" class="1004" name="xor_ln143_fu_252">
<pin_list>
<pin id="253" dir="0" index="0" bw="1" slack="0"/>
<pin id="254" dir="0" index="1" bw="1" slack="0"/>
<pin id="255" dir="1" index="2" bw="1" slack="0"/>
</pin_list>
<bind>
<opcode="xor(25) " fcode="xor"/>
<opset="xor_ln143/2 "/>
</bind>
</comp>

<comp id="258" class="1004" name="icmp_ln145_fu_258">
<pin_list>
<pin id="259" dir="0" index="0" bw="6" slack="0"/>
<pin id="260" dir="0" index="1" bw="6" slack="0"/>
<pin id="261" dir="1" index="2" bw="1" slack="0"/>
</pin_list>
<bind>
<opcode="icmp(45) " fcode="icmp"/>
<opset="icmp_ln145/2 "/>
</bind>
</comp>

<comp id="264" class="1004" name="and_ln143_fu_264">
<pin_list>
<pin id="265" dir="0" index="0" bw="1" slack="0"/>
<pin id="266" dir="0" index="1" bw="1" slack="0"/>
<pin id="267" dir="1" index="2" bw="1" slack="0"/>
</pin_list>
<bind>
<opcode="and(23) " fcode="and"/>
<opset="and_ln143/2 "/>
</bind>
</comp>

<comp id="270" class="1004" name="add_ln144_fu_270">
<pin_list>
<pin id="271" dir="0" index="0" bw="6" slack="0"/>
<pin id="272" dir="0" index="1" bw="1" slack="0"/>
<pin id="273" dir="1" index="2" bw="6" slack="0"/>
</pin_list>
<bind>
<opcode="add(8) " fcode="add"/>
<opset="add_ln144/2 "/>
</bind>
</comp>

<comp id="276" class="1004" name="or_ln144_fu_276">
<pin_list>
<pin id="277" dir="0" index="0" bw="1" slack="0"/>
<pin id="278" dir="0" index="1" bw="1" slack="0"/>
<pin id="279" dir="1" index="2" bw="1" slack="0"/>
</pin_list>
<bind>
<opcode="or(24) " fcode="or"/>
<opset="or_ln144/2 "/>
</bind>
</comp>

<comp id="282" class="1004" name="select_ln144_fu_282">
<pin_list>
<pin id="283" dir="0" index="0" bw="1" slack="0"/>
<pin id="284" dir="0" index="1" bw="6" slack="0"/>
<pin id="285" dir="0" index="2" bw="6" slack="0"/>
<pin id="286" dir="1" index="3" bw="6" slack="0"/>
</pin_list>
<bind>
<opcode="select(49) " fcode="select"/>
<opset="select_ln144/2 "/>
</bind>
</comp>

<comp id="290" class="1004" name="select_ln144_1_fu_290">
<pin_list>
<pin id="291" dir="0" index="0" bw="1" slack="0"/>
<pin id="292" dir="0" index="1" bw="6" slack="0"/>
<pin id="293" dir="0" index="2" bw="6" slack="0"/>
<pin id="294" dir="1" index="3" bw="6" slack="0"/>
</pin_list>
<bind>
<opcode="select(49) " fcode="select"/>
<opset="select_ln144_1/2 "/>
</bind>
</comp>

<comp id="298" class="1004" name="zext_ln148_fu_298">
<pin_list>
<pin id="299" dir="0" index="0" bw="6" slack="0"/>
<pin id="300" dir="1" index="1" bw="8" slack="0"/>
</pin_list>
<bind>
<opcode="zext(34) " fcode="zext"/>
<opset="zext_ln148/2 "/>
</bind>
</comp>

<comp id="302" class="1004" name="add_ln148_fu_302">
<pin_list>
<pin id="303" dir="0" index="0" bw="8" slack="0"/>
<pin id="304" dir="0" index="1" bw="6" slack="0"/>
<pin id="305" dir="1" index="2" bw="8" slack="0"/>
</pin_list>
<bind>
<opcode="add(8) " fcode="add"/>
<opset="add_ln148/2 "/>
</bind>
</comp>

<comp id="308" class="1004" name="tmp_9_fu_308">
<pin_list>
<pin id="309" dir="0" index="0" bw="13" slack="0"/>
<pin id="310" dir="0" index="1" bw="8" slack="0"/>
<pin id="311" dir="0" index="2" bw="1" slack="0"/>
<pin id="312" dir="1" index="3" bw="13" slack="0"/>
</pin_list>
<bind>
<opcode="bitconcatenate(1004) " fcode="bitconcatenate"/>
<opset="tmp_9/2 "/>
</bind>
</comp>

<comp id="316" class="1004" name="add_ln144_cast_fu_316">
<pin_list>
<pin id="317" dir="0" index="0" bw="6" slack="0"/>
<pin id="318" dir="1" index="1" bw="8" slack="0"/>
</pin_list>
<bind>
<opcode="zext(34) " fcode="zext"/>
<opset="add_ln144_cast/2 "/>
</bind>
</comp>

<comp id="320" class="1004" name="notrhs2_mid1_fu_320">
<pin_list>
<pin id="321" dir="0" index="0" bw="8" slack="0"/>
<pin id="322" dir="0" index="1" bw="8" slack="1"/>
<pin id="323" dir="1" index="2" bw="1" slack="0"/>
</pin_list>
<bind>
<opcode="icmp(45) " fcode="icmp"/>
<opset="notrhs2_mid1/2 "/>
</bind>
</comp>

<comp id="325" class="1004" name="select_ln144_2_fu_325">
<pin_list>
<pin id="326" dir="0" index="0" bw="1" slack="0"/>
<pin id="327" dir="0" index="1" bw="1" slack="0"/>
<pin id="328" dir="0" index="2" bw="1" slack="0"/>
<pin id="329" dir="1" index="3" bw="1" slack="0"/>
</pin_list>
<bind>
<opcode="select(49) " fcode="select"/>
<opset="select_ln144_2/2 "/>
</bind>
</comp>

<comp id="333" class="1004" name="zext_ln148_1_fu_333">
<pin_list>
<pin id="334" dir="0" index="0" bw="6" slack="0"/>
<pin id="335" dir="1" index="1" bw="13" slack="0"/>
</pin_list>
<bind>
<opcode="zext(34) " fcode="zext"/>
<opset="zext_ln148_1/2 "/>
</bind>
</comp>

<comp id="337" class="1004" name="add_ln148_1_fu_337">
<pin_list>
<pin id="338" dir="0" index="0" bw="13" slack="0"/>
<pin id="339" dir="0" index="1" bw="6" slack="0"/>
<pin id="340" dir="1" index="2" bw="13" slack="0"/>
</pin_list>
<bind>
<opcode="add(8) " fcode="add"/>
<opset="add_ln148_1/2 "/>
</bind>
</comp>

<comp id="343" class="1004" name="zext_ln148_2_fu_343">
<pin_list>
<pin id="344" dir="0" index="0" bw="13" slack="0"/>
<pin id="345" dir="1" index="1" bw="64" slack="0"/>
</pin_list>
<bind>
<opcode="zext(34) " fcode="zext"/>
<opset="zext_ln148_2/2 "/>
</bind>
</comp>

<comp id="348" class="1004" name="zext_ln146_fu_348">
<pin_list>
<pin id="349" dir="0" index="0" bw="6" slack="0"/>
<pin id="350" dir="1" index="1" bw="8" slack="0"/>
</pin_list>
<bind>
<opcode="zext(34) " fcode="zext"/>
<opset="zext_ln146/2 "/>
</bind>
</comp>

<comp id="352" class="1004" name="icmp_ln147_fu_352">
<pin_list>
<pin id="353" dir="0" index="0" bw="8" slack="0"/>
<pin id="354" dir="0" index="1" bw="8" slack="1"/>
<pin id="355" dir="1" index="2" bw="1" slack="0"/>
</pin_list>
<bind>
<opcode="icmp(45) " fcode="icmp"/>
<opset="icmp_ln147/2 "/>
</bind>
</comp>

<comp id="357" class="1004" name="and_ln147_1_fu_357">
<pin_list>
<pin id="358" dir="0" index="0" bw="1" slack="0"/>
<pin id="359" dir="0" index="1" bw="1" slack="0"/>
<pin id="360" dir="1" index="2" bw="1" slack="0"/>
</pin_list>
<bind>
<opcode="and(23) " fcode="and"/>
<opset="and_ln147_1/2 "/>
</bind>
</comp>

<comp id="363" class="1004" name="and_ln147_fu_363">
<pin_list>
<pin id="364" dir="0" index="0" bw="1" slack="0"/>
<pin id="365" dir="0" index="1" bw="1" slack="0"/>
<pin id="366" dir="1" index="2" bw="1" slack="2147483647"/>
</pin_list>
<bind>
<opcode="and(23) " fcode="and"/>
<opset="and_ln147/2 "/>
</bind>
</comp>

<comp id="369" class="1004" name="add_ln145_fu_369">
<pin_list>
<pin id="370" dir="0" index="0" bw="6" slack="0"/>
<pin id="371" dir="0" index="1" bw="1" slack="0"/>
<pin id="372" dir="1" index="2" bw="6" slack="0"/>
</pin_list>
<bind>
<opcode="add(8) " fcode="add"/>
<opset="add_ln145/2 "/>
</bind>
</comp>

<comp id="375" class="1004" name="add_ln144_1_fu_375">
<pin_list>
<pin id="376" dir="0" index="0" bw="12" slack="0"/>
<pin id="377" dir="0" index="1" bw="1" slack="0"/>
<pin id="378" dir="1" index="2" bw="12" slack="0"/>
</pin_list>
<bind>
<opcode="add(8) " fcode="add"/>
<opset="add_ln144_1/2 "/>
</bind>
</comp>

<comp id="381" class="1004" name="select_ln144_3_fu_381">
<pin_list>
<pin id="382" dir="0" index="0" bw="1" slack="0"/>
<pin id="383" dir="0" index="1" bw="12" slack="0"/>
<pin id="384" dir="0" index="2" bw="12" slack="0"/>
<pin id="385" dir="1" index="3" bw="12" slack="0"/>
</pin_list>
<bind>
<opcode="select(49) " fcode="select"/>
<opset="select_ln144_3/2 "/>
</bind>
</comp>

<comp id="389" class="1004" name="store_ln145_store_fu_389">
<pin_list>
<pin id="390" dir="0" index="0" bw="14" slack="0"/>
<pin id="391" dir="0" index="1" bw="14" slack="1"/>
<pin id="392" dir="1" index="2" bw="0" slack="2147483647"/>
</pin_list>
<bind>
<opcode="store(28) " fcode="store"/>
<opset="store_ln145/2 "/>
</bind>
</comp>

<comp id="394" class="1004" name="store_ln145_store_fu_394">
<pin_list>
<pin id="395" dir="0" index="0" bw="4" slack="0"/>
<pin id="396" dir="0" index="1" bw="4" slack="1"/>
<pin id="397" dir="1" index="2" bw="0" slack="2147483647"/>
</pin_list>
<bind>
<opcode="store(28) " fcode="store"/>
<opset="store_ln145/2 "/>
</bind>
</comp>

<comp id="399" class="1004" name="store_ln145_store_fu_399">
<pin_list>
<pin id="400" dir="0" index="0" bw="12" slack="0"/>
<pin id="401" dir="0" index="1" bw="12" slack="1"/>
<pin id="402" dir="1" index="2" bw="0" slack="2147483647"/>
</pin_list>
<bind>
<opcode="store(28) " fcode="store"/>
<opset="store_ln145/2 "/>
</bind>
</comp>

<comp id="404" class="1004" name="store_ln145_store_fu_404">
<pin_list>
<pin id="405" dir="0" index="0" bw="6" slack="0"/>
<pin id="406" dir="0" index="1" bw="6" slack="1"/>
<pin id="407" dir="1" index="2" bw="0" slack="2147483647"/>
</pin_list>
<bind>
<opcode="store(28) " fcode="store"/>
<opset="store_ln145/2 "/>
</bind>
</comp>

<comp id="409" class="1004" name="store_ln145_store_fu_409">
<pin_list>
<pin id="410" dir="0" index="0" bw="6" slack="0"/>
<pin id="411" dir="0" index="1" bw="6" slack="1"/>
<pin id="412" dir="1" index="2" bw="0" slack="2147483647"/>
</pin_list>
<bind>
<opcode="store(28) " fcode="store"/>
<opset="store_ln145/2 "/>
</bind>
</comp>

<comp id="414" class="1005" name="tw_reg_414">
<pin_list>
<pin id="415" dir="0" index="0" bw="6" slack="0"/>
<pin id="416" dir="1" index="1" bw="6" slack="0"/>
</pin_list>
<bind>
<opset="tw "/>
</bind>
</comp>

<comp id="421" class="1005" name="th_reg_421">
<pin_list>
<pin id="422" dir="0" index="0" bw="6" slack="0"/>
<pin id="423" dir="1" index="1" bw="6" slack="0"/>
</pin_list>
<bind>
<opset="th "/>
</bind>
</comp>

<comp id="428" class="1005" name="indvar_flatten_reg_428">
<pin_list>
<pin id="429" dir="0" index="0" bw="12" slack="0"/>
<pin id="430" dir="1" index="1" bw="12" slack="0"/>
</pin_list>
<bind>
<opset="indvar_flatten "/>
</bind>
</comp>

<comp id="435" class="1005" name="tn_reg_435">
<pin_list>
<pin id="436" dir="0" index="0" bw="4" slack="0"/>
<pin id="437" dir="1" index="1" bw="4" slack="0"/>
</pin_list>
<bind>
<opset="tn "/>
</bind>
</comp>

<comp id="442" class="1005" name="indvar_flatten16_reg_442">
<pin_list>
<pin id="443" dir="0" index="0" bw="14" slack="0"/>
<pin id="444" dir="1" index="1" bw="14" slack="0"/>
</pin_list>
<bind>
<opset="indvar_flatten16 "/>
</bind>
</comp>

<comp id="449" class="1005" name="zext_ln105_read_reg_449">
<pin_list>
<pin id="450" dir="0" index="0" bw="8" slack="1"/>
<pin id="451" dir="1" index="1" bw="8" slack="1"/>
</pin_list>
<bind>
<opset="zext_ln105_read "/>
</bind>
</comp>

<comp id="454" class="1005" name="select_ln103_3_read_reg_454">
<pin_list>
<pin id="455" dir="0" index="0" bw="8" slack="1"/>
<pin id="456" dir="1" index="1" bw="8" slack="1"/>
</pin_list>
<bind>
<opset="select_ln103_3_read "/>
</bind>
</comp>

<comp id="459" class="1005" name="zext_ln103_3_read_reg_459">
<pin_list>
<pin id="460" dir="0" index="0" bw="8" slack="1"/>
<pin id="461" dir="1" index="1" bw="8" slack="1"/>
</pin_list>
<bind>
<opset="zext_ln103_3_read "/>
</bind>
</comp>

</comp_list>

<net_list>
<net id="69"><net_src comp="8" pin="0"/><net_sink comp="66" pin=0"/></net>

<net id="73"><net_src comp="8" pin="0"/><net_sink comp="70" pin=0"/></net>

<net id="77"><net_src comp="8" pin="0"/><net_sink comp="74" pin=0"/></net>

<net id="81"><net_src comp="8" pin="0"/><net_sink comp="78" pin=0"/></net>

<net id="85"><net_src comp="8" pin="0"/><net_sink comp="82" pin=0"/></net>

<net id="90"><net_src comp="10" pin="0"/><net_sink comp="86" pin=0"/></net>

<net id="91"><net_src comp="4" pin="0"/><net_sink comp="86" pin=1"/></net>

<net id="96"><net_src comp="10" pin="0"/><net_sink comp="92" pin=0"/></net>

<net id="97"><net_src comp="2" pin="0"/><net_sink comp="92" pin=1"/></net>

<net id="102"><net_src comp="10" pin="0"/><net_sink comp="98" pin=0"/></net>

<net id="103"><net_src comp="0" pin="0"/><net_sink comp="98" pin=1"/></net>

<net id="109"><net_src comp="6" pin="0"/><net_sink comp="104" pin=0"/></net>

<net id="110"><net_src comp="52" pin="0"/><net_sink comp="104" pin=1"/></net>

<net id="116"><net_src comp="62" pin="0"/><net_sink comp="111" pin=1"/></net>

<net id="117"><net_src comp="104" pin="3"/><net_sink comp="111" pin=0"/></net>

<net id="122"><net_src comp="12" pin="0"/><net_sink comp="118" pin=0"/></net>

<net id="127"><net_src comp="14" pin="0"/><net_sink comp="123" pin=0"/></net>

<net id="132"><net_src comp="16" pin="0"/><net_sink comp="128" pin=0"/></net>

<net id="137"><net_src comp="18" pin="0"/><net_sink comp="133" pin=0"/></net>

<net id="142"><net_src comp="18" pin="0"/><net_sink comp="138" pin=0"/></net>

<net id="155"><net_src comp="143" pin="1"/><net_sink comp="152" pin=0"/></net>

<net id="160"><net_src comp="152" pin="1"/><net_sink comp="156" pin=0"/></net>

<net id="165"><net_src comp="149" pin="1"/><net_sink comp="161" pin=0"/></net>

<net id="166"><net_src comp="20" pin="0"/><net_sink comp="161" pin=1"/></net>

<net id="171"><net_src comp="149" pin="1"/><net_sink comp="167" pin=0"/></net>

<net id="172"><net_src comp="22" pin="0"/><net_sink comp="167" pin=1"/></net>

<net id="183"><net_src comp="176" pin="1"/><net_sink comp="179" pin=0"/></net>

<net id="184"><net_src comp="24" pin="0"/><net_sink comp="179" pin=1"/></net>

<net id="189"><net_src comp="146" pin="1"/><net_sink comp="185" pin=0"/></net>

<net id="190"><net_src comp="34" pin="0"/><net_sink comp="185" pin=1"/></net>

<net id="196"><net_src comp="185" pin="2"/><net_sink comp="191" pin=0"/></net>

<net id="197"><net_src comp="18" pin="0"/><net_sink comp="191" pin=1"/></net>

<net id="198"><net_src comp="143" pin="1"/><net_sink comp="191" pin=2"/></net>

<net id="204"><net_src comp="185" pin="2"/><net_sink comp="199" pin=0"/></net>

<net id="205"><net_src comp="179" pin="2"/><net_sink comp="199" pin=1"/></net>

<net id="206"><net_src comp="176" pin="1"/><net_sink comp="199" pin=2"/></net>

<net id="210"><net_src comp="199" pin="3"/><net_sink comp="207" pin=0"/></net>

<net id="216"><net_src comp="36" pin="0"/><net_sink comp="211" pin=0"/></net>

<net id="217"><net_src comp="207" pin="1"/><net_sink comp="211" pin=1"/></net>

<net id="218"><net_src comp="38" pin="0"/><net_sink comp="211" pin=2"/></net>

<net id="223"><net_src comp="179" pin="2"/><net_sink comp="219" pin=0"/></net>

<net id="224"><net_src comp="14" pin="0"/><net_sink comp="219" pin=1"/></net>

<net id="229"><net_src comp="176" pin="1"/><net_sink comp="225" pin=0"/></net>

<net id="230"><net_src comp="14" pin="0"/><net_sink comp="225" pin=1"/></net>

<net id="236"><net_src comp="185" pin="2"/><net_sink comp="231" pin=0"/></net>

<net id="237"><net_src comp="219" pin="2"/><net_sink comp="231" pin=1"/></net>

<net id="238"><net_src comp="225" pin="2"/><net_sink comp="231" pin=2"/></net>

<net id="243"><net_src comp="40" pin="0"/><net_sink comp="239" pin=1"/></net>

<net id="249"><net_src comp="185" pin="2"/><net_sink comp="244" pin=0"/></net>

<net id="250"><net_src comp="239" pin="2"/><net_sink comp="244" pin=1"/></net>

<net id="251"><net_src comp="156" pin="2"/><net_sink comp="244" pin=2"/></net>

<net id="256"><net_src comp="185" pin="2"/><net_sink comp="252" pin=0"/></net>

<net id="257"><net_src comp="42" pin="0"/><net_sink comp="252" pin=1"/></net>

<net id="262"><net_src comp="173" pin="1"/><net_sink comp="258" pin=0"/></net>

<net id="263"><net_src comp="44" pin="0"/><net_sink comp="258" pin=1"/></net>

<net id="268"><net_src comp="258" pin="2"/><net_sink comp="264" pin=0"/></net>

<net id="269"><net_src comp="252" pin="2"/><net_sink comp="264" pin=1"/></net>

<net id="274"><net_src comp="191" pin="3"/><net_sink comp="270" pin=0"/></net>

<net id="275"><net_src comp="46" pin="0"/><net_sink comp="270" pin=1"/></net>

<net id="280"><net_src comp="264" pin="2"/><net_sink comp="276" pin=0"/></net>

<net id="281"><net_src comp="185" pin="2"/><net_sink comp="276" pin=1"/></net>

<net id="287"><net_src comp="276" pin="2"/><net_sink comp="282" pin=0"/></net>

<net id="288"><net_src comp="18" pin="0"/><net_sink comp="282" pin=1"/></net>

<net id="289"><net_src comp="173" pin="1"/><net_sink comp="282" pin=2"/></net>

<net id="295"><net_src comp="264" pin="2"/><net_sink comp="290" pin=0"/></net>

<net id="296"><net_src comp="270" pin="2"/><net_sink comp="290" pin=1"/></net>

<net id="297"><net_src comp="191" pin="3"/><net_sink comp="290" pin=2"/></net>

<net id="301"><net_src comp="290" pin="3"/><net_sink comp="298" pin=0"/></net>

<net id="306"><net_src comp="211" pin="3"/><net_sink comp="302" pin=0"/></net>

<net id="307"><net_src comp="298" pin="1"/><net_sink comp="302" pin=1"/></net>

<net id="313"><net_src comp="50" pin="0"/><net_sink comp="308" pin=0"/></net>

<net id="314"><net_src comp="302" pin="2"/><net_sink comp="308" pin=1"/></net>

<net id="315"><net_src comp="38" pin="0"/><net_sink comp="308" pin=2"/></net>

<net id="319"><net_src comp="270" pin="2"/><net_sink comp="316" pin=0"/></net>

<net id="324"><net_src comp="316" pin="1"/><net_sink comp="320" pin=0"/></net>

<net id="330"><net_src comp="264" pin="2"/><net_sink comp="325" pin=0"/></net>

<net id="331"><net_src comp="320" pin="2"/><net_sink comp="325" pin=1"/></net>

<net id="332"><net_src comp="244" pin="3"/><net_sink comp="325" pin=2"/></net>

<net id="336"><net_src comp="282" pin="3"/><net_sink comp="333" pin=0"/></net>

<net id="341"><net_src comp="308" pin="3"/><net_sink comp="337" pin=0"/></net>

<net id="342"><net_src comp="333" pin="1"/><net_sink comp="337" pin=1"/></net>

<net id="346"><net_src comp="337" pin="2"/><net_sink comp="343" pin=0"/></net>

<net id="347"><net_src comp="343" pin="1"/><net_sink comp="104" pin=2"/></net>

<net id="351"><net_src comp="282" pin="3"/><net_sink comp="348" pin=0"/></net>

<net id="356"><net_src comp="348" pin="1"/><net_sink comp="352" pin=0"/></net>

<net id="361"><net_src comp="352" pin="2"/><net_sink comp="357" pin=0"/></net>

<net id="362"><net_src comp="231" pin="3"/><net_sink comp="357" pin=1"/></net>

<net id="367"><net_src comp="357" pin="2"/><net_sink comp="363" pin=0"/></net>

<net id="368"><net_src comp="325" pin="3"/><net_sink comp="363" pin=1"/></net>

<net id="373"><net_src comp="282" pin="3"/><net_sink comp="369" pin=0"/></net>

<net id="374"><net_src comp="46" pin="0"/><net_sink comp="369" pin=1"/></net>

<net id="379"><net_src comp="146" pin="1"/><net_sink comp="375" pin=0"/></net>

<net id="380"><net_src comp="64" pin="0"/><net_sink comp="375" pin=1"/></net>

<net id="386"><net_src comp="185" pin="2"/><net_sink comp="381" pin=0"/></net>

<net id="387"><net_src comp="64" pin="0"/><net_sink comp="381" pin=1"/></net>

<net id="388"><net_src comp="375" pin="2"/><net_sink comp="381" pin=2"/></net>

<net id="393"><net_src comp="167" pin="2"/><net_sink comp="389" pin=0"/></net>

<net id="398"><net_src comp="199" pin="3"/><net_sink comp="394" pin=0"/></net>

<net id="403"><net_src comp="381" pin="3"/><net_sink comp="399" pin=0"/></net>

<net id="408"><net_src comp="290" pin="3"/><net_sink comp="404" pin=0"/></net>

<net id="413"><net_src comp="369" pin="2"/><net_sink comp="409" pin=0"/></net>

<net id="417"><net_src comp="66" pin="1"/><net_sink comp="414" pin=0"/></net>

<net id="418"><net_src comp="414" pin="1"/><net_sink comp="138" pin=1"/></net>

<net id="419"><net_src comp="414" pin="1"/><net_sink comp="173" pin=0"/></net>

<net id="420"><net_src comp="414" pin="1"/><net_sink comp="409" pin=1"/></net>

<net id="424"><net_src comp="70" pin="1"/><net_sink comp="421" pin=0"/></net>

<net id="425"><net_src comp="421" pin="1"/><net_sink comp="133" pin=1"/></net>

<net id="426"><net_src comp="421" pin="1"/><net_sink comp="143" pin=0"/></net>

<net id="427"><net_src comp="421" pin="1"/><net_sink comp="404" pin=1"/></net>

<net id="431"><net_src comp="74" pin="1"/><net_sink comp="428" pin=0"/></net>

<net id="432"><net_src comp="428" pin="1"/><net_sink comp="128" pin=1"/></net>

<net id="433"><net_src comp="428" pin="1"/><net_sink comp="146" pin=0"/></net>

<net id="434"><net_src comp="428" pin="1"/><net_sink comp="399" pin=1"/></net>

<net id="438"><net_src comp="78" pin="1"/><net_sink comp="435" pin=0"/></net>

<net id="439"><net_src comp="435" pin="1"/><net_sink comp="123" pin=1"/></net>

<net id="440"><net_src comp="435" pin="1"/><net_sink comp="176" pin=0"/></net>

<net id="441"><net_src comp="435" pin="1"/><net_sink comp="394" pin=1"/></net>

<net id="445"><net_src comp="82" pin="1"/><net_sink comp="442" pin=0"/></net>

<net id="446"><net_src comp="442" pin="1"/><net_sink comp="118" pin=1"/></net>

<net id="447"><net_src comp="442" pin="1"/><net_sink comp="149" pin=0"/></net>

<net id="448"><net_src comp="442" pin="1"/><net_sink comp="389" pin=1"/></net>

<net id="452"><net_src comp="86" pin="2"/><net_sink comp="449" pin=0"/></net>

<net id="453"><net_src comp="449" pin="1"/><net_sink comp="352" pin=1"/></net>

<net id="457"><net_src comp="92" pin="2"/><net_sink comp="454" pin=0"/></net>

<net id="458"><net_src comp="454" pin="1"/><net_sink comp="239" pin=0"/></net>

<net id="462"><net_src comp="98" pin="2"/><net_sink comp="459" pin=0"/></net>

<net id="463"><net_src comp="459" pin="1"/><net_sink comp="156" pin=1"/></net>

<net id="464"><net_src comp="459" pin="1"/><net_sink comp="320" pin=1"/></net>

</net_list>

</model> 
---------------- Datapath Model END ------------------

* FSMD analyzer results:
  - Output states:
	Port: out_tile | {2 }
 - Input state : 
	Port: conv3_Pipeline_VITIS_LOOP_143_4_VITIS_LOOP_144_5_VITIS_LOOP_145_6 : zext_ln103_3 | {1 }
	Port: conv3_Pipeline_VITIS_LOOP_143_4_VITIS_LOOP_144_5_VITIS_LOOP_145_6 : select_ln103_3 | {1 }
	Port: conv3_Pipeline_VITIS_LOOP_143_4_VITIS_LOOP_144_5_VITIS_LOOP_145_6 : zext_ln105 | {1 }
	Port: conv3_Pipeline_VITIS_LOOP_143_4_VITIS_LOOP_144_5_VITIS_LOOP_145_6 : out_tile | {}
  - Chain level:
	State 1
		store_ln0 : 1
		store_ln0 : 1
		store_ln0 : 1
		store_ln0 : 1
		store_ln0 : 1
	State 2
		zext_ln144 : 1
		notrhs2 : 2
		icmp_ln143 : 1
		add_ln143_1 : 1
		br_ln143 : 2
		add_ln143 : 1
		icmp_ln144 : 1
		select_ln143 : 2
		select_ln143_1 : 2
		trunc_ln148 : 3
		tmp_cast : 4
		notlhs1_mid1 : 2
		notlhs18 : 1
		select_ln143_2 : 3
		select_ln143_3 : 3
		xor_ln143 : 2
		icmp_ln145 : 1
		and_ln143 : 2
		add_ln144 : 3
		or_ln144 : 2
		select_ln144 : 2
		select_ln144_1 : 2
		zext_ln148 : 3
		add_ln148 : 4
		tmp_9 : 5
		add_ln144_cast : 4
		notrhs2_mid1 : 5
		select_ln144_2 : 6
		zext_ln148_1 : 3
		add_ln148_1 : 6
		zext_ln148_2 : 7
		out_tile_addr : 8
		zext_ln146 : 3
		icmp_ln147 : 4
		and_ln147_1 : 5
		and_ln147 : 5
		br_ln147 : 5
		store_ln148 : 9
		add_ln145 : 3
		add_ln144_1 : 1
		select_ln144_3 : 2
		store_ln145 : 2
		store_ln145 : 3
		store_ln145 : 3
		store_ln145 : 3
		store_ln145 : 4


============================================================
+ Verbose Summary: Datapath Resource usage 
============================================================

* Functional unit list:
|----------|--------------------------------|---------|---------|
| Operation|         Functional Unit        |    FF   |   LUT   |
|----------|--------------------------------|---------|---------|
|          |         notrhs2_fu_156         |    0    |    15   |
|          |        icmp_ln143_fu_161       |    0    |    21   |
|          |        icmp_ln144_fu_185       |    0    |    19   |
|          |       notlhs1_mid1_fu_219      |    0    |    12   |
|   icmp   |         notlhs18_fu_225        |    0    |    12   |
|          |      notrhs2_mid112_fu_239     |    0    |    15   |
|          |        icmp_ln145_fu_258       |    0    |    13   |
|          |       notrhs2_mid1_fu_320      |    0    |    15   |
|          |        icmp_ln147_fu_352       |    0    |    15   |
|----------|--------------------------------|---------|---------|
|          |       add_ln143_1_fu_167       |    0    |    21   |
|          |        add_ln143_fu_179        |    0    |    12   |
|          |        add_ln144_fu_270        |    0    |    13   |
|    add   |        add_ln148_fu_302        |    0    |    15   |
|          |       add_ln148_1_fu_337       |    0    |    20   |
|          |        add_ln145_fu_369        |    0    |    13   |
|          |       add_ln144_1_fu_375       |    0    |    19   |
|----------|--------------------------------|---------|---------|
|          |       select_ln143_fu_191      |    0    |    6    |
|          |      select_ln143_1_fu_199     |    0    |    4    |
|          |      select_ln143_2_fu_231     |    0    |    2    |
|  select  |      select_ln143_3_fu_244     |    0    |    2    |
|          |       select_ln144_fu_282      |    0    |    6    |
|          |      select_ln144_1_fu_290     |    0    |    6    |
|          |      select_ln144_2_fu_325     |    0    |    2    |
|          |      select_ln144_3_fu_381     |    0    |    11   |
|----------|--------------------------------|---------|---------|
|          |        and_ln143_fu_264        |    0    |    2    |
|    and   |       and_ln147_1_fu_357       |    0    |    2    |
|          |        and_ln147_fu_363        |    0    |    2    |
|----------|--------------------------------|---------|---------|
|    xor   |        xor_ln143_fu_252        |    0    |    2    |
|----------|--------------------------------|---------|---------|
|    or    |         or_ln144_fu_276        |    0    |    2    |
|----------|--------------------------------|---------|---------|
|          |   zext_ln105_read_read_fu_86   |    0    |    0    |
|   read   | select_ln103_3_read_read_fu_92 |    0    |    0    |
|          |  zext_ln103_3_read_read_fu_98  |    0    |    0    |
|----------|--------------------------------|---------|---------|
|          |        zext_ln144_fu_152       |    0    |    0    |
|          |        zext_ln148_fu_298       |    0    |    0    |
|   zext   |      add_ln144_cast_fu_316     |    0    |    0    |
|          |       zext_ln148_1_fu_333      |    0    |    0    |
|          |       zext_ln148_2_fu_343      |    0    |    0    |
|          |        zext_ln146_fu_348       |    0    |    0    |
|----------|--------------------------------|---------|---------|
|   trunc  |       trunc_ln148_fu_207       |    0    |    0    |
|----------|--------------------------------|---------|---------|
|bitconcatenate|         tmp_cast_fu_211        |    0    |    0    |
|          |          tmp_9_fu_308          |    0    |    0    |
|----------|--------------------------------|---------|---------|
|   Total  |                                |    0    |   299   |
|----------|--------------------------------|---------|---------|

Memories:
N/A

* Register list:
+---------------------------+--------+
|                           |   FF   |
+---------------------------+--------+
|  indvar_flatten16_reg_442 |   14   |
|   indvar_flatten_reg_428  |   12   |
|select_ln103_3_read_reg_454|    8   |
|         th_reg_421        |    6   |
|         tn_reg_435        |    4   |
|         tw_reg_414        |    6   |
| zext_ln103_3_read_reg_459 |    8   |
|  zext_ln105_read_reg_449  |    8   |
+---------------------------+--------+
|           Total           |   66   |
+---------------------------+--------+

* Multiplexer (MUX) list: 
|--------|------|------|------|--------|
|  Comp  |  Pin | Size |  BW  | S x BW |
|--------|------|------|------|--------|
|  Total |      |      |      |    0   |
|--------|------|------|------|--------|



* Summary:
+-----------+--------+--------+
|           |   FF   |   LUT  |
+-----------+--------+--------+
|  Function |    0   |   299  |
|   Memory  |    -   |    -   |
|Multiplexer|    -   |    -   |
|  Register |   66   |    -   |
+-----------+--------+--------+
|   Total   |   66   |   299  |
+-----------+--------+--------+
