

================================================================
== Vitis HLS Report for 'conv1_Pipeline_VITIS_LOOP_125_4_VITIS_LOOP_126_5_VITIS_LOOP_127_6'
================================================================
* Date:           Thu Oct 30 21:21:53 2025

* Version:        2023.1 (Build 3854077 on May  4 2023)
* Project:        srcnn_hls
* Solution:       solution1 (Vivado IP Flow Target)
* Product family: zynquplus
* Target device:  xck26-sfvc784-2LV-c


================================================================
== Performance Estimates
================================================================
+ Timing: 
    * Summary: 
    +--------+----------+----------+------------+
    |  Clock |  Target  | Estimated| Uncertainty|
    +--------+----------+----------+------------+
    |ap_clk  |  10.00 ns|  5.180 ns|     2.70 ns|
    +--------+----------+----------+------------+

+ Latency: 
    * Summary: 
    +---------+---------+-----------+-----------+------+------+---------+
    |  Latency (cycles) |   Latency (absolute)  |   Interval  | Pipeline|
    |   min   |   max   |    min    |    max    |  min |  max |   Type  |
    +---------+---------+-----------+-----------+------+------+---------+
    |     8194|     8194|  81.940 us|  81.940 us|  8194|  8194|       no|
    +---------+---------+-----------+-----------+------+------+---------+

    + Detail: 
        * Instance: 
        N/A

        * Loop: 
        +------------------------------------------------------+---------+---------+----------+-----------+-----------+------+----------+
        |                                                      |  Latency (cycles) | Iteration|  Initiation Interval  | Trip |          |
        |                       Loop Name                      |   min   |   max   |  Latency |  achieved |   target  | Count| Pipelined|
        +------------------------------------------------------+---------+---------+----------+-----------+-----------+------+----------+
        |- VITIS_LOOP_125_4_VITIS_LOOP_126_5_VITIS_LOOP_127_6  |     8192|     8192|         1|          1|          1|  8192|       yes|
        +------------------------------------------------------+---------+---------+----------+-----------+-----------+------+----------+

============================================================
+ Verbose Summary: Synthesis Manager
============================================================
InlineROM: 1
ExposeGlobal: 0
============================================================
+ Verbose Summary: CDFG Model
============================================================
IsTopModel: 0
ResetActiveHigh: 1
IsCombinational: 0
IsDatapathOnly: 0
HasWiredReturn: 1
HasMFsm: 2
HasVarLatency: 1
IsPipeline: 0
IsRtlPipelined: 0
IsInstanceOverlapped: 0
IsDontTouch: 0
HasImplIP: 0
IsGatedGlobalClock: 0

+ Individual pipeline summary: 
  * Pipeline-0: initiation interval (II) = 1, depth = 2


============================================================
+ Verbose Summary: Schedule
============================================================
* Number of FSM states : 2
* Pipeline : 1
  Pipeline-0 : II = 1, D = 2, States = { 1 2 }
* Dataflow Pipeline: 0

* FSM state transitions: 
1 --> 2 
2 --> 

* FSM state operations: 

State 1 <SV = 0> <Delay = 0.42>
ST_1 : Operation 4 [1/1] (0.00ns)   --->   "%tw = alloca i32 1"   --->   Operation 4 'alloca' 'tw' <Predicate = true> <Delay = 0.00>
ST_1 : Operation 5 [1/1] (0.00ns)   --->   "%th = alloca i32 1"   --->   Operation 5 'alloca' 'th' <Predicate = true> <Delay = 0.00>
ST_1 : Operation 6 [1/1] (0.00ns)   --->   "%indvar_flatten = alloca i32 1"   --->   Operation 6 'alloca' 'indvar_flatten' <Predicate = true> <Delay = 0.00>
ST_1 : Operation 7 [1/1] (0.00ns)   --->   "%tn = alloca i32 1"   --->   Operation 7 'alloca' 'tn' <Predicate = true> <Delay = 0.00>
ST_1 : Operation 8 [1/1] (0.00ns)   --->   "%indvar_flatten16 = alloca i32 1"   --->   Operation 8 'alloca' 'indvar_flatten16' <Predicate = true> <Delay = 0.00>
ST_1 : Operation 9 [1/1] (0.00ns)   --->   "%zext_ln122_1_read = read i8 @_ssdm_op_Read.ap_auto.i8, i8 %zext_ln122_1"   --->   Operation 9 'read' 'zext_ln122_1_read' <Predicate = true> <Delay = 0.00>
ST_1 : Operation 10 [1/1] (0.00ns)   --->   "%select_ln119_5_read = read i8 @_ssdm_op_Read.ap_auto.i8, i8 %select_ln119_5"   --->   Operation 10 'read' 'select_ln119_5_read' <Predicate = true> <Delay = 0.00>
ST_1 : Operation 11 [1/1] (0.42ns)   --->   "%store_ln0 = store i14 0, i14 %indvar_flatten16"   --->   Operation 11 'store' 'store_ln0' <Predicate = true> <Delay = 0.42>
ST_1 : Operation 12 [1/1] (0.42ns)   --->   "%store_ln0 = store i4 0, i4 %tn"   --->   Operation 12 'store' 'store_ln0' <Predicate = true> <Delay = 0.42>
ST_1 : Operation 13 [1/1] (0.42ns)   --->   "%store_ln0 = store i12 0, i12 %indvar_flatten"   --->   Operation 13 'store' 'store_ln0' <Predicate = true> <Delay = 0.42>
ST_1 : Operation 14 [1/1] (0.42ns)   --->   "%store_ln0 = store i6 0, i6 %th"   --->   Operation 14 'store' 'store_ln0' <Predicate = true> <Delay = 0.42>
ST_1 : Operation 15 [1/1] (0.42ns)   --->   "%store_ln0 = store i6 0, i6 %tw"   --->   Operation 15 'store' 'store_ln0' <Predicate = true> <Delay = 0.42>
ST_1 : Operation 16 [1/1] (0.00ns)   --->   "%br_ln0 = br void %for.body35"   --->   Operation 16 'br' 'br_ln0' <Predicate = true> <Delay = 0.00>

State 2 <SV = 1> <Delay = 5.18>
ST_2 : Operation 17 [1/1] (0.00ns)   --->   "%th_5 = load i6 %th" [src/conv1.cpp:126]   --->   Operation 17 'load' 'th_5' <Predicate = true> <Delay = 0.00>
ST_2 : Operation 18 [1/1] (0.00ns)   --->   "%indvar_flatten_load = load i12 %indvar_flatten" [src/conv1.cpp:126]   --->   Operation 18 'load' 'indvar_flatten_load' <Predicate = true> <Delay = 0.00>
ST_2 : Operation 19 [1/1] (0.00ns)   --->   "%indvar_flatten16_load = load i14 %indvar_flatten16" [src/conv1.cpp:125]   --->   Operation 19 'load' 'indvar_flatten16_load' <Predicate = true> <Delay = 0.00>
ST_2 : Operation 20 [1/1] (0.00ns)   --->   "%zext_ln126 = zext i6 %th_5" [src/conv1.cpp:126]   --->   Operation 20 'zext' 'zext_ln126' <Predicate = true> <Delay = 0.00>
ST_2 : Operation 21 [1/1] (0.76ns)   --->   "%cmp37 = icmp_ult  i8 %zext_ln126, i8 %select_ln119_5_read" [src/conv1.cpp:126]   --->   Operation 21 'icmp' 'cmp37' <Predicate = true> <Delay = 0.76> <CoreInst = "Cmp">   --->   Core 9 'Cmp' <Latency = 0> <II = 1> <Delay = 0.76> <FuncUnit> <Opcode : 'icmp'> <InPorts = 2> <OutPorts = 1>
ST_2 : Operation 22 [1/1] (0.83ns)   --->   "%icmp_ln125 = icmp_eq  i14 %indvar_flatten16_load, i14 8192" [src/conv1.cpp:125]   --->   Operation 22 'icmp' 'icmp_ln125' <Predicate = true> <Delay = 0.83> <CoreInst = "Cmp">   --->   Core 9 'Cmp' <Latency = 0> <II = 1> <Delay = 0.83> <FuncUnit> <Opcode : 'icmp'> <InPorts = 2> <OutPorts = 1>
ST_2 : Operation 23 [1/1] (0.83ns)   --->   "%add_ln125_1 = add i14 %indvar_flatten16_load, i14 1" [src/conv1.cpp:125]   --->   Operation 23 'add' 'add_ln125_1' <Predicate = true> <Delay = 0.83> <CoreInst = "Adder">   --->   Core 1 'Adder' <Latency = 0> <II = 1> <Delay = 0.83> <FuncUnit> <Opcode : 'add' 'sub'> <InPorts = 2> <OutPorts = 1>
ST_2 : Operation 24 [1/1] (0.00ns)   --->   "%br_ln125 = br i1 %icmp_ln125, void %for.inc47, void %for.body53.exitStub" [src/conv1.cpp:125]   --->   Operation 24 'br' 'br_ln125' <Predicate = true> <Delay = 0.00>
ST_2 : Operation 25 [1/1] (0.00ns)   --->   "%tw_load = load i6 %tw" [src/conv1.cpp:127]   --->   Operation 25 'load' 'tw_load' <Predicate = (!icmp_ln125)> <Delay = 0.00>
ST_2 : Operation 26 [1/1] (0.00ns)   --->   "%tn_load = load i4 %tn" [src/conv1.cpp:125]   --->   Operation 26 'load' 'tn_load' <Predicate = (!icmp_ln125)> <Delay = 0.00>
ST_2 : Operation 27 [1/1] (0.79ns)   --->   "%add_ln125 = add i4 %tn_load, i4 1" [src/conv1.cpp:125]   --->   Operation 27 'add' 'add_ln125' <Predicate = (!icmp_ln125)> <Delay = 0.79> <CoreInst = "Adder">   --->   Core 1 'Adder' <Latency = 0> <II = 1> <Delay = 0.79> <FuncUnit> <Opcode : 'add' 'sub'> <InPorts = 2> <OutPorts = 1>
ST_2 : Operation 28 [1/1] (0.00ns)   --->   "%specloopname_ln0 = specloopname void @_ssdm_op_SpecLoopName, void @VITIS_LOOP_125_4_VITIS_LOOP_126_5_VITIS_LOOP_127_6_str"   --->   Operation 28 'specloopname' 'specloopname_ln0' <Predicate = (!icmp_ln125)> <Delay = 0.00>
ST_2 : Operation 29 [1/1] (0.00ns)   --->   "%speclooptripcount_ln0 = speclooptripcount void @_ssdm_op_SpecLoopTripCount, i64 8192, i64 8192, i64 8192"   --->   Operation 29 'speclooptripcount' 'speclooptripcount_ln0' <Predicate = (!icmp_ln125)> <Delay = 0.00>
ST_2 : Operation 30 [1/1] (0.80ns)   --->   "%icmp_ln126 = icmp_eq  i12 %indvar_flatten_load, i12 1024" [src/conv1.cpp:126]   --->   Operation 30 'icmp' 'icmp_ln126' <Predicate = (!icmp_ln125)> <Delay = 0.80> <CoreInst = "Cmp">   --->   Core 9 'Cmp' <Latency = 0> <II = 1> <Delay = 0.80> <FuncUnit> <Opcode : 'icmp'> <InPorts = 2> <OutPorts = 1>
ST_2 : Operation 31 [1/1] (0.38ns)   --->   "%select_ln125 = select i1 %icmp_ln126, i6 0, i6 %th_5" [src/conv1.cpp:125]   --->   Operation 31 'select' 'select_ln125' <Predicate = (!icmp_ln125)> <Delay = 0.38> <CoreInst = "Sel">   --->   Core 73 'Sel' <Latency = 0> <II = 1> <Delay = 0.38> <FuncUnit> <Opcode : 'select'> <InPorts = 3> <OutPorts = 1>
ST_2 : Operation 32 [1/1] (0.39ns)   --->   "%select_ln125_1 = select i1 %icmp_ln126, i4 %add_ln125, i4 %tn_load" [src/conv1.cpp:125]   --->   Operation 32 'select' 'select_ln125_1' <Predicate = (!icmp_ln125)> <Delay = 0.39> <CoreInst = "Sel">   --->   Core 73 'Sel' <Latency = 0> <II = 1> <Delay = 0.39> <FuncUnit> <Opcode : 'select'> <InPorts = 3> <OutPorts = 1>
ST_2 : Operation 33 [1/1] (0.00ns)   --->   "%trunc_ln129 = trunc i4 %select_ln125_1" [src/conv1.cpp:129]   --->   Operation 33 'trunc' 'trunc_ln129' <Predicate = (!icmp_ln125)> <Delay = 0.00>
ST_2 : Operation 34 [1/1] (0.00ns)   --->   "%tmp_36_cast = bitconcatenate i8 @_ssdm_op_BitConcatenate.i8.i3.i5, i3 %trunc_ln129, i5 0" [src/conv1.cpp:129]   --->   Operation 34 'bitconcatenate' 'tmp_36_cast' <Predicate = (!icmp_ln125)> <Delay = 0.00>
ST_2 : Operation 35 [1/1] (0.76ns)   --->   "%cmp37_mid112 = icmp_ne  i8 %select_ln119_5_read, i8 0"   --->   Operation 35 'icmp' 'cmp37_mid112' <Predicate = (!icmp_ln125)> <Delay = 0.76> <CoreInst = "Cmp">   --->   Core 9 'Cmp' <Latency = 0> <II = 1> <Delay = 0.76> <FuncUnit> <Opcode : 'icmp'> <InPorts = 2> <OutPorts = 1>
ST_2 : Operation 36 [1/1] (0.00ns) (grouped into LUT with out node and_ln129)   --->   "%select_ln125_2 = select i1 %icmp_ln126, i1 %cmp37_mid112, i1 %cmp37" [src/conv1.cpp:125]   --->   Operation 36 'select' 'select_ln125_2' <Predicate = (!icmp_ln125)> <Delay = 0.00> <CoreInst = "Sel">   --->   Core 73 'Sel' <Latency = 0> <II = 1> <Delay = 0.17> <FuncUnit> <Opcode : 'select'> <InPorts = 3> <OutPorts = 1>
ST_2 : Operation 37 [1/1] (0.00ns) (grouped into LUT with out node and_ln125)   --->   "%xor_ln125 = xor i1 %icmp_ln126, i1 1" [src/conv1.cpp:125]   --->   Operation 37 'xor' 'xor_ln125' <Predicate = (!icmp_ln125)> <Delay = 0.00> <CoreInst = "LogicGate">   --->   Core 74 'LogicGate' <Latency = 0> <II = 1> <Delay = 0.28> <FuncUnit> <Opcode : 'and' 'or' 'xor'> <InPorts = 2> <OutPorts = 1>
ST_2 : Operation 38 [1/1] (0.78ns)   --->   "%icmp_ln127 = icmp_eq  i6 %tw_load, i6 32" [src/conv1.cpp:127]   --->   Operation 38 'icmp' 'icmp_ln127' <Predicate = (!icmp_ln125)> <Delay = 0.78> <CoreInst = "Cmp">   --->   Core 9 'Cmp' <Latency = 0> <II = 1> <Delay = 0.78> <FuncUnit> <Opcode : 'icmp'> <InPorts = 2> <OutPorts = 1>
ST_2 : Operation 39 [1/1] (0.28ns) (out node of the LUT)   --->   "%and_ln125 = and i1 %icmp_ln127, i1 %xor_ln125" [src/conv1.cpp:125]   --->   Operation 39 'and' 'and_ln125' <Predicate = (!icmp_ln125)> <Delay = 0.28> <CoreInst = "LogicGate">   --->   Core 74 'LogicGate' <Latency = 0> <II = 1> <Delay = 0.28> <FuncUnit> <Opcode : 'and' 'or' 'xor'> <InPorts = 2> <OutPorts = 1>
ST_2 : Operation 40 [1/1] (0.78ns)   --->   "%add_ln126 = add i6 %select_ln125, i6 1" [src/conv1.cpp:126]   --->   Operation 40 'add' 'add_ln126' <Predicate = (!icmp_ln125)> <Delay = 0.78> <CoreInst = "Adder">   --->   Core 1 'Adder' <Latency = 0> <II = 1> <Delay = 0.78> <FuncUnit> <Opcode : 'add' 'sub'> <InPorts = 2> <OutPorts = 1>
ST_2 : Operation 41 [1/1] (0.00ns)   --->   "%specloopname_ln0 = specloopname void @_ssdm_op_SpecLoopName, void @VITIS_LOOP_126_5_VITIS_LOOP_127_6_str"   --->   Operation 41 'specloopname' 'specloopname_ln0' <Predicate = (!icmp_ln125)> <Delay = 0.00>
ST_2 : Operation 42 [1/1] (0.00ns) (grouped into LUT with out node select_ln126)   --->   "%or_ln126 = or i1 %and_ln125, i1 %icmp_ln126" [src/conv1.cpp:126]   --->   Operation 42 'or' 'or_ln126' <Predicate = (!icmp_ln125)> <Delay = 0.00> <CoreInst = "LogicGate">   --->   Core 74 'LogicGate' <Latency = 0> <II = 1> <Delay = 0.28> <FuncUnit> <Opcode : 'and' 'or' 'xor'> <InPorts = 2> <OutPorts = 1>
ST_2 : Operation 43 [1/1] (0.38ns) (out node of the LUT)   --->   "%select_ln126 = select i1 %or_ln126, i6 0, i6 %tw_load" [src/conv1.cpp:126]   --->   Operation 43 'select' 'select_ln126' <Predicate = (!icmp_ln125)> <Delay = 0.38> <CoreInst = "Sel">   --->   Core 73 'Sel' <Latency = 0> <II = 1> <Delay = 0.38> <FuncUnit> <Opcode : 'select'> <InPorts = 3> <OutPorts = 1>
ST_2 : Operation 44 [1/1] (0.38ns)   --->   "%select_ln126_1 = select i1 %and_ln125, i6 %add_ln126, i6 %select_ln125" [src/conv1.cpp:126]   --->   Operation 44 'select' 'select_ln126_1' <Predicate = (!icmp_ln125)> <Delay = 0.38> <CoreInst = "Sel">   --->   Core 73 'Sel' <Latency = 0> <II = 1> <Delay = 0.38> <FuncUnit> <Opcode : 'select'> <InPorts = 3> <OutPorts = 1>
ST_2 : Operation 45 [1/1] (0.00ns)   --->   "%zext_ln129 = zext i6 %select_ln126_1" [src/conv1.cpp:129]   --->   Operation 45 'zext' 'zext_ln129' <Predicate = (!icmp_ln125)> <Delay = 0.00>
ST_2 : Operation 46 [1/1] (0.76ns)   --->   "%add_ln129 = add i8 %tmp_36_cast, i8 %zext_ln129" [src/conv1.cpp:129]   --->   Operation 46 'add' 'add_ln129' <Predicate = (!icmp_ln125)> <Delay = 0.76> <CoreInst = "Adder">   --->   Core 1 'Adder' <Latency = 0> <II = 1> <Delay = 0.76> <FuncUnit> <Opcode : 'add' 'sub'> <InPorts = 2> <OutPorts = 1>
ST_2 : Operation 47 [1/1] (0.00ns)   --->   "%tmp_s = bitconcatenate i13 @_ssdm_op_BitConcatenate.i13.i8.i5, i8 %add_ln129, i5 0" [src/conv1.cpp:129]   --->   Operation 47 'bitconcatenate' 'tmp_s' <Predicate = (!icmp_ln125)> <Delay = 0.00>
ST_2 : Operation 48 [1/1] (0.00ns)   --->   "%add_ln126_cast = zext i6 %add_ln126" [src/conv1.cpp:126]   --->   Operation 48 'zext' 'add_ln126_cast' <Predicate = (!icmp_ln125)> <Delay = 0.00>
ST_2 : Operation 49 [1/1] (0.76ns)   --->   "%cmp37_mid1 = icmp_ult  i8 %add_ln126_cast, i8 %select_ln119_5_read" [src/conv1.cpp:126]   --->   Operation 49 'icmp' 'cmp37_mid1' <Predicate = (!icmp_ln125)> <Delay = 0.76> <CoreInst = "Cmp">   --->   Core 9 'Cmp' <Latency = 0> <II = 1> <Delay = 0.76> <FuncUnit> <Opcode : 'icmp'> <InPorts = 2> <OutPorts = 1>
ST_2 : Operation 50 [1/1] (0.00ns) (grouped into LUT with out node and_ln129)   --->   "%select_ln126_2 = select i1 %and_ln125, i1 %cmp37_mid1, i1 %select_ln125_2" [src/conv1.cpp:126]   --->   Operation 50 'select' 'select_ln126_2' <Predicate = (!icmp_ln125)> <Delay = 0.00> <CoreInst = "Sel">   --->   Core 73 'Sel' <Latency = 0> <II = 1> <Delay = 0.17> <FuncUnit> <Opcode : 'select'> <InPorts = 3> <OutPorts = 1>
ST_2 : Operation 51 [1/1] (0.00ns)   --->   "%zext_ln129_1 = zext i6 %select_ln126" [src/conv1.cpp:129]   --->   Operation 51 'zext' 'zext_ln129_1' <Predicate = (!icmp_ln125)> <Delay = 0.00>
ST_2 : Operation 52 [1/1] (0.82ns)   --->   "%add_ln129_1 = add i13 %tmp_s, i13 %zext_ln129_1" [src/conv1.cpp:129]   --->   Operation 52 'add' 'add_ln129_1' <Predicate = (!icmp_ln125)> <Delay = 0.82> <CoreInst = "Adder">   --->   Core 1 'Adder' <Latency = 0> <II = 1> <Delay = 0.82> <FuncUnit> <Opcode : 'add' 'sub'> <InPorts = 2> <OutPorts = 1>
ST_2 : Operation 53 [1/1] (0.00ns)   --->   "%zext_ln129_2 = zext i13 %add_ln129_1" [src/conv1.cpp:129]   --->   Operation 53 'zext' 'zext_ln129_2' <Predicate = (!icmp_ln125)> <Delay = 0.00>
ST_2 : Operation 54 [1/1] (0.00ns)   --->   "%out_tile_2_addr = getelementptr i32 %out_tile_2, i64 0, i64 %zext_ln129_2" [src/conv1.cpp:129]   --->   Operation 54 'getelementptr' 'out_tile_2_addr' <Predicate = (!icmp_ln125)> <Delay = 0.00>
ST_2 : Operation 55 [1/1] (0.00ns)   --->   "%zext_ln128 = zext i6 %select_ln126" [src/conv1.cpp:128]   --->   Operation 55 'zext' 'zext_ln128' <Predicate = (!icmp_ln125)> <Delay = 0.00>
ST_2 : Operation 56 [1/1] (0.00ns)   --->   "%specpipeline_ln128 = specpipeline void @_ssdm_op_SpecPipeline, i32 1, i32 0, i32 0, i32 0, void @empty_19" [src/conv1.cpp:128]   --->   Operation 56 'specpipeline' 'specpipeline_ln128' <Predicate = (!icmp_ln125)> <Delay = 0.00>
ST_2 : Operation 57 [1/1] (0.00ns)   --->   "%specloopname_ln127 = specloopname void @_ssdm_op_SpecLoopName, void @empty_8" [src/conv1.cpp:127]   --->   Operation 57 'specloopname' 'specloopname_ln127' <Predicate = (!icmp_ln125)> <Delay = 0.00>
ST_2 : Operation 58 [1/1] (0.76ns)   --->   "%icmp_ln129 = icmp_ult  i8 %zext_ln128, i8 %zext_ln122_1_read" [src/conv1.cpp:129]   --->   Operation 58 'icmp' 'icmp_ln129' <Predicate = (!icmp_ln125)> <Delay = 0.76> <CoreInst = "Cmp">   --->   Core 9 'Cmp' <Latency = 0> <II = 1> <Delay = 0.76> <FuncUnit> <Opcode : 'icmp'> <InPorts = 2> <OutPorts = 1>
ST_2 : Operation 59 [1/1] (0.28ns) (out node of the LUT)   --->   "%and_ln129 = and i1 %icmp_ln129, i1 %select_ln126_2" [src/conv1.cpp:129]   --->   Operation 59 'and' 'and_ln129' <Predicate = (!icmp_ln125)> <Delay = 0.28> <CoreInst = "LogicGate">   --->   Core 74 'LogicGate' <Latency = 0> <II = 1> <Delay = 0.28> <FuncUnit> <Opcode : 'and' 'or' 'xor'> <InPorts = 2> <OutPorts = 1>
ST_2 : Operation 60 [1/1] (0.00ns)   --->   "%br_ln129 = br i1 %and_ln129, void %for.inc, void %if.then" [src/conv1.cpp:129]   --->   Operation 60 'br' 'br_ln129' <Predicate = (!icmp_ln125)> <Delay = 0.00>
ST_2 : Operation 61 [1/1] (1.23ns)   --->   "%store_ln129 = store i32 0, i13 %out_tile_2_addr" [src/conv1.cpp:129]   --->   Operation 61 'store' 'store_ln129' <Predicate = (!icmp_ln125 & and_ln129)> <Delay = 1.23> <CoreInst = "RAM">   --->   Core 83 'RAM' <Latency = 1> <II = 1> <Delay = 1.23> <Storage> <Opcode : 'load' 'store'> <Ports = 2> <Width = 32> <Depth = 8192> <RAM>
ST_2 : Operation 62 [1/1] (0.00ns)   --->   "%br_ln129 = br void %for.inc" [src/conv1.cpp:129]   --->   Operation 62 'br' 'br_ln129' <Predicate = (!icmp_ln125 & and_ln129)> <Delay = 0.00>
ST_2 : Operation 63 [1/1] (0.78ns)   --->   "%add_ln127 = add i6 %select_ln126, i6 1" [src/conv1.cpp:127]   --->   Operation 63 'add' 'add_ln127' <Predicate = (!icmp_ln125)> <Delay = 0.78> <CoreInst = "Adder">   --->   Core 1 'Adder' <Latency = 0> <II = 1> <Delay = 0.78> <FuncUnit> <Opcode : 'add' 'sub'> <InPorts = 2> <OutPorts = 1>
ST_2 : Operation 64 [1/1] (0.80ns)   --->   "%add_ln126_1 = add i12 %indvar_flatten_load, i12 1" [src/conv1.cpp:126]   --->   Operation 64 'add' 'add_ln126_1' <Predicate = (!icmp_ln125)> <Delay = 0.80> <CoreInst = "Adder">   --->   Core 1 'Adder' <Latency = 0> <II = 1> <Delay = 0.80> <FuncUnit> <Opcode : 'add' 'sub'> <InPorts = 2> <OutPorts = 1>
ST_2 : Operation 65 [1/1] (0.37ns)   --->   "%select_ln126_3 = select i1 %icmp_ln126, i12 1, i12 %add_ln126_1" [src/conv1.cpp:126]   --->   Operation 65 'select' 'select_ln126_3' <Predicate = (!icmp_ln125)> <Delay = 0.37> <CoreInst = "Sel">   --->   Core 73 'Sel' <Latency = 0> <II = 1> <Delay = 0.37> <FuncUnit> <Opcode : 'select'> <InPorts = 3> <OutPorts = 1>
ST_2 : Operation 66 [1/1] (0.42ns)   --->   "%store_ln127 = store i14 %add_ln125_1, i14 %indvar_flatten16" [src/conv1.cpp:127]   --->   Operation 66 'store' 'store_ln127' <Predicate = (!icmp_ln125)> <Delay = 0.42>
ST_2 : Operation 67 [1/1] (0.42ns)   --->   "%store_ln127 = store i4 %select_ln125_1, i4 %tn" [src/conv1.cpp:127]   --->   Operation 67 'store' 'store_ln127' <Predicate = (!icmp_ln125)> <Delay = 0.42>
ST_2 : Operation 68 [1/1] (0.42ns)   --->   "%store_ln127 = store i12 %select_ln126_3, i12 %indvar_flatten" [src/conv1.cpp:127]   --->   Operation 68 'store' 'store_ln127' <Predicate = (!icmp_ln125)> <Delay = 0.42>
ST_2 : Operation 69 [1/1] (0.42ns)   --->   "%store_ln127 = store i6 %select_ln126_1, i6 %th" [src/conv1.cpp:127]   --->   Operation 69 'store' 'store_ln127' <Predicate = (!icmp_ln125)> <Delay = 0.42>
ST_2 : Operation 70 [1/1] (0.42ns)   --->   "%store_ln127 = store i6 %add_ln127, i6 %tw" [src/conv1.cpp:127]   --->   Operation 70 'store' 'store_ln127' <Predicate = (!icmp_ln125)> <Delay = 0.42>
ST_2 : Operation 71 [1/1] (0.00ns)   --->   "%br_ln127 = br void %for.body35" [src/conv1.cpp:127]   --->   Operation 71 'br' 'br_ln127' <Predicate = (!icmp_ln125)> <Delay = 0.00>
ST_2 : Operation 72 [1/1] (0.00ns)   --->   "%ret_ln0 = ret"   --->   Operation 72 'ret' 'ret_ln0' <Predicate = (icmp_ln125)> <Delay = 0.00>


============================================================
+ Verbose Summary: Timing violations
============================================================
Target clock period: 10.000ns, clock uncertainty: 2.700ns.

 <State 1>: 0.427ns
The critical path consists of the following:
	'alloca' operation ('indvar_flatten16') [8]  (0.000 ns)
	'store' operation ('store_ln0') of constant 0 on local variable 'indvar_flatten16' [11]  (0.427 ns)

 <State 2>: 5.180ns
The critical path consists of the following:
	'load' operation ('indvar_flatten_load', src/conv1.cpp:126) on local variable 'indvar_flatten' [19]  (0.000 ns)
	'icmp' operation ('icmp_ln126', src/conv1.cpp:126) [32]  (0.809 ns)
	'select' operation ('select_ln125', src/conv1.cpp:125) [33]  (0.384 ns)
	'add' operation ('add_ln126', src/conv1.cpp:126) [42]  (0.781 ns)
	'select' operation ('select_ln126_1', src/conv1.cpp:126) [46]  (0.384 ns)
	'add' operation ('add_ln129', src/conv1.cpp:129) [48]  (0.765 ns)
	'add' operation ('add_ln129_1', src/conv1.cpp:129) [54]  (0.820 ns)
	'getelementptr' operation ('out_tile_2_addr', src/conv1.cpp:129) [56]  (0.000 ns)
	'store' operation ('store_ln129', src/conv1.cpp:129) of constant 0 on array 'out_tile_2' [64]  (1.237 ns)


============================================================
+ Verbose Summary: Binding
============================================================
N/A
* FSMD analyzer results:
  - Output states:
 - Input state : 
  - Chain level:
	State 1
	State 2


============================================================
+ Verbose Summary: Datapath Resource usage 
============================================================
N/A
