

================================================================
== Vitis HLS Report for 'conv1_Pipeline_VITIS_LOOP_96_3'
================================================================
* Date:           Fri Oct 31 01:54:36 2025

* Version:        2023.1 (Build 3854077 on May  4 2023)
* Project:        srcnn_hls
* Solution:       solution1 (Vivado IP Flow Target)
* Product family: zynquplus
* Target device:  xck26-sfvc784-2LV-c


================================================================
== Performance Estimates
================================================================
+ Timing: 
    * Summary: 
    +--------+----------+----------+------------+
    |  Clock |  Target  | Estimated| Uncertainty|
    +--------+----------+----------+------------+
    |ap_clk  |  10.00 ns|  7.300 ns|     2.70 ns|
    +--------+----------+----------+------------+

+ Latency: 
    * Summary: 
    +---------+---------+-----------+-----------+------+------+---------+
    |  Latency (cycles) |   Latency (absolute)  |   Interval  | Pipeline|
    |   min   |   max   |    min    |    max    |  min |  max |   Type  |
    +---------+---------+-----------+-----------+------+------+---------+
    |     8214|     8214|  82.140 us|  82.140 us|  8214|  8214|       no|
    +---------+---------+-----------+-----------+------+------+---------+

    + Detail: 
        * Instance: 
        N/A

        * Loop: 
        +---------------------------------------------------+---------+---------+----------+-----------+-----------+------+----------+
        |                                                   |  Latency (cycles) | Iteration|  Initiation Interval  | Trip |          |
        |                     Loop Name                     |   min   |   max   |  Latency |  achieved |   target  | Count| Pipelined|
        +---------------------------------------------------+---------+---------+----------+-----------+-----------+------+----------+
        |- VITIS_LOOP_94_1_VITIS_LOOP_95_2_VITIS_LOOP_96_3  |     8212|     8212|        22|          1|          1|  8192|       yes|
        +---------------------------------------------------+---------+---------+----------+-----------+-----------+------+----------+

============================================================
+ Verbose Summary: Synthesis Manager
============================================================
InlineROM: 1
ExposeGlobal: 0
============================================================
+ Verbose Summary: CDFG Model
============================================================
IsTopModel: 0
ResetActiveHigh: 1
IsCombinational: 0
IsDatapathOnly: 0
HasWiredReturn: 1
HasMFsm: 2
HasVarLatency: 1
IsPipeline: 0
IsRtlPipelined: 0
IsInstanceOverlapped: 0
IsDontTouch: 0
HasImplIP: 0
IsGatedGlobalClock: 0

+ Individual pipeline summary: 
  * Pipeline-0: initiation interval (II) = 1, depth = 23


============================================================
+ Verbose Summary: Schedule
============================================================
* Number of FSM states : 23
* Pipeline : 1
  Pipeline-0 : II = 1, D = 23, States = { 1 2 3 4 5 6 7 8 9 10 11 12 13 14 15 16 17 18 19 20 21 22 23 }
* Dataflow Pipeline: 0

* FSM state transitions: 
1 --> 2 
2 --> 3 
3 --> 4 
4 --> 5 
5 --> 6 
6 --> 7 
7 --> 8 
8 --> 9 
9 --> 10 
10 --> 11 
11 --> 12 
12 --> 13 
13 --> 14 
14 --> 15 
15 --> 16 
16 --> 17 
17 --> 18 
18 --> 19 
19 --> 20 
20 --> 21 
21 --> 22 
22 --> 23 
23 --> 

* FSM state operations: 

State 1 <SV = 0> <Delay = 0.42>
ST_1 : Operation 25 [1/1] (0.00ns)   --->   "%tw = alloca i32 1"   --->   Operation 25 'alloca' 'tw' <Predicate = true> <Delay = 0.00>
ST_1 : Operation 26 [1/1] (0.00ns)   --->   "%th = alloca i32 1"   --->   Operation 26 'alloca' 'th' <Predicate = true> <Delay = 0.00>
ST_1 : Operation 27 [1/1] (0.00ns)   --->   "%indvar_flatten156 = alloca i32 1"   --->   Operation 27 'alloca' 'indvar_flatten156' <Predicate = true> <Delay = 0.00>
ST_1 : Operation 28 [1/1] (0.00ns)   --->   "%tn = alloca i32 1"   --->   Operation 28 'alloca' 'tn' <Predicate = true> <Delay = 0.00>
ST_1 : Operation 29 [1/1] (0.00ns)   --->   "%indvar_flatten220 = alloca i32 1"   --->   Operation 29 'alloca' 'indvar_flatten220' <Predicate = true> <Delay = 0.00>
ST_1 : Operation 30 [1/1] (0.00ns)   --->   "%specinterface_ln0 = specinterface void @_ssdm_op_SpecInterface, i32 %w1, void @empty_39, i32 0, i32 0, void @empty_40, i32 0, i32 5184, void @empty_43, void @empty_42, void @empty_40, i32 16, i32 16, i32 16, i32 16, void @empty_40, void @empty_40, i32 4294967295, i32 0"   --->   Operation 30 'specinterface' 'specinterface_ln0' <Predicate = true> <Delay = 0.00>
ST_1 : Operation 31 [1/1] (0.00ns)   --->   "%specinterface_ln0 = specinterface void @_ssdm_op_SpecInterface, i32 %feat, void @empty_39, i32 0, i32 0, void @empty_40, i32 0, i32 4161600, void @empty_44, void @empty_42, void @empty_40, i32 16, i32 16, i32 16, i32 16, void @empty_40, void @empty_40, i32 4294967295, i32 0"   --->   Operation 31 'specinterface' 'specinterface_ln0' <Predicate = true> <Delay = 0.00>
ST_1 : Operation 32 [1/1] (0.00ns)   --->   "%tmp5_read = read i64 @_ssdm_op_Read.ap_auto.i64, i64 %tmp5"   --->   Operation 32 'read' 'tmp5_read' <Predicate = true> <Delay = 0.00>
ST_1 : Operation 33 [1/1] (0.00ns)   --->   "%b_read = read i64 @_ssdm_op_Read.ap_auto.i64, i64 %b"   --->   Operation 33 'read' 'b_read' <Predicate = true> <Delay = 0.00>
ST_1 : Operation 34 [1/1] (0.00ns)   --->   "%zext_ln124_1_read = read i8 @_ssdm_op_Read.ap_auto.i8, i8 %zext_ln124_1"   --->   Operation 34 'read' 'zext_ln124_1_read' <Predicate = true> <Delay = 0.00>
ST_1 : Operation 35 [1/1] (0.00ns)   --->   "%select_ln94_read = read i6 @_ssdm_op_Read.ap_auto.i6, i6 %select_ln94"   --->   Operation 35 'read' 'select_ln94_read' <Predicate = true> <Delay = 0.00>
ST_1 : Operation 36 [1/1] (0.00ns)   --->   "%select_ln121_5_read = read i8 @_ssdm_op_Read.ap_auto.i8, i8 %select_ln121_5"   --->   Operation 36 'read' 'select_ln121_5_read' <Predicate = true> <Delay = 0.00>
ST_1 : Operation 37 [1/1] (0.00ns)   --->   "%select_ln121_6_read = read i9 @_ssdm_op_Read.ap_auto.i9, i9 %select_ln121_6"   --->   Operation 37 'read' 'select_ln121_6_read' <Predicate = true> <Delay = 0.00>
ST_1 : Operation 38 [1/1] (0.00ns)   --->   "%trunc_ln117_mid2_read = read i6 @_ssdm_op_Read.ap_auto.i6, i6 %trunc_ln117_mid2"   --->   Operation 38 'read' 'trunc_ln117_mid2_read' <Predicate = true> <Delay = 0.00>
ST_1 : Operation 39 [1/1] (0.42ns)   --->   "%store_ln0 = store i14 0, i14 %indvar_flatten220"   --->   Operation 39 'store' 'store_ln0' <Predicate = true> <Delay = 0.42>
ST_1 : Operation 40 [1/1] (0.42ns)   --->   "%store_ln0 = store i4 0, i4 %tn"   --->   Operation 40 'store' 'store_ln0' <Predicate = true> <Delay = 0.42>
ST_1 : Operation 41 [1/1] (0.42ns)   --->   "%store_ln0 = store i12 0, i12 %indvar_flatten156"   --->   Operation 41 'store' 'store_ln0' <Predicate = true> <Delay = 0.42>
ST_1 : Operation 42 [1/1] (0.42ns)   --->   "%store_ln0 = store i6 0, i6 %th"   --->   Operation 42 'store' 'store_ln0' <Predicate = true> <Delay = 0.42>
ST_1 : Operation 43 [1/1] (0.42ns)   --->   "%store_ln0 = store i6 0, i6 %tw"   --->   Operation 43 'store' 'store_ln0' <Predicate = true> <Delay = 0.42>
ST_1 : Operation 44 [1/1] (0.42ns)   --->   "%br_ln0 = br void %for.body8.i"   --->   Operation 44 'br' 'br_ln0' <Predicate = true> <Delay = 0.42>

State 2 <SV = 1> <Delay = 6.08>
ST_2 : Operation 45 [1/1] (0.00ns)   --->   "%first_iter_0 = phi i1 1, void %newFuncRoot, i1 0, void %new.latch.for.inc.i18"   --->   Operation 45 'phi' 'first_iter_0' <Predicate = true> <Delay = 0.00>
ST_2 : Operation 46 [1/1] (0.00ns)   --->   "%th_4 = load i6 %th" [src/conv1.cpp:95->src/conv1.cpp:144]   --->   Operation 46 'load' 'th_4' <Predicate = true> <Delay = 0.00>
ST_2 : Operation 47 [1/1] (0.00ns)   --->   "%indvar_flatten156_load = load i12 %indvar_flatten156" [src/conv1.cpp:95->src/conv1.cpp:144]   --->   Operation 47 'load' 'indvar_flatten156_load' <Predicate = true> <Delay = 0.00>
ST_2 : Operation 48 [1/1] (0.00ns)   --->   "%tn_3 = load i4 %tn" [src/conv1.cpp:94->src/conv1.cpp:144]   --->   Operation 48 'load' 'tn_3' <Predicate = true> <Delay = 0.00>
ST_2 : Operation 49 [1/1] (0.00ns)   --->   "%indvar_flatten220_load = load i14 %indvar_flatten220" [src/conv1.cpp:94->src/conv1.cpp:144]   --->   Operation 49 'load' 'indvar_flatten220_load' <Predicate = true> <Delay = 0.00>
ST_2 : Operation 50 [1/1] (0.00ns)   --->   "%zext_ln94 = zext i4 %tn_3" [src/conv1.cpp:94->src/conv1.cpp:144]   --->   Operation 50 'zext' 'zext_ln94' <Predicate = true> <Delay = 0.00>
ST_2 : Operation 51 [1/1] (0.78ns)   --->   "%empty = add i6 %zext_ln94, i6 %trunc_ln117_mid2_read" [src/conv1.cpp:94->src/conv1.cpp:144]   --->   Operation 51 'add' 'empty' <Predicate = true> <Delay = 0.78> <CoreInst = "Adder">   --->   Core 1 'Adder' <Latency = 0> <II = 1> <Delay = 0.78> <FuncUnit> <Opcode : 'add' 'sub'> <InPorts = 2> <OutPorts = 1>
ST_2 : Operation 52 [1/1] (0.00ns)   --->   "%p_cast39 = zext i6 %empty" [src/conv1.cpp:94->src/conv1.cpp:144]   --->   Operation 52 'zext' 'p_cast39' <Predicate = true> <Delay = 0.00>
ST_2 : Operation 53 [1/1] (2.49ns)   --->   "%empty_74 = mul i24 %p_cast39, i24 260100" [src/conv1.cpp:94->src/conv1.cpp:144]   --->   Operation 53 'mul' 'empty_74' <Predicate = true> <Delay = 2.49> <CoreInst = "Multiplier">   --->   Core 3 'Multiplier' <Latency = 0> <II = 1> <Delay = 2.49> <FuncUnit> <Opcode : 'mul'> <InPorts = 2> <OutPorts = 1>
ST_2 : Operation 54 [1/1] (0.00ns)   --->   "%zext_ln95 = zext i24 %empty_74" [src/conv1.cpp:95->src/conv1.cpp:144]   --->   Operation 54 'zext' 'zext_ln95' <Predicate = true> <Delay = 0.00>
ST_2 : Operation 55 [1/1] (0.00ns)   --->   "%zext_ln95_1 = zext i6 %th_4" [src/conv1.cpp:95->src/conv1.cpp:144]   --->   Operation 55 'zext' 'zext_ln95_1' <Predicate = true> <Delay = 0.00>
ST_2 : Operation 56 [1/1] (0.00ns)   --->   "%zext_ln95_2 = zext i6 %th_4" [src/conv1.cpp:95->src/conv1.cpp:144]   --->   Operation 56 'zext' 'zext_ln95_2' <Predicate = true> <Delay = 0.00>
ST_2 : Operation 57 [1/1] (0.77ns)   --->   "%empty_75 = add i9 %zext_ln95_1, i9 %select_ln121_6_read" [src/conv1.cpp:95->src/conv1.cpp:144]   --->   Operation 57 'add' 'empty_75' <Predicate = true> <Delay = 0.77> <CoreInst = "Adder">   --->   Core 1 'Adder' <Latency = 0> <II = 1> <Delay = 0.77> <FuncUnit> <Opcode : 'add' 'sub'> <InPorts = 2> <OutPorts = 1>
ST_2 : Operation 58 [1/1] (0.00ns)   --->   "%p_shl2 = bitconcatenate i19 @_ssdm_op_BitConcatenate.i19.i9.i10, i9 %empty_75, i10 0" [src/conv1.cpp:95->src/conv1.cpp:144]   --->   Operation 58 'bitconcatenate' 'p_shl2' <Predicate = true> <Delay = 0.00>
ST_2 : Operation 59 [1/1] (0.00ns)   --->   "%p_shl2_cast = zext i19 %p_shl2" [src/conv1.cpp:95->src/conv1.cpp:144]   --->   Operation 59 'zext' 'p_shl2_cast' <Predicate = true> <Delay = 0.00>
ST_2 : Operation 60 [1/1] (0.00ns)   --->   "%p_shl3 = bitconcatenate i11 @_ssdm_op_BitConcatenate.i11.i9.i2, i9 %empty_75, i2 0" [src/conv1.cpp:95->src/conv1.cpp:144]   --->   Operation 60 'bitconcatenate' 'p_shl3' <Predicate = true> <Delay = 0.00>
ST_2 : Operation 61 [1/1] (0.00ns)   --->   "%p_shl3_cast = zext i11 %p_shl3" [src/conv1.cpp:95->src/conv1.cpp:144]   --->   Operation 61 'zext' 'p_shl3_cast' <Predicate = true> <Delay = 0.00>
ST_2 : Operation 62 [1/1] (0.88ns)   --->   "%empty_76 = sub i20 %p_shl2_cast, i20 %p_shl3_cast" [src/conv1.cpp:95->src/conv1.cpp:144]   --->   Operation 62 'sub' 'empty_76' <Predicate = true> <Delay = 0.88> <CoreInst = "Adder">   --->   Core 1 'Adder' <Latency = 0> <II = 1> <Delay = 0.88> <FuncUnit> <Opcode : 'add' 'sub'> <InPorts = 2> <OutPorts = 1>
ST_2 : Operation 63 [1/1] (0.00ns)   --->   "%p_cast21 = sext i20 %empty_76" [src/conv1.cpp:95->src/conv1.cpp:144]   --->   Operation 63 'sext' 'p_cast21' <Predicate = true> <Delay = 0.00>
ST_2 : Operation 64 [1/1] (0.93ns)   --->   "%tmp6 = add i25 %zext_ln95, i25 %p_cast21" [src/conv1.cpp:95->src/conv1.cpp:144]   --->   Operation 64 'add' 'tmp6' <Predicate = true> <Delay = 0.93> <CoreInst = "Adder">   --->   Core 1 'Adder' <Latency = 0> <II = 1> <Delay = 0.93> <FuncUnit> <Opcode : 'add' 'sub'> <InPorts = 2> <OutPorts = 1>
ST_2 : Operation 65 [1/1] (0.76ns)   --->   "%cmp10_i = icmp_ult  i8 %zext_ln95_2, i8 %select_ln121_5_read" [src/conv1.cpp:95->src/conv1.cpp:144]   --->   Operation 65 'icmp' 'cmp10_i' <Predicate = true> <Delay = 0.76> <CoreInst = "Cmp">   --->   Core 9 'Cmp' <Latency = 0> <II = 1> <Delay = 0.76> <FuncUnit> <Opcode : 'icmp'> <InPorts = 2> <OutPorts = 1>
ST_2 : Operation 66 [1/1] (0.38ns)   --->   "%select_ln96 = select i1 %cmp10_i, i6 %select_ln94_read, i6 0" [src/conv1.cpp:96->src/conv1.cpp:144]   --->   Operation 66 'select' 'select_ln96' <Predicate = true> <Delay = 0.38> <CoreInst = "Sel">   --->   Core 73 'Sel' <Latency = 0> <II = 1> <Delay = 0.38> <FuncUnit> <Opcode : 'select'> <InPorts = 3> <OutPorts = 1>
ST_2 : Operation 67 [1/1] (0.83ns)   --->   "%icmp_ln94 = icmp_eq  i14 %indvar_flatten220_load, i14 8192" [src/conv1.cpp:94->src/conv1.cpp:144]   --->   Operation 67 'icmp' 'icmp_ln94' <Predicate = true> <Delay = 0.83> <CoreInst = "Cmp">   --->   Core 9 'Cmp' <Latency = 0> <II = 1> <Delay = 0.83> <FuncUnit> <Opcode : 'icmp'> <InPorts = 2> <OutPorts = 1>
ST_2 : Operation 68 [1/1] (0.83ns)   --->   "%add_ln94_4 = add i14 %indvar_flatten220_load, i14 1" [src/conv1.cpp:94->src/conv1.cpp:144]   --->   Operation 68 'add' 'add_ln94_4' <Predicate = true> <Delay = 0.83> <CoreInst = "Adder">   --->   Core 1 'Adder' <Latency = 0> <II = 1> <Delay = 0.83> <FuncUnit> <Opcode : 'add' 'sub'> <InPorts = 2> <OutPorts = 1>
ST_2 : Operation 69 [1/1] (0.00ns)   --->   "%br_ln94 = br i1 %icmp_ln94, void %for.inc35.i, void %_ZL17store_out_tile_c1PA32_A32_fPA255_A255_fiiiiiiPf.exit.exitStub" [src/conv1.cpp:94->src/conv1.cpp:144]   --->   Operation 69 'br' 'br_ln94' <Predicate = true> <Delay = 0.00>
ST_2 : Operation 70 [1/1] (0.00ns)   --->   "%tw_load = load i6 %tw" [src/conv1.cpp:96->src/conv1.cpp:144]   --->   Operation 70 'load' 'tw_load' <Predicate = (!icmp_ln94)> <Delay = 0.00>
ST_2 : Operation 71 [1/1] (0.79ns)   --->   "%add_ln94 = add i4 %tn_3, i4 1" [src/conv1.cpp:94->src/conv1.cpp:144]   --->   Operation 71 'add' 'add_ln94' <Predicate = (!icmp_ln94)> <Delay = 0.79> <CoreInst = "Adder">   --->   Core 1 'Adder' <Latency = 0> <II = 1> <Delay = 0.79> <FuncUnit> <Opcode : 'add' 'sub'> <InPorts = 2> <OutPorts = 1>
ST_2 : Operation 72 [1/1] (0.80ns)   --->   "%icmp_ln95 = icmp_eq  i12 %indvar_flatten156_load, i12 1024" [src/conv1.cpp:95->src/conv1.cpp:144]   --->   Operation 72 'icmp' 'icmp_ln95' <Predicate = (!icmp_ln94)> <Delay = 0.80> <CoreInst = "Cmp">   --->   Core 9 'Cmp' <Latency = 0> <II = 1> <Delay = 0.80> <FuncUnit> <Opcode : 'icmp'> <InPorts = 2> <OutPorts = 1>
ST_2 : Operation 73 [1/1] (0.38ns)   --->   "%select_ln94_1 = select i1 %icmp_ln95, i6 0, i6 %th_4" [src/conv1.cpp:94->src/conv1.cpp:144]   --->   Operation 73 'select' 'select_ln94_1' <Predicate = (!icmp_ln94)> <Delay = 0.38> <CoreInst = "Sel">   --->   Core 73 'Sel' <Latency = 0> <II = 1> <Delay = 0.38> <FuncUnit> <Opcode : 'select'> <InPorts = 3> <OutPorts = 1>
ST_2 : Operation 74 [1/1] (0.00ns) (grouped into LUT with out node or_ln95)   --->   "%or_ln94 = or i1 %icmp_ln95, i1 %first_iter_0" [src/conv1.cpp:94->src/conv1.cpp:144]   --->   Operation 74 'or' 'or_ln94' <Predicate = (!icmp_ln94)> <Delay = 0.00> <CoreInst = "LogicGate">   --->   Core 74 'LogicGate' <Latency = 0> <II = 1> <Delay = 0.28> <FuncUnit> <Opcode : 'and' 'or' 'xor'> <InPorts = 2> <OutPorts = 1>
ST_2 : Operation 75 [1/1] (0.39ns)   --->   "%select_ln94_2 = select i1 %icmp_ln95, i4 %add_ln94, i4 %tn_3" [src/conv1.cpp:94->src/conv1.cpp:144]   --->   Operation 75 'select' 'select_ln94_2' <Predicate = (!icmp_ln94)> <Delay = 0.39> <CoreInst = "Sel">   --->   Core 73 'Sel' <Latency = 0> <II = 1> <Delay = 0.39> <FuncUnit> <Opcode : 'select'> <InPorts = 3> <OutPorts = 1>
ST_2 : Operation 76 [1/1] (0.00ns)   --->   "%trunc_ln99 = trunc i4 %select_ln94_2" [src/conv1.cpp:99->src/conv1.cpp:144]   --->   Operation 76 'trunc' 'trunc_ln99' <Predicate = (!icmp_ln94)> <Delay = 0.00>
ST_2 : Operation 77 [1/1] (0.00ns)   --->   "%tmp_34_cast = bitconcatenate i8 @_ssdm_op_BitConcatenate.i8.i3.i5, i3 %trunc_ln99, i5 0" [src/conv1.cpp:99->src/conv1.cpp:144]   --->   Operation 77 'bitconcatenate' 'tmp_34_cast' <Predicate = (!icmp_ln94)> <Delay = 0.00>
ST_2 : Operation 78 [1/1] (0.00ns)   --->   "%zext_ln94_1 = zext i4 %add_ln94" [src/conv1.cpp:94->src/conv1.cpp:144]   --->   Operation 78 'zext' 'zext_ln94_1' <Predicate = (!icmp_ln94)> <Delay = 0.00>
ST_2 : Operation 79 [1/1] (0.78ns)   --->   "%p_mid1170 = add i6 %zext_ln94_1, i6 %trunc_ln117_mid2_read" [src/conv1.cpp:94->src/conv1.cpp:144]   --->   Operation 79 'add' 'p_mid1170' <Predicate = (!icmp_ln94)> <Delay = 0.78> <CoreInst = "Adder">   --->   Core 1 'Adder' <Latency = 0> <II = 1> <Delay = 0.78> <FuncUnit> <Opcode : 'add' 'sub'> <InPorts = 2> <OutPorts = 1>
ST_2 : Operation 80 [1/1] (0.00ns)   --->   "%p_cast39_mid1 = zext i6 %p_mid1170" [src/conv1.cpp:94->src/conv1.cpp:144]   --->   Operation 80 'zext' 'p_cast39_mid1' <Predicate = (!icmp_ln94)> <Delay = 0.00>
ST_2 : Operation 81 [1/1] (0.00ns) (grouped into LUT with out node add_ln94_3)   --->   "%select_ln94_3 = select i1 %icmp_ln95, i6 %p_mid1170, i6 %empty" [src/conv1.cpp:94->src/conv1.cpp:144]   --->   Operation 81 'select' 'select_ln94_3' <Predicate = (!icmp_ln94)> <Delay = 0.00> <CoreInst = "Sel">   --->   Core 73 'Sel' <Latency = 0> <II = 1> <Delay = 0.38> <FuncUnit> <Opcode : 'select'> <InPorts = 3> <OutPorts = 1>
ST_2 : Operation 82 [1/1] (0.00ns) (grouped into LUT with out node add_ln94_3)   --->   "%p_mid2175_v_v = bitconcatenate i8 @_ssdm_op_BitConcatenate.i8.i6.i2, i6 %select_ln94_3, i2 0" [src/conv1.cpp:94->src/conv1.cpp:144]   --->   Operation 82 'bitconcatenate' 'p_mid2175_v_v' <Predicate = (!icmp_ln94)> <Delay = 0.00>
ST_2 : Operation 83 [1/1] (0.00ns) (grouped into LUT with out node add_ln94_3)   --->   "%zext_ln94_2 = zext i8 %p_mid2175_v_v" [src/conv1.cpp:94->src/conv1.cpp:144]   --->   Operation 83 'zext' 'zext_ln94_2' <Predicate = (!icmp_ln94)> <Delay = 0.00>
ST_2 : Operation 84 [1/1] (1.08ns) (out node of the LUT)   --->   "%add_ln94_3 = add i64 %zext_ln94_2, i64 %b_read" [src/conv1.cpp:94->src/conv1.cpp:144]   --->   Operation 84 'add' 'add_ln94_3' <Predicate = (!icmp_ln94)> <Delay = 1.08> <CoreInst = "Adder">   --->   Core 1 'Adder' <Latency = 0> <II = 1> <Delay = 1.08> <FuncUnit> <Opcode : 'add' 'sub'> <InPorts = 2> <OutPorts = 1>
ST_2 : Operation 85 [1/1] (2.49ns)   --->   "%p_mid1176 = mul i24 %p_cast39_mid1, i24 260100" [src/conv1.cpp:94->src/conv1.cpp:144]   --->   Operation 85 'mul' 'p_mid1176' <Predicate = (!icmp_ln94)> <Delay = 2.49> <CoreInst = "Multiplier">   --->   Core 3 'Multiplier' <Latency = 0> <II = 1> <Delay = 2.49> <FuncUnit> <Opcode : 'mul'> <InPorts = 2> <OutPorts = 1>
ST_2 : Operation 86 [1/1] (0.00ns)   --->   "%zext_ln95_3 = zext i24 %p_mid1176" [src/conv1.cpp:95->src/conv1.cpp:144]   --->   Operation 86 'zext' 'zext_ln95_3' <Predicate = (!icmp_ln94)> <Delay = 0.00>
ST_2 : Operation 87 [1/1] (0.00ns) (grouped into LUT with out node tmp6_mid1)   --->   "%select_ln94_4 = select i1 %icmp_ln95, i24 %p_mid1176, i24 %empty_74" [src/conv1.cpp:94->src/conv1.cpp:144]   --->   Operation 87 'select' 'select_ln94_4' <Predicate = (!icmp_ln94)> <Delay = 0.00> <CoreInst = "Sel">   --->   Core 73 'Sel' <Latency = 0> <II = 1> <Delay = 0.32> <FuncUnit> <Opcode : 'select'> <InPorts = 3> <OutPorts = 1>
ST_2 : Operation 88 [1/1] (0.00ns) (grouped into LUT with out node tmp6_mid1)   --->   "%zext_ln94_3 = zext i24 %select_ln94_4" [src/conv1.cpp:94->src/conv1.cpp:144]   --->   Operation 88 'zext' 'zext_ln94_3' <Predicate = (!icmp_ln94)> <Delay = 0.00>
ST_2 : Operation 89 [1/1] (0.00ns)   --->   "%p_shl2_mid = bitconcatenate i19 @_ssdm_op_BitConcatenate.i19.i9.i10, i9 %select_ln121_6_read, i10 0"   --->   Operation 89 'bitconcatenate' 'p_shl2_mid' <Predicate = (!icmp_ln94)> <Delay = 0.00>
ST_2 : Operation 90 [1/1] (0.00ns)   --->   "%p_shl2_cast_mid1190 = zext i19 %p_shl2_mid"   --->   Operation 90 'zext' 'p_shl2_cast_mid1190' <Predicate = (!icmp_ln94)> <Delay = 0.00>
ST_2 : Operation 91 [1/1] (0.00ns)   --->   "%p_shl3_mid = bitconcatenate i11 @_ssdm_op_BitConcatenate.i11.i9.i2, i9 %select_ln121_6_read, i2 0"   --->   Operation 91 'bitconcatenate' 'p_shl3_mid' <Predicate = (!icmp_ln94)> <Delay = 0.00>
ST_2 : Operation 92 [1/1] (0.00ns)   --->   "%p_shl3_cast_mid1194 = zext i11 %p_shl3_mid"   --->   Operation 92 'zext' 'p_shl3_cast_mid1194' <Predicate = (!icmp_ln94)> <Delay = 0.00>
ST_2 : Operation 93 [1/1] (0.88ns)   --->   "%p_mid1196 = sub i20 %p_shl2_cast_mid1190, i20 %p_shl3_cast_mid1194"   --->   Operation 93 'sub' 'p_mid1196' <Predicate = (!icmp_ln94)> <Delay = 0.88> <CoreInst = "Adder">   --->   Core 1 'Adder' <Latency = 0> <II = 1> <Delay = 0.88> <FuncUnit> <Opcode : 'add' 'sub'> <InPorts = 2> <OutPorts = 1>
ST_2 : Operation 94 [1/1] (0.00ns)   --->   "%p_cast21_mid1198 = sext i20 %p_mid1196"   --->   Operation 94 'sext' 'p_cast21_mid1198' <Predicate = (!icmp_ln94)> <Delay = 0.00>
ST_2 : Operation 95 [1/1] (0.93ns)   --->   "%tmp6_mid1200 = add i25 %zext_ln95_3, i25 %p_cast21_mid1198" [src/conv1.cpp:95->src/conv1.cpp:144]   --->   Operation 95 'add' 'tmp6_mid1200' <Predicate = (!icmp_ln94)> <Delay = 0.93> <CoreInst = "Adder">   --->   Core 1 'Adder' <Latency = 0> <II = 1> <Delay = 0.93> <FuncUnit> <Opcode : 'add' 'sub'> <InPorts = 2> <OutPorts = 1>
ST_2 : Operation 96 [1/1] (0.76ns)   --->   "%cmp10_i_mid1206 = icmp_ne  i8 %select_ln121_5_read, i8 0"   --->   Operation 96 'icmp' 'cmp10_i_mid1206' <Predicate = (!icmp_ln94)> <Delay = 0.76> <CoreInst = "Cmp">   --->   Core 9 'Cmp' <Latency = 0> <II = 1> <Delay = 0.76> <FuncUnit> <Opcode : 'icmp'> <InPorts = 2> <OutPorts = 1>
ST_2 : Operation 97 [1/1] (0.00ns) (grouped into LUT with out node select_ln95_2)   --->   "%select_ln94_5 = select i1 %icmp_ln95, i1 %cmp10_i_mid1206, i1 %cmp10_i" [src/conv1.cpp:94->src/conv1.cpp:144]   --->   Operation 97 'select' 'select_ln94_5' <Predicate = (!icmp_ln94)> <Delay = 0.00> <CoreInst = "Sel">   --->   Core 73 'Sel' <Latency = 0> <II = 1> <Delay = 0.17> <FuncUnit> <Opcode : 'select'> <InPorts = 3> <OutPorts = 1>
ST_2 : Operation 98 [1/1] (0.00ns) (grouped into LUT with out node add_ln95_1)   --->   "%select_ln94_6 = select i1 %icmp_ln95, i25 %tmp6_mid1200, i25 %tmp6" [src/conv1.cpp:94->src/conv1.cpp:144]   --->   Operation 98 'select' 'select_ln94_6' <Predicate = (!icmp_ln94)> <Delay = 0.00> <CoreInst = "Sel">   --->   Core 73 'Sel' <Latency = 0> <II = 1> <Delay = 0.32> <FuncUnit> <Opcode : 'select'> <InPorts = 3> <OutPorts = 1>
ST_2 : Operation 99 [1/1] (0.00ns) (grouped into LUT with out node select_ln94_7)   --->   "%select_ln96_1 = select i1 %cmp10_i_mid1206, i6 %select_ln94_read, i6 0" [src/conv1.cpp:96->src/conv1.cpp:144]   --->   Operation 99 'select' 'select_ln96_1' <Predicate = (!icmp_ln94)> <Delay = 0.00> <CoreInst = "Sel">   --->   Core 73 'Sel' <Latency = 0> <II = 1> <Delay = 0.38> <FuncUnit> <Opcode : 'select'> <InPorts = 3> <OutPorts = 1>
ST_2 : Operation 100 [1/1] (0.38ns) (out node of the LUT)   --->   "%select_ln94_7 = select i1 %icmp_ln95, i6 %select_ln96_1, i6 %select_ln96" [src/conv1.cpp:94->src/conv1.cpp:144]   --->   Operation 100 'select' 'select_ln94_7' <Predicate = (!icmp_ln94)> <Delay = 0.38> <CoreInst = "Sel">   --->   Core 73 'Sel' <Latency = 0> <II = 1> <Delay = 0.38> <FuncUnit> <Opcode : 'select'> <InPorts = 3> <OutPorts = 1>
ST_2 : Operation 101 [1/1] (0.00ns) (grouped into LUT with out node and_ln94)   --->   "%xor_ln94 = xor i1 %icmp_ln95, i1 1" [src/conv1.cpp:94->src/conv1.cpp:144]   --->   Operation 101 'xor' 'xor_ln94' <Predicate = (!icmp_ln94)> <Delay = 0.00> <CoreInst = "LogicGate">   --->   Core 74 'LogicGate' <Latency = 0> <II = 1> <Delay = 0.28> <FuncUnit> <Opcode : 'and' 'or' 'xor'> <InPorts = 2> <OutPorts = 1>
ST_2 : Operation 102 [1/1] (0.78ns)   --->   "%icmp_ln96 = icmp_eq  i6 %tw_load, i6 32" [src/conv1.cpp:96->src/conv1.cpp:144]   --->   Operation 102 'icmp' 'icmp_ln96' <Predicate = (!icmp_ln94)> <Delay = 0.78> <CoreInst = "Cmp">   --->   Core 9 'Cmp' <Latency = 0> <II = 1> <Delay = 0.78> <FuncUnit> <Opcode : 'icmp'> <InPorts = 2> <OutPorts = 1>
ST_2 : Operation 103 [1/1] (0.28ns) (out node of the LUT)   --->   "%and_ln94 = and i1 %icmp_ln96, i1 %xor_ln94" [src/conv1.cpp:94->src/conv1.cpp:144]   --->   Operation 103 'and' 'and_ln94' <Predicate = (!icmp_ln94)> <Delay = 0.28> <CoreInst = "LogicGate">   --->   Core 74 'LogicGate' <Latency = 0> <II = 1> <Delay = 0.28> <FuncUnit> <Opcode : 'and' 'or' 'xor'> <InPorts = 2> <OutPorts = 1>
ST_2 : Operation 104 [1/1] (0.78ns)   --->   "%add_ln95 = add i6 %select_ln94_1, i6 1" [src/conv1.cpp:95->src/conv1.cpp:144]   --->   Operation 104 'add' 'add_ln95' <Predicate = (!icmp_ln94)> <Delay = 0.78> <CoreInst = "Adder">   --->   Core 1 'Adder' <Latency = 0> <II = 1> <Delay = 0.78> <FuncUnit> <Opcode : 'add' 'sub'> <InPorts = 2> <OutPorts = 1>
ST_2 : Operation 105 [1/1] (0.28ns) (out node of the LUT)   --->   "%or_ln95 = or i1 %and_ln94, i1 %or_ln94" [src/conv1.cpp:95->src/conv1.cpp:144]   --->   Operation 105 'or' 'or_ln95' <Predicate = (!icmp_ln94)> <Delay = 0.28> <CoreInst = "LogicGate">   --->   Core 74 'LogicGate' <Latency = 0> <II = 1> <Delay = 0.28> <FuncUnit> <Opcode : 'and' 'or' 'xor'> <InPorts = 2> <OutPorts = 1>
ST_2 : Operation 106 [1/1] (0.00ns) (grouped into LUT with out node select_ln95)   --->   "%or_ln95_1 = or i1 %and_ln94, i1 %icmp_ln95" [src/conv1.cpp:95->src/conv1.cpp:144]   --->   Operation 106 'or' 'or_ln95_1' <Predicate = (!icmp_ln94)> <Delay = 0.00> <CoreInst = "LogicGate">   --->   Core 74 'LogicGate' <Latency = 0> <II = 1> <Delay = 0.28> <FuncUnit> <Opcode : 'and' 'or' 'xor'> <InPorts = 2> <OutPorts = 1>
ST_2 : Operation 107 [1/1] (0.38ns) (out node of the LUT)   --->   "%select_ln95 = select i1 %or_ln95_1, i6 0, i6 %tw_load" [src/conv1.cpp:95->src/conv1.cpp:144]   --->   Operation 107 'select' 'select_ln95' <Predicate = (!icmp_ln94)> <Delay = 0.38> <CoreInst = "Sel">   --->   Core 73 'Sel' <Latency = 0> <II = 1> <Delay = 0.38> <FuncUnit> <Opcode : 'select'> <InPorts = 3> <OutPorts = 1>
ST_2 : Operation 108 [1/1] (0.38ns)   --->   "%select_ln95_1 = select i1 %and_ln94, i6 %add_ln95, i6 %select_ln94_1" [src/conv1.cpp:95->src/conv1.cpp:144]   --->   Operation 108 'select' 'select_ln95_1' <Predicate = (!icmp_ln94)> <Delay = 0.38> <CoreInst = "Sel">   --->   Core 73 'Sel' <Latency = 0> <II = 1> <Delay = 0.38> <FuncUnit> <Opcode : 'select'> <InPorts = 3> <OutPorts = 1>
ST_2 : Operation 109 [1/1] (0.00ns)   --->   "%zext_ln99 = zext i6 %select_ln95_1" [src/conv1.cpp:99->src/conv1.cpp:144]   --->   Operation 109 'zext' 'zext_ln99' <Predicate = (!icmp_ln94)> <Delay = 0.00>
ST_2 : Operation 110 [1/1] (0.76ns)   --->   "%add_ln99 = add i8 %tmp_34_cast, i8 %zext_ln99" [src/conv1.cpp:99->src/conv1.cpp:144]   --->   Operation 110 'add' 'add_ln99' <Predicate = (!icmp_ln94)> <Delay = 0.76> <CoreInst = "Adder">   --->   Core 1 'Adder' <Latency = 0> <II = 1> <Delay = 0.76> <FuncUnit> <Opcode : 'add' 'sub'> <InPorts = 2> <OutPorts = 1>
ST_2 : Operation 111 [1/1] (0.00ns)   --->   "%tmp_s = bitconcatenate i13 @_ssdm_op_BitConcatenate.i13.i8.i5, i8 %add_ln99, i5 0" [src/conv1.cpp:99->src/conv1.cpp:144]   --->   Operation 111 'bitconcatenate' 'tmp_s' <Predicate = (!icmp_ln94)> <Delay = 0.00>
ST_2 : Operation 112 [1/1] (0.00ns)   --->   "%zext_ln95_4 = zext i6 %add_ln95" [src/conv1.cpp:95->src/conv1.cpp:144]   --->   Operation 112 'zext' 'zext_ln95_4' <Predicate = (!icmp_ln94)> <Delay = 0.00>
ST_2 : Operation 113 [1/1] (0.00ns)   --->   "%add_ln95_cast = zext i6 %add_ln95" [src/conv1.cpp:95->src/conv1.cpp:144]   --->   Operation 113 'zext' 'add_ln95_cast' <Predicate = (!icmp_ln94)> <Delay = 0.00>
ST_2 : Operation 114 [1/1] (0.77ns)   --->   "%p_mid1150 = add i9 %zext_ln95_4, i9 %select_ln121_6_read" [src/conv1.cpp:95->src/conv1.cpp:144]   --->   Operation 114 'add' 'p_mid1150' <Predicate = (!icmp_ln94)> <Delay = 0.77> <CoreInst = "Adder">   --->   Core 1 'Adder' <Latency = 0> <II = 1> <Delay = 0.77> <FuncUnit> <Opcode : 'add' 'sub'> <InPorts = 2> <OutPorts = 1>
ST_2 : Operation 115 [1/1] (0.00ns)   --->   "%p_shl2_mid1 = bitconcatenate i19 @_ssdm_op_BitConcatenate.i19.i9.i10, i9 %p_mid1150, i10 0" [src/conv1.cpp:95->src/conv1.cpp:144]   --->   Operation 115 'bitconcatenate' 'p_shl2_mid1' <Predicate = (!icmp_ln94)> <Delay = 0.00>
ST_2 : Operation 116 [1/1] (0.00ns)   --->   "%p_shl2_cast_mid1 = zext i19 %p_shl2_mid1" [src/conv1.cpp:95->src/conv1.cpp:144]   --->   Operation 116 'zext' 'p_shl2_cast_mid1' <Predicate = (!icmp_ln94)> <Delay = 0.00>
ST_2 : Operation 117 [1/1] (0.00ns)   --->   "%p_shl3_mid1 = bitconcatenate i11 @_ssdm_op_BitConcatenate.i11.i9.i2, i9 %p_mid1150, i2 0" [src/conv1.cpp:95->src/conv1.cpp:144]   --->   Operation 117 'bitconcatenate' 'p_shl3_mid1' <Predicate = (!icmp_ln94)> <Delay = 0.00>
ST_2 : Operation 118 [1/1] (0.00ns)   --->   "%p_shl3_cast_mid1 = zext i11 %p_shl3_mid1" [src/conv1.cpp:95->src/conv1.cpp:144]   --->   Operation 118 'zext' 'p_shl3_cast_mid1' <Predicate = (!icmp_ln94)> <Delay = 0.00>
ST_2 : Operation 119 [1/1] (0.88ns)   --->   "%p_mid1152 = sub i20 %p_shl2_cast_mid1, i20 %p_shl3_cast_mid1" [src/conv1.cpp:95->src/conv1.cpp:144]   --->   Operation 119 'sub' 'p_mid1152' <Predicate = (!icmp_ln94)> <Delay = 0.88> <CoreInst = "Adder">   --->   Core 1 'Adder' <Latency = 0> <II = 1> <Delay = 0.88> <FuncUnit> <Opcode : 'add' 'sub'> <InPorts = 2> <OutPorts = 1>
ST_2 : Operation 120 [1/1] (0.00ns) (grouped into LUT with out node tmp6_mid1)   --->   "%p_cast21_mid1 = sext i20 %p_mid1152" [src/conv1.cpp:95->src/conv1.cpp:144]   --->   Operation 120 'sext' 'p_cast21_mid1' <Predicate = (!icmp_ln94)> <Delay = 0.00>
ST_2 : Operation 121 [1/1] (0.93ns) (out node of the LUT)   --->   "%tmp6_mid1 = add i25 %zext_ln94_3, i25 %p_cast21_mid1" [src/conv1.cpp:94->src/conv1.cpp:144]   --->   Operation 121 'add' 'tmp6_mid1' <Predicate = (!icmp_ln94)> <Delay = 0.93> <CoreInst = "Adder">   --->   Core 1 'Adder' <Latency = 0> <II = 1> <Delay = 0.93> <FuncUnit> <Opcode : 'add' 'sub'> <InPorts = 2> <OutPorts = 1>
ST_2 : Operation 122 [1/1] (0.76ns)   --->   "%cmp10_i_mid1 = icmp_ult  i8 %add_ln95_cast, i8 %select_ln121_5_read" [src/conv1.cpp:95->src/conv1.cpp:144]   --->   Operation 122 'icmp' 'cmp10_i_mid1' <Predicate = (!icmp_ln94)> <Delay = 0.76> <CoreInst = "Cmp">   --->   Core 9 'Cmp' <Latency = 0> <II = 1> <Delay = 0.76> <FuncUnit> <Opcode : 'icmp'> <InPorts = 2> <OutPorts = 1>
ST_2 : Operation 123 [1/1] (0.17ns) (out node of the LUT)   --->   "%select_ln95_2 = select i1 %and_ln94, i1 %cmp10_i_mid1, i1 %select_ln94_5" [src/conv1.cpp:95->src/conv1.cpp:144]   --->   Operation 123 'select' 'select_ln95_2' <Predicate = (!icmp_ln94)> <Delay = 0.17> <CoreInst = "Sel">   --->   Core 73 'Sel' <Latency = 0> <II = 1> <Delay = 0.17> <FuncUnit> <Opcode : 'select'> <InPorts = 3> <OutPorts = 1>
ST_2 : Operation 124 [1/1] (0.00ns) (grouped into LUT with out node add_ln95_1)   --->   "%select_ln95_3 = select i1 %and_ln94, i25 %tmp6_mid1, i25 %select_ln94_6" [src/conv1.cpp:95->src/conv1.cpp:144]   --->   Operation 124 'select' 'select_ln95_3' <Predicate = (!icmp_ln94)> <Delay = 0.00> <CoreInst = "Sel">   --->   Core 73 'Sel' <Latency = 0> <II = 1> <Delay = 0.32> <FuncUnit> <Opcode : 'select'> <InPorts = 3> <OutPorts = 1>
ST_2 : Operation 125 [1/1] (0.00ns) (grouped into LUT with out node add_ln95_1)   --->   "%sext_ln95 = sext i25 %select_ln95_3" [src/conv1.cpp:95->src/conv1.cpp:144]   --->   Operation 125 'sext' 'sext_ln95' <Predicate = (!icmp_ln94)> <Delay = 0.00>
ST_2 : Operation 126 [1/1] (1.08ns) (out node of the LUT)   --->   "%add_ln95_1 = add i64 %sext_ln95, i64 %tmp5_read" [src/conv1.cpp:95->src/conv1.cpp:144]   --->   Operation 126 'add' 'add_ln95_1' <Predicate = (!icmp_ln94)> <Delay = 1.08> <CoreInst = "Adder">   --->   Core 1 'Adder' <Latency = 0> <II = 1> <Delay = 1.08> <FuncUnit> <Opcode : 'add' 'sub'> <InPorts = 2> <OutPorts = 1>
ST_2 : Operation 127 [1/1] (0.00ns)   --->   "%sext_ln96_mid2_v = partselect i62 @_ssdm_op_PartSelect.i62.i64.i32.i32, i64 %add_ln95_1, i32 2, i32 63" [src/conv1.cpp:95->src/conv1.cpp:144]   --->   Operation 127 'partselect' 'sext_ln96_mid2_v' <Predicate = (!icmp_ln94)> <Delay = 0.00>
ST_2 : Operation 128 [1/1] (0.00ns) (grouped into LUT with out node select_ln95_4)   --->   "%select_ln96_2 = select i1 %cmp10_i_mid1, i6 %select_ln94_read, i6 0" [src/conv1.cpp:96->src/conv1.cpp:144]   --->   Operation 128 'select' 'select_ln96_2' <Predicate = (!icmp_ln94)> <Delay = 0.00> <CoreInst = "Sel">   --->   Core 73 'Sel' <Latency = 0> <II = 1> <Delay = 0.38> <FuncUnit> <Opcode : 'select'> <InPorts = 3> <OutPorts = 1>
ST_2 : Operation 129 [1/1] (0.38ns) (out node of the LUT)   --->   "%select_ln95_4 = select i1 %and_ln94, i6 %select_ln96_2, i6 %select_ln94_7" [src/conv1.cpp:95->src/conv1.cpp:144]   --->   Operation 129 'select' 'select_ln95_4' <Predicate = (!icmp_ln94)> <Delay = 0.38> <CoreInst = "Sel">   --->   Core 73 'Sel' <Latency = 0> <II = 1> <Delay = 0.38> <FuncUnit> <Opcode : 'select'> <InPorts = 3> <OutPorts = 1>
ST_2 : Operation 130 [1/1] (0.00ns)   --->   "%zext_ln99_1 = zext i6 %select_ln95" [src/conv1.cpp:99->src/conv1.cpp:144]   --->   Operation 130 'zext' 'zext_ln99_1' <Predicate = (!icmp_ln94)> <Delay = 0.00>
ST_2 : Operation 131 [1/1] (0.82ns)   --->   "%add_ln99_2 = add i13 %tmp_s, i13 %zext_ln99_1" [src/conv1.cpp:99->src/conv1.cpp:144]   --->   Operation 131 'add' 'add_ln99_2' <Predicate = (!icmp_ln94)> <Delay = 0.82> <CoreInst = "Adder">   --->   Core 1 'Adder' <Latency = 0> <II = 1> <Delay = 0.82> <FuncUnit> <Opcode : 'add' 'sub'> <InPorts = 2> <OutPorts = 1>
ST_2 : Operation 132 [1/1] (0.00ns)   --->   "%zext_ln99_2 = zext i13 %add_ln99_2" [src/conv1.cpp:99->src/conv1.cpp:144]   --->   Operation 132 'zext' 'zext_ln99_2' <Predicate = (!icmp_ln94)> <Delay = 0.00>
ST_2 : Operation 133 [1/1] (0.00ns)   --->   "%out_tile_2_addr = getelementptr i32 %out_tile_2, i64 0, i64 %zext_ln99_2" [src/conv1.cpp:99->src/conv1.cpp:144]   --->   Operation 133 'getelementptr' 'out_tile_2_addr' <Predicate = (!icmp_ln94)> <Delay = 0.00>
ST_2 : Operation 134 [1/1] (0.00ns)   --->   "%zext_ln96 = zext i6 %select_ln95" [src/conv1.cpp:96->src/conv1.cpp:144]   --->   Operation 134 'zext' 'zext_ln96' <Predicate = (!icmp_ln94)> <Delay = 0.00>
ST_2 : Operation 135 [1/1] (0.00ns)   --->   "%br_ln96 = br i1 %or_ln95, void %for.body8.i.split, void %for.first.iter.for.body8.i" [src/conv1.cpp:96->src/conv1.cpp:144]   --->   Operation 135 'br' 'br_ln96' <Predicate = (!icmp_ln94)> <Delay = 0.00>
ST_2 : Operation 136 [1/1] (0.00ns)   --->   "%specpipeline_ln97 = specpipeline void @_ssdm_op_SpecPipeline, i32 1, i32 0, i32 0, i32 0, void @empty_40" [src/conv1.cpp:97->src/conv1.cpp:144]   --->   Operation 136 'specpipeline' 'specpipeline_ln97' <Predicate = (!icmp_ln94)> <Delay = 0.00>
ST_2 : Operation 137 [1/1] (0.00ns)   --->   "%specloopname_ln96 = specloopname void @_ssdm_op_SpecLoopName, void @empty_25" [src/conv1.cpp:96->src/conv1.cpp:144]   --->   Operation 137 'specloopname' 'specloopname_ln96' <Predicate = (!icmp_ln94)> <Delay = 0.00>
ST_2 : Operation 138 [1/1] (0.76ns)   --->   "%icmp_ln98 = icmp_ult  i8 %zext_ln96, i8 %zext_ln124_1_read" [src/conv1.cpp:98->src/conv1.cpp:144]   --->   Operation 138 'icmp' 'icmp_ln98' <Predicate = (!icmp_ln94)> <Delay = 0.76> <CoreInst = "Cmp">   --->   Core 9 'Cmp' <Latency = 0> <II = 1> <Delay = 0.76> <FuncUnit> <Opcode : 'icmp'> <InPorts = 2> <OutPorts = 1>
ST_2 : Operation 139 [1/1] (0.28ns)   --->   "%and_ln98 = and i1 %icmp_ln98, i1 %select_ln95_2" [src/conv1.cpp:98->src/conv1.cpp:144]   --->   Operation 139 'and' 'and_ln98' <Predicate = (!icmp_ln94)> <Delay = 0.28> <CoreInst = "LogicGate">   --->   Core 74 'LogicGate' <Latency = 0> <II = 1> <Delay = 0.28> <FuncUnit> <Opcode : 'and' 'or' 'xor'> <InPorts = 2> <OutPorts = 1>
ST_2 : Operation 140 [1/1] (0.00ns)   --->   "%br_ln98 = br i1 %and_ln98, void %for.inc.i18, void %if.then.i" [src/conv1.cpp:98->src/conv1.cpp:144]   --->   Operation 140 'br' 'br_ln98' <Predicate = (!icmp_ln94)> <Delay = 0.00>
ST_2 : Operation 141 [1/1] (0.00ns)   --->   "%trunc_ln = partselect i62 @_ssdm_op_PartSelect.i62.i64.i32.i32, i64 %add_ln94_3, i32 2, i32 63" [src/conv1.cpp:99->src/conv1.cpp:144]   --->   Operation 141 'partselect' 'trunc_ln' <Predicate = (!icmp_ln94 & and_ln98)> <Delay = 0.00>
ST_2 : Operation 142 [1/1] (0.00ns)   --->   "%sext_ln99 = sext i62 %trunc_ln" [src/conv1.cpp:99->src/conv1.cpp:144]   --->   Operation 142 'sext' 'sext_ln99' <Predicate = (!icmp_ln94 & and_ln98)> <Delay = 0.00>
ST_2 : Operation 143 [1/1] (0.00ns)   --->   "%w1_addr = getelementptr i32 %w1, i64 %sext_ln99" [src/conv1.cpp:99->src/conv1.cpp:144]   --->   Operation 143 'getelementptr' 'w1_addr' <Predicate = (!icmp_ln94 & and_ln98)> <Delay = 0.00>
ST_2 : Operation 144 [1/1] (0.78ns)   --->   "%add_ln96 = add i6 %select_ln95, i6 1" [src/conv1.cpp:96->src/conv1.cpp:144]   --->   Operation 144 'add' 'add_ln96' <Predicate = (!icmp_ln94)> <Delay = 0.78> <CoreInst = "Adder">   --->   Core 1 'Adder' <Latency = 0> <II = 1> <Delay = 0.78> <FuncUnit> <Opcode : 'add' 'sub'> <InPorts = 2> <OutPorts = 1>
ST_2 : Operation 145 [1/1] (0.78ns)   --->   "%icmp_ln96_1 = icmp_eq  i6 %add_ln96, i6 32" [src/conv1.cpp:96->src/conv1.cpp:144]   --->   Operation 145 'icmp' 'icmp_ln96_1' <Predicate = (!icmp_ln94)> <Delay = 0.78> <CoreInst = "Cmp">   --->   Core 9 'Cmp' <Latency = 0> <II = 1> <Delay = 0.78> <FuncUnit> <Opcode : 'icmp'> <InPorts = 2> <OutPorts = 1>
ST_2 : Operation 146 [1/1] (0.00ns)   --->   "%br_ln96 = br i1 %icmp_ln96_1, void %new.latch.for.inc.i18, void %last.iter.for.inc.i18" [src/conv1.cpp:96->src/conv1.cpp:144]   --->   Operation 146 'br' 'br_ln96' <Predicate = (!icmp_ln94)> <Delay = 0.00>
ST_2 : Operation 147 [1/1] (0.80ns)   --->   "%add_ln95_2 = add i12 %indvar_flatten156_load, i12 1" [src/conv1.cpp:95->src/conv1.cpp:144]   --->   Operation 147 'add' 'add_ln95_2' <Predicate = (!icmp_ln94)> <Delay = 0.80> <CoreInst = "Adder">   --->   Core 1 'Adder' <Latency = 0> <II = 1> <Delay = 0.80> <FuncUnit> <Opcode : 'add' 'sub'> <InPorts = 2> <OutPorts = 1>
ST_2 : Operation 148 [1/1] (0.37ns)   --->   "%select_ln95_5 = select i1 %icmp_ln95, i12 1, i12 %add_ln95_2" [src/conv1.cpp:95->src/conv1.cpp:144]   --->   Operation 148 'select' 'select_ln95_5' <Predicate = (!icmp_ln94)> <Delay = 0.37> <CoreInst = "Sel">   --->   Core 73 'Sel' <Latency = 0> <II = 1> <Delay = 0.37> <FuncUnit> <Opcode : 'select'> <InPorts = 3> <OutPorts = 1>
ST_2 : Operation 149 [1/1] (0.42ns)   --->   "%store_ln96 = store i14 %add_ln94_4, i14 %indvar_flatten220" [src/conv1.cpp:96->src/conv1.cpp:144]   --->   Operation 149 'store' 'store_ln96' <Predicate = (!icmp_ln94)> <Delay = 0.42>
ST_2 : Operation 150 [1/1] (0.42ns)   --->   "%store_ln96 = store i4 %select_ln94_2, i4 %tn" [src/conv1.cpp:96->src/conv1.cpp:144]   --->   Operation 150 'store' 'store_ln96' <Predicate = (!icmp_ln94)> <Delay = 0.42>
ST_2 : Operation 151 [1/1] (0.42ns)   --->   "%store_ln96 = store i12 %select_ln95_5, i12 %indvar_flatten156" [src/conv1.cpp:96->src/conv1.cpp:144]   --->   Operation 151 'store' 'store_ln96' <Predicate = (!icmp_ln94)> <Delay = 0.42>
ST_2 : Operation 152 [1/1] (0.42ns)   --->   "%store_ln96 = store i6 %select_ln95_1, i6 %th" [src/conv1.cpp:96->src/conv1.cpp:144]   --->   Operation 152 'store' 'store_ln96' <Predicate = (!icmp_ln94)> <Delay = 0.42>
ST_2 : Operation 153 [1/1] (0.42ns)   --->   "%store_ln96 = store i6 %add_ln96, i6 %tw" [src/conv1.cpp:96->src/conv1.cpp:144]   --->   Operation 153 'store' 'store_ln96' <Predicate = (!icmp_ln94)> <Delay = 0.42>
ST_2 : Operation 154 [1/1] (0.00ns)   --->   "%br_ln96 = br void %for.body8.i" [src/conv1.cpp:96->src/conv1.cpp:144]   --->   Operation 154 'br' 'br_ln96' <Predicate = (!icmp_ln94)> <Delay = 0.00>

State 3 <SV = 2> <Delay = 7.30>
ST_3 : Operation 155 [1/1] (0.00ns)   --->   "%specloopname_ln0 = specloopname void @_ssdm_op_SpecLoopName, void @VITIS_LOOP_94_1_VITIS_LOOP_95_2_VITIS_LOOP_96_3_str"   --->   Operation 155 'specloopname' 'specloopname_ln0' <Predicate = true> <Delay = 0.00>
ST_3 : Operation 156 [1/1] (0.00ns)   --->   "%speclooptripcount_ln0 = speclooptripcount void @_ssdm_op_SpecLoopTripCount, i64 8192, i64 8192, i64 8192"   --->   Operation 156 'speclooptripcount' 'speclooptripcount_ln0' <Predicate = true> <Delay = 0.00>
ST_3 : Operation 157 [1/1] (0.00ns)   --->   "%specloopname_ln0 = specloopname void @_ssdm_op_SpecLoopName, void @VITIS_LOOP_95_2_VITIS_LOOP_96_3_str"   --->   Operation 157 'specloopname' 'specloopname_ln0' <Predicate = true> <Delay = 0.00>
ST_3 : Operation 158 [1/1] (0.00ns)   --->   "%sext_ln95_1 = sext i62 %sext_ln96_mid2_v" [src/conv1.cpp:95->src/conv1.cpp:144]   --->   Operation 158 'sext' 'sext_ln95_1' <Predicate = true> <Delay = 0.00>
ST_3 : Operation 159 [1/1] (0.00ns)   --->   "%zext_ln95_5 = zext i6 %select_ln95_4" [src/conv1.cpp:95->src/conv1.cpp:144]   --->   Operation 159 'zext' 'zext_ln95_5' <Predicate = true> <Delay = 0.00>
ST_3 : Operation 160 [1/1] (0.00ns)   --->   "%feat_addr = getelementptr i32 %feat, i64 %sext_ln95_1" [src/conv1.cpp:96->src/conv1.cpp:144]   --->   Operation 160 'getelementptr' 'feat_addr' <Predicate = (or_ln95)> <Delay = 0.00>
ST_3 : Operation 161 [1/1] (7.30ns)   --->   "%empty_78 = writereq i1 @_ssdm_op_WriteReq.m_axi.p1i32, i32 %feat_addr, i32 %zext_ln95_5" [src/conv1.cpp:96->src/conv1.cpp:144]   --->   Operation 161 'writereq' 'empty_78' <Predicate = (or_ln95)> <Delay = 7.30> <CoreInst = "m_axi">   --->   Core 121 'm_axi' <Latency = 0> <II = 1> <Delay = 1.00> <Adapter> <Opcode : 'read' 'write' 'readreq' 'writereq' 'writeresp'>
ST_3 : Operation 162 [1/1] (0.00ns)   --->   "%br_ln96 = br void %for.body8.i.split" [src/conv1.cpp:96->src/conv1.cpp:144]   --->   Operation 162 'br' 'br_ln96' <Predicate = (or_ln95)> <Delay = 0.00>
ST_3 : Operation 163 [8/8] (7.30ns)   --->   "%w1_load_req = readreq i1 @_ssdm_op_ReadReq.m_axi.i32P1A, i32 %w1_addr, i32 1" [src/conv1.cpp:99->src/conv1.cpp:144]   --->   Operation 163 'readreq' 'w1_load_req' <Predicate = (and_ln98)> <Delay = 7.30> <CoreInst = "m_axi">   --->   Core 121 'm_axi' <Latency = 0> <II = 1> <Delay = 1.00> <Adapter> <Opcode : 'read' 'write' 'readreq' 'writereq' 'writeresp'>

State 4 <SV = 3> <Delay = 7.30>
ST_4 : Operation 164 [7/8] (7.30ns)   --->   "%w1_load_req = readreq i1 @_ssdm_op_ReadReq.m_axi.i32P1A, i32 %w1_addr, i32 1" [src/conv1.cpp:99->src/conv1.cpp:144]   --->   Operation 164 'readreq' 'w1_load_req' <Predicate = (and_ln98)> <Delay = 7.30> <CoreInst = "m_axi">   --->   Core 121 'm_axi' <Latency = 0> <II = 1> <Delay = 1.00> <Adapter> <Opcode : 'read' 'write' 'readreq' 'writereq' 'writeresp'>

State 5 <SV = 4> <Delay = 7.30>
ST_5 : Operation 165 [6/8] (7.30ns)   --->   "%w1_load_req = readreq i1 @_ssdm_op_ReadReq.m_axi.i32P1A, i32 %w1_addr, i32 1" [src/conv1.cpp:99->src/conv1.cpp:144]   --->   Operation 165 'readreq' 'w1_load_req' <Predicate = (and_ln98)> <Delay = 7.30> <CoreInst = "m_axi">   --->   Core 121 'm_axi' <Latency = 0> <II = 1> <Delay = 1.00> <Adapter> <Opcode : 'read' 'write' 'readreq' 'writereq' 'writeresp'>

State 6 <SV = 5> <Delay = 7.30>
ST_6 : Operation 166 [5/8] (7.30ns)   --->   "%w1_load_req = readreq i1 @_ssdm_op_ReadReq.m_axi.i32P1A, i32 %w1_addr, i32 1" [src/conv1.cpp:99->src/conv1.cpp:144]   --->   Operation 166 'readreq' 'w1_load_req' <Predicate = (and_ln98)> <Delay = 7.30> <CoreInst = "m_axi">   --->   Core 121 'm_axi' <Latency = 0> <II = 1> <Delay = 1.00> <Adapter> <Opcode : 'read' 'write' 'readreq' 'writereq' 'writeresp'>

State 7 <SV = 6> <Delay = 7.30>
ST_7 : Operation 167 [4/8] (7.30ns)   --->   "%w1_load_req = readreq i1 @_ssdm_op_ReadReq.m_axi.i32P1A, i32 %w1_addr, i32 1" [src/conv1.cpp:99->src/conv1.cpp:144]   --->   Operation 167 'readreq' 'w1_load_req' <Predicate = (and_ln98)> <Delay = 7.30> <CoreInst = "m_axi">   --->   Core 121 'm_axi' <Latency = 0> <II = 1> <Delay = 1.00> <Adapter> <Opcode : 'read' 'write' 'readreq' 'writereq' 'writeresp'>

State 8 <SV = 7> <Delay = 7.30>
ST_8 : Operation 168 [3/8] (7.30ns)   --->   "%w1_load_req = readreq i1 @_ssdm_op_ReadReq.m_axi.i32P1A, i32 %w1_addr, i32 1" [src/conv1.cpp:99->src/conv1.cpp:144]   --->   Operation 168 'readreq' 'w1_load_req' <Predicate = (and_ln98)> <Delay = 7.30> <CoreInst = "m_axi">   --->   Core 121 'm_axi' <Latency = 0> <II = 1> <Delay = 1.00> <Adapter> <Opcode : 'read' 'write' 'readreq' 'writereq' 'writeresp'>

State 9 <SV = 8> <Delay = 7.30>
ST_9 : Operation 169 [2/8] (7.30ns)   --->   "%w1_load_req = readreq i1 @_ssdm_op_ReadReq.m_axi.i32P1A, i32 %w1_addr, i32 1" [src/conv1.cpp:99->src/conv1.cpp:144]   --->   Operation 169 'readreq' 'w1_load_req' <Predicate = (and_ln98)> <Delay = 7.30> <CoreInst = "m_axi">   --->   Core 121 'm_axi' <Latency = 0> <II = 1> <Delay = 1.00> <Adapter> <Opcode : 'read' 'write' 'readreq' 'writereq' 'writeresp'>

State 10 <SV = 9> <Delay = 7.30>
ST_10 : Operation 170 [2/2] (1.23ns)   --->   "%out_tile_2_load = load i13 %out_tile_2_addr" [src/conv1.cpp:99->src/conv1.cpp:144]   --->   Operation 170 'load' 'out_tile_2_load' <Predicate = (and_ln98)> <Delay = 1.23> <CoreInst = "RAM">   --->   Core 83 'RAM' <Latency = 1> <II = 1> <Delay = 1.23> <Storage> <Opcode : 'load' 'store'> <Ports = 2> <Width = 32> <Depth = 8192> <RAM>
ST_10 : Operation 171 [1/8] (7.30ns)   --->   "%w1_load_req = readreq i1 @_ssdm_op_ReadReq.m_axi.i32P1A, i32 %w1_addr, i32 1" [src/conv1.cpp:99->src/conv1.cpp:144]   --->   Operation 171 'readreq' 'w1_load_req' <Predicate = (and_ln98)> <Delay = 7.30> <CoreInst = "m_axi">   --->   Core 121 'm_axi' <Latency = 0> <II = 1> <Delay = 1.00> <Adapter> <Opcode : 'read' 'write' 'readreq' 'writereq' 'writeresp'>

State 11 <SV = 10> <Delay = 7.30>
ST_11 : Operation 172 [1/2] (1.23ns)   --->   "%out_tile_2_load = load i13 %out_tile_2_addr" [src/conv1.cpp:99->src/conv1.cpp:144]   --->   Operation 172 'load' 'out_tile_2_load' <Predicate = (and_ln98)> <Delay = 1.23> <CoreInst = "RAM">   --->   Core 83 'RAM' <Latency = 1> <II = 1> <Delay = 1.23> <Storage> <Opcode : 'load' 'store'> <Ports = 2> <Width = 32> <Depth = 8192> <RAM>
ST_11 : Operation 173 [1/1] (7.30ns)   --->   "%w1_addr_read = read i32 @_ssdm_op_Read.m_axi.i32P1A, i32 %w1_addr" [src/conv1.cpp:99->src/conv1.cpp:144]   --->   Operation 173 'read' 'w1_addr_read' <Predicate = (and_ln98)> <Delay = 7.30> <CoreInst = "m_axi">   --->   Core 121 'm_axi' <Latency = 0> <II = 1> <Delay = 1.00> <Adapter> <Opcode : 'read' 'write' 'readreq' 'writereq' 'writeresp'>

State 12 <SV = 11> <Delay = 6.43>
ST_12 : Operation 174 [1/1] (0.00ns)   --->   "%bitcast_ln99 = bitcast i32 %w1_addr_read" [src/conv1.cpp:99->src/conv1.cpp:144]   --->   Operation 174 'bitcast' 'bitcast_ln99' <Predicate = (and_ln98)> <Delay = 0.00>
ST_12 : [1/1] (1.18ns)   --->   Input mux for Operation 175 '%v = fadd i32 %out_tile_2_load, i32 %bitcast_ln99'
ST_12 : Operation 175 [4/4] (5.25ns)   --->   "%v = fadd i32 %out_tile_2_load, i32 %bitcast_ln99" [src/conv1.cpp:99->src/conv1.cpp:144]   --->   Operation 175 'fadd' 'v' <Predicate = (and_ln98)> <Delay = 5.25> <CoreInst = "FAddSub_fulldsp">   --->   Core 18 'FAddSub_fulldsp' <Latency = 3> <II = 1> <Delay = 6.43> <FuncUnit> <Opcode : 'fadd' 'fsub'> <InPorts = 2> <OutPorts = 1>

State 13 <SV = 12> <Delay = 6.43>
ST_13 : Operation 176 [3/4] (6.43ns)   --->   "%v = fadd i32 %out_tile_2_load, i32 %bitcast_ln99" [src/conv1.cpp:99->src/conv1.cpp:144]   --->   Operation 176 'fadd' 'v' <Predicate = (and_ln98)> <Delay = 6.43> <CoreInst = "FAddSub_fulldsp">   --->   Core 18 'FAddSub_fulldsp' <Latency = 3> <II = 1> <Delay = 6.43> <FuncUnit> <Opcode : 'fadd' 'fsub'> <InPorts = 2> <OutPorts = 1>

State 14 <SV = 13> <Delay = 6.43>
ST_14 : Operation 177 [2/4] (6.43ns)   --->   "%v = fadd i32 %out_tile_2_load, i32 %bitcast_ln99" [src/conv1.cpp:99->src/conv1.cpp:144]   --->   Operation 177 'fadd' 'v' <Predicate = (and_ln98)> <Delay = 6.43> <CoreInst = "FAddSub_fulldsp">   --->   Core 18 'FAddSub_fulldsp' <Latency = 3> <II = 1> <Delay = 6.43> <FuncUnit> <Opcode : 'fadd' 'fsub'> <InPorts = 2> <OutPorts = 1>

State 15 <SV = 14> <Delay = 6.43>
ST_15 : Operation 178 [1/4] (6.43ns)   --->   "%v = fadd i32 %out_tile_2_load, i32 %bitcast_ln99" [src/conv1.cpp:99->src/conv1.cpp:144]   --->   Operation 178 'fadd' 'v' <Predicate = (and_ln98)> <Delay = 6.43> <CoreInst = "FAddSub_fulldsp">   --->   Core 18 'FAddSub_fulldsp' <Latency = 3> <II = 1> <Delay = 6.43> <FuncUnit> <Opcode : 'fadd' 'fsub'> <InPorts = 2> <OutPorts = 1>

State 16 <SV = 15> <Delay = 2.78>
ST_16 : Operation 179 [2/2] (2.78ns)   --->   "%tmp_4 = fcmp_olt  i32 %v, i32 0" [src/conv1.cpp:100->src/conv1.cpp:144]   --->   Operation 179 'fcmp' 'tmp_4' <Predicate = (and_ln98)> <Delay = 2.78> <CoreInst = "FCompare">   --->   Core 19 'FCompare' <Latency = 1> <II = 1> <Delay = 2.78> <FuncUnit> <Opcode : 'fcmp'> <InPorts = 2> <OutPorts = 1>

State 17 <SV = 16> <Delay = 3.23>
ST_17 : Operation 180 [1/1] (0.00ns)   --->   "%bitcast_ln100 = bitcast i32 %v" [src/conv1.cpp:100->src/conv1.cpp:144]   --->   Operation 180 'bitcast' 'bitcast_ln100' <Predicate = (and_ln98)> <Delay = 0.00>
ST_17 : Operation 181 [1/1] (0.00ns)   --->   "%tmp_3 = partselect i8 @_ssdm_op_PartSelect.i8.i32.i32.i32, i32 %bitcast_ln100, i32 23, i32 30" [src/conv1.cpp:100->src/conv1.cpp:144]   --->   Operation 181 'partselect' 'tmp_3' <Predicate = (and_ln98)> <Delay = 0.00>
ST_17 : Operation 182 [1/1] (0.00ns)   --->   "%trunc_ln100 = trunc i32 %bitcast_ln100" [src/conv1.cpp:100->src/conv1.cpp:144]   --->   Operation 182 'trunc' 'trunc_ln100' <Predicate = (and_ln98)> <Delay = 0.00>
ST_17 : Operation 183 [1/1] (0.76ns)   --->   "%icmp_ln100 = icmp_ne  i8 %tmp_3, i8 255" [src/conv1.cpp:100->src/conv1.cpp:144]   --->   Operation 183 'icmp' 'icmp_ln100' <Predicate = (and_ln98)> <Delay = 0.76> <CoreInst = "Cmp">   --->   Core 9 'Cmp' <Latency = 0> <II = 1> <Delay = 0.76> <FuncUnit> <Opcode : 'icmp'> <InPorts = 2> <OutPorts = 1>
ST_17 : Operation 184 [1/1] (0.92ns)   --->   "%icmp_ln100_1 = icmp_eq  i23 %trunc_ln100, i23 0" [src/conv1.cpp:100->src/conv1.cpp:144]   --->   Operation 184 'icmp' 'icmp_ln100_1' <Predicate = (and_ln98)> <Delay = 0.92> <CoreInst = "Cmp">   --->   Core 9 'Cmp' <Latency = 0> <II = 1> <Delay = 0.92> <FuncUnit> <Opcode : 'icmp'> <InPorts = 2> <OutPorts = 1>
ST_17 : Operation 185 [1/1] (0.00ns) (grouped into LUT with out node select_ln101)   --->   "%or_ln100 = or i1 %icmp_ln100_1, i1 %icmp_ln100" [src/conv1.cpp:100->src/conv1.cpp:144]   --->   Operation 185 'or' 'or_ln100' <Predicate = (and_ln98)> <Delay = 0.00> <CoreInst = "LogicGate">   --->   Core 74 'LogicGate' <Latency = 0> <II = 1> <Delay = 0.28> <FuncUnit> <Opcode : 'and' 'or' 'xor'> <InPorts = 2> <OutPorts = 1>
ST_17 : Operation 186 [1/2] (2.78ns)   --->   "%tmp_4 = fcmp_olt  i32 %v, i32 0" [src/conv1.cpp:100->src/conv1.cpp:144]   --->   Operation 186 'fcmp' 'tmp_4' <Predicate = (and_ln98)> <Delay = 2.78> <CoreInst = "FCompare">   --->   Core 19 'FCompare' <Latency = 1> <II = 1> <Delay = 2.78> <FuncUnit> <Opcode : 'fcmp'> <InPorts = 2> <OutPorts = 1>
ST_17 : Operation 187 [1/1] (0.00ns) (grouped into LUT with out node select_ln101)   --->   "%and_ln100 = and i1 %or_ln100, i1 %tmp_4" [src/conv1.cpp:100->src/conv1.cpp:144]   --->   Operation 187 'and' 'and_ln100' <Predicate = (and_ln98)> <Delay = 0.00> <CoreInst = "LogicGate">   --->   Core 74 'LogicGate' <Latency = 0> <II = 1> <Delay = 0.28> <FuncUnit> <Opcode : 'and' 'or' 'xor'> <InPorts = 2> <OutPorts = 1>
ST_17 : Operation 188 [1/1] (0.44ns) (out node of the LUT)   --->   "%select_ln101 = select i1 %and_ln100, i32 0, i32 %bitcast_ln100" [src/conv1.cpp:101->src/conv1.cpp:144]   --->   Operation 188 'select' 'select_ln101' <Predicate = (and_ln98)> <Delay = 0.44> <CoreInst = "Sel">   --->   Core 73 'Sel' <Latency = 0> <II = 1> <Delay = 0.44> <FuncUnit> <Opcode : 'select'> <InPorts = 3> <OutPorts = 1>

State 18 <SV = 17> <Delay = 7.30>
ST_18 : Operation 189 [1/1] (0.00ns)   --->   "%feat_addr_3 = getelementptr i32 %feat, i64 %sext_ln95_1" [src/conv1.cpp:96->src/conv1.cpp:144]   --->   Operation 189 'getelementptr' 'feat_addr_3' <Predicate = (and_ln98)> <Delay = 0.00>
ST_18 : Operation 190 [1/1] (7.30ns)   --->   "%write_ln101 = write void @_ssdm_op_Write.m_axi.p1i32, i32 %feat_addr_3, i32 %select_ln101, i4 15" [src/conv1.cpp:101->src/conv1.cpp:144]   --->   Operation 190 'write' 'write_ln101' <Predicate = (and_ln98)> <Delay = 7.30> <CoreInst = "m_axi">   --->   Core 121 'm_axi' <Latency = 0> <II = 1> <Delay = 1.00> <Adapter> <Opcode : 'read' 'write' 'readreq' 'writereq' 'writeresp'>
ST_18 : Operation 191 [1/1] (0.00ns)   --->   "%br_ln102 = br void %for.inc.i18" [src/conv1.cpp:102->src/conv1.cpp:144]   --->   Operation 191 'br' 'br_ln102' <Predicate = (and_ln98)> <Delay = 0.00>
ST_18 : Operation 192 [1/1] (0.00ns)   --->   "%feat_addr_4 = getelementptr i32 %feat, i64 %sext_ln95_1" [src/conv1.cpp:96->src/conv1.cpp:144]   --->   Operation 192 'getelementptr' 'feat_addr_4' <Predicate = (icmp_ln96_1)> <Delay = 0.00>

State 19 <SV = 18> <Delay = 7.30>
ST_19 : Operation 193 [5/5] (7.30ns)   --->   "%empty_77 = writeresp i1 @_ssdm_op_WriteResp.m_axi.p1i32, i32 %feat_addr_4" [src/conv1.cpp:95->src/conv1.cpp:144]   --->   Operation 193 'writeresp' 'empty_77' <Predicate = (icmp_ln96_1)> <Delay = 7.30> <CoreInst = "m_axi">   --->   Core 121 'm_axi' <Latency = 0> <II = 1> <Delay = 1.00> <Adapter> <Opcode : 'read' 'write' 'readreq' 'writereq' 'writeresp'>

State 20 <SV = 19> <Delay = 7.30>
ST_20 : Operation 194 [4/5] (7.30ns)   --->   "%empty_77 = writeresp i1 @_ssdm_op_WriteResp.m_axi.p1i32, i32 %feat_addr_4" [src/conv1.cpp:95->src/conv1.cpp:144]   --->   Operation 194 'writeresp' 'empty_77' <Predicate = (icmp_ln96_1)> <Delay = 7.30> <CoreInst = "m_axi">   --->   Core 121 'm_axi' <Latency = 0> <II = 1> <Delay = 1.00> <Adapter> <Opcode : 'read' 'write' 'readreq' 'writereq' 'writeresp'>

State 21 <SV = 20> <Delay = 7.30>
ST_21 : Operation 195 [3/5] (7.30ns)   --->   "%empty_77 = writeresp i1 @_ssdm_op_WriteResp.m_axi.p1i32, i32 %feat_addr_4" [src/conv1.cpp:95->src/conv1.cpp:144]   --->   Operation 195 'writeresp' 'empty_77' <Predicate = (icmp_ln96_1)> <Delay = 7.30> <CoreInst = "m_axi">   --->   Core 121 'm_axi' <Latency = 0> <II = 1> <Delay = 1.00> <Adapter> <Opcode : 'read' 'write' 'readreq' 'writereq' 'writeresp'>

State 22 <SV = 21> <Delay = 7.30>
ST_22 : Operation 196 [2/5] (7.30ns)   --->   "%empty_77 = writeresp i1 @_ssdm_op_WriteResp.m_axi.p1i32, i32 %feat_addr_4" [src/conv1.cpp:95->src/conv1.cpp:144]   --->   Operation 196 'writeresp' 'empty_77' <Predicate = (icmp_ln96_1)> <Delay = 7.30> <CoreInst = "m_axi">   --->   Core 121 'm_axi' <Latency = 0> <II = 1> <Delay = 1.00> <Adapter> <Opcode : 'read' 'write' 'readreq' 'writereq' 'writeresp'>
ST_22 : Operation 199 [1/1] (0.00ns)   --->   "%ret_ln0 = ret"   --->   Operation 199 'ret' 'ret_ln0' <Predicate = (icmp_ln94)> <Delay = 0.00>

State 23 <SV = 22> <Delay = 7.30>
ST_23 : Operation 197 [1/5] (7.30ns)   --->   "%empty_77 = writeresp i1 @_ssdm_op_WriteResp.m_axi.p1i32, i32 %feat_addr_4" [src/conv1.cpp:95->src/conv1.cpp:144]   --->   Operation 197 'writeresp' 'empty_77' <Predicate = (icmp_ln96_1)> <Delay = 7.30> <CoreInst = "m_axi">   --->   Core 121 'm_axi' <Latency = 0> <II = 1> <Delay = 1.00> <Adapter> <Opcode : 'read' 'write' 'readreq' 'writereq' 'writeresp'>
ST_23 : Operation 198 [1/1] (0.00ns)   --->   "%br_ln96 = br void %new.latch.for.inc.i18" [src/conv1.cpp:96->src/conv1.cpp:144]   --->   Operation 198 'br' 'br_ln96' <Predicate = (icmp_ln96_1)> <Delay = 0.00>


============================================================
+ Verbose Summary: Timing violations
============================================================
Target clock period: 10.000ns, clock uncertainty: 2.700ns.

 <State 1>: 0.427ns
The critical path consists of the following:
	'alloca' operation ('indvar_flatten220') [15]  (0.000 ns)
	'store' operation ('store_ln0') of constant 0 on local variable 'indvar_flatten220' [25]  (0.427 ns)

 <State 2>: 6.088ns
The critical path consists of the following:
	'load' operation ('tn', src/conv1.cpp:94->src/conv1.cpp:144) on local variable 'tn' [35]  (0.000 ns)
	'add' operation ('add_ln94', src/conv1.cpp:94->src/conv1.cpp:144) [59]  (0.797 ns)
	'add' operation ('p_mid1170', src/conv1.cpp:94->src/conv1.cpp:144) [69]  (0.781 ns)
	'mul' operation ('p_mid1176', src/conv1.cpp:94->src/conv1.cpp:144) [75]  (2.490 ns)
	'add' operation ('tmp6_mid1200', src/conv1.cpp:95->src/conv1.cpp:144) [85]  (0.934 ns)
	'select' operation ('select_ln94_6', src/conv1.cpp:94->src/conv1.cpp:144) [88]  (0.000 ns)
	'select' operation ('select_ln95_3', src/conv1.cpp:95->src/conv1.cpp:144) [115]  (0.000 ns)
	'add' operation ('add_ln95_1', src/conv1.cpp:95->src/conv1.cpp:144) [117]  (1.085 ns)

 <State 3>: 7.300ns
The critical path consists of the following:
	'getelementptr' operation ('feat_addr', src/conv1.cpp:96->src/conv1.cpp:144) [130]  (0.000 ns)
	bus request operation ('empty_78', src/conv1.cpp:96->src/conv1.cpp:144) on port 'feat' (src/conv1.cpp:96->src/conv1.cpp:144) [131]  (7.300 ns)

 <State 4>: 7.300ns
The critical path consists of the following:
	bus request operation ('w1_load_req', src/conv1.cpp:99->src/conv1.cpp:144) on port 'w1' (src/conv1.cpp:99->src/conv1.cpp:144) [144]  (7.300 ns)

 <State 5>: 7.300ns
The critical path consists of the following:
	bus request operation ('w1_load_req', src/conv1.cpp:99->src/conv1.cpp:144) on port 'w1' (src/conv1.cpp:99->src/conv1.cpp:144) [144]  (7.300 ns)

 <State 6>: 7.300ns
The critical path consists of the following:
	bus request operation ('w1_load_req', src/conv1.cpp:99->src/conv1.cpp:144) on port 'w1' (src/conv1.cpp:99->src/conv1.cpp:144) [144]  (7.300 ns)

 <State 7>: 7.300ns
The critical path consists of the following:
	bus request operation ('w1_load_req', src/conv1.cpp:99->src/conv1.cpp:144) on port 'w1' (src/conv1.cpp:99->src/conv1.cpp:144) [144]  (7.300 ns)

 <State 8>: 7.300ns
The critical path consists of the following:
	bus request operation ('w1_load_req', src/conv1.cpp:99->src/conv1.cpp:144) on port 'w1' (src/conv1.cpp:99->src/conv1.cpp:144) [144]  (7.300 ns)

 <State 9>: 7.300ns
The critical path consists of the following:
	bus request operation ('w1_load_req', src/conv1.cpp:99->src/conv1.cpp:144) on port 'w1' (src/conv1.cpp:99->src/conv1.cpp:144) [144]  (7.300 ns)

 <State 10>: 7.300ns
The critical path consists of the following:
	bus request operation ('w1_load_req', src/conv1.cpp:99->src/conv1.cpp:144) on port 'w1' (src/conv1.cpp:99->src/conv1.cpp:144) [144]  (7.300 ns)

 <State 11>: 7.300ns
The critical path consists of the following:
	bus read operation ('w1_addr_read', src/conv1.cpp:99->src/conv1.cpp:144) on port 'w1' (src/conv1.cpp:99->src/conv1.cpp:144) [145]  (7.300 ns)

 <State 12>: 6.437ns
The critical path consists of the following:
	multiplexor before operation 'fadd' with delay (1.181 ns)
'fadd' operation ('v', src/conv1.cpp:99->src/conv1.cpp:144) [147]  (5.256 ns)

 <State 13>: 6.437ns
The critical path consists of the following:
	'fadd' operation ('v', src/conv1.cpp:99->src/conv1.cpp:144) [147]  (6.437 ns)

 <State 14>: 6.437ns
The critical path consists of the following:
	'fadd' operation ('v', src/conv1.cpp:99->src/conv1.cpp:144) [147]  (6.437 ns)

 <State 15>: 6.437ns
The critical path consists of the following:
	'fadd' operation ('v', src/conv1.cpp:99->src/conv1.cpp:144) [147]  (6.437 ns)

 <State 16>: 2.782ns
The critical path consists of the following:
	'fcmp' operation ('tmp_4', src/conv1.cpp:100->src/conv1.cpp:144) [154]  (2.782 ns)

 <State 17>: 3.231ns
The critical path consists of the following:
	'fcmp' operation ('tmp_4', src/conv1.cpp:100->src/conv1.cpp:144) [154]  (2.782 ns)
	'and' operation ('and_ln100', src/conv1.cpp:100->src/conv1.cpp:144) [155]  (0.000 ns)
	'select' operation ('select_ln101', src/conv1.cpp:101->src/conv1.cpp:144) [156]  (0.449 ns)

 <State 18>: 7.300ns
The critical path consists of the following:
	'getelementptr' operation ('feat_addr_3', src/conv1.cpp:96->src/conv1.cpp:144) [157]  (0.000 ns)
	bus write operation ('write_ln101', src/conv1.cpp:101->src/conv1.cpp:144) on port 'feat' (src/conv1.cpp:101->src/conv1.cpp:144) [158]  (7.300 ns)

 <State 19>: 7.300ns
The critical path consists of the following:
	bus response operation ('empty_77', src/conv1.cpp:95->src/conv1.cpp:144) on port 'feat' (src/conv1.cpp:95->src/conv1.cpp:144) [166]  (7.300 ns)

 <State 20>: 7.300ns
The critical path consists of the following:
	bus response operation ('empty_77', src/conv1.cpp:95->src/conv1.cpp:144) on port 'feat' (src/conv1.cpp:95->src/conv1.cpp:144) [166]  (7.300 ns)

 <State 21>: 7.300ns
The critical path consists of the following:
	bus response operation ('empty_77', src/conv1.cpp:95->src/conv1.cpp:144) on port 'feat' (src/conv1.cpp:95->src/conv1.cpp:144) [166]  (7.300 ns)

 <State 22>: 7.300ns
The critical path consists of the following:
	bus response operation ('empty_77', src/conv1.cpp:95->src/conv1.cpp:144) on port 'feat' (src/conv1.cpp:95->src/conv1.cpp:144) [166]  (7.300 ns)

 <State 23>: 7.300ns
The critical path consists of the following:
	bus response operation ('empty_77', src/conv1.cpp:95->src/conv1.cpp:144) on port 'feat' (src/conv1.cpp:95->src/conv1.cpp:144) [166]  (7.300 ns)


============================================================
+ Verbose Summary: Binding
============================================================
N/A
* FSMD analyzer results:
  - Output states:
 - Input state : 
  - Chain level:
	State 1
	State 2
	State 3
	State 4
	State 5
	State 6
	State 7
	State 8
	State 9
	State 10
	State 11
	State 12
	State 13
	State 14
	State 15
	State 16
	State 17
	State 18
	State 19
	State 20
	State 21
	State 22
	State 23


============================================================
+ Verbose Summary: Datapath Resource usage 
============================================================
N/A
