

================================================================
== Vitis HLS Report for 'conv2_Pipeline_VITIS_LOOP_53_3'
================================================================
* Date:           Thu Oct 30 21:22:15 2025

* Version:        2023.1 (Build 3854077 on May  4 2023)
* Project:        srcnn_hls
* Solution:       solution1 (Vivado IP Flow Target)
* Product family: zynquplus
* Target device:  xck26-sfvc784-2LV-c


================================================================
== Performance Estimates
================================================================
+ Timing: 
    * Summary: 
    +--------+----------+----------+------------+
    |  Clock |  Target  | Estimated| Uncertainty|
    +--------+----------+----------+------------+
    |ap_clk  |  10.00 ns|  7.016 ns|     2.70 ns|
    +--------+----------+----------+------------+

+ Latency: 
    * Summary: 
    +---------+---------+----------+----------+-----+-----+---------+
    |  Latency (cycles) |  Latency (absolute) |  Interval | Pipeline|
    |   min   |   max   |    min   |    max   | min | max |   Type  |
    +---------+---------+----------+----------+-----+-----+---------+
    |       18|       18|  0.180 us|  0.180 us|   18|   18|       no|
    +---------+---------+----------+----------+-----+-----+---------+

    + Detail: 
        * Instance: 
        N/A

        * Loop: 
        +-------------------+---------+---------+----------+-----------+-----------+------+----------+
        |                   |  Latency (cycles) | Iteration|  Initiation Interval  | Trip |          |
        |     Loop Name     |   min   |   max   |  Latency |  achieved |   target  | Count| Pipelined|
        +-------------------+---------+---------+----------+-----------+-----------+------+----------+
        |- VITIS_LOOP_53_3  |       16|       16|        10|          1|          1|     8|       yes|
        +-------------------+---------+---------+----------+-----------+-----------+------+----------+

============================================================
+ Verbose Summary: Synthesis Manager
============================================================
InlineROM: 1
ExposeGlobal: 0
============================================================
+ Verbose Summary: CDFG Model
============================================================
IsTopModel: 0
ResetActiveHigh: 1
IsCombinational: 0
IsDatapathOnly: 0
HasWiredReturn: 1
HasMFsm: 2
HasVarLatency: 1
IsPipeline: 0
IsRtlPipelined: 0
IsInstanceOverlapped: 0
IsDontTouch: 0
HasImplIP: 0
IsGatedGlobalClock: 0

+ Individual pipeline summary: 
  * Pipeline-0: initiation interval (II) = 1, depth = 10


============================================================
+ Verbose Summary: Schedule
============================================================
* Number of FSM states : 10
* Pipeline : 1
  Pipeline-0 : II = 1, D = 10, States = { 1 2 3 4 5 6 7 8 9 10 }
* Dataflow Pipeline: 0

* FSM state transitions: 
1 --> 2 
2 --> 3 
3 --> 4 
4 --> 5 
5 --> 6 
6 --> 7 
7 --> 8 
8 --> 9 
9 --> 10 
10 --> 

* FSM state operations: 

State 1 <SV = 0> <Delay = 1.22>
ST_1 : Operation 13 [1/1] (0.00ns)   --->   "%tn = alloca i32 1"   --->   Operation 13 'alloca' 'tn' <Predicate = true> <Delay = 0.00>
ST_1 : Operation 14 [1/1] (0.00ns)   --->   "%in_tile_0_load_read = read i32 @_ssdm_op_Read.ap_auto.float, i32 %in_tile_0_load"   --->   Operation 14 'read' 'in_tile_0_load_read' <Predicate = true> <Delay = 0.00>
ST_1 : Operation 15 [1/1] (0.00ns)   --->   "%zext_ln51_read = read i6 @_ssdm_op_Read.ap_auto.i6, i6 %zext_ln51"   --->   Operation 15 'read' 'zext_ln51_read' <Predicate = true> <Delay = 0.00>
ST_1 : Operation 16 [1/1] (0.00ns)   --->   "%zext_ln50_1_read = read i6 @_ssdm_op_Read.ap_auto.i6, i6 %zext_ln50_1"   --->   Operation 16 'read' 'zext_ln50_1_read' <Predicate = true> <Delay = 0.00>
ST_1 : Operation 17 [1/1] (0.00ns)   --->   "%zext_ln51_cast = zext i6 %zext_ln51_read"   --->   Operation 17 'zext' 'zext_ln51_cast' <Predicate = true> <Delay = 0.00>
ST_1 : Operation 18 [1/1] (0.00ns)   --->   "%zext_ln56 = zext i6 %zext_ln50_1_read" [src/conv2.cpp:56->src/conv2.cpp:111]   --->   Operation 18 'zext' 'zext_ln56' <Predicate = true> <Delay = 0.00>
ST_1 : Operation 19 [1/1] (0.42ns)   --->   "%store_ln0 = store i4 0, i4 %tn"   --->   Operation 19 'store' 'store_ln0' <Predicate = true> <Delay = 0.42>
ST_1 : Operation 20 [1/1] (0.00ns)   --->   "%br_ln0 = br void %for.inc40.i"   --->   Operation 20 'br' 'br_ln0' <Predicate = true> <Delay = 0.00>
ST_1 : Operation 21 [1/1] (0.00ns)   --->   "%tn_1 = load i4 %tn" [src/conv2.cpp:53->src/conv2.cpp:111]   --->   Operation 21 'load' 'tn_1' <Predicate = true> <Delay = 0.00>
ST_1 : Operation 22 [1/1] (0.79ns)   --->   "%icmp_ln53 = icmp_eq  i4 %tn_1, i4 8" [src/conv2.cpp:53->src/conv2.cpp:111]   --->   Operation 22 'icmp' 'icmp_ln53' <Predicate = true> <Delay = 0.79> <CoreInst = "Cmp">   --->   Core 9 'Cmp' <Latency = 0> <II = 1> <Delay = 0.79> <FuncUnit> <Opcode : 'icmp'> <InPorts = 2> <OutPorts = 1>
ST_1 : Operation 23 [1/1] (0.79ns)   --->   "%add_ln53 = add i4 %tn_1, i4 1" [src/conv2.cpp:53->src/conv2.cpp:111]   --->   Operation 23 'add' 'add_ln53' <Predicate = true> <Delay = 0.79> <CoreInst = "Adder">   --->   Core 1 'Adder' <Latency = 0> <II = 1> <Delay = 0.79> <FuncUnit> <Opcode : 'add' 'sub'> <InPorts = 2> <OutPorts = 1>
ST_1 : Operation 24 [1/1] (0.00ns)   --->   "%br_ln53 = br i1 %icmp_ln53, void %for.inc40.i.split, void %for.inc44.i.loopexit.exitStub" [src/conv2.cpp:53->src/conv2.cpp:111]   --->   Operation 24 'br' 'br_ln53' <Predicate = true> <Delay = 0.00>
ST_1 : Operation 25 [1/1] (0.00ns)   --->   "%zext_ln53 = zext i4 %tn_1" [src/conv2.cpp:53->src/conv2.cpp:111]   --->   Operation 25 'zext' 'zext_ln53' <Predicate = (!icmp_ln53)> <Delay = 0.00>
ST_1 : Operation 26 [1/1] (0.00ns)   --->   "%trunc_ln56 = trunc i4 %tn_1" [src/conv2.cpp:56->src/conv2.cpp:111]   --->   Operation 26 'trunc' 'trunc_ln56' <Predicate = (!icmp_ln53)> <Delay = 0.00>
ST_1 : Operation 27 [1/1] (0.00ns)   --->   "%w_tile_0_addr = getelementptr i32 %w_tile_0, i64 0, i64 %zext_ln53" [src/conv2.cpp:58->src/conv2.cpp:111]   --->   Operation 27 'getelementptr' 'w_tile_0_addr' <Predicate = (!icmp_ln53)> <Delay = 0.00>
ST_1 : Operation 28 [2/2] (0.67ns)   --->   "%w_tile_0_load = load i3 %w_tile_0_addr" [src/conv2.cpp:58->src/conv2.cpp:111]   --->   Operation 28 'load' 'w_tile_0_load' <Predicate = (!icmp_ln53)> <Delay = 0.67> <CoreInst = "RAM">   --->   Core 83 'RAM' <Latency = 1> <II = 1> <Delay = 0.67> <Storage> <Opcode : 'load' 'store'> <Ports = 2> <Width = 32> <Depth = 8> <RAM>
ST_1 : Operation 29 [1/1] (0.42ns)   --->   "%store_ln53 = store i4 %add_ln53, i4 %tn" [src/conv2.cpp:53->src/conv2.cpp:111]   --->   Operation 29 'store' 'store_ln53' <Predicate = (!icmp_ln53)> <Delay = 0.42>

State 2 <SV = 1> <Delay = 0.67>
ST_2 : Operation 30 [1/2] (0.67ns)   --->   "%w_tile_0_load = load i3 %w_tile_0_addr" [src/conv2.cpp:58->src/conv2.cpp:111]   --->   Operation 30 'load' 'w_tile_0_load' <Predicate = true> <Delay = 0.67> <CoreInst = "RAM">   --->   Core 83 'RAM' <Latency = 1> <II = 1> <Delay = 0.67> <Storage> <Opcode : 'load' 'store'> <Ports = 2> <Width = 32> <Depth = 8> <RAM>

State 3 <SV = 2> <Delay = 7.01>
ST_3 : [1/1] (1.18ns)   --->   Input mux for Operation 31 '%mul_i = fmul i32 %w_tile_0_load, i32 %in_tile_0_load_read'
ST_3 : Operation 31 [3/3] (5.83ns)   --->   "%mul_i = fmul i32 %w_tile_0_load, i32 %in_tile_0_load_read" [src/conv2.cpp:58->src/conv2.cpp:111]   --->   Operation 31 'fmul' 'mul_i' <Predicate = true> <Delay = 5.83> <CoreInst = "FMul_maxdsp">   --->   Core 30 'FMul_maxdsp' <Latency = 2> <II = 1> <Delay = 7.01> <FuncUnit> <Opcode : 'fmul'> <InPorts = 2> <OutPorts = 1>

State 4 <SV = 3> <Delay = 7.01>
ST_4 : Operation 32 [1/1] (0.00ns)   --->   "%tmp_33_cast = bitconcatenate i8 @_ssdm_op_BitConcatenate.i8.i3.i5, i3 %trunc_ln56, i5 0" [src/conv2.cpp:56->src/conv2.cpp:111]   --->   Operation 32 'bitconcatenate' 'tmp_33_cast' <Predicate = true> <Delay = 0.00>
ST_4 : Operation 33 [1/1] (0.76ns)   --->   "%add_ln56 = add i8 %tmp_33_cast, i8 %zext_ln56" [src/conv2.cpp:56->src/conv2.cpp:111]   --->   Operation 33 'add' 'add_ln56' <Predicate = true> <Delay = 0.76> <CoreInst = "Adder">   --->   Core 1 'Adder' <Latency = 0> <II = 1> <Delay = 0.76> <FuncUnit> <Opcode : 'add' 'sub'> <InPorts = 2> <OutPorts = 1>
ST_4 : Operation 34 [1/1] (0.00ns)   --->   "%tmp_s = bitconcatenate i13 @_ssdm_op_BitConcatenate.i13.i8.i5, i8 %add_ln56, i5 0" [src/conv2.cpp:56->src/conv2.cpp:111]   --->   Operation 34 'bitconcatenate' 'tmp_s' <Predicate = true> <Delay = 0.00>
ST_4 : Operation 35 [1/1] (0.82ns)   --->   "%add_ln56_1 = add i13 %tmp_s, i13 %zext_ln51_cast" [src/conv2.cpp:56->src/conv2.cpp:111]   --->   Operation 35 'add' 'add_ln56_1' <Predicate = true> <Delay = 0.82> <CoreInst = "Adder">   --->   Core 1 'Adder' <Latency = 0> <II = 1> <Delay = 0.82> <FuncUnit> <Opcode : 'add' 'sub'> <InPorts = 2> <OutPorts = 1>
ST_4 : Operation 36 [1/1] (0.00ns)   --->   "%zext_ln56_1 = zext i13 %add_ln56_1" [src/conv2.cpp:56->src/conv2.cpp:111]   --->   Operation 36 'zext' 'zext_ln56_1' <Predicate = true> <Delay = 0.00>
ST_4 : Operation 37 [1/1] (0.00ns)   --->   "%out_tile_1_addr = getelementptr i32 %out_tile_1, i64 0, i64 %zext_ln56_1" [src/conv2.cpp:56->src/conv2.cpp:111]   --->   Operation 37 'getelementptr' 'out_tile_1_addr' <Predicate = true> <Delay = 0.00>
ST_4 : Operation 38 [2/2] (1.23ns)   --->   "%acc = load i13 %out_tile_1_addr" [src/conv2.cpp:56->src/conv2.cpp:111]   --->   Operation 38 'load' 'acc' <Predicate = true> <Delay = 1.23> <CoreInst = "RAM">   --->   Core 83 'RAM' <Latency = 1> <II = 1> <Delay = 1.23> <Storage> <Opcode : 'load' 'store'> <Ports = 2> <Width = 32> <Depth = 8192> <RAM>
ST_4 : Operation 39 [2/3] (7.01ns)   --->   "%mul_i = fmul i32 %w_tile_0_load, i32 %in_tile_0_load_read" [src/conv2.cpp:58->src/conv2.cpp:111]   --->   Operation 39 'fmul' 'mul_i' <Predicate = true> <Delay = 7.01> <CoreInst = "FMul_maxdsp">   --->   Core 30 'FMul_maxdsp' <Latency = 2> <II = 1> <Delay = 7.01> <FuncUnit> <Opcode : 'fmul'> <InPorts = 2> <OutPorts = 1>

State 5 <SV = 4> <Delay = 7.01>
ST_5 : Operation 40 [1/2] (1.23ns)   --->   "%acc = load i13 %out_tile_1_addr" [src/conv2.cpp:56->src/conv2.cpp:111]   --->   Operation 40 'load' 'acc' <Predicate = true> <Delay = 1.23> <CoreInst = "RAM">   --->   Core 83 'RAM' <Latency = 1> <II = 1> <Delay = 1.23> <Storage> <Opcode : 'load' 'store'> <Ports = 2> <Width = 32> <Depth = 8192> <RAM>
ST_5 : Operation 41 [1/3] (7.01ns)   --->   "%mul_i = fmul i32 %w_tile_0_load, i32 %in_tile_0_load_read" [src/conv2.cpp:58->src/conv2.cpp:111]   --->   Operation 41 'fmul' 'mul_i' <Predicate = true> <Delay = 7.01> <CoreInst = "FMul_maxdsp">   --->   Core 30 'FMul_maxdsp' <Latency = 2> <II = 1> <Delay = 7.01> <FuncUnit> <Opcode : 'fmul'> <InPorts = 2> <OutPorts = 1>

State 6 <SV = 5> <Delay = 6.43>
ST_6 : [1/1] (1.18ns)   --->   Input mux for Operation 42 '%acc_1 = fadd i32 %acc, i32 %mul_i'
ST_6 : Operation 42 [4/4] (5.25ns)   --->   "%acc_1 = fadd i32 %acc, i32 %mul_i" [src/conv2.cpp:58->src/conv2.cpp:111]   --->   Operation 42 'fadd' 'acc_1' <Predicate = true> <Delay = 5.25> <CoreInst = "FAddSub_fulldsp">   --->   Core 18 'FAddSub_fulldsp' <Latency = 3> <II = 1> <Delay = 6.43> <FuncUnit> <Opcode : 'fadd' 'fsub'> <InPorts = 2> <OutPorts = 1>

State 7 <SV = 6> <Delay = 6.43>
ST_7 : Operation 43 [3/4] (6.43ns)   --->   "%acc_1 = fadd i32 %acc, i32 %mul_i" [src/conv2.cpp:58->src/conv2.cpp:111]   --->   Operation 43 'fadd' 'acc_1' <Predicate = true> <Delay = 6.43> <CoreInst = "FAddSub_fulldsp">   --->   Core 18 'FAddSub_fulldsp' <Latency = 3> <II = 1> <Delay = 6.43> <FuncUnit> <Opcode : 'fadd' 'fsub'> <InPorts = 2> <OutPorts = 1>

State 8 <SV = 7> <Delay = 6.43>
ST_8 : Operation 44 [2/4] (6.43ns)   --->   "%acc_1 = fadd i32 %acc, i32 %mul_i" [src/conv2.cpp:58->src/conv2.cpp:111]   --->   Operation 44 'fadd' 'acc_1' <Predicate = true> <Delay = 6.43> <CoreInst = "FAddSub_fulldsp">   --->   Core 18 'FAddSub_fulldsp' <Latency = 3> <II = 1> <Delay = 6.43> <FuncUnit> <Opcode : 'fadd' 'fsub'> <InPorts = 2> <OutPorts = 1>

State 9 <SV = 8> <Delay = 6.43>
ST_9 : Operation 45 [1/4] (6.43ns)   --->   "%acc_1 = fadd i32 %acc, i32 %mul_i" [src/conv2.cpp:58->src/conv2.cpp:111]   --->   Operation 45 'fadd' 'acc_1' <Predicate = true> <Delay = 6.43> <CoreInst = "FAddSub_fulldsp">   --->   Core 18 'FAddSub_fulldsp' <Latency = 3> <II = 1> <Delay = 6.43> <FuncUnit> <Opcode : 'fadd' 'fsub'> <InPorts = 2> <OutPorts = 1>
ST_9 : Operation 51 [1/1] (0.00ns)   --->   "%ret_ln0 = ret"   --->   Operation 51 'ret' 'ret_ln0' <Predicate = (icmp_ln53)> <Delay = 0.00>

State 10 <SV = 9> <Delay = 1.23>
ST_10 : Operation 46 [1/1] (0.00ns)   --->   "%specpipeline_ln54 = specpipeline void @_ssdm_op_SpecPipeline, i32 1, i32 0, i32 0, i32 0, void @empty_19" [src/conv2.cpp:54->src/conv2.cpp:111]   --->   Operation 46 'specpipeline' 'specpipeline_ln54' <Predicate = true> <Delay = 0.00>
ST_10 : Operation 47 [1/1] (0.00ns)   --->   "%speclooptripcount_ln53 = speclooptripcount void @_ssdm_op_SpecLoopTripCount, i64 8, i64 8, i64 8" [src/conv2.cpp:53->src/conv2.cpp:111]   --->   Operation 47 'speclooptripcount' 'speclooptripcount_ln53' <Predicate = true> <Delay = 0.00>
ST_10 : Operation 48 [1/1] (0.00ns)   --->   "%specloopname_ln53 = specloopname void @_ssdm_op_SpecLoopName, void @empty_5" [src/conv2.cpp:53->src/conv2.cpp:111]   --->   Operation 48 'specloopname' 'specloopname_ln53' <Predicate = true> <Delay = 0.00>
ST_10 : Operation 49 [1/1] (1.23ns)   --->   "%store_ln59 = store i32 %acc_1, i13 %out_tile_1_addr" [src/conv2.cpp:59->src/conv2.cpp:111]   --->   Operation 49 'store' 'store_ln59' <Predicate = true> <Delay = 1.23> <CoreInst = "RAM">   --->   Core 83 'RAM' <Latency = 1> <II = 1> <Delay = 1.23> <Storage> <Opcode : 'load' 'store'> <Ports = 2> <Width = 32> <Depth = 8192> <RAM>
ST_10 : Operation 50 [1/1] (0.00ns)   --->   "%br_ln53 = br void %for.inc40.i" [src/conv2.cpp:53->src/conv2.cpp:111]   --->   Operation 50 'br' 'br_ln53' <Predicate = true> <Delay = 0.00>


============================================================
+ Verbose Summary: Timing violations
============================================================
Target clock period: 10.000ns, clock uncertainty: 2.700ns.

 <State 1>: 1.224ns
The critical path consists of the following:
	'alloca' operation ('tn') [6]  (0.000 ns)
	'load' operation ('tn', src/conv2.cpp:53->src/conv2.cpp:111) on local variable 'tn' [15]  (0.000 ns)
	'add' operation ('add_ln53', src/conv2.cpp:53->src/conv2.cpp:111) [17]  (0.797 ns)
	'store' operation ('store_ln53', src/conv2.cpp:53->src/conv2.cpp:111) of variable 'add_ln53', src/conv2.cpp:53->src/conv2.cpp:111 on local variable 'tn' [37]  (0.427 ns)

 <State 2>: 0.677ns
The critical path consists of the following:
	'load' operation ('w_tile_0_load', src/conv2.cpp:58->src/conv2.cpp:111) on array 'w_tile_0' [33]  (0.677 ns)

 <State 3>: 7.016ns
The critical path consists of the following:
	multiplexor before operation 'fmul' with delay (1.181 ns)
'fmul' operation ('mul_i', src/conv2.cpp:58->src/conv2.cpp:111) [34]  (5.835 ns)

 <State 4>: 7.016ns
The critical path consists of the following:
	'fmul' operation ('mul_i', src/conv2.cpp:58->src/conv2.cpp:111) [34]  (7.016 ns)

 <State 5>: 7.016ns
The critical path consists of the following:
	'fmul' operation ('mul_i', src/conv2.cpp:58->src/conv2.cpp:111) [34]  (7.016 ns)

 <State 6>: 6.437ns
The critical path consists of the following:
	multiplexor before operation 'fadd' with delay (1.181 ns)
'fadd' operation ('acc', src/conv2.cpp:58->src/conv2.cpp:111) [35]  (5.256 ns)

 <State 7>: 6.437ns
The critical path consists of the following:
	'fadd' operation ('acc', src/conv2.cpp:58->src/conv2.cpp:111) [35]  (6.437 ns)

 <State 8>: 6.437ns
The critical path consists of the following:
	'fadd' operation ('acc', src/conv2.cpp:58->src/conv2.cpp:111) [35]  (6.437 ns)

 <State 9>: 6.437ns
The critical path consists of the following:
	'fadd' operation ('acc', src/conv2.cpp:58->src/conv2.cpp:111) [35]  (6.437 ns)

 <State 10>: 1.237ns
The critical path consists of the following:
	'store' operation ('store_ln59', src/conv2.cpp:59->src/conv2.cpp:111) of variable 'acc', src/conv2.cpp:58->src/conv2.cpp:111 on array 'out_tile_1' [36]  (1.237 ns)


============================================================
+ Verbose Summary: Binding
============================================================
N/A
* FSMD analyzer results:
  - Output states:
 - Input state : 
  - Chain level:
	State 1
	State 2
	State 3
	State 4
	State 5
	State 6
	State 7
	State 8
	State 9
	State 10


============================================================
+ Verbose Summary: Datapath Resource usage 
============================================================
N/A
