

================================================================
== Vitis HLS Report for 'gen_tiles_stream_all'
================================================================
* Date:           Thu Oct 30 11:32:29 2025

* Version:        2023.1 (Build 3854077 on May  4 2023)
* Project:        srcnn_hls
* Solution:       solution1 (Vivado IP Flow Target)
* Product family: zynquplus
* Target device:  xck26-sfvc784-2LV-c


================================================================
== Performance Estimates
================================================================
+ Timing: 
    * Summary: 
    +--------+----------+----------+------------+
    |  Clock |  Target  | Estimated| Uncertainty|
    +--------+----------+----------+------------+
    |ap_clk  |  10.00 ns|  3.007 ns|     2.70 ns|
    +--------+----------+----------+------------+

+ Latency: 
    * Summary: 
    +---------+---------+----------+----------+-----+-----+---------+
    |  Latency (cycles) |  Latency (absolute) |  Interval | Pipeline|
    |   min   |   max   |    min   |    max   | min | max |   Type  |
    +---------+---------+----------+----------+-----+-----+---------+
    |      657|      657|  6.570 us|  6.570 us|  657|  657|       no|
    +---------+---------+----------+----------+-----+-----+---------+

    + Detail: 
        * Instance: 
        N/A

        * Loop: 
        +----------------------+---------+---------+----------+-----------+-----------+------+----------+
        |                      |  Latency (cycles) | Iteration|  Initiation Interval  | Trip |          |
        |       Loop Name      |   min   |   max   |  Latency |  achieved |   target  | Count| Pipelined|
        +----------------------+---------+---------+----------+-----------+-----------+------+----------+
        |- VITIS_LOOP_30_1     |      656|      656|        82|          -|          -|     8|        no|
        | + VITIS_LOOP_33_2    |       80|       80|        10|          -|          -|     8|        no|
        |  ++ VITIS_LOOP_35_3  |        8|        8|         1|          -|          -|     8|        no|
        +----------------------+---------+---------+----------+-----------+-----------+------+----------+



================================================================
== Utilization Estimates
================================================================
* Summary: 
+-----------------+---------+------+--------+--------+-----+
|       Name      | BRAM_18K|  DSP |   FF   |   LUT  | URAM|
+-----------------+---------+------+--------+--------+-----+
|DSP              |        -|     -|       -|       -|    -|
|Expression       |        -|     -|       0|     153|    -|
|FIFO             |        -|     -|       -|       -|    -|
|Instance         |        -|     -|       -|       -|    -|
|Memory           |        -|     -|       -|       -|    -|
|Multiplexer      |        -|     -|       -|      71|    -|
|Register         |        -|     -|      52|       -|    -|
+-----------------+---------+------+--------+--------+-----+
|Total            |        0|     0|      52|     224|    0|
+-----------------+---------+------+--------+--------+-----+
|Available        |      288|  1248|  234240|  117120|   64|
+-----------------+---------+------+--------+--------+-----+
|Utilization (%)  |        0|     0|      ~0|      ~0|    0|
+-----------------+---------+------+--------+--------+-----+

+ Detail: 
    * Instance: 
    N/A

    * DSP: 
    N/A

    * Memory: 
    N/A

    * FIFO: 
    N/A

    * Expression: 
    +---------------------+----------+----+---+----+------------+------------+
    |    Variable Name    | Operation| DSP| FF| LUT| Bitwidth P0| Bitwidth P1|
    +---------------------+----------+----+---+----+------------+------------+
    |h0_fu_172_p2         |         +|   0|  0|  16|           9|           6|
    |nb_2_fu_118_p2       |         +|   0|  0|  12|           4|           1|
    |w0_fu_214_p2         |         +|   0|  0|  16|           9|           6|
    |sub_ln32_fu_152_p2   |         -|   0|  0|  12|           1|           4|
    |ap_block_state4      |       and|   0|  0|   2|           1|           1|
    |icmp_ln30_fu_112_p2  |      icmp|   0|  0|  12|           4|           5|
    |icmp_ln32_fu_146_p2  |      icmp|   0|  0|  12|           4|           3|
    |icmp_ln33_fu_166_p2  |      icmp|   0|  0|  16|           9|           8|
    |icmp_ln35_fu_208_p2  |      icmp|   0|  0|  16|           9|           8|
    |ap_block_state1      |        or|   0|  0|   2|           1|           1|
    |tH_fu_196_p3         |    select|   0|  0|   8|           1|           8|
    |tN_fu_158_p3         |    select|   0|  0|   5|           1|           5|
    |tW_fu_238_p3         |    select|   0|  0|   8|           1|           8|
    |xor_ln34_fu_190_p2   |       xor|   0|  0|   8|           8|           2|
    |xor_ln36_fu_232_p2   |       xor|   0|  0|   8|           8|           2|
    +---------------------+----------+----+---+----+------------+------------+
    |Total                |          |   0|  0| 153|          70|          68|
    +---------------------+----------+----+---+----+------------+------------+

    * Multiplexer: 
    +-------------+----+-----------+-----+-----------+
    |     Name    | LUT| Input Size| Bits| Total Bits|
    +-------------+----+-----------+-----+-----------+
    |ap_NS_fsm    |  26|          5|    1|          5|
    |ap_done      |   9|          2|    1|          2|
    |h0_2_reg_81  |   9|          2|    9|         18|
    |nb_fu_70     |   9|          2|    4|          8|
    |q0_blk_n     |   9|          2|    1|          2|
    |w0_2_reg_93  |   9|          2|    9|         18|
    +-------------+----+-----------+-----+-----------+
    |Total        |  71|         15|   25|         53|
    +-------------+----+-----------+-----+-----------+

    * Register: 
    +-------------------+---+----+-----+-----------+
    |        Name       | FF| LUT| Bits| Const Bits|
    +-------------------+---+----+-----+-----------+
    |ap_CS_fsm          |  4|   0|    4|          0|
    |ap_done_reg        |  1|   0|    1|          0|
    |h0_2_reg_81        |  9|   0|    9|          0|
    |h0_reg_322         |  9|   0|    9|          0|
    |nb_2_reg_304       |  4|   0|    4|          0|
    |nb_fu_70           |  4|   0|    4|          0|
    |tH_reg_327         |  8|   0|    8|          0|
    |tN_reg_314         |  1|   0|    4|          3|
    |w0_2_reg_93        |  9|   0|    9|          0|
    |zext_ln31_reg_309  |  3|   0|   32|         29|
    +-------------------+---+----+-----+-----------+
    |Total              | 52|   0|   84|         32|
    +-------------------+---+----+-----+-----------+



================================================================
== Interface
================================================================
* Summary: 
+-------------------+-----+-----+------------+----------------------+--------------+
|     RTL Ports     | Dir | Bits|  Protocol  |     Source Object    |    C Type    |
+-------------------+-----+-----+------------+----------------------+--------------+
|ap_clk             |   in|    1|  ap_ctrl_hs|  gen_tiles_stream_all|  return value|
|ap_rst             |   in|    1|  ap_ctrl_hs|  gen_tiles_stream_all|  return value|
|ap_start           |   in|    1|  ap_ctrl_hs|  gen_tiles_stream_all|  return value|
|ap_done            |  out|    1|  ap_ctrl_hs|  gen_tiles_stream_all|  return value|
|ap_continue        |   in|    1|  ap_ctrl_hs|  gen_tiles_stream_all|  return value|
|ap_idle            |  out|    1|  ap_ctrl_hs|  gen_tiles_stream_all|  return value|
|ap_ready           |  out|    1|  ap_ctrl_hs|  gen_tiles_stream_all|  return value|
|q0_din             |  out|  224|     ap_fifo|                    q0|       pointer|
|q0_num_data_valid  |   in|    2|     ap_fifo|                    q0|       pointer|
|q0_fifo_cap        |   in|    2|     ap_fifo|                    q0|       pointer|
|q0_full_n          |   in|    1|     ap_fifo|                    q0|       pointer|
|q0_write           |  out|    1|     ap_fifo|                    q0|       pointer|
+-------------------+-----+-----+------------+----------------------+--------------+

============================================================
+ Verbose Summary: Synthesis Manager
============================================================
InlineROM: 1
ExposeGlobal: 0
============================================================
+ Verbose Summary: CDFG Model
============================================================
IsTopModel: 0
ResetActiveHigh: 1
IsCombinational: 2
IsDatapathOnly: 0
HasWiredReturn: 1
HasMFsm: 0
HasVarLatency: 1
IsPipeline: 0
IsRtlPipelined: 0
IsInstanceOverlapped: 0
IsDontTouch: 0
HasImplIP: 0
IsGatedGlobalClock: 0


============================================================
+ Verbose Summary: Schedule
============================================================
* Number of FSM states : 4
* Pipeline : 0
* Dataflow Pipeline: 0

* FSM state transitions: 
1 --> 2 
2 --> 3 
3 --> 4 2 
4 --> 4 3 

* FSM state operations: 

State 1 <SV = 0> <Delay = 0.42>
ST_1 : Operation 5 [1/1] (0.00ns)   --->   "%nb = alloca i32 1"   --->   Operation 5 'alloca' 'nb' <Predicate = true> <Delay = 0.00>
ST_1 : Operation 6 [1/1] (0.00ns)   --->   "%specinterface_ln0 = specinterface void @_ssdm_op_SpecInterface, i224 %q0, void @empty_171, i32 0, i32 0, void @empty_154, i32 0, i32 0, void @empty_154, void @empty_154, void @empty_154, i32 0, i32 0, i32 0, i32 0, void @empty_154, void @empty_154, i32 4294967295, i32 0"   --->   Operation 6 'specinterface' 'specinterface_ln0' <Predicate = true> <Delay = 0.00>
ST_1 : Operation 7 [1/1] (0.42ns)   --->   "%store_ln30 = store i4 0, i4 %nb" [src/conv1.cpp:30]   --->   Operation 7 'store' 'store_ln30' <Predicate = true> <Delay = 0.42>
ST_1 : Operation 8 [1/1] (0.00ns)   --->   "%br_ln30 = br void %for.body" [src/conv1.cpp:30]   --->   Operation 8 'br' 'br_ln30' <Predicate = true> <Delay = 0.00>

State 2 <SV = 1> <Delay = 1.18>
ST_2 : Operation 9 [1/1] (0.00ns)   --->   "%nb_1 = load i4 %nb" [src/conv1.cpp:31]   --->   Operation 9 'load' 'nb_1' <Predicate = true> <Delay = 0.00>
ST_2 : Operation 10 [1/1] (0.79ns)   --->   "%icmp_ln30 = icmp_eq  i4 %nb_1, i4 8" [src/conv1.cpp:30]   --->   Operation 10 'icmp' 'icmp_ln30' <Predicate = true> <Delay = 0.79> <CoreInst = "Cmp">   --->   Core 9 'Cmp' <Latency = 0> <II = 1> <Delay = 0.78> <FuncUnit> <Opcode : 'icmp'> <InPorts = 2> <OutPorts = 1>
ST_2 : Operation 11 [1/1] (0.79ns)   --->   "%nb_2 = add i4 %nb_1, i4 1" [src/conv1.cpp:30]   --->   Operation 11 'add' 'nb_2' <Predicate = true> <Delay = 0.79> <CoreInst = "Adder">   --->   Core 1 'Adder' <Latency = 0> <II = 1> <Delay = 0.79> <FuncUnit> <Opcode : 'add' 'sub'> <InPorts = 2> <OutPorts = 1>
ST_2 : Operation 12 [1/1] (0.00ns)   --->   "%br_ln30 = br i1 %icmp_ln30, void %for.body.split, void %for.end34" [src/conv1.cpp:30]   --->   Operation 12 'br' 'br_ln30' <Predicate = true> <Delay = 0.00>
ST_2 : Operation 13 [1/1] (0.00ns)   --->   "%speclooptripcount_ln30 = speclooptripcount void @_ssdm_op_SpecLoopTripCount, i64 8, i64 8, i64 8" [src/conv1.cpp:30]   --->   Operation 13 'speclooptripcount' 'speclooptripcount_ln30' <Predicate = (!icmp_ln30)> <Delay = 0.00>
ST_2 : Operation 14 [1/1] (0.00ns)   --->   "%specloopname_ln30 = specloopname void @_ssdm_op_SpecLoopName, void @empty_162" [src/conv1.cpp:30]   --->   Operation 14 'specloopname' 'specloopname_ln30' <Predicate = (!icmp_ln30)> <Delay = 0.00>
ST_2 : Operation 15 [1/1] (0.00ns)   --->   "%trunc_ln31 = trunc i4 %nb_1" [src/conv1.cpp:31]   --->   Operation 15 'trunc' 'trunc_ln31' <Predicate = (!icmp_ln30)> <Delay = 0.00>
ST_2 : Operation 16 [1/1] (0.00ns)   --->   "%n = bitconcatenate i6 @_ssdm_op_BitConcatenate.i6.i3.i3, i3 %trunc_ln31, i3 0" [src/conv1.cpp:31]   --->   Operation 16 'bitconcatenate' 'n' <Predicate = (!icmp_ln30)> <Delay = 0.00>
ST_2 : Operation 17 [1/1] (0.00ns)   --->   "%zext_ln31 = zext i6 %n" [src/conv1.cpp:31]   --->   Operation 17 'zext' 'zext_ln31' <Predicate = (!icmp_ln30)> <Delay = 0.00>
ST_2 : Operation 18 [1/1] (0.00ns) (grouped into LUT with out node sub_ln32)   --->   "%shl_ln31 = shl i4 %nb_1, i4 3" [src/conv1.cpp:31]   --->   Operation 18 'shl' 'shl_ln31' <Predicate = (!icmp_ln30)> <Delay = 0.00>
ST_2 : Operation 19 [1/1] (0.79ns)   --->   "%icmp_ln32 = icmp_ult  i4 %nb_1, i4 7" [src/conv1.cpp:32]   --->   Operation 19 'icmp' 'icmp_ln32' <Predicate = (!icmp_ln30)> <Delay = 0.79> <CoreInst = "Cmp">   --->   Core 9 'Cmp' <Latency = 0> <II = 1> <Delay = 0.79> <FuncUnit> <Opcode : 'icmp'> <InPorts = 2> <OutPorts = 1>
ST_2 : Operation 20 [1/1] (0.79ns) (out node of the LUT)   --->   "%sub_ln32 = sub i4 0, i4 %shl_ln31" [src/conv1.cpp:32]   --->   Operation 20 'sub' 'sub_ln32' <Predicate = (!icmp_ln30)> <Delay = 0.79> <CoreInst = "Adder">   --->   Core 1 'Adder' <Latency = 0> <II = 1> <Delay = 0.79> <FuncUnit> <Opcode : 'add' 'sub'> <InPorts = 2> <OutPorts = 1>
ST_2 : Operation 21 [1/1] (0.39ns)   --->   "%tN = select i1 %icmp_ln32, i4 8, i4 %sub_ln32" [src/conv1.cpp:32]   --->   Operation 21 'select' 'tN' <Predicate = (!icmp_ln30)> <Delay = 0.39> <CoreInst = "Sel">   --->   Core 73 'Sel' <Latency = 0> <II = 1> <Delay = 0.41> <FuncUnit> <Opcode : 'select'> <InPorts = 3> <OutPorts = 1>
ST_2 : Operation 22 [1/1] (0.42ns)   --->   "%br_ln33 = br void %for.body5" [src/conv1.cpp:33]   --->   Operation 22 'br' 'br_ln33' <Predicate = (!icmp_ln30)> <Delay = 0.42>
ST_2 : Operation 23 [1/1] (0.00ns)   --->   "%ret_ln42 = ret" [src/conv1.cpp:42]   --->   Operation 23 'ret' 'ret_ln42' <Predicate = (icmp_ln30)> <Delay = 0.00>

State 3 <SV = 2> <Delay = 1.20>
ST_3 : Operation 24 [1/1] (0.00ns)   --->   "%h0_2 = phi i9 0, void %for.body.split, i9 %h0, void %for.inc30"   --->   Operation 24 'phi' 'h0_2' <Predicate = true> <Delay = 0.00>
ST_3 : Operation 25 [1/1] (0.77ns)   --->   "%icmp_ln33 = icmp_ult  i9 %h0_2, i9 255" [src/conv1.cpp:33]   --->   Operation 25 'icmp' 'icmp_ln33' <Predicate = true> <Delay = 0.77> <CoreInst = "Cmp">   --->   Core 9 'Cmp' <Latency = 0> <II = 1> <Delay = 0.77> <FuncUnit> <Opcode : 'icmp'> <InPorts = 2> <OutPorts = 1>
ST_3 : Operation 26 [1/1] (0.00ns)   --->   "%br_ln33 = br i1 %icmp_ln33, void %for.inc33, void %for.body5.split" [src/conv1.cpp:33]   --->   Operation 26 'br' 'br_ln33' <Predicate = true> <Delay = 0.00>
ST_3 : Operation 27 [1/1] (0.00ns)   --->   "%speclooptripcount_ln33 = speclooptripcount void @_ssdm_op_SpecLoopTripCount, i64 8, i64 8, i64 8" [src/conv1.cpp:33]   --->   Operation 27 'speclooptripcount' 'speclooptripcount_ln33' <Predicate = (icmp_ln33)> <Delay = 0.00>
ST_3 : Operation 28 [1/1] (0.00ns)   --->   "%specloopname_ln33 = specloopname void @_ssdm_op_SpecLoopName, void @empty_161" [src/conv1.cpp:33]   --->   Operation 28 'specloopname' 'specloopname_ln33' <Predicate = (icmp_ln33)> <Delay = 0.00>
ST_3 : Operation 29 [1/1] (0.77ns)   --->   "%h0 = add i9 %h0_2, i9 32" [src/conv1.cpp:34]   --->   Operation 29 'add' 'h0' <Predicate = (icmp_ln33)> <Delay = 0.77> <CoreInst = "Adder">   --->   Core 1 'Adder' <Latency = 0> <II = 1> <Delay = 0.77> <FuncUnit> <Opcode : 'add' 'sub'> <InPorts = 2> <OutPorts = 1>
ST_3 : Operation 30 [1/1] (0.00ns) (grouped into LUT with out node tH)   --->   "%tmp = bitselect i1 @_ssdm_op_BitSelect.i1.i9.i32, i9 %h0, i32 8" [src/conv1.cpp:34]   --->   Operation 30 'bitselect' 'tmp' <Predicate = (icmp_ln33)> <Delay = 0.00>
ST_3 : Operation 31 [1/1] (0.00ns) (grouped into LUT with out node tH)   --->   "%trunc_ln33 = trunc i9 %h0_2" [src/conv1.cpp:33]   --->   Operation 31 'trunc' 'trunc_ln33' <Predicate = (icmp_ln33)> <Delay = 0.00>
ST_3 : Operation 32 [1/1] (0.00ns) (grouped into LUT with out node tH)   --->   "%xor_ln34 = xor i8 %trunc_ln33, i8 255" [src/conv1.cpp:34]   --->   Operation 32 'xor' 'xor_ln34' <Predicate = (icmp_ln33)> <Delay = 0.00> <CoreInst = "LogicGate">   --->   Core 74 'LogicGate' <Latency = 0> <II = 1> <Delay = 0.33> <FuncUnit> <Opcode : 'and' 'or' 'xor'> <InPorts = 2> <OutPorts = 1>
ST_3 : Operation 33 [1/1] (0.39ns) (out node of the LUT)   --->   "%tH = select i1 %tmp, i8 %xor_ln34, i8 32" [src/conv1.cpp:34]   --->   Operation 33 'select' 'tH' <Predicate = (icmp_ln33)> <Delay = 0.39> <CoreInst = "Sel">   --->   Core 73 'Sel' <Latency = 0> <II = 1> <Delay = 0.39> <FuncUnit> <Opcode : 'select'> <InPorts = 3> <OutPorts = 1>
ST_3 : Operation 34 [1/1] (0.42ns)   --->   "%br_ln35 = br void %for.body15" [src/conv1.cpp:35]   --->   Operation 34 'br' 'br_ln35' <Predicate = (icmp_ln33)> <Delay = 0.42>
ST_3 : Operation 35 [1/1] (0.42ns)   --->   "%store_ln30 = store i4 %nb_2, i4 %nb" [src/conv1.cpp:30]   --->   Operation 35 'store' 'store_ln30' <Predicate = (!icmp_ln33)> <Delay = 0.42>
ST_3 : Operation 36 [1/1] (0.00ns)   --->   "%br_ln30 = br void %for.body" [src/conv1.cpp:30]   --->   Operation 36 'br' 'br_ln30' <Predicate = (!icmp_ln33)> <Delay = 0.00>

State 4 <SV = 3> <Delay = 3.00>
ST_4 : Operation 37 [1/1] (0.00ns)   --->   "%w0_2 = phi i9 0, void %for.body5.split, i9 %w0, void %for.body15.split"   --->   Operation 37 'phi' 'w0_2' <Predicate = true> <Delay = 0.00>
ST_4 : Operation 38 [1/1] (0.77ns)   --->   "%icmp_ln35 = icmp_ult  i9 %w0_2, i9 255" [src/conv1.cpp:35]   --->   Operation 38 'icmp' 'icmp_ln35' <Predicate = true> <Delay = 0.77> <CoreInst = "Cmp">   --->   Core 9 'Cmp' <Latency = 0> <II = 1> <Delay = 0.77> <FuncUnit> <Opcode : 'icmp'> <InPorts = 2> <OutPorts = 1>
ST_4 : Operation 39 [1/1] (0.00ns)   --->   "%br_ln35 = br i1 %icmp_ln35, void %for.inc30, void %for.body15.split" [src/conv1.cpp:35]   --->   Operation 39 'br' 'br_ln35' <Predicate = true> <Delay = 0.00>
ST_4 : Operation 40 [1/1] (0.00ns)   --->   "%speclooptripcount_ln35 = speclooptripcount void @_ssdm_op_SpecLoopTripCount, i64 8, i64 8, i64 8" [src/conv1.cpp:35]   --->   Operation 40 'speclooptripcount' 'speclooptripcount_ln35' <Predicate = (icmp_ln35)> <Delay = 0.00>
ST_4 : Operation 41 [1/1] (0.00ns)   --->   "%specloopname_ln35 = specloopname void @_ssdm_op_SpecLoopName, void @empty_149" [src/conv1.cpp:35]   --->   Operation 41 'specloopname' 'specloopname_ln35' <Predicate = (icmp_ln35)> <Delay = 0.00>
ST_4 : Operation 42 [1/1] (0.77ns)   --->   "%w0 = add i9 %w0_2, i9 32" [src/conv1.cpp:36]   --->   Operation 42 'add' 'w0' <Predicate = (icmp_ln35)> <Delay = 0.77> <CoreInst = "Adder">   --->   Core 1 'Adder' <Latency = 0> <II = 1> <Delay = 0.77> <FuncUnit> <Opcode : 'add' 'sub'> <InPorts = 2> <OutPorts = 1>
ST_4 : Operation 43 [1/1] (0.00ns) (grouped into LUT with out node tW)   --->   "%tmp_4 = bitselect i1 @_ssdm_op_BitSelect.i1.i9.i32, i9 %w0, i32 8" [src/conv1.cpp:36]   --->   Operation 43 'bitselect' 'tmp_4' <Predicate = (icmp_ln35)> <Delay = 0.00>
ST_4 : Operation 44 [1/1] (0.00ns)   --->   "%trunc_ln35 = trunc i9 %w0_2" [src/conv1.cpp:35]   --->   Operation 44 'trunc' 'trunc_ln35' <Predicate = (icmp_ln35)> <Delay = 0.00>
ST_4 : Operation 45 [1/1] (0.00ns) (grouped into LUT with out node tW)   --->   "%xor_ln36 = xor i8 %trunc_ln35, i8 255" [src/conv1.cpp:36]   --->   Operation 45 'xor' 'xor_ln36' <Predicate = (icmp_ln35)> <Delay = 0.00> <CoreInst = "LogicGate">   --->   Core 74 'LogicGate' <Latency = 0> <II = 1> <Delay = 0.33> <FuncUnit> <Opcode : 'and' 'or' 'xor'> <InPorts = 2> <OutPorts = 1>
ST_4 : Operation 46 [1/1] (0.39ns) (out node of the LUT)   --->   "%tW = select i1 %tmp_4, i8 %xor_ln36, i8 32" [src/conv1.cpp:36]   --->   Operation 46 'select' 'tW' <Predicate = (icmp_ln35)> <Delay = 0.39> <CoreInst = "Sel">   --->   Core 73 'Sel' <Latency = 0> <II = 1> <Delay = 0.39> <FuncUnit> <Opcode : 'select'> <InPorts = 3> <OutPorts = 1>
ST_4 : Operation 47 [1/1] (0.00ns)   --->   "%tmp_s = partselect i7 @_ssdm_op_PartSelect.i7.i9.i32.i32, i9 %h0_2, i32 1, i32 7" [src/conv1.cpp:38]   --->   Operation 47 'partselect' 'tmp_s' <Predicate = (icmp_ln35)> <Delay = 0.00>
ST_4 : Operation 48 [1/1] (0.00ns)   --->   "%tmp_5 = bitconcatenate i28 @_ssdm_op_BitConcatenate.i28.i4.i24, i4 %tN, i24 0" [src/conv1.cpp:38]   --->   Operation 48 'bitconcatenate' 'tmp_5' <Predicate = (icmp_ln35)> <Delay = 0.00>
ST_4 : Operation 49 [1/1] (0.00ns)   --->   "%zext_ln38 = zext i28 %tmp_5" [src/conv1.cpp:38]   --->   Operation 49 'zext' 'zext_ln38' <Predicate = (icmp_ln35)> <Delay = 0.00>
ST_4 : Operation 50 [1/1] (0.00ns)   --->   "%zext_ln38_1_cast = bitconcatenate i193 @_ssdm_op_BitConcatenate.i193.i25.i8.i24.i8.i56.i8.i24.i7.i1.i32, i25 16777216, i8 %tW, i24 0, i8 %tH, i56 %zext_ln38, i8 %trunc_ln35, i24 0, i7 %tmp_s, i1 0, i32 %zext_ln31" [src/conv1.cpp:38]   --->   Operation 50 'bitconcatenate' 'zext_ln38_1_cast' <Predicate = (icmp_ln35)> <Delay = 0.00>
ST_4 : Operation 51 [1/1] (0.00ns)   --->   "%zext_ln38_1 = zext i193 %zext_ln38_1_cast" [src/conv1.cpp:38]   --->   Operation 51 'zext' 'zext_ln38_1' <Predicate = (icmp_ln35)> <Delay = 0.00>
ST_4 : Operation 52 [1/1] (1.83ns)   --->   "%write_ln38 = write void @_ssdm_op_Write.ap_fifo.volatile.i224P0A, i224 %q0, i224 %zext_ln38_1" [src/conv1.cpp:38]   --->   Operation 52 'write' 'write_ln38' <Predicate = (icmp_ln35)> <Delay = 1.83> <CoreInst = "FIFO_SRL">   --->   Core 81 'FIFO_SRL' <Latency = 0> <II = 1> <Delay = 1.83> <Storage> <Opcode : 'read' 'write' 'nbread' 'nbwrite'> <Ports = 0> <Width = 224> <Depth = 2> <FIFO>
ST_4 : Operation 53 [1/1] (0.00ns)   --->   "%br_ln35 = br void %for.body15" [src/conv1.cpp:35]   --->   Operation 53 'br' 'br_ln35' <Predicate = (icmp_ln35)> <Delay = 0.00>
ST_4 : Operation 54 [1/1] (0.00ns)   --->   "%br_ln33 = br void %for.body5" [src/conv1.cpp:33]   --->   Operation 54 'br' 'br_ln33' <Predicate = (!icmp_ln35)> <Delay = 0.00>


============================================================
+ Verbose Summary: Binding
============================================================
STG Binding: 
---------------- STG Properties BEGIN ----------------
- Is combinational: 0
- Is one-state seq: 0
- Is datapath-only: 0
- Is pipelined: 0
- Is top level: 0
Port [ Return ] is wired: 1; IO mode=ap_ctrl_hs:ce=0
Port [ q0]:  wired=1; compound=1; hidden=0; nouse=0; global=0; static=0; extern=0; dir=1; type=3; pingpong=0; private_global=0; IO mode=ap_fifo:ce=0
---------------- STG Properties END ------------------

---------------- Datapath Model BEGIN ----------------

<LifeTime>
<method=bitvector/>
nb                     (alloca           ) [ 01111]
specinterface_ln0      (specinterface    ) [ 00000]
store_ln30             (store            ) [ 00000]
br_ln30                (br               ) [ 00000]
nb_1                   (load             ) [ 00000]
icmp_ln30              (icmp             ) [ 00111]
nb_2                   (add              ) [ 00011]
br_ln30                (br               ) [ 00000]
speclooptripcount_ln30 (speclooptripcount) [ 00000]
specloopname_ln30      (specloopname     ) [ 00000]
trunc_ln31             (trunc            ) [ 00000]
n                      (bitconcatenate   ) [ 00000]
zext_ln31              (zext             ) [ 00011]
shl_ln31               (shl              ) [ 00000]
icmp_ln32              (icmp             ) [ 00000]
sub_ln32               (sub              ) [ 00000]
tN                     (select           ) [ 00011]
br_ln33                (br               ) [ 00111]
ret_ln42               (ret              ) [ 00000]
h0_2                   (phi              ) [ 00011]
icmp_ln33              (icmp             ) [ 00111]
br_ln33                (br               ) [ 00000]
speclooptripcount_ln33 (speclooptripcount) [ 00000]
specloopname_ln33      (specloopname     ) [ 00000]
h0                     (add              ) [ 00111]
tmp                    (bitselect        ) [ 00000]
trunc_ln33             (trunc            ) [ 00000]
xor_ln34               (xor              ) [ 00000]
tH                     (select           ) [ 00001]
br_ln35                (br               ) [ 00111]
store_ln30             (store            ) [ 00000]
br_ln30                (br               ) [ 00000]
w0_2                   (phi              ) [ 00001]
icmp_ln35              (icmp             ) [ 00111]
br_ln35                (br               ) [ 00000]
speclooptripcount_ln35 (speclooptripcount) [ 00000]
specloopname_ln35      (specloopname     ) [ 00000]
w0                     (add              ) [ 00111]
tmp_4                  (bitselect        ) [ 00000]
trunc_ln35             (trunc            ) [ 00000]
xor_ln36               (xor              ) [ 00000]
tW                     (select           ) [ 00000]
tmp_s                  (partselect       ) [ 00000]
tmp_5                  (bitconcatenate   ) [ 00000]
zext_ln38              (zext             ) [ 00000]
zext_ln38_1_cast       (bitconcatenate   ) [ 00000]
zext_ln38_1            (zext             ) [ 00000]
write_ln38             (write            ) [ 00000]
br_ln35                (br               ) [ 00111]
br_ln33                (br               ) [ 00111]
</LifeTime>

<model>

<comp_list>
<comp id="0" class="1000" name="q0">
<pin_list>
<pin id="1" dir="1" index="0" bw="1" slack="0"/>
</pin_list>
<bind>
<StgValue><ssdm name="q0"/></StgValue>
</bind>
</comp>

<comp id="2" class="1001" name="const_2">
<pin_list>
<pin id="3" dir="1" index="0" bw="1" slack="0"/>
</pin_list>
<bind>
<StgValue><ssdm name=""/></StgValue>
</bind>
</comp>

<comp id="4" class="1001" name="const_4">
<pin_list>
<pin id="5" dir="1" index="0" bw="1" slack="2147483647"/>
</pin_list>
<bind>
<StgValue><ssdm name="_ssdm_op_SpecInterface"/></StgValue>
</bind>
</comp>

<comp id="6" class="1001" name="const_6">
<pin_list>
<pin id="7" dir="1" index="0" bw="1" slack="2147483647"/>
</pin_list>
<bind>
<StgValue><ssdm name="empty_171"/></StgValue>
</bind>
</comp>

<comp id="8" class="1001" name="const_8">
<pin_list>
<pin id="9" dir="1" index="0" bw="1" slack="2147483647"/>
</pin_list>
<bind>
<StgValue><ssdm name=""/></StgValue>
</bind>
</comp>

<comp id="10" class="1001" name="const_10">
<pin_list>
<pin id="11" dir="1" index="0" bw="1" slack="2147483647"/>
</pin_list>
<bind>
<StgValue><ssdm name="empty_154"/></StgValue>
</bind>
</comp>

<comp id="12" class="1001" name="const_12">
<pin_list>
<pin id="13" dir="1" index="0" bw="1" slack="2147483647"/>
</pin_list>
<bind>
<StgValue><ssdm name=""/></StgValue>
</bind>
</comp>

<comp id="14" class="1001" name="const_14">
<pin_list>
<pin id="15" dir="1" index="0" bw="1" slack="0"/>
</pin_list>
<bind>
<StgValue><ssdm name=""/></StgValue>
</bind>
</comp>

<comp id="16" class="1001" name="const_16">
<pin_list>
<pin id="17" dir="1" index="0" bw="1" slack="0"/>
</pin_list>
<bind>
<StgValue><ssdm name=""/></StgValue>
</bind>
</comp>

<comp id="18" class="1001" name="const_18">
<pin_list>
<pin id="19" dir="1" index="0" bw="1" slack="0"/>
</pin_list>
<bind>
<StgValue><ssdm name=""/></StgValue>
</bind>
</comp>

<comp id="20" class="1001" name="const_20">
<pin_list>
<pin id="21" dir="1" index="0" bw="1" slack="2147483647"/>
</pin_list>
<bind>
<StgValue><ssdm name="_ssdm_op_SpecLoopTripCount"/></StgValue>
</bind>
</comp>

<comp id="22" class="1001" name="const_22">
<pin_list>
<pin id="23" dir="1" index="0" bw="1" slack="2147483647"/>
</pin_list>
<bind>
<StgValue><ssdm name=""/></StgValue>
</bind>
</comp>

<comp id="24" class="1001" name="const_24">
<pin_list>
<pin id="25" dir="1" index="0" bw="1" slack="2147483647"/>
</pin_list>
<bind>
<StgValue><ssdm name="_ssdm_op_SpecLoopName"/></StgValue>
</bind>
</comp>

<comp id="26" class="1001" name="const_26">
<pin_list>
<pin id="27" dir="1" index="0" bw="1" slack="2147483647"/>
</pin_list>
<bind>
<StgValue><ssdm name="empty_162"/></StgValue>
</bind>
</comp>

<comp id="28" class="1001" name="const_28">
<pin_list>
<pin id="29" dir="1" index="0" bw="1" slack="0"/>
</pin_list>
<bind>
<StgValue><ssdm name="_ssdm_op_BitConcatenate.i6.i3.i3"/></StgValue>
</bind>
</comp>

<comp id="30" class="1001" name="const_30">
<pin_list>
<pin id="31" dir="1" index="0" bw="1" slack="0"/>
</pin_list>
<bind>
<StgValue><ssdm name=""/></StgValue>
</bind>
</comp>

<comp id="32" class="1001" name="const_32">
<pin_list>
<pin id="33" dir="1" index="0" bw="1" slack="0"/>
</pin_list>
<bind>
<StgValue><ssdm name=""/></StgValue>
</bind>
</comp>

<comp id="34" class="1001" name="const_34">
<pin_list>
<pin id="35" dir="1" index="0" bw="1" slack="0"/>
</pin_list>
<bind>
<StgValue><ssdm name=""/></StgValue>
</bind>
</comp>

<comp id="36" class="1001" name="const_36">
<pin_list>
<pin id="37" dir="1" index="0" bw="1" slack="1"/>
</pin_list>
<bind>
<StgValue><ssdm name=""/></StgValue>
</bind>
</comp>

<comp id="38" class="1001" name="const_38">
<pin_list>
<pin id="39" dir="1" index="0" bw="1" slack="0"/>
</pin_list>
<bind>
<StgValue><ssdm name=""/></StgValue>
</bind>
</comp>

<comp id="40" class="1001" name="const_40">
<pin_list>
<pin id="41" dir="1" index="0" bw="1" slack="2147483647"/>
</pin_list>
<bind>
<StgValue><ssdm name="empty_161"/></StgValue>
</bind>
</comp>

<comp id="42" class="1001" name="const_42">
<pin_list>
<pin id="43" dir="1" index="0" bw="1" slack="0"/>
</pin_list>
<bind>
<StgValue><ssdm name=""/></StgValue>
</bind>
</comp>

<comp id="44" class="1001" name="const_44">
<pin_list>
<pin id="45" dir="1" index="0" bw="1" slack="0"/>
</pin_list>
<bind>
<StgValue><ssdm name="_ssdm_op_BitSelect.i1.i9.i32"/></StgValue>
</bind>
</comp>

<comp id="46" class="1001" name="const_46">
<pin_list>
<pin id="47" dir="1" index="0" bw="1" slack="0"/>
</pin_list>
<bind>
<StgValue><ssdm name=""/></StgValue>
</bind>
</comp>

<comp id="48" class="1001" name="const_48">
<pin_list>
<pin id="49" dir="1" index="0" bw="1" slack="0"/>
</pin_list>
<bind>
<StgValue><ssdm name=""/></StgValue>
</bind>
</comp>

<comp id="50" class="1001" name="const_50">
<pin_list>
<pin id="51" dir="1" index="0" bw="1" slack="0"/>
</pin_list>
<bind>
<StgValue><ssdm name=""/></StgValue>
</bind>
</comp>

<comp id="52" class="1001" name="const_52">
<pin_list>
<pin id="53" dir="1" index="0" bw="1" slack="2147483647"/>
</pin_list>
<bind>
<StgValue><ssdm name="empty_149"/></StgValue>
</bind>
</comp>

<comp id="54" class="1001" name="const_54">
<pin_list>
<pin id="55" dir="1" index="0" bw="1" slack="0"/>
</pin_list>
<bind>
<StgValue><ssdm name="_ssdm_op_PartSelect.i7.i9.i32.i32"/></StgValue>
</bind>
</comp>

<comp id="56" class="1001" name="const_56">
<pin_list>
<pin id="57" dir="1" index="0" bw="1" slack="0"/>
</pin_list>
<bind>
<StgValue><ssdm name=""/></StgValue>
</bind>
</comp>

<comp id="58" class="1001" name="const_58">
<pin_list>
<pin id="59" dir="1" index="0" bw="1" slack="0"/>
</pin_list>
<bind>
<StgValue><ssdm name="_ssdm_op_BitConcatenate.i28.i4.i24"/></StgValue>
</bind>
</comp>

<comp id="60" class="1001" name="const_60">
<pin_list>
<pin id="61" dir="1" index="0" bw="1" slack="0"/>
</pin_list>
<bind>
<StgValue><ssdm name=""/></StgValue>
</bind>
</comp>

<comp id="62" class="1001" name="const_62">
<pin_list>
<pin id="63" dir="1" index="0" bw="1" slack="0"/>
</pin_list>
<bind>
<StgValue><ssdm name="_ssdm_op_BitConcatenate.i193.i25.i8.i24.i8.i56.i8.i24.i7.i1.i32"/></StgValue>
</bind>
</comp>

<comp id="64" class="1001" name="const_64">
<pin_list>
<pin id="65" dir="1" index="0" bw="1" slack="0"/>
</pin_list>
<bind>
<StgValue><ssdm name=""/></StgValue>
</bind>
</comp>

<comp id="66" class="1001" name="const_66">
<pin_list>
<pin id="67" dir="1" index="0" bw="1" slack="0"/>
</pin_list>
<bind>
<StgValue><ssdm name=""/></StgValue>
</bind>
</comp>

<comp id="68" class="1001" name="const_68">
<pin_list>
<pin id="69" dir="1" index="0" bw="1" slack="0"/>
</pin_list>
<bind>
<StgValue><ssdm name="_ssdm_op_Write.ap_fifo.volatile.i224P0A"/></StgValue>
</bind>
</comp>

<comp id="70" class="1004" name="nb_fu_70">
<pin_list>
<pin id="71" dir="0" index="0" bw="1" slack="0"/>
<pin id="72" dir="1" index="1" bw="4" slack="0"/>
</pin_list>
<bind>
<opcode="alloca(26) " fcode="alloca"/>
<opset="nb/1 "/>
</bind>
</comp>

<comp id="74" class="1004" name="write_ln38_write_fu_74">
<pin_list>
<pin id="75" dir="0" index="0" bw="0" slack="0"/>
<pin id="76" dir="0" index="1" bw="224" slack="0"/>
<pin id="77" dir="0" index="2" bw="193" slack="0"/>
<pin id="78" dir="1" index="3" bw="0" slack="2147483647"/>
</pin_list>
<bind>
<opcode="write(1151) " fcode="write"/>
<opset="write_ln38/4 "/>
</bind>
</comp>

<comp id="81" class="1005" name="h0_2_reg_81">
<pin_list>
<pin id="82" dir="0" index="0" bw="9" slack="1"/>
<pin id="83" dir="1" index="1" bw="9" slack="1"/>
</pin_list>
<bind>
<opset="h0_2 (phireg) "/>
</bind>
</comp>

<comp id="85" class="1004" name="h0_2_phi_fu_85">
<pin_list>
<pin id="86" dir="0" index="0" bw="1" slack="1"/>
<pin id="87" dir="0" index="1" bw="0" slack="2147483647"/>
<pin id="88" dir="0" index="2" bw="9" slack="0"/>
<pin id="89" dir="0" index="3" bw="0" slack="2147483647"/>
<pin id="90" dir="1" index="4" bw="9" slack="0"/>
</pin_list>
<bind>
<opcode="phi(47) " fcode="phi"/>
<opset="h0_2/3 "/>
</bind>
</comp>

<comp id="93" class="1005" name="w0_2_reg_93">
<pin_list>
<pin id="94" dir="0" index="0" bw="9" slack="1"/>
<pin id="95" dir="1" index="1" bw="9" slack="1"/>
</pin_list>
<bind>
<opset="w0_2 (phireg) "/>
</bind>
</comp>

<comp id="97" class="1004" name="w0_2_phi_fu_97">
<pin_list>
<pin id="98" dir="0" index="0" bw="1" slack="1"/>
<pin id="99" dir="0" index="1" bw="0" slack="2147483647"/>
<pin id="100" dir="0" index="2" bw="9" slack="0"/>
<pin id="101" dir="0" index="3" bw="0" slack="2147483647"/>
<pin id="102" dir="1" index="4" bw="9" slack="0"/>
</pin_list>
<bind>
<opcode="phi(47) " fcode="phi"/>
<opset="w0_2/4 "/>
</bind>
</comp>

<comp id="104" class="1004" name="store_ln30_store_fu_104">
<pin_list>
<pin id="105" dir="0" index="0" bw="1" slack="0"/>
<pin id="106" dir="0" index="1" bw="4" slack="0"/>
<pin id="107" dir="1" index="2" bw="0" slack="2147483647"/>
</pin_list>
<bind>
<opcode="store(28) " fcode="store"/>
<opset="store_ln30/1 "/>
</bind>
</comp>

<comp id="109" class="1004" name="nb_1_load_fu_109">
<pin_list>
<pin id="110" dir="0" index="0" bw="4" slack="1"/>
<pin id="111" dir="1" index="1" bw="4" slack="0"/>
</pin_list>
<bind>
<opcode="load(27) " fcode="load"/>
<opset="nb_1/2 "/>
</bind>
</comp>

<comp id="112" class="1004" name="icmp_ln30_fu_112">
<pin_list>
<pin id="113" dir="0" index="0" bw="4" slack="0"/>
<pin id="114" dir="0" index="1" bw="4" slack="0"/>
<pin id="115" dir="1" index="2" bw="1" slack="2147483647"/>
</pin_list>
<bind>
<opcode="icmp(45) " fcode="icmp"/>
<opset="icmp_ln30/2 "/>
</bind>
</comp>

<comp id="118" class="1004" name="nb_2_fu_118">
<pin_list>
<pin id="119" dir="0" index="0" bw="4" slack="0"/>
<pin id="120" dir="0" index="1" bw="1" slack="0"/>
<pin id="121" dir="1" index="2" bw="4" slack="1"/>
</pin_list>
<bind>
<opcode="add(8) " fcode="add"/>
<opset="nb_2/2 "/>
</bind>
</comp>

<comp id="124" class="1004" name="trunc_ln31_fu_124">
<pin_list>
<pin id="125" dir="0" index="0" bw="4" slack="0"/>
<pin id="126" dir="1" index="1" bw="3" slack="0"/>
</pin_list>
<bind>
<opcode="trunc(33) " fcode="trunc"/>
<opset="trunc_ln31/2 "/>
</bind>
</comp>

<comp id="128" class="1004" name="n_fu_128">
<pin_list>
<pin id="129" dir="0" index="0" bw="6" slack="0"/>
<pin id="130" dir="0" index="1" bw="3" slack="0"/>
<pin id="131" dir="0" index="2" bw="1" slack="0"/>
<pin id="132" dir="1" index="3" bw="6" slack="0"/>
</pin_list>
<bind>
<opcode="bitconcatenate(1004) " fcode="bitconcatenate"/>
<opset="n/2 "/>
</bind>
</comp>

<comp id="136" class="1004" name="zext_ln31_fu_136">
<pin_list>
<pin id="137" dir="0" index="0" bw="6" slack="0"/>
<pin id="138" dir="1" index="1" bw="32" slack="2"/>
</pin_list>
<bind>
<opcode="zext(34) " fcode="zext"/>
<opset="zext_ln31/2 "/>
</bind>
</comp>

<comp id="140" class="1004" name="shl_ln31_fu_140">
<pin_list>
<pin id="141" dir="0" index="0" bw="4" slack="0"/>
<pin id="142" dir="0" index="1" bw="3" slack="0"/>
<pin id="143" dir="1" index="2" bw="4" slack="0"/>
</pin_list>
<bind>
<opcode="shl(20) " fcode="shl"/>
<opset="shl_ln31/2 "/>
</bind>
</comp>

<comp id="146" class="1004" name="icmp_ln32_fu_146">
<pin_list>
<pin id="147" dir="0" index="0" bw="4" slack="0"/>
<pin id="148" dir="0" index="1" bw="4" slack="0"/>
<pin id="149" dir="1" index="2" bw="1" slack="0"/>
</pin_list>
<bind>
<opcode="icmp(45) " fcode="icmp"/>
<opset="icmp_ln32/2 "/>
</bind>
</comp>

<comp id="152" class="1004" name="sub_ln32_fu_152">
<pin_list>
<pin id="153" dir="0" index="0" bw="1" slack="0"/>
<pin id="154" dir="0" index="1" bw="4" slack="0"/>
<pin id="155" dir="1" index="2" bw="4" slack="0"/>
</pin_list>
<bind>
<opcode="sub(10) " fcode="sub"/>
<opset="sub_ln32/2 "/>
</bind>
</comp>

<comp id="158" class="1004" name="tN_fu_158">
<pin_list>
<pin id="159" dir="0" index="0" bw="1" slack="0"/>
<pin id="160" dir="0" index="1" bw="4" slack="0"/>
<pin id="161" dir="0" index="2" bw="4" slack="0"/>
<pin id="162" dir="1" index="3" bw="4" slack="2"/>
</pin_list>
<bind>
<opcode="select(49) " fcode="select"/>
<opset="tN/2 "/>
</bind>
</comp>

<comp id="166" class="1004" name="icmp_ln33_fu_166">
<pin_list>
<pin id="167" dir="0" index="0" bw="9" slack="0"/>
<pin id="168" dir="0" index="1" bw="9" slack="0"/>
<pin id="169" dir="1" index="2" bw="1" slack="2147483647"/>
</pin_list>
<bind>
<opcode="icmp(45) " fcode="icmp"/>
<opset="icmp_ln33/3 "/>
</bind>
</comp>

<comp id="172" class="1004" name="h0_fu_172">
<pin_list>
<pin id="173" dir="0" index="0" bw="9" slack="0"/>
<pin id="174" dir="0" index="1" bw="7" slack="0"/>
<pin id="175" dir="1" index="2" bw="9" slack="0"/>
</pin_list>
<bind>
<opcode="add(8) " fcode="add"/>
<opset="h0/3 "/>
</bind>
</comp>

<comp id="178" class="1004" name="tmp_fu_178">
<pin_list>
<pin id="179" dir="0" index="0" bw="1" slack="0"/>
<pin id="180" dir="0" index="1" bw="9" slack="0"/>
<pin id="181" dir="0" index="2" bw="5" slack="0"/>
<pin id="182" dir="1" index="3" bw="1" slack="0"/>
</pin_list>
<bind>
<opcode="bitselect(1000) " fcode="bitselect"/>
<opset="tmp/3 "/>
</bind>
</comp>

<comp id="186" class="1004" name="trunc_ln33_fu_186">
<pin_list>
<pin id="187" dir="0" index="0" bw="9" slack="0"/>
<pin id="188" dir="1" index="1" bw="8" slack="0"/>
</pin_list>
<bind>
<opcode="trunc(33) " fcode="trunc"/>
<opset="trunc_ln33/3 "/>
</bind>
</comp>

<comp id="190" class="1004" name="xor_ln34_fu_190">
<pin_list>
<pin id="191" dir="0" index="0" bw="8" slack="0"/>
<pin id="192" dir="0" index="1" bw="8" slack="0"/>
<pin id="193" dir="1" index="2" bw="8" slack="0"/>
</pin_list>
<bind>
<opcode="xor(25) " fcode="xor"/>
<opset="xor_ln34/3 "/>
</bind>
</comp>

<comp id="196" class="1004" name="tH_fu_196">
<pin_list>
<pin id="197" dir="0" index="0" bw="1" slack="0"/>
<pin id="198" dir="0" index="1" bw="8" slack="0"/>
<pin id="199" dir="0" index="2" bw="8" slack="0"/>
<pin id="200" dir="1" index="3" bw="8" slack="1"/>
</pin_list>
<bind>
<opcode="select(49) " fcode="select"/>
<opset="tH/3 "/>
</bind>
</comp>

<comp id="204" class="1004" name="store_ln30_store_fu_204">
<pin_list>
<pin id="205" dir="0" index="0" bw="4" slack="1"/>
<pin id="206" dir="0" index="1" bw="4" slack="2"/>
<pin id="207" dir="1" index="2" bw="0" slack="2147483647"/>
</pin_list>
<bind>
<opcode="store(28) " fcode="store"/>
<opset="store_ln30/3 "/>
</bind>
</comp>

<comp id="208" class="1004" name="icmp_ln35_fu_208">
<pin_list>
<pin id="209" dir="0" index="0" bw="9" slack="0"/>
<pin id="210" dir="0" index="1" bw="9" slack="0"/>
<pin id="211" dir="1" index="2" bw="1" slack="2147483647"/>
</pin_list>
<bind>
<opcode="icmp(45) " fcode="icmp"/>
<opset="icmp_ln35/4 "/>
</bind>
</comp>

<comp id="214" class="1004" name="w0_fu_214">
<pin_list>
<pin id="215" dir="0" index="0" bw="9" slack="0"/>
<pin id="216" dir="0" index="1" bw="7" slack="0"/>
<pin id="217" dir="1" index="2" bw="9" slack="0"/>
</pin_list>
<bind>
<opcode="add(8) " fcode="add"/>
<opset="w0/4 "/>
</bind>
</comp>

<comp id="220" class="1004" name="tmp_4_fu_220">
<pin_list>
<pin id="221" dir="0" index="0" bw="1" slack="0"/>
<pin id="222" dir="0" index="1" bw="9" slack="0"/>
<pin id="223" dir="0" index="2" bw="5" slack="0"/>
<pin id="224" dir="1" index="3" bw="1" slack="0"/>
</pin_list>
<bind>
<opcode="bitselect(1000) " fcode="bitselect"/>
<opset="tmp_4/4 "/>
</bind>
</comp>

<comp id="228" class="1004" name="trunc_ln35_fu_228">
<pin_list>
<pin id="229" dir="0" index="0" bw="9" slack="0"/>
<pin id="230" dir="1" index="1" bw="8" slack="0"/>
</pin_list>
<bind>
<opcode="trunc(33) " fcode="trunc"/>
<opset="trunc_ln35/4 "/>
</bind>
</comp>

<comp id="232" class="1004" name="xor_ln36_fu_232">
<pin_list>
<pin id="233" dir="0" index="0" bw="8" slack="0"/>
<pin id="234" dir="0" index="1" bw="8" slack="0"/>
<pin id="235" dir="1" index="2" bw="8" slack="0"/>
</pin_list>
<bind>
<opcode="xor(25) " fcode="xor"/>
<opset="xor_ln36/4 "/>
</bind>
</comp>

<comp id="238" class="1004" name="tW_fu_238">
<pin_list>
<pin id="239" dir="0" index="0" bw="1" slack="0"/>
<pin id="240" dir="0" index="1" bw="8" slack="0"/>
<pin id="241" dir="0" index="2" bw="8" slack="0"/>
<pin id="242" dir="1" index="3" bw="8" slack="0"/>
</pin_list>
<bind>
<opcode="select(49) " fcode="select"/>
<opset="tW/4 "/>
</bind>
</comp>

<comp id="246" class="1004" name="tmp_s_fu_246">
<pin_list>
<pin id="247" dir="0" index="0" bw="7" slack="0"/>
<pin id="248" dir="0" index="1" bw="9" slack="1"/>
<pin id="249" dir="0" index="2" bw="1" slack="0"/>
<pin id="250" dir="0" index="3" bw="4" slack="0"/>
<pin id="251" dir="1" index="4" bw="7" slack="0"/>
</pin_list>
<bind>
<opcode="partselect(1002) " fcode="partselect"/>
<opset="tmp_s/4 "/>
</bind>
</comp>

<comp id="256" class="1004" name="tmp_5_fu_256">
<pin_list>
<pin id="257" dir="0" index="0" bw="28" slack="0"/>
<pin id="258" dir="0" index="1" bw="4" slack="2"/>
<pin id="259" dir="0" index="2" bw="1" slack="0"/>
<pin id="260" dir="1" index="3" bw="28" slack="0"/>
</pin_list>
<bind>
<opcode="bitconcatenate(1004) " fcode="bitconcatenate"/>
<opset="tmp_5/4 "/>
</bind>
</comp>

<comp id="263" class="1004" name="zext_ln38_fu_263">
<pin_list>
<pin id="264" dir="0" index="0" bw="28" slack="0"/>
<pin id="265" dir="1" index="1" bw="56" slack="0"/>
</pin_list>
<bind>
<opcode="zext(34) " fcode="zext"/>
<opset="zext_ln38/4 "/>
</bind>
</comp>

<comp id="267" class="1004" name="zext_ln38_1_cast_fu_267">
<pin_list>
<pin id="268" dir="0" index="0" bw="193" slack="0"/>
<pin id="269" dir="0" index="1" bw="25" slack="0"/>
<pin id="270" dir="0" index="2" bw="8" slack="0"/>
<pin id="271" dir="0" index="3" bw="1" slack="0"/>
<pin id="272" dir="0" index="4" bw="8" slack="1"/>
<pin id="273" dir="0" index="5" bw="28" slack="0"/>
<pin id="274" dir="0" index="6" bw="8" slack="0"/>
<pin id="275" dir="0" index="7" bw="1" slack="0"/>
<pin id="276" dir="0" index="8" bw="7" slack="0"/>
<pin id="277" dir="0" index="9" bw="1" slack="0"/>
<pin id="278" dir="0" index="10" bw="6" slack="2"/>
<pin id="279" dir="1" index="11" bw="193" slack="0"/>
</pin_list>
<bind>
<opcode="bitconcatenate(1004) " fcode="bitconcatenate"/>
<opset="zext_ln38_1_cast/4 "/>
</bind>
</comp>

<comp id="289" class="1004" name="zext_ln38_1_fu_289">
<pin_list>
<pin id="290" dir="0" index="0" bw="193" slack="0"/>
<pin id="291" dir="1" index="1" bw="224" slack="0"/>
</pin_list>
<bind>
<opcode="zext(34) " fcode="zext"/>
<opset="zext_ln38_1/4 "/>
</bind>
</comp>

<comp id="294" class="1005" name="nb_reg_294">
<pin_list>
<pin id="295" dir="0" index="0" bw="4" slack="0"/>
<pin id="296" dir="1" index="1" bw="4" slack="0"/>
</pin_list>
<bind>
<opset="nb "/>
</bind>
</comp>

<comp id="304" class="1005" name="nb_2_reg_304">
<pin_list>
<pin id="305" dir="0" index="0" bw="4" slack="1"/>
<pin id="306" dir="1" index="1" bw="4" slack="1"/>
</pin_list>
<bind>
<opset="nb_2 "/>
</bind>
</comp>

<comp id="309" class="1005" name="zext_ln31_reg_309">
<pin_list>
<pin id="310" dir="0" index="0" bw="32" slack="2"/>
<pin id="311" dir="1" index="1" bw="32" slack="2"/>
</pin_list>
<bind>
<opset="zext_ln31 "/>
</bind>
</comp>

<comp id="314" class="1005" name="tN_reg_314">
<pin_list>
<pin id="315" dir="0" index="0" bw="4" slack="2"/>
<pin id="316" dir="1" index="1" bw="4" slack="2"/>
</pin_list>
<bind>
<opset="tN "/>
</bind>
</comp>

<comp id="322" class="1005" name="h0_reg_322">
<pin_list>
<pin id="323" dir="0" index="0" bw="9" slack="0"/>
<pin id="324" dir="1" index="1" bw="9" slack="0"/>
</pin_list>
<bind>
<opset="h0 "/>
</bind>
</comp>

<comp id="327" class="1005" name="tH_reg_327">
<pin_list>
<pin id="328" dir="0" index="0" bw="8" slack="1"/>
<pin id="329" dir="1" index="1" bw="8" slack="1"/>
</pin_list>
<bind>
<opset="tH "/>
</bind>
</comp>

<comp id="335" class="1005" name="w0_reg_335">
<pin_list>
<pin id="336" dir="0" index="0" bw="9" slack="0"/>
<pin id="337" dir="1" index="1" bw="9" slack="0"/>
</pin_list>
<bind>
<opset="w0 "/>
</bind>
</comp>

</comp_list>

<net_list>
<net id="73"><net_src comp="2" pin="0"/><net_sink comp="70" pin=0"/></net>

<net id="79"><net_src comp="68" pin="0"/><net_sink comp="74" pin=0"/></net>

<net id="80"><net_src comp="0" pin="0"/><net_sink comp="74" pin=1"/></net>

<net id="84"><net_src comp="36" pin="0"/><net_sink comp="81" pin=0"/></net>

<net id="91"><net_src comp="81" pin="1"/><net_sink comp="85" pin=0"/></net>

<net id="92"><net_src comp="85" pin="4"/><net_sink comp="81" pin=0"/></net>

<net id="96"><net_src comp="36" pin="0"/><net_sink comp="93" pin=0"/></net>

<net id="103"><net_src comp="93" pin="1"/><net_sink comp="97" pin=0"/></net>

<net id="108"><net_src comp="14" pin="0"/><net_sink comp="104" pin=0"/></net>

<net id="116"><net_src comp="109" pin="1"/><net_sink comp="112" pin=0"/></net>

<net id="117"><net_src comp="16" pin="0"/><net_sink comp="112" pin=1"/></net>

<net id="122"><net_src comp="109" pin="1"/><net_sink comp="118" pin=0"/></net>

<net id="123"><net_src comp="18" pin="0"/><net_sink comp="118" pin=1"/></net>

<net id="127"><net_src comp="109" pin="1"/><net_sink comp="124" pin=0"/></net>

<net id="133"><net_src comp="28" pin="0"/><net_sink comp="128" pin=0"/></net>

<net id="134"><net_src comp="124" pin="1"/><net_sink comp="128" pin=1"/></net>

<net id="135"><net_src comp="30" pin="0"/><net_sink comp="128" pin=2"/></net>

<net id="139"><net_src comp="128" pin="3"/><net_sink comp="136" pin=0"/></net>

<net id="144"><net_src comp="109" pin="1"/><net_sink comp="140" pin=0"/></net>

<net id="145"><net_src comp="32" pin="0"/><net_sink comp="140" pin=1"/></net>

<net id="150"><net_src comp="109" pin="1"/><net_sink comp="146" pin=0"/></net>

<net id="151"><net_src comp="34" pin="0"/><net_sink comp="146" pin=1"/></net>

<net id="156"><net_src comp="14" pin="0"/><net_sink comp="152" pin=0"/></net>

<net id="157"><net_src comp="140" pin="2"/><net_sink comp="152" pin=1"/></net>

<net id="163"><net_src comp="146" pin="2"/><net_sink comp="158" pin=0"/></net>

<net id="164"><net_src comp="16" pin="0"/><net_sink comp="158" pin=1"/></net>

<net id="165"><net_src comp="152" pin="2"/><net_sink comp="158" pin=2"/></net>

<net id="170"><net_src comp="85" pin="4"/><net_sink comp="166" pin=0"/></net>

<net id="171"><net_src comp="38" pin="0"/><net_sink comp="166" pin=1"/></net>

<net id="176"><net_src comp="85" pin="4"/><net_sink comp="172" pin=0"/></net>

<net id="177"><net_src comp="42" pin="0"/><net_sink comp="172" pin=1"/></net>

<net id="183"><net_src comp="44" pin="0"/><net_sink comp="178" pin=0"/></net>

<net id="184"><net_src comp="172" pin="2"/><net_sink comp="178" pin=1"/></net>

<net id="185"><net_src comp="46" pin="0"/><net_sink comp="178" pin=2"/></net>

<net id="189"><net_src comp="85" pin="4"/><net_sink comp="186" pin=0"/></net>

<net id="194"><net_src comp="186" pin="1"/><net_sink comp="190" pin=0"/></net>

<net id="195"><net_src comp="48" pin="0"/><net_sink comp="190" pin=1"/></net>

<net id="201"><net_src comp="178" pin="3"/><net_sink comp="196" pin=0"/></net>

<net id="202"><net_src comp="190" pin="2"/><net_sink comp="196" pin=1"/></net>

<net id="203"><net_src comp="50" pin="0"/><net_sink comp="196" pin=2"/></net>

<net id="212"><net_src comp="97" pin="4"/><net_sink comp="208" pin=0"/></net>

<net id="213"><net_src comp="38" pin="0"/><net_sink comp="208" pin=1"/></net>

<net id="218"><net_src comp="97" pin="4"/><net_sink comp="214" pin=0"/></net>

<net id="219"><net_src comp="42" pin="0"/><net_sink comp="214" pin=1"/></net>

<net id="225"><net_src comp="44" pin="0"/><net_sink comp="220" pin=0"/></net>

<net id="226"><net_src comp="214" pin="2"/><net_sink comp="220" pin=1"/></net>

<net id="227"><net_src comp="46" pin="0"/><net_sink comp="220" pin=2"/></net>

<net id="231"><net_src comp="97" pin="4"/><net_sink comp="228" pin=0"/></net>

<net id="236"><net_src comp="228" pin="1"/><net_sink comp="232" pin=0"/></net>

<net id="237"><net_src comp="48" pin="0"/><net_sink comp="232" pin=1"/></net>

<net id="243"><net_src comp="220" pin="3"/><net_sink comp="238" pin=0"/></net>

<net id="244"><net_src comp="232" pin="2"/><net_sink comp="238" pin=1"/></net>

<net id="245"><net_src comp="50" pin="0"/><net_sink comp="238" pin=2"/></net>

<net id="252"><net_src comp="54" pin="0"/><net_sink comp="246" pin=0"/></net>

<net id="253"><net_src comp="81" pin="1"/><net_sink comp="246" pin=1"/></net>

<net id="254"><net_src comp="2" pin="0"/><net_sink comp="246" pin=2"/></net>

<net id="255"><net_src comp="56" pin="0"/><net_sink comp="246" pin=3"/></net>

<net id="261"><net_src comp="58" pin="0"/><net_sink comp="256" pin=0"/></net>

<net id="262"><net_src comp="60" pin="0"/><net_sink comp="256" pin=2"/></net>

<net id="266"><net_src comp="256" pin="3"/><net_sink comp="263" pin=0"/></net>

<net id="280"><net_src comp="62" pin="0"/><net_sink comp="267" pin=0"/></net>

<net id="281"><net_src comp="64" pin="0"/><net_sink comp="267" pin=1"/></net>

<net id="282"><net_src comp="238" pin="3"/><net_sink comp="267" pin=2"/></net>

<net id="283"><net_src comp="60" pin="0"/><net_sink comp="267" pin=3"/></net>

<net id="284"><net_src comp="263" pin="1"/><net_sink comp="267" pin=5"/></net>

<net id="285"><net_src comp="228" pin="1"/><net_sink comp="267" pin=6"/></net>

<net id="286"><net_src comp="60" pin="0"/><net_sink comp="267" pin=7"/></net>

<net id="287"><net_src comp="246" pin="4"/><net_sink comp="267" pin=8"/></net>

<net id="288"><net_src comp="66" pin="0"/><net_sink comp="267" pin=9"/></net>

<net id="292"><net_src comp="267" pin="11"/><net_sink comp="289" pin=0"/></net>

<net id="293"><net_src comp="289" pin="1"/><net_sink comp="74" pin=2"/></net>

<net id="297"><net_src comp="70" pin="1"/><net_sink comp="294" pin=0"/></net>

<net id="298"><net_src comp="294" pin="1"/><net_sink comp="104" pin=1"/></net>

<net id="299"><net_src comp="294" pin="1"/><net_sink comp="109" pin=0"/></net>

<net id="300"><net_src comp="294" pin="1"/><net_sink comp="204" pin=1"/></net>

<net id="307"><net_src comp="118" pin="2"/><net_sink comp="304" pin=0"/></net>

<net id="308"><net_src comp="304" pin="1"/><net_sink comp="204" pin=0"/></net>

<net id="312"><net_src comp="136" pin="1"/><net_sink comp="309" pin=0"/></net>

<net id="313"><net_src comp="309" pin="1"/><net_sink comp="267" pin=10"/></net>

<net id="317"><net_src comp="158" pin="3"/><net_sink comp="314" pin=0"/></net>

<net id="318"><net_src comp="314" pin="1"/><net_sink comp="256" pin=1"/></net>

<net id="325"><net_src comp="172" pin="2"/><net_sink comp="322" pin=0"/></net>

<net id="326"><net_src comp="322" pin="1"/><net_sink comp="85" pin=2"/></net>

<net id="330"><net_src comp="196" pin="3"/><net_sink comp="327" pin=0"/></net>

<net id="331"><net_src comp="327" pin="1"/><net_sink comp="267" pin=4"/></net>

<net id="338"><net_src comp="214" pin="2"/><net_sink comp="335" pin=0"/></net>

<net id="339"><net_src comp="335" pin="1"/><net_sink comp="97" pin=2"/></net>

</net_list>

</model> 
---------------- Datapath Model END ------------------

* FSMD analyzer results:
  - Output states:
	Port: q0 | {4 }
 - Input state : 
  - Chain level:
	State 1
		store_ln30 : 1
	State 2
		icmp_ln30 : 1
		nb_2 : 1
		br_ln30 : 2
		trunc_ln31 : 1
		n : 2
		zext_ln31 : 3
		shl_ln31 : 1
		icmp_ln32 : 1
		sub_ln32 : 1
		tN : 2
	State 3
		icmp_ln33 : 1
		br_ln33 : 2
		h0 : 1
		tmp : 2
		trunc_ln33 : 1
		xor_ln34 : 2
		tH : 2
	State 4
		icmp_ln35 : 1
		br_ln35 : 2
		w0 : 1
		tmp_4 : 2
		trunc_ln35 : 1
		xor_ln36 : 2
		tW : 2
		zext_ln38 : 1
		zext_ln38_1_cast : 3
		zext_ln38_1 : 4
		write_ln38 : 5


============================================================
+ Verbose Summary: Datapath Resource usage 
============================================================

* Functional unit list:
|----------|-------------------------|---------|---------|
| Operation|     Functional Unit     |    FF   |   LUT   |
|----------|-------------------------|---------|---------|
|          |     icmp_ln30_fu_112    |    0    |    12   |
|   icmp   |     icmp_ln32_fu_146    |    0    |    12   |
|          |     icmp_ln33_fu_166    |    0    |    16   |
|          |     icmp_ln35_fu_208    |    0    |    16   |
|----------|-------------------------|---------|---------|
|          |       nb_2_fu_118       |    0    |    12   |
|    add   |        h0_fu_172        |    0    |    16   |
|          |        w0_fu_214        |    0    |    16   |
|----------|-------------------------|---------|---------|
|          |        tN_fu_158        |    0    |    4    |
|  select  |        tH_fu_196        |    0    |    8    |
|          |        tW_fu_238        |    0    |    8    |
|----------|-------------------------|---------|---------|
|    xor   |     xor_ln34_fu_190     |    0    |    8    |
|          |     xor_ln36_fu_232     |    0    |    8    |
|----------|-------------------------|---------|---------|
|    sub   |     sub_ln32_fu_152     |    0    |    12   |
|----------|-------------------------|---------|---------|
|   write  |  write_ln38_write_fu_74 |    0    |    0    |
|----------|-------------------------|---------|---------|
|          |    trunc_ln31_fu_124    |    0    |    0    |
|   trunc  |    trunc_ln33_fu_186    |    0    |    0    |
|          |    trunc_ln35_fu_228    |    0    |    0    |
|----------|-------------------------|---------|---------|
|          |         n_fu_128        |    0    |    0    |
|bitconcatenate|       tmp_5_fu_256      |    0    |    0    |
|          | zext_ln38_1_cast_fu_267 |    0    |    0    |
|----------|-------------------------|---------|---------|
|          |     zext_ln31_fu_136    |    0    |    0    |
|   zext   |     zext_ln38_fu_263    |    0    |    0    |
|          |    zext_ln38_1_fu_289   |    0    |    0    |
|----------|-------------------------|---------|---------|
|    shl   |     shl_ln31_fu_140     |    0    |    0    |
|----------|-------------------------|---------|---------|
| bitselect|        tmp_fu_178       |    0    |    0    |
|          |       tmp_4_fu_220      |    0    |    0    |
|----------|-------------------------|---------|---------|
|partselect|       tmp_s_fu_246      |    0    |    0    |
|----------|-------------------------|---------|---------|
|   Total  |                         |    0    |   148   |
|----------|-------------------------|---------|---------|

Memories:
N/A

* Register list:
+-----------------+--------+
|                 |   FF   |
+-----------------+--------+
|   h0_2_reg_81   |    9   |
|    h0_reg_322   |    9   |
|   nb_2_reg_304  |    4   |
|    nb_reg_294   |    4   |
|    tH_reg_327   |    8   |
|    tN_reg_314   |    4   |
|   w0_2_reg_93   |    9   |
|    w0_reg_335   |    9   |
|zext_ln31_reg_309|   32   |
+-----------------+--------+
|      Total      |   88   |
+-----------------+--------+

* Multiplexer (MUX) list: 
|-------------|------|------|------|--------||---------||---------|
|     Comp    |  Pin | Size |  BW  | S x BW ||  Delay  ||   LUT   |
|-------------|------|------|------|--------||---------||---------|
| h0_2_reg_81 |  p0  |   2  |   9  |   18   ||    9    |
|-------------|------|------|------|--------||---------||---------|
|    Total    |      |      |      |   18   ||  0.427  ||    9    |
|-------------|------|------|------|--------||---------||---------|



* Summary:
+-----------+--------+--------+--------+
|           |  Delay |   FF   |   LUT  |
+-----------+--------+--------+--------+
|  Function |    -   |    0   |   148  |
|   Memory  |    -   |    -   |    -   |
|Multiplexer|    0   |    -   |    9   |
|  Register |    -   |   88   |    -   |
+-----------+--------+--------+--------+
|   Total   |    0   |   88   |   157  |
+-----------+--------+--------+--------+
