

================================================================
== Vitis HLS Report for 'gen_tiles_stream_all'
================================================================
* Date:           Thu Oct 30 11:31:01 2025

* Version:        2023.1 (Build 3854077 on May  4 2023)
* Project:        srcnn_hls
* Solution:       solution1 (Vivado IP Flow Target)
* Product family: zynquplus
* Target device:  xck26-sfvc784-2LV-c


================================================================
== Performance Estimates
================================================================
+ Timing: 
    * Summary: 
    +--------+----------+----------+------------+
    |  Clock |  Target  | Estimated| Uncertainty|
    +--------+----------+----------+------------+
    |ap_clk  |  10.00 ns|  3.007 ns|     2.70 ns|
    +--------+----------+----------+------------+

+ Latency: 
    * Summary: 
    +---------+---------+----------+----------+-----+-----+---------+
    |  Latency (cycles) |  Latency (absolute) |  Interval | Pipeline|
    |   min   |   max   |    min   |    max   | min | max |   Type  |
    +---------+---------+----------+----------+-----+-----+---------+
    |      657|      657|  6.570 us|  6.570 us|  657|  657|       no|
    +---------+---------+----------+----------+-----+-----+---------+

    + Detail: 
        * Instance: 
        N/A

        * Loop: 
        +----------------------+---------+---------+----------+-----------+-----------+------+----------+
        |                      |  Latency (cycles) | Iteration|  Initiation Interval  | Trip |          |
        |       Loop Name      |   min   |   max   |  Latency |  achieved |   target  | Count| Pipelined|
        +----------------------+---------+---------+----------+-----------+-----------+------+----------+
        |- VITIS_LOOP_30_1     |      656|      656|        82|          -|          -|     8|        no|
        | + VITIS_LOOP_33_2    |       80|       80|        10|          -|          -|     8|        no|
        |  ++ VITIS_LOOP_35_3  |        8|        8|         1|          -|          -|     8|        no|
        +----------------------+---------+---------+----------+-----------+-----------+------+----------+

============================================================
+ Verbose Summary: Synthesis Manager
============================================================
InlineROM: 1
ExposeGlobal: 0
============================================================
+ Verbose Summary: CDFG Model
============================================================
IsTopModel: 0
ResetActiveHigh: 1
IsCombinational: 2
IsDatapathOnly: 0
HasWiredReturn: 1
HasMFsm: 0
HasVarLatency: 1
IsPipeline: 0
IsRtlPipelined: 0
IsInstanceOverlapped: 0
IsDontTouch: 0
HasImplIP: 0
IsGatedGlobalClock: 0


============================================================
+ Verbose Summary: Schedule
============================================================
* Number of FSM states : 4
* Pipeline : 0
* Dataflow Pipeline: 0

* FSM state transitions: 
1 --> 2 
2 --> 3 
3 --> 4 2 
4 --> 4 3 

* FSM state operations: 

State 1 <SV = 0> <Delay = 0.42>
ST_1 : Operation 5 [1/1] (0.00ns)   --->   "%nb = alloca i32 1"   --->   Operation 5 'alloca' 'nb' <Predicate = true> <Delay = 0.00>
ST_1 : Operation 6 [1/1] (0.00ns)   --->   "%specinterface_ln0 = specinterface void @_ssdm_op_SpecInterface, i224 %q0, void @empty_171, i32 0, i32 0, void @empty_154, i32 0, i32 0, void @empty_154, void @empty_154, void @empty_154, i32 0, i32 0, i32 0, i32 0, void @empty_154, void @empty_154, i32 4294967295, i32 0"   --->   Operation 6 'specinterface' 'specinterface_ln0' <Predicate = true> <Delay = 0.00>
ST_1 : Operation 7 [1/1] (0.42ns)   --->   "%store_ln30 = store i4 0, i4 %nb" [src/conv1.cpp:30]   --->   Operation 7 'store' 'store_ln30' <Predicate = true> <Delay = 0.42>
ST_1 : Operation 8 [1/1] (0.00ns)   --->   "%br_ln30 = br void %for.body" [src/conv1.cpp:30]   --->   Operation 8 'br' 'br_ln30' <Predicate = true> <Delay = 0.00>

State 2 <SV = 1> <Delay = 1.18>
ST_2 : Operation 9 [1/1] (0.00ns)   --->   "%nb_1 = load i4 %nb" [src/conv1.cpp:31]   --->   Operation 9 'load' 'nb_1' <Predicate = true> <Delay = 0.00>
ST_2 : Operation 10 [1/1] (0.79ns)   --->   "%icmp_ln30 = icmp_eq  i4 %nb_1, i4 8" [src/conv1.cpp:30]   --->   Operation 10 'icmp' 'icmp_ln30' <Predicate = true> <Delay = 0.79> <CoreInst = "Cmp">   --->   Core 9 'Cmp' <Latency = 0> <II = 1> <Delay = 0.79> <FuncUnit> <Opcode : 'icmp'> <InPorts = 2> <OutPorts = 1>
ST_2 : Operation 11 [1/1] (0.79ns)   --->   "%nb_2 = add i4 %nb_1, i4 1" [src/conv1.cpp:30]   --->   Operation 11 'add' 'nb_2' <Predicate = true> <Delay = 0.79> <CoreInst = "Adder">   --->   Core 1 'Adder' <Latency = 0> <II = 1> <Delay = 0.79> <FuncUnit> <Opcode : 'add' 'sub'> <InPorts = 2> <OutPorts = 1>
ST_2 : Operation 12 [1/1] (0.00ns)   --->   "%br_ln30 = br i1 %icmp_ln30, void %for.body.split, void %for.end34" [src/conv1.cpp:30]   --->   Operation 12 'br' 'br_ln30' <Predicate = true> <Delay = 0.00>
ST_2 : Operation 13 [1/1] (0.00ns)   --->   "%speclooptripcount_ln30 = speclooptripcount void @_ssdm_op_SpecLoopTripCount, i64 8, i64 8, i64 8" [src/conv1.cpp:30]   --->   Operation 13 'speclooptripcount' 'speclooptripcount_ln30' <Predicate = (!icmp_ln30)> <Delay = 0.00>
ST_2 : Operation 14 [1/1] (0.00ns)   --->   "%specloopname_ln30 = specloopname void @_ssdm_op_SpecLoopName, void @empty_162" [src/conv1.cpp:30]   --->   Operation 14 'specloopname' 'specloopname_ln30' <Predicate = (!icmp_ln30)> <Delay = 0.00>
ST_2 : Operation 15 [1/1] (0.00ns)   --->   "%trunc_ln31 = trunc i4 %nb_1" [src/conv1.cpp:31]   --->   Operation 15 'trunc' 'trunc_ln31' <Predicate = (!icmp_ln30)> <Delay = 0.00>
ST_2 : Operation 16 [1/1] (0.00ns)   --->   "%n = bitconcatenate i6 @_ssdm_op_BitConcatenate.i6.i3.i3, i3 %trunc_ln31, i3 0" [src/conv1.cpp:31]   --->   Operation 16 'bitconcatenate' 'n' <Predicate = (!icmp_ln30)> <Delay = 0.00>
ST_2 : Operation 17 [1/1] (0.00ns)   --->   "%zext_ln31 = zext i6 %n" [src/conv1.cpp:31]   --->   Operation 17 'zext' 'zext_ln31' <Predicate = (!icmp_ln30)> <Delay = 0.00>
ST_2 : Operation 18 [1/1] (0.00ns) (grouped into LUT with out node sub_ln32)   --->   "%shl_ln31 = shl i4 %nb_1, i4 3" [src/conv1.cpp:31]   --->   Operation 18 'shl' 'shl_ln31' <Predicate = (!icmp_ln30)> <Delay = 0.00>
ST_2 : Operation 19 [1/1] (0.79ns)   --->   "%icmp_ln32 = icmp_ult  i4 %nb_1, i4 7" [src/conv1.cpp:32]   --->   Operation 19 'icmp' 'icmp_ln32' <Predicate = (!icmp_ln30)> <Delay = 0.79> <CoreInst = "Cmp">   --->   Core 9 'Cmp' <Latency = 0> <II = 1> <Delay = 0.79> <FuncUnit> <Opcode : 'icmp'> <InPorts = 2> <OutPorts = 1>
ST_2 : Operation 20 [1/1] (0.79ns) (out node of the LUT)   --->   "%sub_ln32 = sub i4 0, i4 %shl_ln31" [src/conv1.cpp:32]   --->   Operation 20 'sub' 'sub_ln32' <Predicate = (!icmp_ln30)> <Delay = 0.79> <CoreInst = "Adder">   --->   Core 1 'Adder' <Latency = 0> <II = 1> <Delay = 0.79> <FuncUnit> <Opcode : 'add' 'sub'> <InPorts = 2> <OutPorts = 1>
ST_2 : Operation 21 [1/1] (0.39ns)   --->   "%tN = select i1 %icmp_ln32, i4 8, i4 %sub_ln32" [src/conv1.cpp:32]   --->   Operation 21 'select' 'tN' <Predicate = (!icmp_ln30)> <Delay = 0.39> <CoreInst = "Sel">   --->   Core 73 'Sel' <Latency = 0> <II = 1> <Delay = 0.39> <FuncUnit> <Opcode : 'select'> <InPorts = 3> <OutPorts = 1>
ST_2 : Operation 22 [1/1] (0.42ns)   --->   "%br_ln33 = br void %for.body5" [src/conv1.cpp:33]   --->   Operation 22 'br' 'br_ln33' <Predicate = (!icmp_ln30)> <Delay = 0.42>
ST_2 : Operation 23 [1/1] (0.00ns)   --->   "%ret_ln42 = ret" [src/conv1.cpp:42]   --->   Operation 23 'ret' 'ret_ln42' <Predicate = (icmp_ln30)> <Delay = 0.00>

State 3 <SV = 2> <Delay = 1.20>
ST_3 : Operation 24 [1/1] (0.00ns)   --->   "%h0_2 = phi i9 0, void %for.body.split, i9 %h0, void %for.inc30"   --->   Operation 24 'phi' 'h0_2' <Predicate = true> <Delay = 0.00>
ST_3 : Operation 25 [1/1] (0.77ns)   --->   "%icmp_ln33 = icmp_ult  i9 %h0_2, i9 255" [src/conv1.cpp:33]   --->   Operation 25 'icmp' 'icmp_ln33' <Predicate = true> <Delay = 0.77> <CoreInst = "Cmp">   --->   Core 9 'Cmp' <Latency = 0> <II = 1> <Delay = 0.77> <FuncUnit> <Opcode : 'icmp'> <InPorts = 2> <OutPorts = 1>
ST_3 : Operation 26 [1/1] (0.00ns)   --->   "%br_ln33 = br i1 %icmp_ln33, void %for.inc33, void %for.body5.split" [src/conv1.cpp:33]   --->   Operation 26 'br' 'br_ln33' <Predicate = true> <Delay = 0.00>
ST_3 : Operation 27 [1/1] (0.00ns)   --->   "%speclooptripcount_ln33 = speclooptripcount void @_ssdm_op_SpecLoopTripCount, i64 8, i64 8, i64 8" [src/conv1.cpp:33]   --->   Operation 27 'speclooptripcount' 'speclooptripcount_ln33' <Predicate = (icmp_ln33)> <Delay = 0.00>
ST_3 : Operation 28 [1/1] (0.00ns)   --->   "%specloopname_ln33 = specloopname void @_ssdm_op_SpecLoopName, void @empty_161" [src/conv1.cpp:33]   --->   Operation 28 'specloopname' 'specloopname_ln33' <Predicate = (icmp_ln33)> <Delay = 0.00>
ST_3 : Operation 29 [1/1] (0.77ns)   --->   "%h0 = add i9 %h0_2, i9 32" [src/conv1.cpp:34]   --->   Operation 29 'add' 'h0' <Predicate = (icmp_ln33)> <Delay = 0.77> <CoreInst = "Adder">   --->   Core 1 'Adder' <Latency = 0> <II = 1> <Delay = 0.77> <FuncUnit> <Opcode : 'add' 'sub'> <InPorts = 2> <OutPorts = 1>
ST_3 : Operation 30 [1/1] (0.00ns) (grouped into LUT with out node tH)   --->   "%tmp = bitselect i1 @_ssdm_op_BitSelect.i1.i9.i32, i9 %h0, i32 8" [src/conv1.cpp:34]   --->   Operation 30 'bitselect' 'tmp' <Predicate = (icmp_ln33)> <Delay = 0.00>
ST_3 : Operation 31 [1/1] (0.00ns) (grouped into LUT with out node tH)   --->   "%trunc_ln33 = trunc i9 %h0_2" [src/conv1.cpp:33]   --->   Operation 31 'trunc' 'trunc_ln33' <Predicate = (icmp_ln33)> <Delay = 0.00>
ST_3 : Operation 32 [1/1] (0.00ns) (grouped into LUT with out node tH)   --->   "%xor_ln34 = xor i8 %trunc_ln33, i8 255" [src/conv1.cpp:34]   --->   Operation 32 'xor' 'xor_ln34' <Predicate = (icmp_ln33)> <Delay = 0.00> <CoreInst = "LogicGate">   --->   Core 74 'LogicGate' <Latency = 0> <II = 1> <Delay = 0.33> <FuncUnit> <Opcode : 'and' 'or' 'xor'> <InPorts = 2> <OutPorts = 1>
ST_3 : Operation 33 [1/1] (0.39ns) (out node of the LUT)   --->   "%tH = select i1 %tmp, i8 %xor_ln34, i8 32" [src/conv1.cpp:34]   --->   Operation 33 'select' 'tH' <Predicate = (icmp_ln33)> <Delay = 0.39> <CoreInst = "Sel">   --->   Core 73 'Sel' <Latency = 0> <II = 1> <Delay = 0.39> <FuncUnit> <Opcode : 'select'> <InPorts = 3> <OutPorts = 1>
ST_3 : Operation 34 [1/1] (0.42ns)   --->   "%br_ln35 = br void %for.body15" [src/conv1.cpp:35]   --->   Operation 34 'br' 'br_ln35' <Predicate = (icmp_ln33)> <Delay = 0.42>
ST_3 : Operation 35 [1/1] (0.42ns)   --->   "%store_ln30 = store i4 %nb_2, i4 %nb" [src/conv1.cpp:30]   --->   Operation 35 'store' 'store_ln30' <Predicate = (!icmp_ln33)> <Delay = 0.42>
ST_3 : Operation 36 [1/1] (0.00ns)   --->   "%br_ln30 = br void %for.body" [src/conv1.cpp:30]   --->   Operation 36 'br' 'br_ln30' <Predicate = (!icmp_ln33)> <Delay = 0.00>

State 4 <SV = 3> <Delay = 3.00>
ST_4 : Operation 37 [1/1] (0.00ns)   --->   "%w0_2 = phi i9 0, void %for.body5.split, i9 %w0, void %for.body15.split"   --->   Operation 37 'phi' 'w0_2' <Predicate = true> <Delay = 0.00>
ST_4 : Operation 38 [1/1] (0.77ns)   --->   "%icmp_ln35 = icmp_ult  i9 %w0_2, i9 255" [src/conv1.cpp:35]   --->   Operation 38 'icmp' 'icmp_ln35' <Predicate = true> <Delay = 0.77> <CoreInst = "Cmp">   --->   Core 9 'Cmp' <Latency = 0> <II = 1> <Delay = 0.77> <FuncUnit> <Opcode : 'icmp'> <InPorts = 2> <OutPorts = 1>
ST_4 : Operation 39 [1/1] (0.00ns)   --->   "%br_ln35 = br i1 %icmp_ln35, void %for.inc30, void %for.body15.split" [src/conv1.cpp:35]   --->   Operation 39 'br' 'br_ln35' <Predicate = true> <Delay = 0.00>
ST_4 : Operation 40 [1/1] (0.00ns)   --->   "%speclooptripcount_ln35 = speclooptripcount void @_ssdm_op_SpecLoopTripCount, i64 8, i64 8, i64 8" [src/conv1.cpp:35]   --->   Operation 40 'speclooptripcount' 'speclooptripcount_ln35' <Predicate = (icmp_ln35)> <Delay = 0.00>
ST_4 : Operation 41 [1/1] (0.00ns)   --->   "%specloopname_ln35 = specloopname void @_ssdm_op_SpecLoopName, void @empty_149" [src/conv1.cpp:35]   --->   Operation 41 'specloopname' 'specloopname_ln35' <Predicate = (icmp_ln35)> <Delay = 0.00>
ST_4 : Operation 42 [1/1] (0.77ns)   --->   "%w0 = add i9 %w0_2, i9 32" [src/conv1.cpp:36]   --->   Operation 42 'add' 'w0' <Predicate = (icmp_ln35)> <Delay = 0.77> <CoreInst = "Adder">   --->   Core 1 'Adder' <Latency = 0> <II = 1> <Delay = 0.77> <FuncUnit> <Opcode : 'add' 'sub'> <InPorts = 2> <OutPorts = 1>
ST_4 : Operation 43 [1/1] (0.00ns) (grouped into LUT with out node tW)   --->   "%tmp_4 = bitselect i1 @_ssdm_op_BitSelect.i1.i9.i32, i9 %w0, i32 8" [src/conv1.cpp:36]   --->   Operation 43 'bitselect' 'tmp_4' <Predicate = (icmp_ln35)> <Delay = 0.00>
ST_4 : Operation 44 [1/1] (0.00ns)   --->   "%trunc_ln35 = trunc i9 %w0_2" [src/conv1.cpp:35]   --->   Operation 44 'trunc' 'trunc_ln35' <Predicate = (icmp_ln35)> <Delay = 0.00>
ST_4 : Operation 45 [1/1] (0.00ns) (grouped into LUT with out node tW)   --->   "%xor_ln36 = xor i8 %trunc_ln35, i8 255" [src/conv1.cpp:36]   --->   Operation 45 'xor' 'xor_ln36' <Predicate = (icmp_ln35)> <Delay = 0.00> <CoreInst = "LogicGate">   --->   Core 74 'LogicGate' <Latency = 0> <II = 1> <Delay = 0.33> <FuncUnit> <Opcode : 'and' 'or' 'xor'> <InPorts = 2> <OutPorts = 1>
ST_4 : Operation 46 [1/1] (0.39ns) (out node of the LUT)   --->   "%tW = select i1 %tmp_4, i8 %xor_ln36, i8 32" [src/conv1.cpp:36]   --->   Operation 46 'select' 'tW' <Predicate = (icmp_ln35)> <Delay = 0.39> <CoreInst = "Sel">   --->   Core 73 'Sel' <Latency = 0> <II = 1> <Delay = 0.39> <FuncUnit> <Opcode : 'select'> <InPorts = 3> <OutPorts = 1>
ST_4 : Operation 47 [1/1] (0.00ns)   --->   "%tmp_s = partselect i7 @_ssdm_op_PartSelect.i7.i9.i32.i32, i9 %h0_2, i32 1, i32 7" [src/conv1.cpp:38]   --->   Operation 47 'partselect' 'tmp_s' <Predicate = (icmp_ln35)> <Delay = 0.00>
ST_4 : Operation 48 [1/1] (0.00ns)   --->   "%tmp_5 = bitconcatenate i28 @_ssdm_op_BitConcatenate.i28.i4.i24, i4 %tN, i24 0" [src/conv1.cpp:38]   --->   Operation 48 'bitconcatenate' 'tmp_5' <Predicate = (icmp_ln35)> <Delay = 0.00>
ST_4 : Operation 49 [1/1] (0.00ns)   --->   "%zext_ln38 = zext i28 %tmp_5" [src/conv1.cpp:38]   --->   Operation 49 'zext' 'zext_ln38' <Predicate = (icmp_ln35)> <Delay = 0.00>
ST_4 : Operation 50 [1/1] (0.00ns)   --->   "%zext_ln38_1_cast = bitconcatenate i193 @_ssdm_op_BitConcatenate.i193.i25.i8.i24.i8.i56.i8.i24.i7.i1.i32, i25 16777216, i8 %tW, i24 0, i8 %tH, i56 %zext_ln38, i8 %trunc_ln35, i24 0, i7 %tmp_s, i1 0, i32 %zext_ln31" [src/conv1.cpp:38]   --->   Operation 50 'bitconcatenate' 'zext_ln38_1_cast' <Predicate = (icmp_ln35)> <Delay = 0.00>
ST_4 : Operation 51 [1/1] (0.00ns)   --->   "%zext_ln38_1 = zext i193 %zext_ln38_1_cast" [src/conv1.cpp:38]   --->   Operation 51 'zext' 'zext_ln38_1' <Predicate = (icmp_ln35)> <Delay = 0.00>
ST_4 : Operation 52 [1/1] (1.83ns)   --->   "%write_ln38 = write void @_ssdm_op_Write.ap_fifo.volatile.i224P0A, i224 %q0, i224 %zext_ln38_1" [src/conv1.cpp:38]   --->   Operation 52 'write' 'write_ln38' <Predicate = (icmp_ln35)> <Delay = 1.83> <CoreInst = "FIFO_SRL">   --->   Core 81 'FIFO_SRL' <Latency = 0> <II = 1> <Delay = 1.83> <Storage> <Opcode : 'read' 'write' 'nbread' 'nbwrite'> <Ports = 0> <Width = 224> <Depth = 2> <FIFO>
ST_4 : Operation 53 [1/1] (0.00ns)   --->   "%br_ln35 = br void %for.body15" [src/conv1.cpp:35]   --->   Operation 53 'br' 'br_ln35' <Predicate = (icmp_ln35)> <Delay = 0.00>
ST_4 : Operation 54 [1/1] (0.00ns)   --->   "%br_ln33 = br void %for.body5" [src/conv1.cpp:33]   --->   Operation 54 'br' 'br_ln33' <Predicate = (!icmp_ln35)> <Delay = 0.00>


============================================================
+ Verbose Summary: Timing violations
============================================================
Target clock period: 10.000ns, clock uncertainty: 2.700ns.

 <State 1>: 0.427ns
The critical path consists of the following:
	'alloca' operation ('nb') [2]  (0.000 ns)
	'store' operation ('store_ln30', src/conv1.cpp:30) of constant 0 on local variable 'nb' [4]  (0.427 ns)

 <State 2>: 1.188ns
The critical path consists of the following:
	'load' operation ('nb', src/conv1.cpp:31) on local variable 'nb' [7]  (0.000 ns)
	'icmp' operation ('icmp_ln32', src/conv1.cpp:32) [18]  (0.797 ns)
	'select' operation ('tN', src/conv1.cpp:32) [20]  (0.391 ns)

 <State 3>: 1.203ns
The critical path consists of the following:
	'phi' operation ('h0') with incoming values : ('h0', src/conv1.cpp:34) [23]  (0.000 ns)
	'add' operation ('h0', src/conv1.cpp:34) [29]  (0.776 ns)
	'select' operation ('tH', src/conv1.cpp:34) [33]  (0.393 ns)
	blocking operation 0.034 ns on control path)

 <State 4>: 3.007ns
The critical path consists of the following:
	'phi' operation ('w0') with incoming values : ('w0', src/conv1.cpp:36) [36]  (0.000 ns)
	'add' operation ('w0', src/conv1.cpp:36) [42]  (0.776 ns)
	'select' operation ('tW', src/conv1.cpp:36) [46]  (0.393 ns)
	fifo write operation ('write_ln38', src/conv1.cpp:38) on port 'q0' (src/conv1.cpp:38) [52]  (1.838 ns)


============================================================
+ Verbose Summary: Binding
============================================================
N/A
* FSMD analyzer results:
  - Output states:
 - Input state : 
  - Chain level:
	State 1
	State 2
	State 3
	State 4


============================================================
+ Verbose Summary: Datapath Resource usage 
============================================================
N/A
