

================================================================
== Vitis HLS Report for 'srcnn_Pipeline_VITIS_LOOP_18_1_VITIS_LOOP_19_2_VITIS_LOOP_20_3'
================================================================
* Date:           Thu Oct 30 21:22:44 2025

* Version:        2023.1 (Build 3854077 on May  4 2023)
* Project:        srcnn_hls
* Solution:       solution1 (Vivado IP Flow Target)
* Product family: zynquplus
* Target device:  xck26-sfvc784-2LV-c


================================================================
== Performance Estimates
================================================================
+ Timing: 
    * Summary: 
    +--------+----------+----------+------------+
    |  Clock |  Target  | Estimated| Uncertainty|
    +--------+----------+----------+------------+
    |ap_clk  |  10.00 ns|  5.197 ns|     2.70 ns|
    +--------+----------+----------+------------+

+ Latency: 
    * Summary: 
    +---------+---------+-----------+-----------+---------+---------+---------+
    |  Latency (cycles) |   Latency (absolute)  |      Interval     | Pipeline|
    |   min   |   max   |    min    |    max    |   min   |   max   |   Type  |
    +---------+---------+-----------+-----------+---------+---------+---------+
    |  4161603|  4161603|  41.616 ms|  41.616 ms|  4161603|  4161603|       no|
    +---------+---------+-----------+-----------+---------+---------+---------+

    + Detail: 
        * Instance: 
        N/A

        * Loop: 
        +---------------------------------------------------+---------+---------+----------+-----------+-----------+---------+----------+
        |                                                   |  Latency (cycles) | Iteration|  Initiation Interval  |   Trip  |          |
        |                     Loop Name                     |   min   |   max   |  Latency |  achieved |   target  |  Count  | Pipelined|
        +---------------------------------------------------+---------+---------+----------+-----------+-----------+---------+----------+
        |- VITIS_LOOP_18_1_VITIS_LOOP_19_2_VITIS_LOOP_20_3  |  4161601|  4161601|         3|          1|          1|  4161600|       yes|
        +---------------------------------------------------+---------+---------+----------+-----------+-----------+---------+----------+



================================================================
== Utilization Estimates
================================================================
* Summary: 
+-----------------+---------+------+--------+--------+-----+
|       Name      | BRAM_18K|  DSP |   FF   |   LUT  | URAM|
+-----------------+---------+------+--------+--------+-----+
|DSP              |        -|     -|       -|       -|    -|
|Expression       |        -|     -|       0|     358|    -|
|FIFO             |        -|     -|       -|       -|    -|
|Instance         |        -|     -|       -|       -|    -|
|Memory           |        -|     -|       -|       -|    -|
|Multiplexer      |        -|     -|       -|      72|    -|
|Register         |        -|     -|     113|       -|    -|
+-----------------+---------+------+--------+--------+-----+
|Total            |        0|     0|     113|     430|    0|
+-----------------+---------+------+--------+--------+-----+
|Available        |      288|  1248|  234240|  117120|   64|
+-----------------+---------+------+--------+--------+-----+
|Utilization (%)  |        0|     0|      ~0|      ~0|    0|
+-----------------+---------+------+--------+--------+-----+

+ Detail: 
    * Instance: 
    N/A

    * DSP: 
    N/A

    * Memory: 
    N/A

    * FIFO: 
    N/A

    * Expression: 
    +-------------------------+----------+----+---+----+------------+------------+
    |      Variable Name      | Operation| DSP| FF| LUT| Bitwidth P0| Bitwidth P1|
    +-------------------------+----------+----+---+----+------------+------------+
    |add_ln18_1_fu_143_p2     |         +|   0|  0|  29|          22|           1|
    |add_ln18_fu_158_p2       |         +|   0|  0|  14|           7|           1|
    |add_ln19_1_fu_311_p2     |         +|   0|  0|  23|          16|           1|
    |add_ln19_fu_230_p2       |         +|   0|  0|  15|           8|           1|
    |add_ln20_fu_305_p2       |         +|   0|  0|  15|           8|           1|
    |add_ln22_1_fu_294_p2     |         +|   0|  0|  22|          22|          22|
    |add_ln22_fu_262_p2       |         +|   0|  0|  24|          17|          17|
    |sub_ln22_1_fu_284_p2     |         -|   0|  0|  22|          22|          22|
    |sub_ln22_fu_202_p2       |         -|   0|  0|  23|          16|          16|
    |and_ln18_fu_224_p2       |       and|   0|  0|   2|           1|           1|
    |and_ln22_fu_384_p2       |       and|   0|  0|   2|           1|           1|
    |icmp_ln18_fu_137_p2      |      icmp|   0|  0|  29|          22|          16|
    |icmp_ln19_fu_164_p2      |      icmp|   0|  0|  23|          16|          10|
    |icmp_ln20_fu_218_p2      |      icmp|   0|  0|  15|           8|           2|
    |icmp_ln22_1_fu_374_p2    |      icmp|   0|  0|  30|          23|           1|
    |icmp_ln22_fu_368_p2      |      icmp|   0|  0|  15|           8|           2|
    |or_ln19_fu_236_p2        |        or|   0|  0|   2|           1|           1|
    |or_ln22_fu_380_p2        |        or|   0|  0|   2|           1|           1|
    |select_ln18_1_fu_178_p3  |    select|   0|  0|   7|           1|           7|
    |select_ln18_fu_170_p3    |    select|   0|  0|   8|           1|           1|
    |select_ln19_1_fu_250_p3  |    select|   0|  0|   8|           1|           8|
    |select_ln19_2_fu_317_p3  |    select|   0|  0|  16|           1|           1|
    |select_ln19_fu_242_p3    |    select|   0|  0|   8|           1|           1|
    |ap_enable_pp0            |       xor|   0|  0|   2|           1|           2|
    |xor_ln18_fu_212_p2       |       xor|   0|  0|   2|           1|           2|
    +-------------------------+----------+----+---+----+------------+------------+
    |Total                    |          |   0|  0| 358|         226|         139|
    +-------------------------+----------+----+---+----+------------+------------+

    * Multiplexer: 
    +-------------------------+----+-----------+-----+-----------+
    |           Name          | LUT| Input Size| Bits| Total Bits|
    +-------------------------+----+-----------+-----+-----------+
    |ap_done_int              |   9|          2|    1|          2|
    |ap_enable_reg_pp0_iter1  |   9|          2|    1|          2|
    |ap_enable_reg_pp0_iter2  |   9|          2|    1|          2|
    |c_fu_74                  |   9|          2|    7|         14|
    |indvar_flatten12_fu_78   |   9|          2|   22|         44|
    |indvar_flatten_fu_70     |   9|          2|   16|         32|
    |x_fu_62                  |   9|          2|    8|         16|
    |y_fu_66                  |   9|          2|    8|         16|
    +-------------------------+----+-----------+-----+-----------+
    |Total                    |  72|         16|   64|        128|
    +-------------------------+----+-----------+-----+-----------+

    * Register: 
    +----------------------------------+----+----+-----+-----------+
    |               Name               | FF | LUT| Bits| Const Bits|
    +----------------------------------+----+----+-----+-----------+
    |ap_CS_fsm                         |   1|   0|    1|          0|
    |ap_done_reg                       |   1|   0|    1|          0|
    |ap_enable_reg_pp0_iter1           |   1|   0|    1|          0|
    |ap_enable_reg_pp0_iter2           |   1|   0|    1|          0|
    |ap_enable_reg_pp0_iter3           |   1|   0|    1|          0|
    |ap_loop_exit_ready_pp0_iter2_reg  |   1|   0|    1|          0|
    |c_fu_74                           |   7|   0|    7|          0|
    |feat1_addr_reg_429                |  22|   0|   22|          0|
    |feat1_addr_reg_429_pp0_iter2_reg  |  22|   0|   22|          0|
    |icmp_ln22_1_reg_445               |   1|   0|    1|          0|
    |icmp_ln22_reg_440                 |   1|   0|    1|          0|
    |indvar_flatten12_fu_78            |  22|   0|   22|          0|
    |indvar_flatten_fu_70              |  16|   0|   16|          0|
    |x_fu_62                           |   8|   0|    8|          0|
    |y_fu_66                           |   8|   0|    8|          0|
    +----------------------------------+----+----+-----+-----------+
    |Total                             | 113|   0|  113|          0|
    +----------------------------------+----+----+-----+-----------+



================================================================
== Interface
================================================================
* Summary: 
+---------------------+-----+-----+------------+----------------------------------------------------------------+--------------+
|      RTL Ports      | Dir | Bits|  Protocol  |                          Source Object                         |    C Type    |
+---------------------+-----+-----+------------+----------------------------------------------------------------+--------------+
|ap_clk               |   in|    1|  ap_ctrl_hs|  srcnn_Pipeline_VITIS_LOOP_18_1_VITIS_LOOP_19_2_VITIS_LOOP_20_3|  return value|
|ap_rst               |   in|    1|  ap_ctrl_hs|  srcnn_Pipeline_VITIS_LOOP_18_1_VITIS_LOOP_19_2_VITIS_LOOP_20_3|  return value|
|ap_start             |   in|    1|  ap_ctrl_hs|  srcnn_Pipeline_VITIS_LOOP_18_1_VITIS_LOOP_19_2_VITIS_LOOP_20_3|  return value|
|ap_done              |  out|    1|  ap_ctrl_hs|  srcnn_Pipeline_VITIS_LOOP_18_1_VITIS_LOOP_19_2_VITIS_LOOP_20_3|  return value|
|ap_idle              |  out|    1|  ap_ctrl_hs|  srcnn_Pipeline_VITIS_LOOP_18_1_VITIS_LOOP_19_2_VITIS_LOOP_20_3|  return value|
|ap_ready             |  out|    1|  ap_ctrl_hs|  srcnn_Pipeline_VITIS_LOOP_18_1_VITIS_LOOP_19_2_VITIS_LOOP_20_3|  return value|
|grp_fu_857_p_din0    |  out|   32|  ap_ctrl_hs|  srcnn_Pipeline_VITIS_LOOP_18_1_VITIS_LOOP_19_2_VITIS_LOOP_20_3|  return value|
|grp_fu_857_p_din1    |  out|   32|  ap_ctrl_hs|  srcnn_Pipeline_VITIS_LOOP_18_1_VITIS_LOOP_19_2_VITIS_LOOP_20_3|  return value|
|grp_fu_857_p_opcode  |  out|    5|  ap_ctrl_hs|  srcnn_Pipeline_VITIS_LOOP_18_1_VITIS_LOOP_19_2_VITIS_LOOP_20_3|  return value|
|grp_fu_857_p_dout0   |   in|    1|  ap_ctrl_hs|  srcnn_Pipeline_VITIS_LOOP_18_1_VITIS_LOOP_19_2_VITIS_LOOP_20_3|  return value|
|grp_fu_857_p_ce      |  out|    1|  ap_ctrl_hs|  srcnn_Pipeline_VITIS_LOOP_18_1_VITIS_LOOP_19_2_VITIS_LOOP_20_3|  return value|
|feat1_address0       |  out|   22|   ap_memory|                                                           feat1|         array|
|feat1_ce0            |  out|    1|   ap_memory|                                                           feat1|         array|
|feat1_we0            |  out|    1|   ap_memory|                                                           feat1|         array|
|feat1_d0             |  out|   32|   ap_memory|                                                           feat1|         array|
|feat1_address1       |  out|   22|   ap_memory|                                                           feat1|         array|
|feat1_ce1            |  out|    1|   ap_memory|                                                           feat1|         array|
|feat1_q1             |   in|   32|   ap_memory|                                                           feat1|         array|
+---------------------+-----+-----+------------+----------------------------------------------------------------+--------------+

============================================================
+ Verbose Summary: Synthesis Manager
============================================================
InlineROM: 1
ExposeGlobal: 0
============================================================
+ Verbose Summary: CDFG Model
============================================================
IsTopModel: 0
ResetActiveHigh: 1
IsCombinational: 2
IsDatapathOnly: 2
HasWiredReturn: 1
HasMFsm: 2
HasVarLatency: 1
IsPipeline: 0
IsRtlPipelined: 0
IsInstanceOverlapped: 0
IsDontTouch: 0
HasImplIP: 0
IsGatedGlobalClock: 0

+ Individual pipeline summary: 
  * Pipeline-0: initiation interval (II) = 1, depth = 4


============================================================
+ Verbose Summary: Schedule
============================================================
* Number of FSM states : 4
* Pipeline : 1
  Pipeline-0 : II = 1, D = 4, States = { 1 2 3 4 }
* Dataflow Pipeline: 0

* FSM state transitions: 
1 --> 2 
2 --> 3 
3 --> 4 
4 --> 

* FSM state operations: 

State 1 <SV = 0> <Delay = 0.42>
ST_1 : Operation 6 [1/1] (0.00ns)   --->   "%x = alloca i32 1"   --->   Operation 6 'alloca' 'x' <Predicate = true> <Delay = 0.00>
ST_1 : Operation 7 [1/1] (0.00ns)   --->   "%y = alloca i32 1"   --->   Operation 7 'alloca' 'y' <Predicate = true> <Delay = 0.00>
ST_1 : Operation 8 [1/1] (0.00ns)   --->   "%indvar_flatten = alloca i32 1"   --->   Operation 8 'alloca' 'indvar_flatten' <Predicate = true> <Delay = 0.00>
ST_1 : Operation 9 [1/1] (0.00ns)   --->   "%c = alloca i32 1"   --->   Operation 9 'alloca' 'c' <Predicate = true> <Delay = 0.00>
ST_1 : Operation 10 [1/1] (0.00ns)   --->   "%indvar_flatten12 = alloca i32 1"   --->   Operation 10 'alloca' 'indvar_flatten12' <Predicate = true> <Delay = 0.00>
ST_1 : Operation 11 [1/1] (0.42ns)   --->   "%store_ln0 = store i22 0, i22 %indvar_flatten12"   --->   Operation 11 'store' 'store_ln0' <Predicate = true> <Delay = 0.42>
ST_1 : Operation 12 [1/1] (0.42ns)   --->   "%store_ln0 = store i7 0, i7 %c"   --->   Operation 12 'store' 'store_ln0' <Predicate = true> <Delay = 0.42>
ST_1 : Operation 13 [1/1] (0.42ns)   --->   "%store_ln0 = store i16 0, i16 %indvar_flatten"   --->   Operation 13 'store' 'store_ln0' <Predicate = true> <Delay = 0.42>
ST_1 : Operation 14 [1/1] (0.42ns)   --->   "%store_ln0 = store i8 0, i8 %y"   --->   Operation 14 'store' 'store_ln0' <Predicate = true> <Delay = 0.42>
ST_1 : Operation 15 [1/1] (0.42ns)   --->   "%store_ln0 = store i8 0, i8 %x"   --->   Operation 15 'store' 'store_ln0' <Predicate = true> <Delay = 0.42>
ST_1 : Operation 16 [1/1] (0.00ns)   --->   "%br_ln0 = br void %for.body8"   --->   Operation 16 'br' 'br_ln0' <Predicate = true> <Delay = 0.00>

State 2 <SV = 1> <Delay = 5.19>
ST_2 : Operation 17 [1/1] (0.00ns)   --->   "%indvar_flatten_load = load i16 %indvar_flatten" [src/srcnn.cpp:19]   --->   Operation 17 'load' 'indvar_flatten_load' <Predicate = true> <Delay = 0.00>
ST_2 : Operation 18 [1/1] (0.00ns)   --->   "%indvar_flatten12_load = load i22 %indvar_flatten12" [src/srcnn.cpp:18]   --->   Operation 18 'load' 'indvar_flatten12_load' <Predicate = true> <Delay = 0.00>
ST_2 : Operation 19 [1/1] (0.91ns)   --->   "%icmp_ln18 = icmp_eq  i22 %indvar_flatten12_load, i22 4161600" [src/srcnn.cpp:18]   --->   Operation 19 'icmp' 'icmp_ln18' <Predicate = true> <Delay = 0.91> <CoreInst = "Cmp">   --->   Core 9 'Cmp' <Latency = 0> <II = 1> <Delay = 0.91> <FuncUnit> <Opcode : 'icmp'> <InPorts = 2> <OutPorts = 1>
ST_2 : Operation 20 [1/1] (0.91ns)   --->   "%add_ln18_1 = add i22 %indvar_flatten12_load, i22 1" [src/srcnn.cpp:18]   --->   Operation 20 'add' 'add_ln18_1' <Predicate = true> <Delay = 0.91> <CoreInst = "Adder">   --->   Core 1 'Adder' <Latency = 0> <II = 1> <Delay = 0.91> <FuncUnit> <Opcode : 'add' 'sub'> <InPorts = 2> <OutPorts = 1>
ST_2 : Operation 21 [1/1] (0.00ns)   --->   "%br_ln18 = br i1 %icmp_ln18, void %for.inc23, void %for.end25.exitStub" [src/srcnn.cpp:18]   --->   Operation 21 'br' 'br_ln18' <Predicate = true> <Delay = 0.00>
ST_2 : Operation 22 [1/1] (0.00ns)   --->   "%x_load = load i8 %x" [src/srcnn.cpp:20]   --->   Operation 22 'load' 'x_load' <Predicate = (!icmp_ln18)> <Delay = 0.00>
ST_2 : Operation 23 [1/1] (0.00ns)   --->   "%y_load = load i8 %y" [src/srcnn.cpp:18]   --->   Operation 23 'load' 'y_load' <Predicate = (!icmp_ln18)> <Delay = 0.00>
ST_2 : Operation 24 [1/1] (0.00ns)   --->   "%c_load = load i7 %c" [src/srcnn.cpp:18]   --->   Operation 24 'load' 'c_load' <Predicate = (!icmp_ln18)> <Delay = 0.00>
ST_2 : Operation 25 [1/1] (0.77ns)   --->   "%add_ln18 = add i7 %c_load, i7 1" [src/srcnn.cpp:18]   --->   Operation 25 'add' 'add_ln18' <Predicate = (!icmp_ln18)> <Delay = 0.77> <CoreInst = "Adder">   --->   Core 1 'Adder' <Latency = 0> <II = 1> <Delay = 0.77> <FuncUnit> <Opcode : 'add' 'sub'> <InPorts = 2> <OutPorts = 1>
ST_2 : Operation 26 [1/1] (0.85ns)   --->   "%icmp_ln19 = icmp_eq  i16 %indvar_flatten_load, i16 65025" [src/srcnn.cpp:19]   --->   Operation 26 'icmp' 'icmp_ln19' <Predicate = (!icmp_ln18)> <Delay = 0.85> <CoreInst = "Cmp">   --->   Core 9 'Cmp' <Latency = 0> <II = 1> <Delay = 0.85> <FuncUnit> <Opcode : 'icmp'> <InPorts = 2> <OutPorts = 1>
ST_2 : Operation 27 [1/1] (0.39ns)   --->   "%select_ln18 = select i1 %icmp_ln19, i8 0, i8 %y_load" [src/srcnn.cpp:18]   --->   Operation 27 'select' 'select_ln18' <Predicate = (!icmp_ln18)> <Delay = 0.39> <CoreInst = "Sel">   --->   Core 73 'Sel' <Latency = 0> <II = 1> <Delay = 0.39> <FuncUnit> <Opcode : 'select'> <InPorts = 3> <OutPorts = 1>
ST_2 : Operation 28 [1/1] (0.36ns)   --->   "%select_ln18_1 = select i1 %icmp_ln19, i7 %add_ln18, i7 %c_load" [src/srcnn.cpp:18]   --->   Operation 28 'select' 'select_ln18_1' <Predicate = (!icmp_ln18)> <Delay = 0.36> <CoreInst = "Sel">   --->   Core 73 'Sel' <Latency = 0> <II = 1> <Delay = 0.36> <FuncUnit> <Opcode : 'select'> <InPorts = 3> <OutPorts = 1>
ST_2 : Operation 29 [1/1] (0.00ns)   --->   "%zext_ln22 = zext i7 %select_ln18_1" [src/srcnn.cpp:22]   --->   Operation 29 'zext' 'zext_ln22' <Predicate = (!icmp_ln18)> <Delay = 0.00>
ST_2 : Operation 30 [1/1] (0.00ns)   --->   "%tmp_4 = bitconcatenate i15 @_ssdm_op_BitConcatenate.i15.i7.i8, i7 %select_ln18_1, i8 0" [src/srcnn.cpp:22]   --->   Operation 30 'bitconcatenate' 'tmp_4' <Predicate = (!icmp_ln18)> <Delay = 0.00>
ST_2 : Operation 31 [1/1] (0.00ns)   --->   "%zext_ln22_1 = zext i15 %tmp_4" [src/srcnn.cpp:22]   --->   Operation 31 'zext' 'zext_ln22_1' <Predicate = (!icmp_ln18)> <Delay = 0.00>
ST_2 : Operation 32 [1/1] (0.84ns)   --->   "%sub_ln22 = sub i16 %zext_ln22_1, i16 %zext_ln22" [src/srcnn.cpp:22]   --->   Operation 32 'sub' 'sub_ln22' <Predicate = (!icmp_ln18)> <Delay = 0.84> <CoreInst = "Adder">   --->   Core 1 'Adder' <Latency = 0> <II = 1> <Delay = 0.85> <FuncUnit> <Opcode : 'add' 'sub'> <InPorts = 2> <OutPorts = 1>
ST_2 : Operation 33 [1/1] (0.00ns)   --->   "%sext_ln19 = sext i16 %sub_ln22" [src/srcnn.cpp:19]   --->   Operation 33 'sext' 'sext_ln19' <Predicate = (!icmp_ln18)> <Delay = 0.00>
ST_2 : Operation 34 [1/1] (0.00ns) (grouped into LUT with out node and_ln18)   --->   "%xor_ln18 = xor i1 %icmp_ln19, i1 1" [src/srcnn.cpp:18]   --->   Operation 34 'xor' 'xor_ln18' <Predicate = (!icmp_ln18)> <Delay = 0.00> <CoreInst = "LogicGate">   --->   Core 74 'LogicGate' <Latency = 0> <II = 1> <Delay = 0.28> <FuncUnit> <Opcode : 'and' 'or' 'xor'> <InPorts = 2> <OutPorts = 1>
ST_2 : Operation 35 [1/1] (0.76ns)   --->   "%icmp_ln20 = icmp_eq  i8 %x_load, i8 255" [src/srcnn.cpp:20]   --->   Operation 35 'icmp' 'icmp_ln20' <Predicate = (!icmp_ln18)> <Delay = 0.76> <CoreInst = "Cmp">   --->   Core 9 'Cmp' <Latency = 0> <II = 1> <Delay = 0.76> <FuncUnit> <Opcode : 'icmp'> <InPorts = 2> <OutPorts = 1>
ST_2 : Operation 36 [1/1] (0.28ns) (out node of the LUT)   --->   "%and_ln18 = and i1 %icmp_ln20, i1 %xor_ln18" [src/srcnn.cpp:18]   --->   Operation 36 'and' 'and_ln18' <Predicate = (!icmp_ln18)> <Delay = 0.28> <CoreInst = "LogicGate">   --->   Core 74 'LogicGate' <Latency = 0> <II = 1> <Delay = 0.28> <FuncUnit> <Opcode : 'and' 'or' 'xor'> <InPorts = 2> <OutPorts = 1>
ST_2 : Operation 37 [1/1] (0.76ns)   --->   "%add_ln19 = add i8 %select_ln18, i8 1" [src/srcnn.cpp:19]   --->   Operation 37 'add' 'add_ln19' <Predicate = (!icmp_ln18)> <Delay = 0.76> <CoreInst = "Adder">   --->   Core 1 'Adder' <Latency = 0> <II = 1> <Delay = 0.76> <FuncUnit> <Opcode : 'add' 'sub'> <InPorts = 2> <OutPorts = 1>
ST_2 : Operation 38 [1/1] (0.00ns) (grouped into LUT with out node select_ln19)   --->   "%or_ln19 = or i1 %and_ln18, i1 %icmp_ln19" [src/srcnn.cpp:19]   --->   Operation 38 'or' 'or_ln19' <Predicate = (!icmp_ln18)> <Delay = 0.00> <CoreInst = "LogicGate">   --->   Core 74 'LogicGate' <Latency = 0> <II = 1> <Delay = 0.28> <FuncUnit> <Opcode : 'and' 'or' 'xor'> <InPorts = 2> <OutPorts = 1>
ST_2 : Operation 39 [1/1] (0.39ns) (out node of the LUT)   --->   "%select_ln19 = select i1 %or_ln19, i8 0, i8 %x_load" [src/srcnn.cpp:19]   --->   Operation 39 'select' 'select_ln19' <Predicate = (!icmp_ln18)> <Delay = 0.39> <CoreInst = "Sel">   --->   Core 73 'Sel' <Latency = 0> <II = 1> <Delay = 0.39> <FuncUnit> <Opcode : 'select'> <InPorts = 3> <OutPorts = 1>
ST_2 : Operation 40 [1/1] (0.39ns)   --->   "%select_ln19_1 = select i1 %and_ln18, i8 %add_ln19, i8 %select_ln18" [src/srcnn.cpp:19]   --->   Operation 40 'select' 'select_ln19_1' <Predicate = (!icmp_ln18)> <Delay = 0.39> <CoreInst = "Sel">   --->   Core 73 'Sel' <Latency = 0> <II = 1> <Delay = 0.39> <FuncUnit> <Opcode : 'select'> <InPorts = 3> <OutPorts = 1>
ST_2 : Operation 41 [1/1] (0.00ns)   --->   "%zext_ln22_2 = zext i8 %select_ln19_1" [src/srcnn.cpp:22]   --->   Operation 41 'zext' 'zext_ln22_2' <Predicate = (!icmp_ln18)> <Delay = 0.00>
ST_2 : Operation 42 [1/1] (0.85ns)   --->   "%add_ln22 = add i17 %sext_ln19, i17 %zext_ln22_2" [src/srcnn.cpp:22]   --->   Operation 42 'add' 'add_ln22' <Predicate = (!icmp_ln18)> <Delay = 0.85> <CoreInst = "Adder">   --->   Core 1 'Adder' <Latency = 0> <II = 1> <Delay = 0.86> <FuncUnit> <Opcode : 'add' 'sub'> <InPorts = 2> <OutPorts = 1>
ST_2 : Operation 43 [1/1] (0.00ns)   --->   "%sext_ln22 = sext i17 %add_ln22" [src/srcnn.cpp:22]   --->   Operation 43 'sext' 'sext_ln22' <Predicate = (!icmp_ln18)> <Delay = 0.00>
ST_2 : Operation 44 [1/1] (0.00ns)   --->   "%trunc_ln22 = trunc i17 %add_ln22" [src/srcnn.cpp:22]   --->   Operation 44 'trunc' 'trunc_ln22' <Predicate = (!icmp_ln18)> <Delay = 0.00>
ST_2 : Operation 45 [1/1] (0.00ns)   --->   "%p_shl = bitconcatenate i22 @_ssdm_op_BitConcatenate.i22.i14.i8, i14 %trunc_ln22, i8 0" [src/srcnn.cpp:22]   --->   Operation 45 'bitconcatenate' 'p_shl' <Predicate = (!icmp_ln18)> <Delay = 0.00>
ST_2 : Operation 46 [1/1] (0.00ns) (grouped into TernaryAdder)   --->   "%sub_ln22_1 = sub i22 %p_shl, i22 %sext_ln22" [src/srcnn.cpp:22]   --->   Operation 46 'sub' 'sub_ln22_1' <Predicate = (!icmp_ln18)> <Delay = 0.00> <CoreInst = "TAddSub">   --->   Core 10 'TAddSub' <Latency = 0> <II = 1> <Delay = 0.35> <IPBlock> <Opcode : '<invalid operator> ' 'add' 'sub'> <InPorts = 3> <OutPorts = 1> <Sync> <CReg>
ST_2 : Operation 47 [1/1] (0.00ns)   --->   "%zext_ln22_3 = zext i8 %select_ln19" [src/srcnn.cpp:22]   --->   Operation 47 'zext' 'zext_ln22_3' <Predicate = (!icmp_ln18)> <Delay = 0.00>
ST_2 : Operation 48 [1/1] (0.70ns) (root node of TernaryAdder)   --->   "%add_ln22_1 = add i22 %sub_ln22_1, i22 %zext_ln22_3" [src/srcnn.cpp:22]   --->   Operation 48 'add' 'add_ln22_1' <Predicate = (!icmp_ln18)> <Delay = 0.70> <CoreInst = "TAddSub">   --->   Core 10 'TAddSub' <Latency = 0> <II = 1> <Delay = 0.35> <IPBlock> <Opcode : '<invalid operator> ' 'add' 'sub'> <InPorts = 3> <OutPorts = 1> <Sync> <CReg>
ST_2 : Operation 49 [1/1] (0.00ns)   --->   "%zext_ln22_4 = zext i22 %add_ln22_1" [src/srcnn.cpp:22]   --->   Operation 49 'zext' 'zext_ln22_4' <Predicate = (!icmp_ln18)> <Delay = 0.00>
ST_2 : Operation 50 [1/1] (0.00ns)   --->   "%feat1_addr = getelementptr i32 %feat1, i64 0, i64 %zext_ln22_4" [src/srcnn.cpp:22]   --->   Operation 50 'getelementptr' 'feat1_addr' <Predicate = (!icmp_ln18)> <Delay = 0.00>
ST_2 : Operation 51 [2/2] (1.23ns)   --->   "%feat1_load = load i22 %feat1_addr" [src/srcnn.cpp:22]   --->   Operation 51 'load' 'feat1_load' <Predicate = (!icmp_ln18)> <Delay = 1.23> <CoreInst = "RAM">   --->   Core 83 'RAM' <Latency = 1> <II = 1> <Delay = 1.23> <Storage> <Opcode : 'load' 'store'> <Ports = 2> <Width = 32> <Depth = 4161600> <RAM>
ST_2 : Operation 52 [1/1] (0.76ns)   --->   "%add_ln20 = add i8 %select_ln19, i8 1" [src/srcnn.cpp:20]   --->   Operation 52 'add' 'add_ln20' <Predicate = (!icmp_ln18)> <Delay = 0.76> <CoreInst = "Adder">   --->   Core 1 'Adder' <Latency = 0> <II = 1> <Delay = 0.76> <FuncUnit> <Opcode : 'add' 'sub'> <InPorts = 2> <OutPorts = 1>
ST_2 : Operation 53 [1/1] (0.85ns)   --->   "%add_ln19_1 = add i16 %indvar_flatten_load, i16 1" [src/srcnn.cpp:19]   --->   Operation 53 'add' 'add_ln19_1' <Predicate = (!icmp_ln18)> <Delay = 0.85> <CoreInst = "Adder">   --->   Core 1 'Adder' <Latency = 0> <II = 1> <Delay = 0.85> <FuncUnit> <Opcode : 'add' 'sub'> <InPorts = 2> <OutPorts = 1>
ST_2 : Operation 54 [1/1] (0.35ns)   --->   "%select_ln19_2 = select i1 %icmp_ln19, i16 1, i16 %add_ln19_1" [src/srcnn.cpp:19]   --->   Operation 54 'select' 'select_ln19_2' <Predicate = (!icmp_ln18)> <Delay = 0.35> <CoreInst = "Sel">   --->   Core 73 'Sel' <Latency = 0> <II = 1> <Delay = 0.35> <FuncUnit> <Opcode : 'select'> <InPorts = 3> <OutPorts = 1>
ST_2 : Operation 55 [1/1] (0.42ns)   --->   "%store_ln20 = store i22 %add_ln18_1, i22 %indvar_flatten12" [src/srcnn.cpp:20]   --->   Operation 55 'store' 'store_ln20' <Predicate = (!icmp_ln18)> <Delay = 0.42>
ST_2 : Operation 56 [1/1] (0.42ns)   --->   "%store_ln20 = store i7 %select_ln18_1, i7 %c" [src/srcnn.cpp:20]   --->   Operation 56 'store' 'store_ln20' <Predicate = (!icmp_ln18)> <Delay = 0.42>
ST_2 : Operation 57 [1/1] (0.42ns)   --->   "%store_ln20 = store i16 %select_ln19_2, i16 %indvar_flatten" [src/srcnn.cpp:20]   --->   Operation 57 'store' 'store_ln20' <Predicate = (!icmp_ln18)> <Delay = 0.42>
ST_2 : Operation 58 [1/1] (0.42ns)   --->   "%store_ln20 = store i8 %select_ln19_1, i8 %y" [src/srcnn.cpp:20]   --->   Operation 58 'store' 'store_ln20' <Predicate = (!icmp_ln18)> <Delay = 0.42>
ST_2 : Operation 59 [1/1] (0.42ns)   --->   "%store_ln20 = store i8 %add_ln20, i8 %x" [src/srcnn.cpp:20]   --->   Operation 59 'store' 'store_ln20' <Predicate = (!icmp_ln18)> <Delay = 0.42>
ST_2 : Operation 60 [1/1] (0.00ns)   --->   "%br_ln20 = br void %for.body8" [src/srcnn.cpp:20]   --->   Operation 60 'br' 'br_ln20' <Predicate = (!icmp_ln18)> <Delay = 0.00>

State 3 <SV = 2> <Delay = 4.01>
ST_3 : Operation 61 [1/2] (1.23ns)   --->   "%feat1_load = load i22 %feat1_addr" [src/srcnn.cpp:22]   --->   Operation 61 'load' 'feat1_load' <Predicate = true> <Delay = 1.23> <CoreInst = "RAM">   --->   Core 83 'RAM' <Latency = 1> <II = 1> <Delay = 1.23> <Storage> <Opcode : 'load' 'store'> <Ports = 2> <Width = 32> <Depth = 4161600> <RAM>
ST_3 : Operation 62 [1/1] (0.00ns)   --->   "%bitcast_ln22 = bitcast i32 %feat1_load" [src/srcnn.cpp:22]   --->   Operation 62 'bitcast' 'bitcast_ln22' <Predicate = true> <Delay = 0.00>
ST_3 : Operation 63 [1/1] (0.00ns)   --->   "%tmp = partselect i8 @_ssdm_op_PartSelect.i8.i32.i32.i32, i32 %bitcast_ln22, i32 23, i32 30" [src/srcnn.cpp:22]   --->   Operation 63 'partselect' 'tmp' <Predicate = true> <Delay = 0.00>
ST_3 : Operation 64 [1/1] (0.00ns)   --->   "%trunc_ln22_1 = trunc i32 %bitcast_ln22" [src/srcnn.cpp:22]   --->   Operation 64 'trunc' 'trunc_ln22_1' <Predicate = true> <Delay = 0.00>
ST_3 : Operation 65 [1/1] (0.76ns)   --->   "%icmp_ln22 = icmp_ne  i8 %tmp, i8 255" [src/srcnn.cpp:22]   --->   Operation 65 'icmp' 'icmp_ln22' <Predicate = true> <Delay = 0.76> <CoreInst = "Cmp">   --->   Core 9 'Cmp' <Latency = 0> <II = 1> <Delay = 0.76> <FuncUnit> <Opcode : 'icmp'> <InPorts = 2> <OutPorts = 1>
ST_3 : Operation 66 [1/1] (0.92ns)   --->   "%icmp_ln22_1 = icmp_eq  i23 %trunc_ln22_1, i23 0" [src/srcnn.cpp:22]   --->   Operation 66 'icmp' 'icmp_ln22_1' <Predicate = true> <Delay = 0.92> <CoreInst = "Cmp">   --->   Core 9 'Cmp' <Latency = 0> <II = 1> <Delay = 0.92> <FuncUnit> <Opcode : 'icmp'> <InPorts = 2> <OutPorts = 1>
ST_3 : [1/1] (0.42ns)   --->   Input mux for Operation 67 '%tmp_1 = fcmp_olt  i32 %feat1_load, i32 0'
ST_3 : Operation 67 [2/2] (2.35ns)   --->   "%tmp_1 = fcmp_olt  i32 %feat1_load, i32 0" [src/srcnn.cpp:22]   --->   Operation 67 'fcmp' 'tmp_1' <Predicate = true> <Delay = 2.35> <CoreInst = "FCompare">   --->   Core 19 'FCompare' <Latency = 1> <II = 1> <Delay = 2.78> <FuncUnit> <Opcode : 'fcmp'> <InPorts = 2> <OutPorts = 1>
ST_3 : Operation 79 [1/1] (0.00ns)   --->   "%ret_ln0 = ret"   --->   Operation 79 'ret' 'ret_ln0' <Predicate = (icmp_ln18)> <Delay = 0.00>

State 4 <SV = 3> <Delay = 4.30>
ST_4 : Operation 68 [1/1] (0.00ns)   --->   "%specloopname_ln0 = specloopname void @_ssdm_op_SpecLoopName, void @VITIS_LOOP_18_1_VITIS_LOOP_19_2_VITIS_LOOP_20_3_str"   --->   Operation 68 'specloopname' 'specloopname_ln0' <Predicate = true> <Delay = 0.00>
ST_4 : Operation 69 [1/1] (0.00ns)   --->   "%speclooptripcount_ln0 = speclooptripcount void @_ssdm_op_SpecLoopTripCount, i64 4161600, i64 4161600, i64 4161600"   --->   Operation 69 'speclooptripcount' 'speclooptripcount_ln0' <Predicate = true> <Delay = 0.00>
ST_4 : Operation 70 [1/1] (0.00ns)   --->   "%specloopname_ln0 = specloopname void @_ssdm_op_SpecLoopName, void @VITIS_LOOP_19_2_VITIS_LOOP_20_3_str"   --->   Operation 70 'specloopname' 'specloopname_ln0' <Predicate = true> <Delay = 0.00>
ST_4 : Operation 71 [1/1] (0.00ns)   --->   "%specpipeline_ln21 = specpipeline void @_ssdm_op_SpecPipeline, i32 1, i32 0, i32 0, i32 0, void @empty_19" [src/srcnn.cpp:21]   --->   Operation 71 'specpipeline' 'specpipeline_ln21' <Predicate = true> <Delay = 0.00>
ST_4 : Operation 72 [1/1] (0.00ns)   --->   "%specloopname_ln20 = specloopname void @_ssdm_op_SpecLoopName, void @empty" [src/srcnn.cpp:20]   --->   Operation 72 'specloopname' 'specloopname_ln20' <Predicate = true> <Delay = 0.00>
ST_4 : Operation 73 [1/1] (0.00ns) (grouped into LUT with out node and_ln22)   --->   "%or_ln22 = or i1 %icmp_ln22_1, i1 %icmp_ln22" [src/srcnn.cpp:22]   --->   Operation 73 'or' 'or_ln22' <Predicate = true> <Delay = 0.00> <CoreInst = "LogicGate">   --->   Core 74 'LogicGate' <Latency = 0> <II = 1> <Delay = 0.28> <FuncUnit> <Opcode : 'and' 'or' 'xor'> <InPorts = 2> <OutPorts = 1>
ST_4 : Operation 74 [1/2] (2.78ns)   --->   "%tmp_1 = fcmp_olt  i32 %feat1_load, i32 0" [src/srcnn.cpp:22]   --->   Operation 74 'fcmp' 'tmp_1' <Predicate = true> <Delay = 2.78> <CoreInst = "FCompare">   --->   Core 19 'FCompare' <Latency = 1> <II = 1> <Delay = 2.78> <FuncUnit> <Opcode : 'fcmp'> <InPorts = 2> <OutPorts = 1>
ST_4 : Operation 75 [1/1] (0.28ns) (out node of the LUT)   --->   "%and_ln22 = and i1 %or_ln22, i1 %tmp_1" [src/srcnn.cpp:22]   --->   Operation 75 'and' 'and_ln22' <Predicate = true> <Delay = 0.28> <CoreInst = "LogicGate">   --->   Core 74 'LogicGate' <Latency = 0> <II = 1> <Delay = 0.28> <FuncUnit> <Opcode : 'and' 'or' 'xor'> <InPorts = 2> <OutPorts = 1>
ST_4 : Operation 76 [1/1] (0.00ns)   --->   "%br_ln22 = br i1 %and_ln22, void %for.inc, void %if.then" [src/srcnn.cpp:22]   --->   Operation 76 'br' 'br_ln22' <Predicate = true> <Delay = 0.00>
ST_4 : Operation 77 [1/1] (1.23ns)   --->   "%store_ln22 = store i32 0, i22 %feat1_addr" [src/srcnn.cpp:22]   --->   Operation 77 'store' 'store_ln22' <Predicate = (and_ln22)> <Delay = 1.23> <CoreInst = "RAM">   --->   Core 83 'RAM' <Latency = 1> <II = 1> <Delay = 1.23> <Storage> <Opcode : 'load' 'store'> <Ports = 2> <Width = 32> <Depth = 4161600> <RAM>
ST_4 : Operation 78 [1/1] (0.00ns)   --->   "%br_ln22 = br void %for.inc" [src/srcnn.cpp:22]   --->   Operation 78 'br' 'br_ln22' <Predicate = (and_ln22)> <Delay = 0.00>


============================================================
+ Verbose Summary: Binding
============================================================
STG Binding: 
---------------- STG Properties BEGIN ----------------
- Is combinational: 0
- Is one-state seq: 0
- Is datapath-only: 0
- Is pipelined: 0
- Is top level: 0
Port [ Return ] is wired: 1; IO mode=ap_ctrl_hs:ce=0
Port [ feat1]:  wired=1; compound=1; hidden=0; nouse=0; global=1; static=1; extern=0; dir=2; type=1; pingpong=0; private_global=0; MemPort=[01]; IO mode=ap_memory:ce=0
---------------- STG Properties END ------------------

---------------- Datapath Model BEGIN ----------------

<LifeTime>
<method=bitvector/>
x                     (alloca           ) [ 01100]
y                     (alloca           ) [ 01100]
indvar_flatten        (alloca           ) [ 01100]
c                     (alloca           ) [ 01100]
indvar_flatten12      (alloca           ) [ 01100]
store_ln0             (store            ) [ 00000]
store_ln0             (store            ) [ 00000]
store_ln0             (store            ) [ 00000]
store_ln0             (store            ) [ 00000]
store_ln0             (store            ) [ 00000]
br_ln0                (br               ) [ 00000]
indvar_flatten_load   (load             ) [ 00000]
indvar_flatten12_load (load             ) [ 00000]
icmp_ln18             (icmp             ) [ 01110]
add_ln18_1            (add              ) [ 00000]
br_ln18               (br               ) [ 00000]
x_load                (load             ) [ 00000]
y_load                (load             ) [ 00000]
c_load                (load             ) [ 00000]
add_ln18              (add              ) [ 00000]
icmp_ln19             (icmp             ) [ 00000]
select_ln18           (select           ) [ 00000]
select_ln18_1         (select           ) [ 00000]
zext_ln22             (zext             ) [ 00000]
tmp_4                 (bitconcatenate   ) [ 00000]
zext_ln22_1           (zext             ) [ 00000]
sub_ln22              (sub              ) [ 00000]
sext_ln19             (sext             ) [ 00000]
xor_ln18              (xor              ) [ 00000]
icmp_ln20             (icmp             ) [ 00000]
and_ln18              (and              ) [ 00000]
add_ln19              (add              ) [ 00000]
or_ln19               (or               ) [ 00000]
select_ln19           (select           ) [ 00000]
select_ln19_1         (select           ) [ 00000]
zext_ln22_2           (zext             ) [ 00000]
add_ln22              (add              ) [ 00000]
sext_ln22             (sext             ) [ 00000]
trunc_ln22            (trunc            ) [ 00000]
p_shl                 (bitconcatenate   ) [ 00000]
sub_ln22_1            (sub              ) [ 00000]
zext_ln22_3           (zext             ) [ 00000]
add_ln22_1            (add              ) [ 00000]
zext_ln22_4           (zext             ) [ 00000]
feat1_addr            (getelementptr    ) [ 01011]
add_ln20              (add              ) [ 00000]
add_ln19_1            (add              ) [ 00000]
select_ln19_2         (select           ) [ 00000]
store_ln20            (store            ) [ 00000]
store_ln20            (store            ) [ 00000]
store_ln20            (store            ) [ 00000]
store_ln20            (store            ) [ 00000]
store_ln20            (store            ) [ 00000]
br_ln20               (br               ) [ 00000]
feat1_load            (load             ) [ 01001]
bitcast_ln22          (bitcast          ) [ 00000]
tmp                   (partselect       ) [ 00000]
trunc_ln22_1          (trunc            ) [ 00000]
icmp_ln22             (icmp             ) [ 01001]
icmp_ln22_1           (icmp             ) [ 01001]
specloopname_ln0      (specloopname     ) [ 00000]
speclooptripcount_ln0 (speclooptripcount) [ 00000]
specloopname_ln0      (specloopname     ) [ 00000]
specpipeline_ln21     (specpipeline     ) [ 00000]
specloopname_ln20     (specloopname     ) [ 00000]
or_ln22               (or               ) [ 00000]
tmp_1                 (fcmp             ) [ 00000]
and_ln22              (and              ) [ 01001]
br_ln22               (br               ) [ 00000]
store_ln22            (store            ) [ 00000]
br_ln22               (br               ) [ 00000]
ret_ln0               (ret              ) [ 00000]
</LifeTime>

<model>

<comp_list>
<comp id="0" class="1000" name="feat1">
<pin_list>
<pin id="1" dir="1" index="0" bw="1" slack="0"/>
</pin_list>
<bind>
<StgValue><ssdm name="feat1"/><MemPortTyVec>0 1 </MemPortTyVec>
</StgValue>
</bind>
</comp>

<comp id="2" class="1001" name="const_2">
<pin_list>
<pin id="3" dir="1" index="0" bw="1" slack="0"/>
</pin_list>
<bind>
<StgValue><ssdm name=""/></StgValue>
</bind>
</comp>

<comp id="4" class="1001" name="const_4">
<pin_list>
<pin id="5" dir="1" index="0" bw="1" slack="0"/>
</pin_list>
<bind>
<StgValue><ssdm name=""/></StgValue>
</bind>
</comp>

<comp id="6" class="1001" name="const_6">
<pin_list>
<pin id="7" dir="1" index="0" bw="1" slack="0"/>
</pin_list>
<bind>
<StgValue><ssdm name=""/></StgValue>
</bind>
</comp>

<comp id="8" class="1001" name="const_8">
<pin_list>
<pin id="9" dir="1" index="0" bw="1" slack="0"/>
</pin_list>
<bind>
<StgValue><ssdm name=""/></StgValue>
</bind>
</comp>

<comp id="10" class="1001" name="const_10">
<pin_list>
<pin id="11" dir="1" index="0" bw="1" slack="0"/>
</pin_list>
<bind>
<StgValue><ssdm name=""/></StgValue>
</bind>
</comp>

<comp id="12" class="1001" name="const_12">
<pin_list>
<pin id="13" dir="1" index="0" bw="1" slack="0"/>
</pin_list>
<bind>
<StgValue><ssdm name=""/></StgValue>
</bind>
</comp>

<comp id="14" class="1001" name="const_14">
<pin_list>
<pin id="15" dir="1" index="0" bw="1" slack="0"/>
</pin_list>
<bind>
<StgValue><ssdm name=""/></StgValue>
</bind>
</comp>

<comp id="16" class="1001" name="const_16">
<pin_list>
<pin id="17" dir="1" index="0" bw="1" slack="0"/>
</pin_list>
<bind>
<StgValue><ssdm name=""/></StgValue>
</bind>
</comp>

<comp id="18" class="1001" name="const_18">
<pin_list>
<pin id="19" dir="1" index="0" bw="1" slack="0"/>
</pin_list>
<bind>
<StgValue><ssdm name=""/></StgValue>
</bind>
</comp>

<comp id="20" class="1001" name="const_20">
<pin_list>
<pin id="21" dir="1" index="0" bw="1" slack="0"/>
</pin_list>
<bind>
<StgValue><ssdm name="_ssdm_op_BitConcatenate.i15.i7.i8"/></StgValue>
</bind>
</comp>

<comp id="22" class="1001" name="const_22">
<pin_list>
<pin id="23" dir="1" index="0" bw="1" slack="0"/>
</pin_list>
<bind>
<StgValue><ssdm name=""/></StgValue>
</bind>
</comp>

<comp id="24" class="1001" name="const_24">
<pin_list>
<pin id="25" dir="1" index="0" bw="1" slack="0"/>
</pin_list>
<bind>
<StgValue><ssdm name=""/></StgValue>
</bind>
</comp>

<comp id="26" class="1001" name="const_26">
<pin_list>
<pin id="27" dir="1" index="0" bw="1" slack="0"/>
</pin_list>
<bind>
<StgValue><ssdm name=""/></StgValue>
</bind>
</comp>

<comp id="28" class="1001" name="const_28">
<pin_list>
<pin id="29" dir="1" index="0" bw="1" slack="0"/>
</pin_list>
<bind>
<StgValue><ssdm name="_ssdm_op_BitConcatenate.i22.i14.i8"/></StgValue>
</bind>
</comp>

<comp id="30" class="1001" name="const_30">
<pin_list>
<pin id="31" dir="1" index="0" bw="1" slack="0"/>
</pin_list>
<bind>
<StgValue><ssdm name=""/></StgValue>
</bind>
</comp>

<comp id="32" class="1001" name="const_32">
<pin_list>
<pin id="33" dir="1" index="0" bw="1" slack="0"/>
</pin_list>
<bind>
<StgValue><ssdm name=""/></StgValue>
</bind>
</comp>

<comp id="34" class="1001" name="const_34">
<pin_list>
<pin id="35" dir="1" index="0" bw="1" slack="0"/>
</pin_list>
<bind>
<StgValue><ssdm name="_ssdm_op_PartSelect.i8.i32.i32.i32"/></StgValue>
</bind>
</comp>

<comp id="36" class="1001" name="const_36">
<pin_list>
<pin id="37" dir="1" index="0" bw="1" slack="0"/>
</pin_list>
<bind>
<StgValue><ssdm name=""/></StgValue>
</bind>
</comp>

<comp id="38" class="1001" name="const_38">
<pin_list>
<pin id="39" dir="1" index="0" bw="1" slack="0"/>
</pin_list>
<bind>
<StgValue><ssdm name=""/></StgValue>
</bind>
</comp>

<comp id="40" class="1001" name="const_40">
<pin_list>
<pin id="41" dir="1" index="0" bw="1" slack="0"/>
</pin_list>
<bind>
<StgValue><ssdm name=""/></StgValue>
</bind>
</comp>

<comp id="42" class="1001" name="const_42">
<pin_list>
<pin id="43" dir="1" index="0" bw="1" slack="0"/>
</pin_list>
<bind>
<StgValue><ssdm name=""/></StgValue>
</bind>
</comp>

<comp id="44" class="1001" name="const_44">
<pin_list>
<pin id="45" dir="1" index="0" bw="1" slack="2147483647"/>
</pin_list>
<bind>
<StgValue><ssdm name="_ssdm_op_SpecLoopName"/></StgValue>
</bind>
</comp>

<comp id="46" class="1001" name="const_46">
<pin_list>
<pin id="47" dir="1" index="0" bw="1" slack="2147483647"/>
</pin_list>
<bind>
<StgValue><ssdm name="VITIS_LOOP_18_1_VITIS_LOOP_19_2_VITIS_LOOP_20_3_str"/></StgValue>
</bind>
</comp>

<comp id="48" class="1001" name="const_48">
<pin_list>
<pin id="49" dir="1" index="0" bw="1" slack="2147483647"/>
</pin_list>
<bind>
<StgValue><ssdm name="_ssdm_op_SpecLoopTripCount"/></StgValue>
</bind>
</comp>

<comp id="50" class="1001" name="const_50">
<pin_list>
<pin id="51" dir="1" index="0" bw="1" slack="2147483647"/>
</pin_list>
<bind>
<StgValue><ssdm name=""/></StgValue>
</bind>
</comp>

<comp id="52" class="1001" name="const_52">
<pin_list>
<pin id="53" dir="1" index="0" bw="1" slack="2147483647"/>
</pin_list>
<bind>
<StgValue><ssdm name="VITIS_LOOP_19_2_VITIS_LOOP_20_3_str"/></StgValue>
</bind>
</comp>

<comp id="54" class="1001" name="const_54">
<pin_list>
<pin id="55" dir="1" index="0" bw="1" slack="2147483647"/>
</pin_list>
<bind>
<StgValue><ssdm name="_ssdm_op_SpecPipeline"/></StgValue>
</bind>
</comp>

<comp id="56" class="1001" name="const_56">
<pin_list>
<pin id="57" dir="1" index="0" bw="1" slack="2147483647"/>
</pin_list>
<bind>
<StgValue><ssdm name=""/></StgValue>
</bind>
</comp>

<comp id="58" class="1001" name="const_58">
<pin_list>
<pin id="59" dir="1" index="0" bw="1" slack="2147483647"/>
</pin_list>
<bind>
<StgValue><ssdm name="empty_19"/></StgValue>
</bind>
</comp>

<comp id="60" class="1001" name="const_60">
<pin_list>
<pin id="61" dir="1" index="0" bw="1" slack="2147483647"/>
</pin_list>
<bind>
<StgValue><ssdm name="empty"/></StgValue>
</bind>
</comp>

<comp id="62" class="1004" name="x_fu_62">
<pin_list>
<pin id="63" dir="0" index="0" bw="1" slack="0"/>
<pin id="64" dir="1" index="1" bw="8" slack="0"/>
</pin_list>
<bind>
<opcode="alloca(26) " fcode="alloca"/>
<opset="x/1 "/>
</bind>
</comp>

<comp id="66" class="1004" name="y_fu_66">
<pin_list>
<pin id="67" dir="0" index="0" bw="1" slack="0"/>
<pin id="68" dir="1" index="1" bw="8" slack="0"/>
</pin_list>
<bind>
<opcode="alloca(26) " fcode="alloca"/>
<opset="y/1 "/>
</bind>
</comp>

<comp id="70" class="1004" name="indvar_flatten_fu_70">
<pin_list>
<pin id="71" dir="0" index="0" bw="1" slack="0"/>
<pin id="72" dir="1" index="1" bw="16" slack="0"/>
</pin_list>
<bind>
<opcode="alloca(26) " fcode="alloca"/>
<opset="indvar_flatten/1 "/>
</bind>
</comp>

<comp id="74" class="1004" name="c_fu_74">
<pin_list>
<pin id="75" dir="0" index="0" bw="1" slack="0"/>
<pin id="76" dir="1" index="1" bw="7" slack="0"/>
</pin_list>
<bind>
<opcode="alloca(26) " fcode="alloca"/>
<opset="c/1 "/>
</bind>
</comp>

<comp id="78" class="1004" name="indvar_flatten12_fu_78">
<pin_list>
<pin id="79" dir="0" index="0" bw="1" slack="0"/>
<pin id="80" dir="1" index="1" bw="22" slack="0"/>
</pin_list>
<bind>
<opcode="alloca(26) " fcode="alloca"/>
<opset="indvar_flatten12/1 "/>
</bind>
</comp>

<comp id="82" class="1004" name="feat1_addr_gep_fu_82">
<pin_list>
<pin id="83" dir="0" index="0" bw="32" slack="0"/>
<pin id="84" dir="0" index="1" bw="1" slack="0"/>
<pin id="85" dir="0" index="2" bw="22" slack="0"/>
<pin id="86" dir="1" index="3" bw="22" slack="0"/>
</pin_list>
<bind>
<opcode="getelementptr(29) " fcode="getelementptr"/>
<opset="feat1_addr/2 "/>
</bind>
</comp>

<comp id="89" class="1004" name="grp_access_fu_89">
<pin_list>
<pin id="90" dir="0" index="0" bw="22" slack="2"/>
<pin id="91" dir="0" index="1" bw="32" slack="0"/>
<pin id="92" dir="0" index="2" bw="0" slack="0"/>
<pin id="94" dir="0" index="4" bw="22" slack="2147483647"/>
<pin id="95" dir="0" index="5" bw="32" slack="2147483647"/>
<pin id="96" dir="0" index="6" bw="0" slack="2147483647"/>
<pin id="93" dir="1" index="3" bw="32" slack="2147483647"/>
<pin id="97" dir="1" index="7" bw="32" slack="0"/>
</pin_list>
<bind>
<opcode="load(27) store(28) " fcode="store"/>
<opset="feat1_load/2 store_ln22/4 "/>
</bind>
</comp>

<comp id="100" class="1004" name="grp_fu_100">
<pin_list>
<pin id="101" dir="0" index="0" bw="32" slack="0"/>
<pin id="102" dir="0" index="1" bw="32" slack="0"/>
<pin id="103" dir="1" index="2" bw="1" slack="0"/>
</pin_list>
<bind>
<opcode="fcmp(46) " fcode="fcmp"/>
<opset="tmp_1/3 "/>
</bind>
</comp>

<comp id="106" class="1004" name="store_ln0_store_fu_106">
<pin_list>
<pin id="107" dir="0" index="0" bw="1" slack="0"/>
<pin id="108" dir="0" index="1" bw="22" slack="0"/>
<pin id="109" dir="1" index="2" bw="0" slack="2147483647"/>
</pin_list>
<bind>
<opcode="store(28) " fcode="store"/>
<opset="store_ln0/1 "/>
</bind>
</comp>

<comp id="111" class="1004" name="store_ln0_store_fu_111">
<pin_list>
<pin id="112" dir="0" index="0" bw="1" slack="0"/>
<pin id="113" dir="0" index="1" bw="7" slack="0"/>
<pin id="114" dir="1" index="2" bw="0" slack="2147483647"/>
</pin_list>
<bind>
<opcode="store(28) " fcode="store"/>
<opset="store_ln0/1 "/>
</bind>
</comp>

<comp id="116" class="1004" name="store_ln0_store_fu_116">
<pin_list>
<pin id="117" dir="0" index="0" bw="1" slack="0"/>
<pin id="118" dir="0" index="1" bw="16" slack="0"/>
<pin id="119" dir="1" index="2" bw="0" slack="2147483647"/>
</pin_list>
<bind>
<opcode="store(28) " fcode="store"/>
<opset="store_ln0/1 "/>
</bind>
</comp>

<comp id="121" class="1004" name="store_ln0_store_fu_121">
<pin_list>
<pin id="122" dir="0" index="0" bw="1" slack="0"/>
<pin id="123" dir="0" index="1" bw="8" slack="0"/>
<pin id="124" dir="1" index="2" bw="0" slack="2147483647"/>
</pin_list>
<bind>
<opcode="store(28) " fcode="store"/>
<opset="store_ln0/1 "/>
</bind>
</comp>

<comp id="126" class="1004" name="store_ln0_store_fu_126">
<pin_list>
<pin id="127" dir="0" index="0" bw="1" slack="0"/>
<pin id="128" dir="0" index="1" bw="8" slack="0"/>
<pin id="129" dir="1" index="2" bw="0" slack="2147483647"/>
</pin_list>
<bind>
<opcode="store(28) " fcode="store"/>
<opset="store_ln0/1 "/>
</bind>
</comp>

<comp id="131" class="1004" name="indvar_flatten_load_load_fu_131">
<pin_list>
<pin id="132" dir="0" index="0" bw="16" slack="1"/>
<pin id="133" dir="1" index="1" bw="16" slack="0"/>
</pin_list>
<bind>
<opcode="load(27) " fcode="load"/>
<opset="indvar_flatten_load/2 "/>
</bind>
</comp>

<comp id="134" class="1004" name="indvar_flatten12_load_load_fu_134">
<pin_list>
<pin id="135" dir="0" index="0" bw="22" slack="1"/>
<pin id="136" dir="1" index="1" bw="22" slack="0"/>
</pin_list>
<bind>
<opcode="load(27) " fcode="load"/>
<opset="indvar_flatten12_load/2 "/>
</bind>
</comp>

<comp id="137" class="1004" name="icmp_ln18_fu_137">
<pin_list>
<pin id="138" dir="0" index="0" bw="22" slack="0"/>
<pin id="139" dir="0" index="1" bw="22" slack="0"/>
<pin id="140" dir="1" index="2" bw="1" slack="1"/>
</pin_list>
<bind>
<opcode="icmp(45) " fcode="icmp"/>
<opset="icmp_ln18/2 "/>
</bind>
</comp>

<comp id="143" class="1004" name="add_ln18_1_fu_143">
<pin_list>
<pin id="144" dir="0" index="0" bw="22" slack="0"/>
<pin id="145" dir="0" index="1" bw="1" slack="0"/>
<pin id="146" dir="1" index="2" bw="22" slack="0"/>
</pin_list>
<bind>
<opcode="add(8) " fcode="add"/>
<opset="add_ln18_1/2 "/>
</bind>
</comp>

<comp id="149" class="1004" name="x_load_load_fu_149">
<pin_list>
<pin id="150" dir="0" index="0" bw="8" slack="1"/>
<pin id="151" dir="1" index="1" bw="8" slack="0"/>
</pin_list>
<bind>
<opcode="load(27) " fcode="load"/>
<opset="x_load/2 "/>
</bind>
</comp>

<comp id="152" class="1004" name="y_load_load_fu_152">
<pin_list>
<pin id="153" dir="0" index="0" bw="8" slack="1"/>
<pin id="154" dir="1" index="1" bw="8" slack="0"/>
</pin_list>
<bind>
<opcode="load(27) " fcode="load"/>
<opset="y_load/2 "/>
</bind>
</comp>

<comp id="155" class="1004" name="c_load_load_fu_155">
<pin_list>
<pin id="156" dir="0" index="0" bw="7" slack="1"/>
<pin id="157" dir="1" index="1" bw="7" slack="0"/>
</pin_list>
<bind>
<opcode="load(27) " fcode="load"/>
<opset="c_load/2 "/>
</bind>
</comp>

<comp id="158" class="1004" name="add_ln18_fu_158">
<pin_list>
<pin id="159" dir="0" index="0" bw="7" slack="0"/>
<pin id="160" dir="0" index="1" bw="1" slack="0"/>
<pin id="161" dir="1" index="2" bw="7" slack="0"/>
</pin_list>
<bind>
<opcode="add(8) " fcode="add"/>
<opset="add_ln18/2 "/>
</bind>
</comp>

<comp id="164" class="1004" name="icmp_ln19_fu_164">
<pin_list>
<pin id="165" dir="0" index="0" bw="16" slack="0"/>
<pin id="166" dir="0" index="1" bw="16" slack="0"/>
<pin id="167" dir="1" index="2" bw="1" slack="0"/>
</pin_list>
<bind>
<opcode="icmp(45) " fcode="icmp"/>
<opset="icmp_ln19/2 "/>
</bind>
</comp>

<comp id="170" class="1004" name="select_ln18_fu_170">
<pin_list>
<pin id="171" dir="0" index="0" bw="1" slack="0"/>
<pin id="172" dir="0" index="1" bw="8" slack="0"/>
<pin id="173" dir="0" index="2" bw="8" slack="0"/>
<pin id="174" dir="1" index="3" bw="8" slack="0"/>
</pin_list>
<bind>
<opcode="select(49) " fcode="select"/>
<opset="select_ln18/2 "/>
</bind>
</comp>

<comp id="178" class="1004" name="select_ln18_1_fu_178">
<pin_list>
<pin id="179" dir="0" index="0" bw="1" slack="0"/>
<pin id="180" dir="0" index="1" bw="7" slack="0"/>
<pin id="181" dir="0" index="2" bw="7" slack="0"/>
<pin id="182" dir="1" index="3" bw="7" slack="0"/>
</pin_list>
<bind>
<opcode="select(49) " fcode="select"/>
<opset="select_ln18_1/2 "/>
</bind>
</comp>

<comp id="186" class="1004" name="zext_ln22_fu_186">
<pin_list>
<pin id="187" dir="0" index="0" bw="7" slack="0"/>
<pin id="188" dir="1" index="1" bw="16" slack="0"/>
</pin_list>
<bind>
<opcode="zext(34) " fcode="zext"/>
<opset="zext_ln22/2 "/>
</bind>
</comp>

<comp id="190" class="1004" name="tmp_4_fu_190">
<pin_list>
<pin id="191" dir="0" index="0" bw="15" slack="0"/>
<pin id="192" dir="0" index="1" bw="7" slack="0"/>
<pin id="193" dir="0" index="2" bw="1" slack="0"/>
<pin id="194" dir="1" index="3" bw="15" slack="0"/>
</pin_list>
<bind>
<opcode="bitconcatenate(1004) " fcode="bitconcatenate"/>
<opset="tmp_4/2 "/>
</bind>
</comp>

<comp id="198" class="1004" name="zext_ln22_1_fu_198">
<pin_list>
<pin id="199" dir="0" index="0" bw="15" slack="0"/>
<pin id="200" dir="1" index="1" bw="16" slack="0"/>
</pin_list>
<bind>
<opcode="zext(34) " fcode="zext"/>
<opset="zext_ln22_1/2 "/>
</bind>
</comp>

<comp id="202" class="1004" name="sub_ln22_fu_202">
<pin_list>
<pin id="203" dir="0" index="0" bw="15" slack="0"/>
<pin id="204" dir="0" index="1" bw="7" slack="0"/>
<pin id="205" dir="1" index="2" bw="16" slack="0"/>
</pin_list>
<bind>
<opcode="sub(10) " fcode="sub"/>
<opset="sub_ln22/2 "/>
</bind>
</comp>

<comp id="208" class="1004" name="sext_ln19_fu_208">
<pin_list>
<pin id="209" dir="0" index="0" bw="16" slack="0"/>
<pin id="210" dir="1" index="1" bw="17" slack="0"/>
</pin_list>
<bind>
<opcode="sext(35) " fcode="sext"/>
<opset="sext_ln19/2 "/>
</bind>
</comp>

<comp id="212" class="1004" name="xor_ln18_fu_212">
<pin_list>
<pin id="213" dir="0" index="0" bw="1" slack="0"/>
<pin id="214" dir="0" index="1" bw="1" slack="0"/>
<pin id="215" dir="1" index="2" bw="1" slack="0"/>
</pin_list>
<bind>
<opcode="xor(25) " fcode="xor"/>
<opset="xor_ln18/2 "/>
</bind>
</comp>

<comp id="218" class="1004" name="icmp_ln20_fu_218">
<pin_list>
<pin id="219" dir="0" index="0" bw="8" slack="0"/>
<pin id="220" dir="0" index="1" bw="8" slack="0"/>
<pin id="221" dir="1" index="2" bw="1" slack="0"/>
</pin_list>
<bind>
<opcode="icmp(45) " fcode="icmp"/>
<opset="icmp_ln20/2 "/>
</bind>
</comp>

<comp id="224" class="1004" name="and_ln18_fu_224">
<pin_list>
<pin id="225" dir="0" index="0" bw="1" slack="0"/>
<pin id="226" dir="0" index="1" bw="1" slack="0"/>
<pin id="227" dir="1" index="2" bw="1" slack="0"/>
</pin_list>
<bind>
<opcode="and(23) " fcode="and"/>
<opset="and_ln18/2 "/>
</bind>
</comp>

<comp id="230" class="1004" name="add_ln19_fu_230">
<pin_list>
<pin id="231" dir="0" index="0" bw="8" slack="0"/>
<pin id="232" dir="0" index="1" bw="1" slack="0"/>
<pin id="233" dir="1" index="2" bw="8" slack="0"/>
</pin_list>
<bind>
<opcode="add(8) " fcode="add"/>
<opset="add_ln19/2 "/>
</bind>
</comp>

<comp id="236" class="1004" name="or_ln19_fu_236">
<pin_list>
<pin id="237" dir="0" index="0" bw="1" slack="0"/>
<pin id="238" dir="0" index="1" bw="1" slack="0"/>
<pin id="239" dir="1" index="2" bw="1" slack="0"/>
</pin_list>
<bind>
<opcode="or(24) " fcode="or"/>
<opset="or_ln19/2 "/>
</bind>
</comp>

<comp id="242" class="1004" name="select_ln19_fu_242">
<pin_list>
<pin id="243" dir="0" index="0" bw="1" slack="0"/>
<pin id="244" dir="0" index="1" bw="8" slack="0"/>
<pin id="245" dir="0" index="2" bw="8" slack="0"/>
<pin id="246" dir="1" index="3" bw="8" slack="0"/>
</pin_list>
<bind>
<opcode="select(49) " fcode="select"/>
<opset="select_ln19/2 "/>
</bind>
</comp>

<comp id="250" class="1004" name="select_ln19_1_fu_250">
<pin_list>
<pin id="251" dir="0" index="0" bw="1" slack="0"/>
<pin id="252" dir="0" index="1" bw="8" slack="0"/>
<pin id="253" dir="0" index="2" bw="8" slack="0"/>
<pin id="254" dir="1" index="3" bw="8" slack="0"/>
</pin_list>
<bind>
<opcode="select(49) " fcode="select"/>
<opset="select_ln19_1/2 "/>
</bind>
</comp>

<comp id="258" class="1004" name="zext_ln22_2_fu_258">
<pin_list>
<pin id="259" dir="0" index="0" bw="8" slack="0"/>
<pin id="260" dir="1" index="1" bw="17" slack="0"/>
</pin_list>
<bind>
<opcode="zext(34) " fcode="zext"/>
<opset="zext_ln22_2/2 "/>
</bind>
</comp>

<comp id="262" class="1004" name="add_ln22_fu_262">
<pin_list>
<pin id="263" dir="0" index="0" bw="16" slack="0"/>
<pin id="264" dir="0" index="1" bw="8" slack="0"/>
<pin id="265" dir="1" index="2" bw="17" slack="0"/>
</pin_list>
<bind>
<opcode="add(8) " fcode="add"/>
<opset="add_ln22/2 "/>
</bind>
</comp>

<comp id="268" class="1004" name="sext_ln22_fu_268">
<pin_list>
<pin id="269" dir="0" index="0" bw="17" slack="0"/>
<pin id="270" dir="1" index="1" bw="22" slack="0"/>
</pin_list>
<bind>
<opcode="sext(35) " fcode="sext"/>
<opset="sext_ln22/2 "/>
</bind>
</comp>

<comp id="272" class="1004" name="trunc_ln22_fu_272">
<pin_list>
<pin id="273" dir="0" index="0" bw="17" slack="0"/>
<pin id="274" dir="1" index="1" bw="14" slack="0"/>
</pin_list>
<bind>
<opcode="trunc(33) " fcode="trunc"/>
<opset="trunc_ln22/2 "/>
</bind>
</comp>

<comp id="276" class="1004" name="p_shl_fu_276">
<pin_list>
<pin id="277" dir="0" index="0" bw="22" slack="0"/>
<pin id="278" dir="0" index="1" bw="14" slack="0"/>
<pin id="279" dir="0" index="2" bw="1" slack="0"/>
<pin id="280" dir="1" index="3" bw="22" slack="0"/>
</pin_list>
<bind>
<opcode="bitconcatenate(1004) " fcode="bitconcatenate"/>
<opset="p_shl/2 "/>
</bind>
</comp>

<comp id="284" class="1004" name="sub_ln22_1_fu_284">
<pin_list>
<pin id="285" dir="0" index="0" bw="22" slack="0"/>
<pin id="286" dir="0" index="1" bw="17" slack="0"/>
<pin id="287" dir="1" index="2" bw="22" slack="0"/>
</pin_list>
<bind>
<opcode="sub(10) " fcode="sub"/>
<opset="sub_ln22_1/2 "/>
</bind>
</comp>

<comp id="290" class="1004" name="zext_ln22_3_fu_290">
<pin_list>
<pin id="291" dir="0" index="0" bw="8" slack="0"/>
<pin id="292" dir="1" index="1" bw="22" slack="0"/>
</pin_list>
<bind>
<opcode="zext(34) " fcode="zext"/>
<opset="zext_ln22_3/2 "/>
</bind>
</comp>

<comp id="294" class="1004" name="add_ln22_1_fu_294">
<pin_list>
<pin id="295" dir="0" index="0" bw="22" slack="0"/>
<pin id="296" dir="0" index="1" bw="8" slack="0"/>
<pin id="297" dir="1" index="2" bw="22" slack="0"/>
</pin_list>
<bind>
<opcode="add(8) " fcode="add"/>
<opset="add_ln22_1/2 "/>
</bind>
</comp>

<comp id="300" class="1004" name="zext_ln22_4_fu_300">
<pin_list>
<pin id="301" dir="0" index="0" bw="22" slack="0"/>
<pin id="302" dir="1" index="1" bw="64" slack="0"/>
</pin_list>
<bind>
<opcode="zext(34) " fcode="zext"/>
<opset="zext_ln22_4/2 "/>
</bind>
</comp>

<comp id="305" class="1004" name="add_ln20_fu_305">
<pin_list>
<pin id="306" dir="0" index="0" bw="8" slack="0"/>
<pin id="307" dir="0" index="1" bw="1" slack="0"/>
<pin id="308" dir="1" index="2" bw="8" slack="0"/>
</pin_list>
<bind>
<opcode="add(8) " fcode="add"/>
<opset="add_ln20/2 "/>
</bind>
</comp>

<comp id="311" class="1004" name="add_ln19_1_fu_311">
<pin_list>
<pin id="312" dir="0" index="0" bw="16" slack="0"/>
<pin id="313" dir="0" index="1" bw="1" slack="0"/>
<pin id="314" dir="1" index="2" bw="16" slack="0"/>
</pin_list>
<bind>
<opcode="add(8) " fcode="add"/>
<opset="add_ln19_1/2 "/>
</bind>
</comp>

<comp id="317" class="1004" name="select_ln19_2_fu_317">
<pin_list>
<pin id="318" dir="0" index="0" bw="1" slack="0"/>
<pin id="319" dir="0" index="1" bw="16" slack="0"/>
<pin id="320" dir="0" index="2" bw="16" slack="0"/>
<pin id="321" dir="1" index="3" bw="16" slack="0"/>
</pin_list>
<bind>
<opcode="select(49) " fcode="select"/>
<opset="select_ln19_2/2 "/>
</bind>
</comp>

<comp id="325" class="1004" name="store_ln20_store_fu_325">
<pin_list>
<pin id="326" dir="0" index="0" bw="22" slack="0"/>
<pin id="327" dir="0" index="1" bw="22" slack="1"/>
<pin id="328" dir="1" index="2" bw="0" slack="2147483647"/>
</pin_list>
<bind>
<opcode="store(28) " fcode="store"/>
<opset="store_ln20/2 "/>
</bind>
</comp>

<comp id="330" class="1004" name="store_ln20_store_fu_330">
<pin_list>
<pin id="331" dir="0" index="0" bw="7" slack="0"/>
<pin id="332" dir="0" index="1" bw="7" slack="1"/>
<pin id="333" dir="1" index="2" bw="0" slack="2147483647"/>
</pin_list>
<bind>
<opcode="store(28) " fcode="store"/>
<opset="store_ln20/2 "/>
</bind>
</comp>

<comp id="335" class="1004" name="store_ln20_store_fu_335">
<pin_list>
<pin id="336" dir="0" index="0" bw="16" slack="0"/>
<pin id="337" dir="0" index="1" bw="16" slack="1"/>
<pin id="338" dir="1" index="2" bw="0" slack="2147483647"/>
</pin_list>
<bind>
<opcode="store(28) " fcode="store"/>
<opset="store_ln20/2 "/>
</bind>
</comp>

<comp id="340" class="1004" name="store_ln20_store_fu_340">
<pin_list>
<pin id="341" dir="0" index="0" bw="8" slack="0"/>
<pin id="342" dir="0" index="1" bw="8" slack="1"/>
<pin id="343" dir="1" index="2" bw="0" slack="2147483647"/>
</pin_list>
<bind>
<opcode="store(28) " fcode="store"/>
<opset="store_ln20/2 "/>
</bind>
</comp>

<comp id="345" class="1004" name="store_ln20_store_fu_345">
<pin_list>
<pin id="346" dir="0" index="0" bw="8" slack="0"/>
<pin id="347" dir="0" index="1" bw="8" slack="1"/>
<pin id="348" dir="1" index="2" bw="0" slack="2147483647"/>
</pin_list>
<bind>
<opcode="store(28) " fcode="store"/>
<opset="store_ln20/2 "/>
</bind>
</comp>

<comp id="350" class="1004" name="bitcast_ln22_fu_350">
<pin_list>
<pin id="351" dir="0" index="0" bw="32" slack="0"/>
<pin id="352" dir="1" index="1" bw="32" slack="0"/>
</pin_list>
<bind>
<opcode="bitcast(44) " fcode="bitcast"/>
<opset="bitcast_ln22/3 "/>
</bind>
</comp>

<comp id="354" class="1004" name="tmp_fu_354">
<pin_list>
<pin id="355" dir="0" index="0" bw="8" slack="0"/>
<pin id="356" dir="0" index="1" bw="32" slack="0"/>
<pin id="357" dir="0" index="2" bw="6" slack="0"/>
<pin id="358" dir="0" index="3" bw="6" slack="0"/>
<pin id="359" dir="1" index="4" bw="8" slack="0"/>
</pin_list>
<bind>
<opcode="partselect(1002) " fcode="partselect"/>
<opset="tmp/3 "/>
</bind>
</comp>

<comp id="364" class="1004" name="trunc_ln22_1_fu_364">
<pin_list>
<pin id="365" dir="0" index="0" bw="32" slack="0"/>
<pin id="366" dir="1" index="1" bw="23" slack="0"/>
</pin_list>
<bind>
<opcode="trunc(33) " fcode="trunc"/>
<opset="trunc_ln22_1/3 "/>
</bind>
</comp>

<comp id="368" class="1004" name="icmp_ln22_fu_368">
<pin_list>
<pin id="369" dir="0" index="0" bw="8" slack="0"/>
<pin id="370" dir="0" index="1" bw="8" slack="0"/>
<pin id="371" dir="1" index="2" bw="1" slack="1"/>
</pin_list>
<bind>
<opcode="icmp(45) " fcode="icmp"/>
<opset="icmp_ln22/3 "/>
</bind>
</comp>

<comp id="374" class="1004" name="icmp_ln22_1_fu_374">
<pin_list>
<pin id="375" dir="0" index="0" bw="23" slack="0"/>
<pin id="376" dir="0" index="1" bw="23" slack="0"/>
<pin id="377" dir="1" index="2" bw="1" slack="1"/>
</pin_list>
<bind>
<opcode="icmp(45) " fcode="icmp"/>
<opset="icmp_ln22_1/3 "/>
</bind>
</comp>

<comp id="380" class="1004" name="or_ln22_fu_380">
<pin_list>
<pin id="381" dir="0" index="0" bw="1" slack="1"/>
<pin id="382" dir="0" index="1" bw="1" slack="1"/>
<pin id="383" dir="1" index="2" bw="1" slack="0"/>
</pin_list>
<bind>
<opcode="or(24) " fcode="or"/>
<opset="or_ln22/4 "/>
</bind>
</comp>

<comp id="384" class="1004" name="and_ln22_fu_384">
<pin_list>
<pin id="385" dir="0" index="0" bw="1" slack="0"/>
<pin id="386" dir="0" index="1" bw="1" slack="0"/>
<pin id="387" dir="1" index="2" bw="1" slack="2147483647"/>
</pin_list>
<bind>
<opcode="and(23) " fcode="and"/>
<opset="and_ln22/4 "/>
</bind>
</comp>

<comp id="390" class="1005" name="x_reg_390">
<pin_list>
<pin id="391" dir="0" index="0" bw="8" slack="0"/>
<pin id="392" dir="1" index="1" bw="8" slack="0"/>
</pin_list>
<bind>
<opset="x "/>
</bind>
</comp>

<comp id="397" class="1005" name="y_reg_397">
<pin_list>
<pin id="398" dir="0" index="0" bw="8" slack="0"/>
<pin id="399" dir="1" index="1" bw="8" slack="0"/>
</pin_list>
<bind>
<opset="y "/>
</bind>
</comp>

<comp id="404" class="1005" name="indvar_flatten_reg_404">
<pin_list>
<pin id="405" dir="0" index="0" bw="16" slack="0"/>
<pin id="406" dir="1" index="1" bw="16" slack="0"/>
</pin_list>
<bind>
<opset="indvar_flatten "/>
</bind>
</comp>

<comp id="411" class="1005" name="c_reg_411">
<pin_list>
<pin id="412" dir="0" index="0" bw="7" slack="0"/>
<pin id="413" dir="1" index="1" bw="7" slack="0"/>
</pin_list>
<bind>
<opset="c "/>
</bind>
</comp>

<comp id="418" class="1005" name="indvar_flatten12_reg_418">
<pin_list>
<pin id="419" dir="0" index="0" bw="22" slack="0"/>
<pin id="420" dir="1" index="1" bw="22" slack="0"/>
</pin_list>
<bind>
<opset="indvar_flatten12 "/>
</bind>
</comp>

<comp id="425" class="1005" name="icmp_ln18_reg_425">
<pin_list>
<pin id="426" dir="0" index="0" bw="1" slack="1"/>
<pin id="427" dir="1" index="1" bw="1" slack="2147483647"/>
</pin_list>
<bind>
<opset="icmp_ln18 "/>
</bind>
</comp>

<comp id="429" class="1005" name="feat1_addr_reg_429">
<pin_list>
<pin id="430" dir="0" index="0" bw="22" slack="1"/>
<pin id="431" dir="1" index="1" bw="22" slack="1"/>
</pin_list>
<bind>
<opset="feat1_addr "/>
</bind>
</comp>

<comp id="435" class="1005" name="feat1_load_reg_435">
<pin_list>
<pin id="436" dir="0" index="0" bw="32" slack="1"/>
<pin id="437" dir="1" index="1" bw="32" slack="1"/>
</pin_list>
<bind>
<opset="feat1_load "/>
</bind>
</comp>

<comp id="440" class="1005" name="icmp_ln22_reg_440">
<pin_list>
<pin id="441" dir="0" index="0" bw="1" slack="1"/>
<pin id="442" dir="1" index="1" bw="1" slack="1"/>
</pin_list>
<bind>
<opset="icmp_ln22 "/>
</bind>
</comp>

<comp id="445" class="1005" name="icmp_ln22_1_reg_445">
<pin_list>
<pin id="446" dir="0" index="0" bw="1" slack="1"/>
<pin id="447" dir="1" index="1" bw="1" slack="1"/>
</pin_list>
<bind>
<opset="icmp_ln22_1 "/>
</bind>
</comp>

</comp_list>

<net_list>
<net id="65"><net_src comp="2" pin="0"/><net_sink comp="62" pin=0"/></net>

<net id="69"><net_src comp="2" pin="0"/><net_sink comp="66" pin=0"/></net>

<net id="73"><net_src comp="2" pin="0"/><net_sink comp="70" pin=0"/></net>

<net id="77"><net_src comp="2" pin="0"/><net_sink comp="74" pin=0"/></net>

<net id="81"><net_src comp="2" pin="0"/><net_sink comp="78" pin=0"/></net>

<net id="87"><net_src comp="0" pin="0"/><net_sink comp="82" pin=0"/></net>

<net id="88"><net_src comp="30" pin="0"/><net_sink comp="82" pin=1"/></net>

<net id="98"><net_src comp="82" pin="3"/><net_sink comp="89" pin=2"/></net>

<net id="99"><net_src comp="42" pin="0"/><net_sink comp="89" pin=1"/></net>

<net id="104"><net_src comp="89" pin="7"/><net_sink comp="100" pin=0"/></net>

<net id="105"><net_src comp="42" pin="0"/><net_sink comp="100" pin=1"/></net>

<net id="110"><net_src comp="4" pin="0"/><net_sink comp="106" pin=0"/></net>

<net id="115"><net_src comp="6" pin="0"/><net_sink comp="111" pin=0"/></net>

<net id="120"><net_src comp="8" pin="0"/><net_sink comp="116" pin=0"/></net>

<net id="125"><net_src comp="10" pin="0"/><net_sink comp="121" pin=0"/></net>

<net id="130"><net_src comp="10" pin="0"/><net_sink comp="126" pin=0"/></net>

<net id="141"><net_src comp="134" pin="1"/><net_sink comp="137" pin=0"/></net>

<net id="142"><net_src comp="12" pin="0"/><net_sink comp="137" pin=1"/></net>

<net id="147"><net_src comp="134" pin="1"/><net_sink comp="143" pin=0"/></net>

<net id="148"><net_src comp="14" pin="0"/><net_sink comp="143" pin=1"/></net>

<net id="162"><net_src comp="155" pin="1"/><net_sink comp="158" pin=0"/></net>

<net id="163"><net_src comp="16" pin="0"/><net_sink comp="158" pin=1"/></net>

<net id="168"><net_src comp="131" pin="1"/><net_sink comp="164" pin=0"/></net>

<net id="169"><net_src comp="18" pin="0"/><net_sink comp="164" pin=1"/></net>

<net id="175"><net_src comp="164" pin="2"/><net_sink comp="170" pin=0"/></net>

<net id="176"><net_src comp="10" pin="0"/><net_sink comp="170" pin=1"/></net>

<net id="177"><net_src comp="152" pin="1"/><net_sink comp="170" pin=2"/></net>

<net id="183"><net_src comp="164" pin="2"/><net_sink comp="178" pin=0"/></net>

<net id="184"><net_src comp="158" pin="2"/><net_sink comp="178" pin=1"/></net>

<net id="185"><net_src comp="155" pin="1"/><net_sink comp="178" pin=2"/></net>

<net id="189"><net_src comp="178" pin="3"/><net_sink comp="186" pin=0"/></net>

<net id="195"><net_src comp="20" pin="0"/><net_sink comp="190" pin=0"/></net>

<net id="196"><net_src comp="178" pin="3"/><net_sink comp="190" pin=1"/></net>

<net id="197"><net_src comp="10" pin="0"/><net_sink comp="190" pin=2"/></net>

<net id="201"><net_src comp="190" pin="3"/><net_sink comp="198" pin=0"/></net>

<net id="206"><net_src comp="198" pin="1"/><net_sink comp="202" pin=0"/></net>

<net id="207"><net_src comp="186" pin="1"/><net_sink comp="202" pin=1"/></net>

<net id="211"><net_src comp="202" pin="2"/><net_sink comp="208" pin=0"/></net>

<net id="216"><net_src comp="164" pin="2"/><net_sink comp="212" pin=0"/></net>

<net id="217"><net_src comp="22" pin="0"/><net_sink comp="212" pin=1"/></net>

<net id="222"><net_src comp="149" pin="1"/><net_sink comp="218" pin=0"/></net>

<net id="223"><net_src comp="24" pin="0"/><net_sink comp="218" pin=1"/></net>

<net id="228"><net_src comp="218" pin="2"/><net_sink comp="224" pin=0"/></net>

<net id="229"><net_src comp="212" pin="2"/><net_sink comp="224" pin=1"/></net>

<net id="234"><net_src comp="170" pin="3"/><net_sink comp="230" pin=0"/></net>

<net id="235"><net_src comp="26" pin="0"/><net_sink comp="230" pin=1"/></net>

<net id="240"><net_src comp="224" pin="2"/><net_sink comp="236" pin=0"/></net>

<net id="241"><net_src comp="164" pin="2"/><net_sink comp="236" pin=1"/></net>

<net id="247"><net_src comp="236" pin="2"/><net_sink comp="242" pin=0"/></net>

<net id="248"><net_src comp="10" pin="0"/><net_sink comp="242" pin=1"/></net>

<net id="249"><net_src comp="149" pin="1"/><net_sink comp="242" pin=2"/></net>

<net id="255"><net_src comp="224" pin="2"/><net_sink comp="250" pin=0"/></net>

<net id="256"><net_src comp="230" pin="2"/><net_sink comp="250" pin=1"/></net>

<net id="257"><net_src comp="170" pin="3"/><net_sink comp="250" pin=2"/></net>

<net id="261"><net_src comp="250" pin="3"/><net_sink comp="258" pin=0"/></net>

<net id="266"><net_src comp="208" pin="1"/><net_sink comp="262" pin=0"/></net>

<net id="267"><net_src comp="258" pin="1"/><net_sink comp="262" pin=1"/></net>

<net id="271"><net_src comp="262" pin="2"/><net_sink comp="268" pin=0"/></net>

<net id="275"><net_src comp="262" pin="2"/><net_sink comp="272" pin=0"/></net>

<net id="281"><net_src comp="28" pin="0"/><net_sink comp="276" pin=0"/></net>

<net id="282"><net_src comp="272" pin="1"/><net_sink comp="276" pin=1"/></net>

<net id="283"><net_src comp="10" pin="0"/><net_sink comp="276" pin=2"/></net>

<net id="288"><net_src comp="276" pin="3"/><net_sink comp="284" pin=0"/></net>

<net id="289"><net_src comp="268" pin="1"/><net_sink comp="284" pin=1"/></net>

<net id="293"><net_src comp="242" pin="3"/><net_sink comp="290" pin=0"/></net>

<net id="298"><net_src comp="284" pin="2"/><net_sink comp="294" pin=0"/></net>

<net id="299"><net_src comp="290" pin="1"/><net_sink comp="294" pin=1"/></net>

<net id="303"><net_src comp="294" pin="2"/><net_sink comp="300" pin=0"/></net>

<net id="304"><net_src comp="300" pin="1"/><net_sink comp="82" pin=2"/></net>

<net id="309"><net_src comp="242" pin="3"/><net_sink comp="305" pin=0"/></net>

<net id="310"><net_src comp="26" pin="0"/><net_sink comp="305" pin=1"/></net>

<net id="315"><net_src comp="131" pin="1"/><net_sink comp="311" pin=0"/></net>

<net id="316"><net_src comp="32" pin="0"/><net_sink comp="311" pin=1"/></net>

<net id="322"><net_src comp="164" pin="2"/><net_sink comp="317" pin=0"/></net>

<net id="323"><net_src comp="32" pin="0"/><net_sink comp="317" pin=1"/></net>

<net id="324"><net_src comp="311" pin="2"/><net_sink comp="317" pin=2"/></net>

<net id="329"><net_src comp="143" pin="2"/><net_sink comp="325" pin=0"/></net>

<net id="334"><net_src comp="178" pin="3"/><net_sink comp="330" pin=0"/></net>

<net id="339"><net_src comp="317" pin="3"/><net_sink comp="335" pin=0"/></net>

<net id="344"><net_src comp="250" pin="3"/><net_sink comp="340" pin=0"/></net>

<net id="349"><net_src comp="305" pin="2"/><net_sink comp="345" pin=0"/></net>

<net id="353"><net_src comp="89" pin="7"/><net_sink comp="350" pin=0"/></net>

<net id="360"><net_src comp="34" pin="0"/><net_sink comp="354" pin=0"/></net>

<net id="361"><net_src comp="350" pin="1"/><net_sink comp="354" pin=1"/></net>

<net id="362"><net_src comp="36" pin="0"/><net_sink comp="354" pin=2"/></net>

<net id="363"><net_src comp="38" pin="0"/><net_sink comp="354" pin=3"/></net>

<net id="367"><net_src comp="350" pin="1"/><net_sink comp="364" pin=0"/></net>

<net id="372"><net_src comp="354" pin="4"/><net_sink comp="368" pin=0"/></net>

<net id="373"><net_src comp="24" pin="0"/><net_sink comp="368" pin=1"/></net>

<net id="378"><net_src comp="364" pin="1"/><net_sink comp="374" pin=0"/></net>

<net id="379"><net_src comp="40" pin="0"/><net_sink comp="374" pin=1"/></net>

<net id="388"><net_src comp="380" pin="2"/><net_sink comp="384" pin=0"/></net>

<net id="389"><net_src comp="100" pin="2"/><net_sink comp="384" pin=1"/></net>

<net id="393"><net_src comp="62" pin="1"/><net_sink comp="390" pin=0"/></net>

<net id="394"><net_src comp="390" pin="1"/><net_sink comp="126" pin=1"/></net>

<net id="395"><net_src comp="390" pin="1"/><net_sink comp="149" pin=0"/></net>

<net id="396"><net_src comp="390" pin="1"/><net_sink comp="345" pin=1"/></net>

<net id="400"><net_src comp="66" pin="1"/><net_sink comp="397" pin=0"/></net>

<net id="401"><net_src comp="397" pin="1"/><net_sink comp="121" pin=1"/></net>

<net id="402"><net_src comp="397" pin="1"/><net_sink comp="152" pin=0"/></net>

<net id="403"><net_src comp="397" pin="1"/><net_sink comp="340" pin=1"/></net>

<net id="407"><net_src comp="70" pin="1"/><net_sink comp="404" pin=0"/></net>

<net id="408"><net_src comp="404" pin="1"/><net_sink comp="116" pin=1"/></net>

<net id="409"><net_src comp="404" pin="1"/><net_sink comp="131" pin=0"/></net>

<net id="410"><net_src comp="404" pin="1"/><net_sink comp="335" pin=1"/></net>

<net id="414"><net_src comp="74" pin="1"/><net_sink comp="411" pin=0"/></net>

<net id="415"><net_src comp="411" pin="1"/><net_sink comp="111" pin=1"/></net>

<net id="416"><net_src comp="411" pin="1"/><net_sink comp="155" pin=0"/></net>

<net id="417"><net_src comp="411" pin="1"/><net_sink comp="330" pin=1"/></net>

<net id="421"><net_src comp="78" pin="1"/><net_sink comp="418" pin=0"/></net>

<net id="422"><net_src comp="418" pin="1"/><net_sink comp="106" pin=1"/></net>

<net id="423"><net_src comp="418" pin="1"/><net_sink comp="134" pin=0"/></net>

<net id="424"><net_src comp="418" pin="1"/><net_sink comp="325" pin=1"/></net>

<net id="428"><net_src comp="137" pin="2"/><net_sink comp="425" pin=0"/></net>

<net id="432"><net_src comp="82" pin="3"/><net_sink comp="429" pin=0"/></net>

<net id="433"><net_src comp="429" pin="1"/><net_sink comp="89" pin=2"/></net>

<net id="434"><net_src comp="429" pin="1"/><net_sink comp="89" pin=0"/></net>

<net id="438"><net_src comp="89" pin="7"/><net_sink comp="435" pin=0"/></net>

<net id="439"><net_src comp="435" pin="1"/><net_sink comp="100" pin=0"/></net>

<net id="443"><net_src comp="368" pin="2"/><net_sink comp="440" pin=0"/></net>

<net id="444"><net_src comp="440" pin="1"/><net_sink comp="380" pin=1"/></net>

<net id="448"><net_src comp="374" pin="2"/><net_sink comp="445" pin=0"/></net>

<net id="449"><net_src comp="445" pin="1"/><net_sink comp="380" pin=0"/></net>

</net_list>

</model> 
---------------- Datapath Model END ------------------

* FSMD analyzer results:
  - Output states:
	Port: feat1 | {4 }
 - Input state : 
	Port: srcnn_Pipeline_VITIS_LOOP_18_1_VITIS_LOOP_19_2_VITIS_LOOP_20_3 : feat1 | {2 3 }
  - Chain level:
	State 1
		store_ln0 : 1
		store_ln0 : 1
		store_ln0 : 1
		store_ln0 : 1
		store_ln0 : 1
	State 2
		icmp_ln18 : 1
		add_ln18_1 : 1
		br_ln18 : 2
		add_ln18 : 1
		icmp_ln19 : 1
		select_ln18 : 2
		select_ln18_1 : 2
		zext_ln22 : 3
		tmp_4 : 3
		zext_ln22_1 : 4
		sub_ln22 : 5
		sext_ln19 : 6
		xor_ln18 : 2
		icmp_ln20 : 1
		and_ln18 : 2
		add_ln19 : 3
		or_ln19 : 2
		select_ln19 : 2
		select_ln19_1 : 2
		zext_ln22_2 : 3
		add_ln22 : 7
		sext_ln22 : 8
		trunc_ln22 : 8
		p_shl : 9
		sub_ln22_1 : 10
		zext_ln22_3 : 3
		add_ln22_1 : 11
		zext_ln22_4 : 12
		feat1_addr : 13
		feat1_load : 14
		add_ln20 : 3
		add_ln19_1 : 1
		select_ln19_2 : 2
		store_ln20 : 2
		store_ln20 : 3
		store_ln20 : 3
		store_ln20 : 3
		store_ln20 : 4
	State 3
		bitcast_ln22 : 1
		tmp : 2
		trunc_ln22_1 : 2
		icmp_ln22 : 3
		icmp_ln22_1 : 3
		tmp_1 : 1
	State 4
		and_ln22 : 1
		br_ln22 : 1


============================================================
+ Verbose Summary: Datapath Resource usage 
============================================================

* Functional unit list:
|----------|----------------------|---------|---------|
| Operation|    Functional Unit   |    FF   |   LUT   |
|----------|----------------------|---------|---------|
|          |   add_ln18_1_fu_143  |    0    |    29   |
|          |    add_ln18_fu_158   |    0    |    14   |
|          |    add_ln19_fu_230   |    0    |    15   |
|    add   |    add_ln22_fu_262   |    0    |    23   |
|          |   add_ln22_1_fu_294  |    0    |    22   |
|          |    add_ln20_fu_305   |    0    |    15   |
|          |   add_ln19_1_fu_311  |    0    |    23   |
|----------|----------------------|---------|---------|
|          |   icmp_ln18_fu_137   |    0    |    29   |
|          |   icmp_ln19_fu_164   |    0    |    23   |
|   icmp   |   icmp_ln20_fu_218   |    0    |    15   |
|          |   icmp_ln22_fu_368   |    0    |    15   |
|          |  icmp_ln22_1_fu_374  |    0    |    30   |
|----------|----------------------|---------|---------|
|          |  select_ln18_fu_170  |    0    |    8    |
|          | select_ln18_1_fu_178 |    0    |    7    |
|  select  |  select_ln19_fu_242  |    0    |    8    |
|          | select_ln19_1_fu_250 |    0    |    8    |
|          | select_ln19_2_fu_317 |    0    |    16   |
|----------|----------------------|---------|---------|
|    sub   |    sub_ln22_fu_202   |    0    |    22   |
|          |   sub_ln22_1_fu_284  |    0    |    22   |
|----------|----------------------|---------|---------|
|    and   |    and_ln18_fu_224   |    0    |    2    |
|          |    and_ln22_fu_384   |    0    |    2    |
|----------|----------------------|---------|---------|
|    or    |    or_ln19_fu_236    |    0    |    2    |
|          |    or_ln22_fu_380    |    0    |    2    |
|----------|----------------------|---------|---------|
|    xor   |    xor_ln18_fu_212   |    0    |    2    |
|----------|----------------------|---------|---------|
|   fcmp   |      grp_fu_100      |    0    |    0    |
|----------|----------------------|---------|---------|
|          |   zext_ln22_fu_186   |    0    |    0    |
|          |  zext_ln22_1_fu_198  |    0    |    0    |
|   zext   |  zext_ln22_2_fu_258  |    0    |    0    |
|          |  zext_ln22_3_fu_290  |    0    |    0    |
|          |  zext_ln22_4_fu_300  |    0    |    0    |
|----------|----------------------|---------|---------|
|bitconcatenate|     tmp_4_fu_190     |    0    |    0    |
|          |     p_shl_fu_276     |    0    |    0    |
|----------|----------------------|---------|---------|
|   sext   |   sext_ln19_fu_208   |    0    |    0    |
|          |   sext_ln22_fu_268   |    0    |    0    |
|----------|----------------------|---------|---------|
|   trunc  |   trunc_ln22_fu_272  |    0    |    0    |
|          |  trunc_ln22_1_fu_364 |    0    |    0    |
|----------|----------------------|---------|---------|
|partselect|      tmp_fu_354      |    0    |    0    |
|----------|----------------------|---------|---------|
|   Total  |                      |    0    |   354   |
|----------|----------------------|---------|---------|

Memories:
N/A

* Register list:
+------------------------+--------+
|                        |   FF   |
+------------------------+--------+
|        c_reg_411       |    7   |
|   feat1_addr_reg_429   |   22   |
|   feat1_load_reg_435   |   32   |
|    icmp_ln18_reg_425   |    1   |
|   icmp_ln22_1_reg_445  |    1   |
|    icmp_ln22_reg_440   |    1   |
|indvar_flatten12_reg_418|   22   |
| indvar_flatten_reg_404 |   16   |
|        x_reg_390       |    8   |
|        y_reg_397       |    8   |
+------------------------+--------+
|          Total         |   118  |
+------------------------+--------+

* Multiplexer (MUX) list: 
|------------------|------|------|------|--------||---------||---------|
|       Comp       |  Pin | Size |  BW  | S x BW ||  Delay  ||   LUT   |
|------------------|------|------|------|--------||---------||---------|
| grp_access_fu_89 |  p2  |   2  |   0  |    0   ||    9    |
|    grp_fu_100    |  p0  |   2  |  32  |   64   ||    9    |
|------------------|------|------|------|--------||---------||---------|
|       Total      |      |      |      |   64   ||  0.854  ||    18   |
|------------------|------|------|------|--------||---------||---------|



* Summary:
+-----------+--------+--------+--------+
|           |  Delay |   FF   |   LUT  |
+-----------+--------+--------+--------+
|  Function |    -   |    0   |   354  |
|   Memory  |    -   |    -   |    -   |
|Multiplexer|    0   |    -   |   18   |
|  Register |    -   |   118  |    -   |
+-----------+--------+--------+--------+
|   Total   |    0   |   118  |   372  |
+-----------+--------+--------+--------+
