C:\Xilinx\golden\srcnn_hls\solution1\.autopilot\db\srcnn.pp.0.cpp:214:5: warning: Added loop label VITIS_LOOP_18_1:   [xilinx-label-all-loops]
    for (int c = 0; c < 64; ++c)
    ^~~
    VITIS_LOOP_18_1: 
C:\Xilinx\golden\srcnn_hls\solution1\.autopilot\db\srcnn.pp.0.cpp:214:5: note: FIX-IT applied suggested code changes
C:\Xilinx\golden\srcnn_hls\solution1\.autopilot\db\srcnn.pp.0.cpp:215:7: warning: Added loop label VITIS_LOOP_19_2:   [xilinx-label-all-loops]
      for (int y = 0; y < 255; ++y)
      ^~~
      VITIS_LOOP_19_2: 
C:\Xilinx\golden\srcnn_hls\solution1\.autopilot\db\srcnn.pp.0.cpp:215:7: note: FIX-IT applied suggested code changes
C:\Xilinx\golden\srcnn_hls\solution1\.autopilot\db\srcnn.pp.0.cpp:216:9: warning: Added loop label VITIS_LOOP_20_3:   [xilinx-label-all-loops]
        for (int x = 0; x < 255; ++x) {
        ^~~
        VITIS_LOOP_20_3: 
C:\Xilinx\golden\srcnn_hls\solution1\.autopilot\db\srcnn.pp.0.cpp:216:9: note: FIX-IT applied suggested code changes
C:\Xilinx\golden\srcnn_hls\solution1\.autopilot\db\srcnn.pp.0.cpp:223:5: warning: Added loop label VITIS_LOOP_27_4:   [xilinx-label-all-loops]
    for (int c = 0; c < 32; ++c)
    ^~~
    VITIS_LOOP_27_4: 
C:\Xilinx\golden\srcnn_hls\solution1\.autopilot\db\srcnn.pp.0.cpp:223:5: note: FIX-IT applied suggested code changes
C:\Xilinx\golden\srcnn_hls\solution1\.autopilot\db\srcnn.pp.0.cpp:224:7: warning: Added loop label VITIS_LOOP_28_5:   [xilinx-label-all-loops]
      for (int y = 0; y < 255; ++y)
      ^~~
      VITIS_LOOP_28_5: 
C:\Xilinx\golden\srcnn_hls\solution1\.autopilot\db\srcnn.pp.0.cpp:224:7: note: FIX-IT applied suggested code changes
C:\Xilinx\golden\srcnn_hls\solution1\.autopilot\db\srcnn.pp.0.cpp:225:9: warning: Added loop label VITIS_LOOP_29_6:   [xilinx-label-all-loops]
        for (int x = 0; x < 255; ++x) {
        ^~~
        VITIS_LOOP_29_6: 
C:\Xilinx\golden\srcnn_hls\solution1\.autopilot\db\srcnn.pp.0.cpp:225:9: note: FIX-IT applied suggested code changes
