

================================================================
== Vitis HLS Report for 'srcnn_top'
================================================================
* Date:           Fri Oct 31 01:55:00 2025

* Version:        2023.1 (Build 3854077 on May  4 2023)
* Project:        srcnn_hls
* Solution:       solution1 (Vivado IP Flow Target)
* Product family: zynquplus
* Target device:  xck26-sfvc784-2LV-c


================================================================
== Performance Estimates
================================================================
+ Timing: 
    * Summary: 
    +--------+----------+----------+------------+
    |  Clock |  Target  | Estimated| Uncertainty|
    +--------+----------+----------+------------+
    |ap_clk  |  10.00 ns|  7.300 ns|     2.70 ns|
    +--------+----------+----------+------------+

+ Latency: 
    * Summary: 
    +----------+------------+-----------+------------+----------+------------+---------+
    |    Latency (cycles)   |   Latency (absolute)   |        Interval       | Pipeline|
    |    min   |     max    |    min    |     max    |    min   |     max    |   Type  |
    +----------+------------+-----------+------------+----------+------------+---------+
    |  89950472|  1042922760|  0.900 sec|  10.429 sec|  89950473|  1042922761|       no|
    +----------+------------+-----------+------------+----------+------------+---------+

    + Detail: 
        * Instance: 
        N/A

        * Loop: 
        N/A

============================================================
+ Verbose Summary: Synthesis Manager
============================================================
InlineROM: 1
ExposeGlobal: 0
============================================================
+ Verbose Summary: CDFG Model
============================================================
IsTopModel: 1
ResetActiveHigh: 1
IsCombinational: 0
IsDatapathOnly: 0
HasWiredReturn: 1
HasMFsm: 0
HasVarLatency: 1
IsPipeline: 0
IsRtlPipelined: 0
IsInstanceOverlapped: 0
IsDontTouch: 0
HasImplIP: 0
IsGatedGlobalClock: 0


============================================================
+ Verbose Summary: Schedule
============================================================
* Number of FSM states : 6
* Pipeline : 0
* Dataflow Pipeline: 0

* FSM state transitions: 
1 --> 2 
2 --> 3 
3 --> 4 
4 --> 5 
5 --> 6 
6 --> 

* FSM state operations: 

State 1 <SV = 0> <Delay = 1.00>
ST_1 : Operation 7 [1/1] (1.00ns)   --->   "%output_ftmap_read = read i64 @_ssdm_op_Read.s_axilite.i64, i64 %output_ftmap" [src/srcnn_top.cpp:4]   --->   Operation 7 'read' 'output_ftmap_read' <Predicate = true> <Delay = 1.00> <CoreInst = "s_axilite">   --->   Core 122 's_axilite' <Latency = 0> <II = 1> <Delay = 1.00> <Adapter> <Opcode : 'read' 'write'>
ST_1 : Operation 8 [1/1] (1.00ns)   --->   "%conv3_biases_read = read i64 @_ssdm_op_Read.s_axilite.i64, i64 %conv3_biases" [src/srcnn_top.cpp:4]   --->   Operation 8 'read' 'conv3_biases_read' <Predicate = true> <Delay = 1.00> <CoreInst = "s_axilite">   --->   Core 122 's_axilite' <Latency = 0> <II = 1> <Delay = 1.00> <Adapter> <Opcode : 'read' 'write'>
ST_1 : Operation 9 [1/1] (1.00ns)   --->   "%conv3_weights_read = read i64 @_ssdm_op_Read.s_axilite.i64, i64 %conv3_weights" [src/srcnn_top.cpp:4]   --->   Operation 9 'read' 'conv3_weights_read' <Predicate = true> <Delay = 1.00> <CoreInst = "s_axilite">   --->   Core 122 's_axilite' <Latency = 0> <II = 1> <Delay = 1.00> <Adapter> <Opcode : 'read' 'write'>
ST_1 : Operation 10 [1/1] (1.00ns)   --->   "%conv2_out_read = read i64 @_ssdm_op_Read.s_axilite.i64, i64 %conv2_out" [src/srcnn_top.cpp:4]   --->   Operation 10 'read' 'conv2_out_read' <Predicate = true> <Delay = 1.00> <CoreInst = "s_axilite">   --->   Core 122 's_axilite' <Latency = 0> <II = 1> <Delay = 1.00> <Adapter> <Opcode : 'read' 'write'>
ST_1 : Operation 11 [1/1] (1.00ns)   --->   "%conv2_biases_read = read i64 @_ssdm_op_Read.s_axilite.i64, i64 %conv2_biases" [src/srcnn_top.cpp:4]   --->   Operation 11 'read' 'conv2_biases_read' <Predicate = true> <Delay = 1.00> <CoreInst = "s_axilite">   --->   Core 122 's_axilite' <Latency = 0> <II = 1> <Delay = 1.00> <Adapter> <Opcode : 'read' 'write'>
ST_1 : Operation 12 [1/1] (1.00ns)   --->   "%conv2_weights_read = read i64 @_ssdm_op_Read.s_axilite.i64, i64 %conv2_weights" [src/srcnn_top.cpp:4]   --->   Operation 12 'read' 'conv2_weights_read' <Predicate = true> <Delay = 1.00> <CoreInst = "s_axilite">   --->   Core 122 's_axilite' <Latency = 0> <II = 1> <Delay = 1.00> <Adapter> <Opcode : 'read' 'write'>
ST_1 : Operation 13 [1/1] (1.00ns)   --->   "%conv1_out_read = read i64 @_ssdm_op_Read.s_axilite.i64, i64 %conv1_out" [src/srcnn_top.cpp:4]   --->   Operation 13 'read' 'conv1_out_read' <Predicate = true> <Delay = 1.00> <CoreInst = "s_axilite">   --->   Core 122 's_axilite' <Latency = 0> <II = 1> <Delay = 1.00> <Adapter> <Opcode : 'read' 'write'>
ST_1 : Operation 14 [1/1] (1.00ns)   --->   "%conv1_biases_read = read i64 @_ssdm_op_Read.s_axilite.i64, i64 %conv1_biases" [src/srcnn_top.cpp:4]   --->   Operation 14 'read' 'conv1_biases_read' <Predicate = true> <Delay = 1.00> <CoreInst = "s_axilite">   --->   Core 122 's_axilite' <Latency = 0> <II = 1> <Delay = 1.00> <Adapter> <Opcode : 'read' 'write'>
ST_1 : Operation 15 [1/1] (1.00ns)   --->   "%conv1_weights_read = read i64 @_ssdm_op_Read.s_axilite.i64, i64 %conv1_weights" [src/srcnn_top.cpp:4]   --->   Operation 15 'read' 'conv1_weights_read' <Predicate = true> <Delay = 1.00> <CoreInst = "s_axilite">   --->   Core 122 's_axilite' <Latency = 0> <II = 1> <Delay = 1.00> <Adapter> <Opcode : 'read' 'write'>
ST_1 : Operation 16 [1/1] (1.00ns)   --->   "%input_ftmap_read = read i64 @_ssdm_op_Read.s_axilite.i64, i64 %input_ftmap" [src/srcnn_top.cpp:4]   --->   Operation 16 'read' 'input_ftmap_read' <Predicate = true> <Delay = 1.00> <CoreInst = "s_axilite">   --->   Core 122 's_axilite' <Latency = 0> <II = 1> <Delay = 1.00> <Adapter> <Opcode : 'read' 'write'>
ST_1 : Operation 17 [2/2] (0.00ns)   --->   "%call_ln43 = call void @conv1, i32 %in_r, i64 %input_ftmap_read, i32 %w1, i64 %conv1_weights_read, i64 %conv1_biases_read, i32 %feat, i64 %conv1_out_read, i32 %out_tile_2, i32 %in_tile_1_0, i32 %p_ZZ5conv1PA255_A255_fPA1_A9_A9_fPfS1_E6w_tile_0_0_0, i32 %p_ZZ5conv1PA255_A255_fPA1_A9_A9_fPfS1_E6w_tile_0_1_0, i32 %p_ZZ5conv1PA255_A255_fPA1_A9_A9_fPfS1_E6w_tile_0_2_0, i32 %p_ZZ5conv1PA255_A255_fPA1_A9_A9_fPfS1_E6w_tile_0_3_0, i32 %p_ZZ5conv1PA255_A255_fPA1_A9_A9_fPfS1_E6w_tile_0_4_0, i32 %p_ZZ5conv1PA255_A255_fPA1_A9_A9_fPfS1_E6w_tile_0_5_0, i32 %p_ZZ5conv1PA255_A255_fPA1_A9_A9_fPfS1_E6w_tile_0_6_0, i32 %p_ZZ5conv1PA255_A255_fPA1_A9_A9_fPfS1_E6w_tile_0_7_0, i32 %p_ZZ5conv1PA255_A255_fPA1_A9_A9_fPfS1_E6w_tile_0_8_0, i32 %p_ZZ5conv1PA255_A255_fPA1_A9_A9_fPfS1_E6w_tile_1_0_0, i32 %p_ZZ5conv1PA255_A255_fPA1_A9_A9_fPfS1_E6w_tile_1_1_0, i32 %p_ZZ5conv1PA255_A255_fPA1_A9_A9_fPfS1_E6w_tile_1_2_0, i32 %p_ZZ5conv1PA255_A255_fPA1_A9_A9_fPfS1_E6w_tile_1_3_0, i32 %p_ZZ5conv1PA255_A255_fPA1_A9_A9_fPfS1_E6w_tile_1_4_0, i32 %p_ZZ5conv1PA255_A255_fPA1_A9_A9_fPfS1_E6w_tile_1_5_0, i32 %p_ZZ5conv1PA255_A255_fPA1_A9_A9_fPfS1_E6w_tile_1_6_0, i32 %p_ZZ5conv1PA255_A255_fPA1_A9_A9_fPfS1_E6w_tile_1_7_0, i32 %p_ZZ5conv1PA255_A255_fPA1_A9_A9_fPfS1_E6w_tile_1_8_0, i32 %p_ZZ5conv1PA255_A255_fPA1_A9_A9_fPfS1_E6w_tile_2_0_0, i32 %p_ZZ5conv1PA255_A255_fPA1_A9_A9_fPfS1_E6w_tile_2_1_0, i32 %p_ZZ5conv1PA255_A255_fPA1_A9_A9_fPfS1_E6w_tile_2_2_0, i32 %p_ZZ5conv1PA255_A255_fPA1_A9_A9_fPfS1_E6w_tile_2_3_0, i32 %p_ZZ5conv1PA255_A255_fPA1_A9_A9_fPfS1_E6w_tile_2_4_0, i32 %p_ZZ5conv1PA255_A255_fPA1_A9_A9_fPfS1_E6w_tile_2_5_0, i32 %p_ZZ5conv1PA255_A255_fPA1_A9_A9_fPfS1_E6w_tile_2_6_0, i32 %p_ZZ5conv1PA255_A255_fPA1_A9_A9_fPfS1_E6w_tile_2_7_0, i32 %p_ZZ5conv1PA255_A255_fPA1_A9_A9_fPfS1_E6w_tile_2_8_0, i32 %p_ZZ5conv1PA255_A255_fPA1_A9_A9_fPfS1_E6w_tile_3_0_0, i32 %p_ZZ5conv1PA255_A255_fPA1_A9_A9_fPfS1_E6w_tile_3_1_0, i32 %p_ZZ5conv1PA255_A255_fPA1_A9_A9_fPfS1_E6w_tile_3_2_0, i32 %p_ZZ5conv1PA255_A255_fPA1_A9_A9_fPfS1_E6w_tile_3_3_0, i32 %p_ZZ5conv1PA255_A255_fPA1_A9_A9_fPfS1_E6w_tile_3_4_0, i32 %p_ZZ5conv1PA255_A255_fPA1_A9_A9_fPfS1_E6w_tile_3_5_0, i32 %p_ZZ5conv1PA255_A255_fPA1_A9_A9_fPfS1_E6w_tile_3_6_0, i32 %p_ZZ5conv1PA255_A255_fPA1_A9_A9_fPfS1_E6w_tile_3_7_0, i32 %p_ZZ5conv1PA255_A255_fPA1_A9_A9_fPfS1_E6w_tile_3_8_0, i32 %p_ZZ5conv1PA255_A255_fPA1_A9_A9_fPfS1_E6w_tile_4_0_0, i32 %p_ZZ5conv1PA255_A255_fPA1_A9_A9_fPfS1_E6w_tile_4_1_0, i32 %p_ZZ5conv1PA255_A255_fPA1_A9_A9_fPfS1_E6w_tile_4_2_0, i32 %p_ZZ5conv1PA255_A255_fPA1_A9_A9_fPfS1_E6w_tile_4_3_0, i32 %p_ZZ5conv1PA255_A255_fPA1_A9_A9_fPfS1_E6w_tile_4_4_0, i32 %p_ZZ5conv1PA255_A255_fPA1_A9_A9_fPfS1_E6w_tile_4_5_0, i32 %p_ZZ5conv1PA255_A255_fPA1_A9_A9_fPfS1_E6w_tile_4_6_0, i32 %p_ZZ5conv1PA255_A255_fPA1_A9_A9_fPfS1_E6w_tile_4_7_0, i32 %p_ZZ5conv1PA255_A255_fPA1_A9_A9_fPfS1_E6w_tile_4_8_0, i32 %p_ZZ5conv1PA255_A255_fPA1_A9_A9_fPfS1_E6w_tile_5_0_0, i32 %p_ZZ5conv1PA255_A255_fPA1_A9_A9_fPfS1_E6w_tile_5_1_0, i32 %p_ZZ5conv1PA255_A255_fPA1_A9_A9_fPfS1_E6w_tile_5_2_0, i32 %p_ZZ5conv1PA255_A255_fPA1_A9_A9_fPfS1_E6w_tile_5_3_0, i32 %p_ZZ5conv1PA255_A255_fPA1_A9_A9_fPfS1_E6w_tile_5_4_0, i32 %p_ZZ5conv1PA255_A255_fPA1_A9_A9_fPfS1_E6w_tile_5_5_0, i32 %p_ZZ5conv1PA255_A255_fPA1_A9_A9_fPfS1_E6w_tile_5_6_0, i32 %p_ZZ5conv1PA255_A255_fPA1_A9_A9_fPfS1_E6w_tile_5_7_0, i32 %p_ZZ5conv1PA255_A255_fPA1_A9_A9_fPfS1_E6w_tile_5_8_0, i32 %p_ZZ5conv1PA255_A255_fPA1_A9_A9_fPfS1_E6w_tile_6_0_0, i32 %p_ZZ5conv1PA255_A255_fPA1_A9_A9_fPfS1_E6w_tile_6_1_0, i32 %p_ZZ5conv1PA255_A255_fPA1_A9_A9_fPfS1_E6w_tile_6_2_0, i32 %p_ZZ5conv1PA255_A255_fPA1_A9_A9_fPfS1_E6w_tile_6_3_0, i32 %p_ZZ5conv1PA255_A255_fPA1_A9_A9_fPfS1_E6w_tile_6_4_0, i32 %p_ZZ5conv1PA255_A255_fPA1_A9_A9_fPfS1_E6w_tile_6_5_0, i32 %p_ZZ5conv1PA255_A255_fPA1_A9_A9_fPfS1_E6w_tile_6_6_0, i32 %p_ZZ5conv1PA255_A255_fPA1_A9_A9_fPfS1_E6w_tile_6_7_0, i32 %p_ZZ5conv1PA255_A255_fPA1_A9_A9_fPfS1_E6w_tile_6_8_0, i32 %p_ZZ5conv1PA255_A255_fPA1_A9_A9_fPfS1_E6w_tile_7_0_0, i32 %p_ZZ5conv1PA255_A255_fPA1_A9_A9_fPfS1_E6w_tile_7_1_0, i32 %p_ZZ5conv1PA255_A255_fPA1_A9_A9_fPfS1_E6w_tile_7_2_0, i32 %p_ZZ5conv1PA255_A255_fPA1_A9_A9_fPfS1_E6w_tile_7_3_0, i32 %p_ZZ5conv1PA255_A255_fPA1_A9_A9_fPfS1_E6w_tile_7_4_0, i32 %p_ZZ5conv1PA255_A255_fPA1_A9_A9_fPfS1_E6w_tile_7_5_0, i32 %p_ZZ5conv1PA255_A255_fPA1_A9_A9_fPfS1_E6w_tile_7_6_0, i32 %p_ZZ5conv1PA255_A255_fPA1_A9_A9_fPfS1_E6w_tile_7_7_0, i32 %p_ZZ5conv1PA255_A255_fPA1_A9_A9_fPfS1_E6w_tile_7_8_0, i32 %p_ZZ5conv1PA255_A255_fPA1_A9_A9_fPfS1_E6w_tile_8_0_0, i32 %p_ZZ5conv1PA255_A255_fPA1_A9_A9_fPfS1_E6w_tile_8_1_0, i32 %p_ZZ5conv1PA255_A255_fPA1_A9_A9_fPfS1_E6w_tile_8_2_0, i32 %p_ZZ5conv1PA255_A255_fPA1_A9_A9_fPfS1_E6w_tile_8_3_0, i32 %p_ZZ5conv1PA255_A255_fPA1_A9_A9_fPfS1_E6w_tile_8_4_0, i32 %p_ZZ5conv1PA255_A255_fPA1_A9_A9_fPfS1_E6w_tile_8_5_0, i32 %p_ZZ5conv1PA255_A255_fPA1_A9_A9_fPfS1_E6w_tile_8_6_0, i32 %p_ZZ5conv1PA255_A255_fPA1_A9_A9_fPfS1_E6w_tile_8_7_0, i32 %p_ZZ5conv1PA255_A255_fPA1_A9_A9_fPfS1_E6w_tile_8_8_0" [src/srcnn_top.cpp:43]   --->   Operation 17 'call' 'call_ln43' <Predicate = true> <Delay = 0.00> <CoreType = "Generic">   --->   Core 0 '' <Latency = 0> <II = 1> <Delay = 1.00> <Generic> <Opcode : >

State 2 <SV = 1> <Delay = 0.00>
ST_2 : Operation 18 [1/2] (0.00ns)   --->   "%call_ln43 = call void @conv1, i32 %in_r, i64 %input_ftmap_read, i32 %w1, i64 %conv1_weights_read, i64 %conv1_biases_read, i32 %feat, i64 %conv1_out_read, i32 %out_tile_2, i32 %in_tile_1_0, i32 %p_ZZ5conv1PA255_A255_fPA1_A9_A9_fPfS1_E6w_tile_0_0_0, i32 %p_ZZ5conv1PA255_A255_fPA1_A9_A9_fPfS1_E6w_tile_0_1_0, i32 %p_ZZ5conv1PA255_A255_fPA1_A9_A9_fPfS1_E6w_tile_0_2_0, i32 %p_ZZ5conv1PA255_A255_fPA1_A9_A9_fPfS1_E6w_tile_0_3_0, i32 %p_ZZ5conv1PA255_A255_fPA1_A9_A9_fPfS1_E6w_tile_0_4_0, i32 %p_ZZ5conv1PA255_A255_fPA1_A9_A9_fPfS1_E6w_tile_0_5_0, i32 %p_ZZ5conv1PA255_A255_fPA1_A9_A9_fPfS1_E6w_tile_0_6_0, i32 %p_ZZ5conv1PA255_A255_fPA1_A9_A9_fPfS1_E6w_tile_0_7_0, i32 %p_ZZ5conv1PA255_A255_fPA1_A9_A9_fPfS1_E6w_tile_0_8_0, i32 %p_ZZ5conv1PA255_A255_fPA1_A9_A9_fPfS1_E6w_tile_1_0_0, i32 %p_ZZ5conv1PA255_A255_fPA1_A9_A9_fPfS1_E6w_tile_1_1_0, i32 %p_ZZ5conv1PA255_A255_fPA1_A9_A9_fPfS1_E6w_tile_1_2_0, i32 %p_ZZ5conv1PA255_A255_fPA1_A9_A9_fPfS1_E6w_tile_1_3_0, i32 %p_ZZ5conv1PA255_A255_fPA1_A9_A9_fPfS1_E6w_tile_1_4_0, i32 %p_ZZ5conv1PA255_A255_fPA1_A9_A9_fPfS1_E6w_tile_1_5_0, i32 %p_ZZ5conv1PA255_A255_fPA1_A9_A9_fPfS1_E6w_tile_1_6_0, i32 %p_ZZ5conv1PA255_A255_fPA1_A9_A9_fPfS1_E6w_tile_1_7_0, i32 %p_ZZ5conv1PA255_A255_fPA1_A9_A9_fPfS1_E6w_tile_1_8_0, i32 %p_ZZ5conv1PA255_A255_fPA1_A9_A9_fPfS1_E6w_tile_2_0_0, i32 %p_ZZ5conv1PA255_A255_fPA1_A9_A9_fPfS1_E6w_tile_2_1_0, i32 %p_ZZ5conv1PA255_A255_fPA1_A9_A9_fPfS1_E6w_tile_2_2_0, i32 %p_ZZ5conv1PA255_A255_fPA1_A9_A9_fPfS1_E6w_tile_2_3_0, i32 %p_ZZ5conv1PA255_A255_fPA1_A9_A9_fPfS1_E6w_tile_2_4_0, i32 %p_ZZ5conv1PA255_A255_fPA1_A9_A9_fPfS1_E6w_tile_2_5_0, i32 %p_ZZ5conv1PA255_A255_fPA1_A9_A9_fPfS1_E6w_tile_2_6_0, i32 %p_ZZ5conv1PA255_A255_fPA1_A9_A9_fPfS1_E6w_tile_2_7_0, i32 %p_ZZ5conv1PA255_A255_fPA1_A9_A9_fPfS1_E6w_tile_2_8_0, i32 %p_ZZ5conv1PA255_A255_fPA1_A9_A9_fPfS1_E6w_tile_3_0_0, i32 %p_ZZ5conv1PA255_A255_fPA1_A9_A9_fPfS1_E6w_tile_3_1_0, i32 %p_ZZ5conv1PA255_A255_fPA1_A9_A9_fPfS1_E6w_tile_3_2_0, i32 %p_ZZ5conv1PA255_A255_fPA1_A9_A9_fPfS1_E6w_tile_3_3_0, i32 %p_ZZ5conv1PA255_A255_fPA1_A9_A9_fPfS1_E6w_tile_3_4_0, i32 %p_ZZ5conv1PA255_A255_fPA1_A9_A9_fPfS1_E6w_tile_3_5_0, i32 %p_ZZ5conv1PA255_A255_fPA1_A9_A9_fPfS1_E6w_tile_3_6_0, i32 %p_ZZ5conv1PA255_A255_fPA1_A9_A9_fPfS1_E6w_tile_3_7_0, i32 %p_ZZ5conv1PA255_A255_fPA1_A9_A9_fPfS1_E6w_tile_3_8_0, i32 %p_ZZ5conv1PA255_A255_fPA1_A9_A9_fPfS1_E6w_tile_4_0_0, i32 %p_ZZ5conv1PA255_A255_fPA1_A9_A9_fPfS1_E6w_tile_4_1_0, i32 %p_ZZ5conv1PA255_A255_fPA1_A9_A9_fPfS1_E6w_tile_4_2_0, i32 %p_ZZ5conv1PA255_A255_fPA1_A9_A9_fPfS1_E6w_tile_4_3_0, i32 %p_ZZ5conv1PA255_A255_fPA1_A9_A9_fPfS1_E6w_tile_4_4_0, i32 %p_ZZ5conv1PA255_A255_fPA1_A9_A9_fPfS1_E6w_tile_4_5_0, i32 %p_ZZ5conv1PA255_A255_fPA1_A9_A9_fPfS1_E6w_tile_4_6_0, i32 %p_ZZ5conv1PA255_A255_fPA1_A9_A9_fPfS1_E6w_tile_4_7_0, i32 %p_ZZ5conv1PA255_A255_fPA1_A9_A9_fPfS1_E6w_tile_4_8_0, i32 %p_ZZ5conv1PA255_A255_fPA1_A9_A9_fPfS1_E6w_tile_5_0_0, i32 %p_ZZ5conv1PA255_A255_fPA1_A9_A9_fPfS1_E6w_tile_5_1_0, i32 %p_ZZ5conv1PA255_A255_fPA1_A9_A9_fPfS1_E6w_tile_5_2_0, i32 %p_ZZ5conv1PA255_A255_fPA1_A9_A9_fPfS1_E6w_tile_5_3_0, i32 %p_ZZ5conv1PA255_A255_fPA1_A9_A9_fPfS1_E6w_tile_5_4_0, i32 %p_ZZ5conv1PA255_A255_fPA1_A9_A9_fPfS1_E6w_tile_5_5_0, i32 %p_ZZ5conv1PA255_A255_fPA1_A9_A9_fPfS1_E6w_tile_5_6_0, i32 %p_ZZ5conv1PA255_A255_fPA1_A9_A9_fPfS1_E6w_tile_5_7_0, i32 %p_ZZ5conv1PA255_A255_fPA1_A9_A9_fPfS1_E6w_tile_5_8_0, i32 %p_ZZ5conv1PA255_A255_fPA1_A9_A9_fPfS1_E6w_tile_6_0_0, i32 %p_ZZ5conv1PA255_A255_fPA1_A9_A9_fPfS1_E6w_tile_6_1_0, i32 %p_ZZ5conv1PA255_A255_fPA1_A9_A9_fPfS1_E6w_tile_6_2_0, i32 %p_ZZ5conv1PA255_A255_fPA1_A9_A9_fPfS1_E6w_tile_6_3_0, i32 %p_ZZ5conv1PA255_A255_fPA1_A9_A9_fPfS1_E6w_tile_6_4_0, i32 %p_ZZ5conv1PA255_A255_fPA1_A9_A9_fPfS1_E6w_tile_6_5_0, i32 %p_ZZ5conv1PA255_A255_fPA1_A9_A9_fPfS1_E6w_tile_6_6_0, i32 %p_ZZ5conv1PA255_A255_fPA1_A9_A9_fPfS1_E6w_tile_6_7_0, i32 %p_ZZ5conv1PA255_A255_fPA1_A9_A9_fPfS1_E6w_tile_6_8_0, i32 %p_ZZ5conv1PA255_A255_fPA1_A9_A9_fPfS1_E6w_tile_7_0_0, i32 %p_ZZ5conv1PA255_A255_fPA1_A9_A9_fPfS1_E6w_tile_7_1_0, i32 %p_ZZ5conv1PA255_A255_fPA1_A9_A9_fPfS1_E6w_tile_7_2_0, i32 %p_ZZ5conv1PA255_A255_fPA1_A9_A9_fPfS1_E6w_tile_7_3_0, i32 %p_ZZ5conv1PA255_A255_fPA1_A9_A9_fPfS1_E6w_tile_7_4_0, i32 %p_ZZ5conv1PA255_A255_fPA1_A9_A9_fPfS1_E6w_tile_7_5_0, i32 %p_ZZ5conv1PA255_A255_fPA1_A9_A9_fPfS1_E6w_tile_7_6_0, i32 %p_ZZ5conv1PA255_A255_fPA1_A9_A9_fPfS1_E6w_tile_7_7_0, i32 %p_ZZ5conv1PA255_A255_fPA1_A9_A9_fPfS1_E6w_tile_7_8_0, i32 %p_ZZ5conv1PA255_A255_fPA1_A9_A9_fPfS1_E6w_tile_8_0_0, i32 %p_ZZ5conv1PA255_A255_fPA1_A9_A9_fPfS1_E6w_tile_8_1_0, i32 %p_ZZ5conv1PA255_A255_fPA1_A9_A9_fPfS1_E6w_tile_8_2_0, i32 %p_ZZ5conv1PA255_A255_fPA1_A9_A9_fPfS1_E6w_tile_8_3_0, i32 %p_ZZ5conv1PA255_A255_fPA1_A9_A9_fPfS1_E6w_tile_8_4_0, i32 %p_ZZ5conv1PA255_A255_fPA1_A9_A9_fPfS1_E6w_tile_8_5_0, i32 %p_ZZ5conv1PA255_A255_fPA1_A9_A9_fPfS1_E6w_tile_8_6_0, i32 %p_ZZ5conv1PA255_A255_fPA1_A9_A9_fPfS1_E6w_tile_8_7_0, i32 %p_ZZ5conv1PA255_A255_fPA1_A9_A9_fPfS1_E6w_tile_8_8_0" [src/srcnn_top.cpp:43]   --->   Operation 18 'call' 'call_ln43' <Predicate = true> <Delay = 0.00> <CoreType = "Generic">   --->   Core 0 '' <Latency = 0> <II = 1> <Delay = 1.00> <Generic> <Opcode : >

State 3 <SV = 2> <Delay = 0.00>
ST_3 : Operation 19 [2/2] (0.00ns)   --->   "%call_ln45 = call void @conv2, i32 %feat, i64 %conv1_out_read, i32 %w2, i64 %conv2_weights_read, i64 %conv2_biases_read, i64 %conv2_out_read, i32 %out_tile_1, i32 %in_tile_0, i32 %w_tile_0" [src/srcnn_top.cpp:45]   --->   Operation 19 'call' 'call_ln45' <Predicate = true> <Delay = 0.00> <CoreType = "Generic">   --->   Core 0 '' <Latency = 0> <II = 1> <Delay = 1.00> <Generic> <Opcode : >

State 4 <SV = 3> <Delay = 0.00>
ST_4 : Operation 20 [1/2] (0.00ns)   --->   "%call_ln45 = call void @conv2, i32 %feat, i64 %conv1_out_read, i32 %w2, i64 %conv2_weights_read, i64 %conv2_biases_read, i64 %conv2_out_read, i32 %out_tile_1, i32 %in_tile_0, i32 %w_tile_0" [src/srcnn_top.cpp:45]   --->   Operation 20 'call' 'call_ln45' <Predicate = true> <Delay = 0.00> <CoreType = "Generic">   --->   Core 0 '' <Latency = 0> <II = 1> <Delay = 1.00> <Generic> <Opcode : >

State 5 <SV = 4> <Delay = 0.00>
ST_5 : Operation 21 [2/2] (0.00ns)   --->   "%call_ln47 = call void @conv3, i32 %feat, i64 %conv2_out_read, i32 %w3, i64 %conv3_weights_read, i64 %conv3_biases_read, i32 %out_r, i64 %output_ftmap_read, i32 %out_tile, i32 %p_ZZ5conv3PA255_A255_fPA32_A5_A5_fPfS1_E7in_tile_0_0_0, i32 %p_ZZ5conv3PA255_A255_fPA32_A5_A5_fPfS1_E7in_tile_0_1_0, i32 %p_ZZ5conv3PA255_A255_fPA32_A5_A5_fPfS1_E7in_tile_0_2_0, i32 %p_ZZ5conv3PA255_A255_fPA32_A5_A5_fPfS1_E7in_tile_0_3_0, i32 %p_ZZ5conv3PA255_A255_fPA32_A5_A5_fPfS1_E7in_tile_0_4_0, i32 %p_ZZ5conv3PA255_A255_fPA32_A5_A5_fPfS1_E7in_tile_1_0_0, i32 %p_ZZ5conv3PA255_A255_fPA32_A5_A5_fPfS1_E7in_tile_1_1_0, i32 %p_ZZ5conv3PA255_A255_fPA32_A5_A5_fPfS1_E7in_tile_1_2_0, i32 %p_ZZ5conv3PA255_A255_fPA32_A5_A5_fPfS1_E7in_tile_1_3_0, i32 %p_ZZ5conv3PA255_A255_fPA32_A5_A5_fPfS1_E7in_tile_1_4_0, i32 %p_ZZ5conv3PA255_A255_fPA32_A5_A5_fPfS1_E7in_tile_2_0_0, i32 %p_ZZ5conv3PA255_A255_fPA32_A5_A5_fPfS1_E7in_tile_2_1_0, i32 %p_ZZ5conv3PA255_A255_fPA32_A5_A5_fPfS1_E7in_tile_2_2_0, i32 %p_ZZ5conv3PA255_A255_fPA32_A5_A5_fPfS1_E7in_tile_2_3_0, i32 %p_ZZ5conv3PA255_A255_fPA32_A5_A5_fPfS1_E7in_tile_2_4_0, i32 %p_ZZ5conv3PA255_A255_fPA32_A5_A5_fPfS1_E7in_tile_3_0_0, i32 %p_ZZ5conv3PA255_A255_fPA32_A5_A5_fPfS1_E7in_tile_3_1_0, i32 %p_ZZ5conv3PA255_A255_fPA32_A5_A5_fPfS1_E7in_tile_3_2_0, i32 %p_ZZ5conv3PA255_A255_fPA32_A5_A5_fPfS1_E7in_tile_3_3_0, i32 %p_ZZ5conv3PA255_A255_fPA32_A5_A5_fPfS1_E7in_tile_3_4_0, i32 %p_ZZ5conv3PA255_A255_fPA32_A5_A5_fPfS1_E7in_tile_4_0_0, i32 %p_ZZ5conv3PA255_A255_fPA32_A5_A5_fPfS1_E7in_tile_4_1_0, i32 %p_ZZ5conv3PA255_A255_fPA32_A5_A5_fPfS1_E7in_tile_4_2_0, i32 %p_ZZ5conv3PA255_A255_fPA32_A5_A5_fPfS1_E7in_tile_4_3_0, i32 %p_ZZ5conv3PA255_A255_fPA32_A5_A5_fPfS1_E7in_tile_4_4_0, i32 %p_ZZ5conv3PA255_A255_fPA32_A5_A5_fPfS1_E6w_tile_0_0_0, i32 %p_ZZ5conv3PA255_A255_fPA32_A5_A5_fPfS1_E6w_tile_0_1_0, i32 %p_ZZ5conv3PA255_A255_fPA32_A5_A5_fPfS1_E6w_tile_0_2_0, i32 %p_ZZ5conv3PA255_A255_fPA32_A5_A5_fPfS1_E6w_tile_0_3_0, i32 %p_ZZ5conv3PA255_A255_fPA32_A5_A5_fPfS1_E6w_tile_0_4_0, i32 %p_ZZ5conv3PA255_A255_fPA32_A5_A5_fPfS1_E6w_tile_1_0_0, i32 %p_ZZ5conv3PA255_A255_fPA32_A5_A5_fPfS1_E6w_tile_1_1_0, i32 %p_ZZ5conv3PA255_A255_fPA32_A5_A5_fPfS1_E6w_tile_1_2_0, i32 %p_ZZ5conv3PA255_A255_fPA32_A5_A5_fPfS1_E6w_tile_1_3_0, i32 %p_ZZ5conv3PA255_A255_fPA32_A5_A5_fPfS1_E6w_tile_1_4_0, i32 %p_ZZ5conv3PA255_A255_fPA32_A5_A5_fPfS1_E6w_tile_2_0_0, i32 %p_ZZ5conv3PA255_A255_fPA32_A5_A5_fPfS1_E6w_tile_2_1_0, i32 %p_ZZ5conv3PA255_A255_fPA32_A5_A5_fPfS1_E6w_tile_2_2_0, i32 %p_ZZ5conv3PA255_A255_fPA32_A5_A5_fPfS1_E6w_tile_2_3_0, i32 %p_ZZ5conv3PA255_A255_fPA32_A5_A5_fPfS1_E6w_tile_2_4_0, i32 %p_ZZ5conv3PA255_A255_fPA32_A5_A5_fPfS1_E6w_tile_3_0_0, i32 %p_ZZ5conv3PA255_A255_fPA32_A5_A5_fPfS1_E6w_tile_3_1_0, i32 %p_ZZ5conv3PA255_A255_fPA32_A5_A5_fPfS1_E6w_tile_3_2_0, i32 %p_ZZ5conv3PA255_A255_fPA32_A5_A5_fPfS1_E6w_tile_3_3_0, i32 %p_ZZ5conv3PA255_A255_fPA32_A5_A5_fPfS1_E6w_tile_3_4_0, i32 %p_ZZ5conv3PA255_A255_fPA32_A5_A5_fPfS1_E6w_tile_4_0_0, i32 %p_ZZ5conv3PA255_A255_fPA32_A5_A5_fPfS1_E6w_tile_4_1_0, i32 %p_ZZ5conv3PA255_A255_fPA32_A5_A5_fPfS1_E6w_tile_4_2_0, i32 %p_ZZ5conv3PA255_A255_fPA32_A5_A5_fPfS1_E6w_tile_4_3_0, i32 %p_ZZ5conv3PA255_A255_fPA32_A5_A5_fPfS1_E6w_tile_4_4_0" [src/srcnn_top.cpp:47]   --->   Operation 21 'call' 'call_ln47' <Predicate = true> <Delay = 0.00> <CoreType = "Generic">   --->   Core 0 '' <Latency = 0> <II = 1> <Delay = 1.00> <Generic> <Opcode : >

State 6 <SV = 5> <Delay = 0.00>
ST_6 : Operation 22 [1/1] (0.00ns)   --->   "%spectopmodule_ln4 = spectopmodule void @_ssdm_op_SpecTopModule, void @empty_45" [src/srcnn_top.cpp:4]   --->   Operation 22 'spectopmodule' 'spectopmodule_ln4' <Predicate = true> <Delay = 0.00>
ST_6 : Operation 23 [1/1] (0.00ns)   --->   "%specinterface_ln0 = specinterface void @_ssdm_op_SpecInterface, i32 %in_r, void @empty_39, i32 0, i32 0, void @empty_40, i32 0, i32 65025, void @empty_41, void @empty_42, void @empty_40, i32 16, i32 16, i32 16, i32 16, void @empty_40, void @empty_40, i32 4294967295, i32 0"   --->   Operation 23 'specinterface' 'specinterface_ln0' <Predicate = true> <Delay = 0.00>
ST_6 : Operation 24 [1/1] (0.00ns)   --->   "%specbitsmap_ln0 = specbitsmap void @_ssdm_op_SpecBitsMap, i32 %in_r"   --->   Operation 24 'specbitsmap' 'specbitsmap_ln0' <Predicate = true> <Delay = 0.00>
ST_6 : Operation 25 [1/1] (0.00ns)   --->   "%specinterface_ln0 = specinterface void @_ssdm_op_SpecInterface, i32 %w1, void @empty_39, i32 0, i32 0, void @empty_40, i32 0, i32 5184, void @empty_43, void @empty_42, void @empty_40, i32 16, i32 16, i32 16, i32 16, void @empty_40, void @empty_40, i32 4294967295, i32 0"   --->   Operation 25 'specinterface' 'specinterface_ln0' <Predicate = true> <Delay = 0.00>
ST_6 : Operation 26 [1/1] (0.00ns)   --->   "%specbitsmap_ln0 = specbitsmap void @_ssdm_op_SpecBitsMap, i32 %w1"   --->   Operation 26 'specbitsmap' 'specbitsmap_ln0' <Predicate = true> <Delay = 0.00>
ST_6 : Operation 27 [1/1] (0.00ns)   --->   "%specinterface_ln0 = specinterface void @_ssdm_op_SpecInterface, i32 %feat, void @empty_39, i32 0, i32 0, void @empty_40, i32 0, i32 4161600, void @empty_44, void @empty_42, void @empty_40, i32 16, i32 16, i32 16, i32 16, void @empty_40, void @empty_40, i32 4294967295, i32 0"   --->   Operation 27 'specinterface' 'specinterface_ln0' <Predicate = true> <Delay = 0.00>
ST_6 : Operation 28 [1/1] (0.00ns)   --->   "%specbitsmap_ln0 = specbitsmap void @_ssdm_op_SpecBitsMap, i32 %feat"   --->   Operation 28 'specbitsmap' 'specbitsmap_ln0' <Predicate = true> <Delay = 0.00>
ST_6 : Operation 29 [1/1] (0.00ns)   --->   "%specinterface_ln0 = specinterface void @_ssdm_op_SpecInterface, i32 %w2, void @empty_39, i32 0, i32 0, void @empty_40, i32 0, i32 2048, void @empty_21, void @empty_42, void @empty_40, i32 16, i32 16, i32 16, i32 16, void @empty_40, void @empty_40, i32 4294967295, i32 0"   --->   Operation 29 'specinterface' 'specinterface_ln0' <Predicate = true> <Delay = 0.00>
ST_6 : Operation 30 [1/1] (0.00ns)   --->   "%specbitsmap_ln0 = specbitsmap void @_ssdm_op_SpecBitsMap, i32 %w2"   --->   Operation 30 'specbitsmap' 'specbitsmap_ln0' <Predicate = true> <Delay = 0.00>
ST_6 : Operation 31 [1/1] (0.00ns)   --->   "%specinterface_ln0 = specinterface void @_ssdm_op_SpecInterface, i32 %w3, void @empty_39, i32 0, i32 0, void @empty_40, i32 0, i32 800, void @empty, void @empty_42, void @empty_40, i32 16, i32 16, i32 16, i32 16, void @empty_40, void @empty_40, i32 4294967295, i32 0"   --->   Operation 31 'specinterface' 'specinterface_ln0' <Predicate = true> <Delay = 0.00>
ST_6 : Operation 32 [1/1] (0.00ns)   --->   "%specbitsmap_ln0 = specbitsmap void @_ssdm_op_SpecBitsMap, i32 %w3"   --->   Operation 32 'specbitsmap' 'specbitsmap_ln0' <Predicate = true> <Delay = 0.00>
ST_6 : Operation 33 [1/1] (0.00ns)   --->   "%specinterface_ln0 = specinterface void @_ssdm_op_SpecInterface, i32 %out_r, void @empty_39, i32 0, i32 0, void @empty_40, i32 0, i32 65025, void @empty_12, void @empty_42, void @empty_40, i32 16, i32 16, i32 16, i32 16, void @empty_40, void @empty_40, i32 4294967295, i32 0"   --->   Operation 33 'specinterface' 'specinterface_ln0' <Predicate = true> <Delay = 0.00>
ST_6 : Operation 34 [1/1] (0.00ns)   --->   "%specbitsmap_ln0 = specbitsmap void @_ssdm_op_SpecBitsMap, i32 %out_r"   --->   Operation 34 'specbitsmap' 'specbitsmap_ln0' <Predicate = true> <Delay = 0.00>
ST_6 : Operation 35 [1/1] (0.00ns)   --->   "%specinterface_ln0 = specinterface void @_ssdm_op_SpecInterface, i64 %input_ftmap, void @empty_1, i32 0, i32 0, void @empty_40, i32 0, i32 0, void @empty_2, void @empty_3, void @empty_40, i32 0, i32 0, i32 0, i32 0, void @empty_40, void @empty_4, i32 4294967295, i32 0"   --->   Operation 35 'specinterface' 'specinterface_ln0' <Predicate = true> <Delay = 0.00>
ST_6 : Operation 36 [1/1] (0.00ns)   --->   "%specinterface_ln0 = specinterface void @_ssdm_op_SpecInterface, i64 %input_ftmap, void @empty_5, i32 0, i32 0, void @empty_40, i32 0, i32 0, void @empty_40, void @empty_40, void @empty_40, i32 0, i32 0, i32 0, i32 0, void @empty_40, void @empty_4, i32 4294967295, i32 0"   --->   Operation 36 'specinterface' 'specinterface_ln0' <Predicate = true> <Delay = 0.00>
ST_6 : Operation 37 [1/1] (0.00ns)   --->   "%specinterface_ln0 = specinterface void @_ssdm_op_SpecInterface, i64 %conv1_weights, void @empty_1, i32 0, i32 0, void @empty_40, i32 0, i32 0, void @empty_2, void @empty_6, void @empty_40, i32 0, i32 0, i32 0, i32 0, void @empty_40, void @empty_4, i32 4294967295, i32 0"   --->   Operation 37 'specinterface' 'specinterface_ln0' <Predicate = true> <Delay = 0.00>
ST_6 : Operation 38 [1/1] (0.00ns)   --->   "%specinterface_ln0 = specinterface void @_ssdm_op_SpecInterface, i64 %conv1_weights, void @empty_5, i32 0, i32 0, void @empty_40, i32 0, i32 0, void @empty_40, void @empty_40, void @empty_40, i32 0, i32 0, i32 0, i32 0, void @empty_40, void @empty_4, i32 4294967295, i32 0"   --->   Operation 38 'specinterface' 'specinterface_ln0' <Predicate = true> <Delay = 0.00>
ST_6 : Operation 39 [1/1] (0.00ns)   --->   "%specinterface_ln0 = specinterface void @_ssdm_op_SpecInterface, i64 %conv1_biases, void @empty_1, i32 0, i32 0, void @empty_40, i32 0, i32 0, void @empty_2, void @empty_7, void @empty_40, i32 0, i32 0, i32 0, i32 0, void @empty_40, void @empty_4, i32 4294967295, i32 0"   --->   Operation 39 'specinterface' 'specinterface_ln0' <Predicate = true> <Delay = 0.00>
ST_6 : Operation 40 [1/1] (0.00ns)   --->   "%specinterface_ln0 = specinterface void @_ssdm_op_SpecInterface, i64 %conv1_biases, void @empty_5, i32 0, i32 0, void @empty_40, i32 0, i32 0, void @empty_40, void @empty_40, void @empty_40, i32 0, i32 0, i32 0, i32 0, void @empty_40, void @empty_4, i32 4294967295, i32 0"   --->   Operation 40 'specinterface' 'specinterface_ln0' <Predicate = true> <Delay = 0.00>
ST_6 : Operation 41 [1/1] (0.00ns)   --->   "%specinterface_ln0 = specinterface void @_ssdm_op_SpecInterface, i64 %conv1_out, void @empty_1, i32 0, i32 0, void @empty_40, i32 0, i32 0, void @empty_2, void @empty_8, void @empty_40, i32 0, i32 0, i32 0, i32 0, void @empty_40, void @empty_4, i32 4294967295, i32 0"   --->   Operation 41 'specinterface' 'specinterface_ln0' <Predicate = true> <Delay = 0.00>
ST_6 : Operation 42 [1/1] (0.00ns)   --->   "%specinterface_ln0 = specinterface void @_ssdm_op_SpecInterface, i64 %conv1_out, void @empty_5, i32 0, i32 0, void @empty_40, i32 0, i32 0, void @empty_40, void @empty_40, void @empty_40, i32 0, i32 0, i32 0, i32 0, void @empty_40, void @empty_4, i32 4294967295, i32 0"   --->   Operation 42 'specinterface' 'specinterface_ln0' <Predicate = true> <Delay = 0.00>
ST_6 : Operation 43 [1/1] (0.00ns)   --->   "%specinterface_ln0 = specinterface void @_ssdm_op_SpecInterface, i64 %conv2_weights, void @empty_1, i32 0, i32 0, void @empty_40, i32 0, i32 0, void @empty_2, void @empty_10, void @empty_40, i32 0, i32 0, i32 0, i32 0, void @empty_40, void @empty_4, i32 4294967295, i32 0"   --->   Operation 43 'specinterface' 'specinterface_ln0' <Predicate = true> <Delay = 0.00>
ST_6 : Operation 44 [1/1] (0.00ns)   --->   "%specinterface_ln0 = specinterface void @_ssdm_op_SpecInterface, i64 %conv2_weights, void @empty_5, i32 0, i32 0, void @empty_40, i32 0, i32 0, void @empty_40, void @empty_40, void @empty_40, i32 0, i32 0, i32 0, i32 0, void @empty_40, void @empty_4, i32 4294967295, i32 0"   --->   Operation 44 'specinterface' 'specinterface_ln0' <Predicate = true> <Delay = 0.00>
ST_6 : Operation 45 [1/1] (0.00ns)   --->   "%specinterface_ln0 = specinterface void @_ssdm_op_SpecInterface, i64 %conv2_biases, void @empty_1, i32 0, i32 0, void @empty_40, i32 0, i32 0, void @empty_2, void @empty_11, void @empty_40, i32 0, i32 0, i32 0, i32 0, void @empty_40, void @empty_4, i32 4294967295, i32 0"   --->   Operation 45 'specinterface' 'specinterface_ln0' <Predicate = true> <Delay = 0.00>
ST_6 : Operation 46 [1/1] (0.00ns)   --->   "%specinterface_ln0 = specinterface void @_ssdm_op_SpecInterface, i64 %conv2_biases, void @empty_5, i32 0, i32 0, void @empty_40, i32 0, i32 0, void @empty_40, void @empty_40, void @empty_40, i32 0, i32 0, i32 0, i32 0, void @empty_40, void @empty_4, i32 4294967295, i32 0"   --->   Operation 46 'specinterface' 'specinterface_ln0' <Predicate = true> <Delay = 0.00>
ST_6 : Operation 47 [1/1] (0.00ns)   --->   "%specinterface_ln0 = specinterface void @_ssdm_op_SpecInterface, i64 %conv2_out, void @empty_1, i32 0, i32 0, void @empty_40, i32 0, i32 0, void @empty_2, void @empty_20, void @empty_40, i32 0, i32 0, i32 0, i32 0, void @empty_40, void @empty_4, i32 4294967295, i32 0"   --->   Operation 47 'specinterface' 'specinterface_ln0' <Predicate = true> <Delay = 0.00>
ST_6 : Operation 48 [1/1] (0.00ns)   --->   "%specinterface_ln0 = specinterface void @_ssdm_op_SpecInterface, i64 %conv2_out, void @empty_5, i32 0, i32 0, void @empty_40, i32 0, i32 0, void @empty_40, void @empty_40, void @empty_40, i32 0, i32 0, i32 0, i32 0, void @empty_40, void @empty_4, i32 4294967295, i32 0"   --->   Operation 48 'specinterface' 'specinterface_ln0' <Predicate = true> <Delay = 0.00>
ST_6 : Operation 49 [1/1] (0.00ns)   --->   "%specinterface_ln0 = specinterface void @_ssdm_op_SpecInterface, i64 %conv3_weights, void @empty_1, i32 0, i32 0, void @empty_40, i32 0, i32 0, void @empty_2, void @empty_13, void @empty_40, i32 0, i32 0, i32 0, i32 0, void @empty_40, void @empty_4, i32 4294967295, i32 0"   --->   Operation 49 'specinterface' 'specinterface_ln0' <Predicate = true> <Delay = 0.00>
ST_6 : Operation 50 [1/1] (0.00ns)   --->   "%specinterface_ln0 = specinterface void @_ssdm_op_SpecInterface, i64 %conv3_weights, void @empty_5, i32 0, i32 0, void @empty_40, i32 0, i32 0, void @empty_40, void @empty_40, void @empty_40, i32 0, i32 0, i32 0, i32 0, void @empty_40, void @empty_4, i32 4294967295, i32 0"   --->   Operation 50 'specinterface' 'specinterface_ln0' <Predicate = true> <Delay = 0.00>
ST_6 : Operation 51 [1/1] (0.00ns)   --->   "%specinterface_ln0 = specinterface void @_ssdm_op_SpecInterface, i64 %conv3_biases, void @empty_1, i32 0, i32 0, void @empty_40, i32 0, i32 0, void @empty_2, void @empty_14, void @empty_40, i32 0, i32 0, i32 0, i32 0, void @empty_40, void @empty_4, i32 4294967295, i32 0"   --->   Operation 51 'specinterface' 'specinterface_ln0' <Predicate = true> <Delay = 0.00>
ST_6 : Operation 52 [1/1] (0.00ns)   --->   "%specinterface_ln0 = specinterface void @_ssdm_op_SpecInterface, i64 %conv3_biases, void @empty_5, i32 0, i32 0, void @empty_40, i32 0, i32 0, void @empty_40, void @empty_40, void @empty_40, i32 0, i32 0, i32 0, i32 0, void @empty_40, void @empty_4, i32 4294967295, i32 0"   --->   Operation 52 'specinterface' 'specinterface_ln0' <Predicate = true> <Delay = 0.00>
ST_6 : Operation 53 [1/1] (0.00ns)   --->   "%specinterface_ln0 = specinterface void @_ssdm_op_SpecInterface, i64 %output_ftmap, void @empty_1, i32 0, i32 0, void @empty_40, i32 0, i32 0, void @empty_2, void @empty_15, void @empty_40, i32 0, i32 0, i32 0, i32 0, void @empty_40, void @empty_4, i32 4294967295, i32 0"   --->   Operation 53 'specinterface' 'specinterface_ln0' <Predicate = true> <Delay = 0.00>
ST_6 : Operation 54 [1/1] (0.00ns)   --->   "%specinterface_ln0 = specinterface void @_ssdm_op_SpecInterface, i64 %output_ftmap, void @empty_5, i32 0, i32 0, void @empty_40, i32 0, i32 0, void @empty_40, void @empty_40, void @empty_40, i32 0, i32 0, i32 0, i32 0, void @empty_40, void @empty_4, i32 4294967295, i32 0"   --->   Operation 54 'specinterface' 'specinterface_ln0' <Predicate = true> <Delay = 0.00>
ST_6 : Operation 55 [1/1] (0.00ns)   --->   "%specinterface_ln0 = specinterface void @_ssdm_op_SpecInterface, i32 0, void @empty_1, i32 0, i32 0, void @empty_40, i32 0, i32 0, void @empty_2, void @empty_40, void @empty_40, i32 0, i32 0, i32 0, i32 0, void @empty_40, void @empty_40, i32 4294967295, i32 0"   --->   Operation 55 'specinterface' 'specinterface_ln0' <Predicate = true> <Delay = 0.00>
ST_6 : Operation 56 [1/2] (0.00ns)   --->   "%call_ln47 = call void @conv3, i32 %feat, i64 %conv2_out_read, i32 %w3, i64 %conv3_weights_read, i64 %conv3_biases_read, i32 %out_r, i64 %output_ftmap_read, i32 %out_tile, i32 %p_ZZ5conv3PA255_A255_fPA32_A5_A5_fPfS1_E7in_tile_0_0_0, i32 %p_ZZ5conv3PA255_A255_fPA32_A5_A5_fPfS1_E7in_tile_0_1_0, i32 %p_ZZ5conv3PA255_A255_fPA32_A5_A5_fPfS1_E7in_tile_0_2_0, i32 %p_ZZ5conv3PA255_A255_fPA32_A5_A5_fPfS1_E7in_tile_0_3_0, i32 %p_ZZ5conv3PA255_A255_fPA32_A5_A5_fPfS1_E7in_tile_0_4_0, i32 %p_ZZ5conv3PA255_A255_fPA32_A5_A5_fPfS1_E7in_tile_1_0_0, i32 %p_ZZ5conv3PA255_A255_fPA32_A5_A5_fPfS1_E7in_tile_1_1_0, i32 %p_ZZ5conv3PA255_A255_fPA32_A5_A5_fPfS1_E7in_tile_1_2_0, i32 %p_ZZ5conv3PA255_A255_fPA32_A5_A5_fPfS1_E7in_tile_1_3_0, i32 %p_ZZ5conv3PA255_A255_fPA32_A5_A5_fPfS1_E7in_tile_1_4_0, i32 %p_ZZ5conv3PA255_A255_fPA32_A5_A5_fPfS1_E7in_tile_2_0_0, i32 %p_ZZ5conv3PA255_A255_fPA32_A5_A5_fPfS1_E7in_tile_2_1_0, i32 %p_ZZ5conv3PA255_A255_fPA32_A5_A5_fPfS1_E7in_tile_2_2_0, i32 %p_ZZ5conv3PA255_A255_fPA32_A5_A5_fPfS1_E7in_tile_2_3_0, i32 %p_ZZ5conv3PA255_A255_fPA32_A5_A5_fPfS1_E7in_tile_2_4_0, i32 %p_ZZ5conv3PA255_A255_fPA32_A5_A5_fPfS1_E7in_tile_3_0_0, i32 %p_ZZ5conv3PA255_A255_fPA32_A5_A5_fPfS1_E7in_tile_3_1_0, i32 %p_ZZ5conv3PA255_A255_fPA32_A5_A5_fPfS1_E7in_tile_3_2_0, i32 %p_ZZ5conv3PA255_A255_fPA32_A5_A5_fPfS1_E7in_tile_3_3_0, i32 %p_ZZ5conv3PA255_A255_fPA32_A5_A5_fPfS1_E7in_tile_3_4_0, i32 %p_ZZ5conv3PA255_A255_fPA32_A5_A5_fPfS1_E7in_tile_4_0_0, i32 %p_ZZ5conv3PA255_A255_fPA32_A5_A5_fPfS1_E7in_tile_4_1_0, i32 %p_ZZ5conv3PA255_A255_fPA32_A5_A5_fPfS1_E7in_tile_4_2_0, i32 %p_ZZ5conv3PA255_A255_fPA32_A5_A5_fPfS1_E7in_tile_4_3_0, i32 %p_ZZ5conv3PA255_A255_fPA32_A5_A5_fPfS1_E7in_tile_4_4_0, i32 %p_ZZ5conv3PA255_A255_fPA32_A5_A5_fPfS1_E6w_tile_0_0_0, i32 %p_ZZ5conv3PA255_A255_fPA32_A5_A5_fPfS1_E6w_tile_0_1_0, i32 %p_ZZ5conv3PA255_A255_fPA32_A5_A5_fPfS1_E6w_tile_0_2_0, i32 %p_ZZ5conv3PA255_A255_fPA32_A5_A5_fPfS1_E6w_tile_0_3_0, i32 %p_ZZ5conv3PA255_A255_fPA32_A5_A5_fPfS1_E6w_tile_0_4_0, i32 %p_ZZ5conv3PA255_A255_fPA32_A5_A5_fPfS1_E6w_tile_1_0_0, i32 %p_ZZ5conv3PA255_A255_fPA32_A5_A5_fPfS1_E6w_tile_1_1_0, i32 %p_ZZ5conv3PA255_A255_fPA32_A5_A5_fPfS1_E6w_tile_1_2_0, i32 %p_ZZ5conv3PA255_A255_fPA32_A5_A5_fPfS1_E6w_tile_1_3_0, i32 %p_ZZ5conv3PA255_A255_fPA32_A5_A5_fPfS1_E6w_tile_1_4_0, i32 %p_ZZ5conv3PA255_A255_fPA32_A5_A5_fPfS1_E6w_tile_2_0_0, i32 %p_ZZ5conv3PA255_A255_fPA32_A5_A5_fPfS1_E6w_tile_2_1_0, i32 %p_ZZ5conv3PA255_A255_fPA32_A5_A5_fPfS1_E6w_tile_2_2_0, i32 %p_ZZ5conv3PA255_A255_fPA32_A5_A5_fPfS1_E6w_tile_2_3_0, i32 %p_ZZ5conv3PA255_A255_fPA32_A5_A5_fPfS1_E6w_tile_2_4_0, i32 %p_ZZ5conv3PA255_A255_fPA32_A5_A5_fPfS1_E6w_tile_3_0_0, i32 %p_ZZ5conv3PA255_A255_fPA32_A5_A5_fPfS1_E6w_tile_3_1_0, i32 %p_ZZ5conv3PA255_A255_fPA32_A5_A5_fPfS1_E6w_tile_3_2_0, i32 %p_ZZ5conv3PA255_A255_fPA32_A5_A5_fPfS1_E6w_tile_3_3_0, i32 %p_ZZ5conv3PA255_A255_fPA32_A5_A5_fPfS1_E6w_tile_3_4_0, i32 %p_ZZ5conv3PA255_A255_fPA32_A5_A5_fPfS1_E6w_tile_4_0_0, i32 %p_ZZ5conv3PA255_A255_fPA32_A5_A5_fPfS1_E6w_tile_4_1_0, i32 %p_ZZ5conv3PA255_A255_fPA32_A5_A5_fPfS1_E6w_tile_4_2_0, i32 %p_ZZ5conv3PA255_A255_fPA32_A5_A5_fPfS1_E6w_tile_4_3_0, i32 %p_ZZ5conv3PA255_A255_fPA32_A5_A5_fPfS1_E6w_tile_4_4_0" [src/srcnn_top.cpp:47]   --->   Operation 56 'call' 'call_ln47' <Predicate = true> <Delay = 0.00> <CoreType = "Generic">   --->   Core 0 '' <Latency = 0> <II = 1> <Delay = 1.00> <Generic> <Opcode : >
ST_6 : Operation 57 [1/1] (0.00ns)   --->   "%ret_ln48 = ret" [src/srcnn_top.cpp:48]   --->   Operation 57 'ret' 'ret_ln48' <Predicate = true> <Delay = 0.00>


============================================================
+ Verbose Summary: Timing violations
============================================================
Target clock period: 10.000ns, clock uncertainty: 2.700ns.

 <State 1>: 1.000ns
The critical path consists of the following:
	s_axi read operation ('output_ftmap_read', src/srcnn_top.cpp:4) on port 'output_ftmap' (src/srcnn_top.cpp:4) [188]  (1.000 ns)

 <State 2>: 0.000ns
The critical path consists of the following:

 <State 3>: 0.000ns
The critical path consists of the following:

 <State 4>: 0.000ns
The critical path consists of the following:

 <State 5>: 0.000ns
The critical path consists of the following:

 <State 6>: 0.000ns
The critical path consists of the following:


============================================================
+ Verbose Summary: Binding
============================================================
N/A
* FSMD analyzer results:
  - Output states:
 - Input state : 
  - Chain level:
	State 1
	State 2
	State 3
	State 4
	State 5
	State 6


============================================================
+ Verbose Summary: Datapath Resource usage 
============================================================
N/A
