

================================================================
== Vitis HLS Report for 'srcnn_Pipeline_VITIS_LOOP_27_4_VITIS_LOOP_28_5_VITIS_LOOP_29_6'
================================================================
* Date:           Thu Oct 30 21:22:18 2025

* Version:        2023.1 (Build 3854077 on May  4 2023)
* Project:        srcnn_hls
* Solution:       solution1 (Vivado IP Flow Target)
* Product family: zynquplus
* Target device:  xck26-sfvc784-2LV-c


================================================================
== Performance Estimates
================================================================
+ Timing: 
    * Summary: 
    +--------+----------+----------+------------+
    |  Clock |  Target  | Estimated| Uncertainty|
    +--------+----------+----------+------------+
    |ap_clk  |  10.00 ns|  5.184 ns|     2.70 ns|
    +--------+----------+----------+------------+

+ Latency: 
    * Summary: 
    +---------+---------+-----------+-----------+---------+---------+---------+
    |  Latency (cycles) |   Latency (absolute)  |      Interval     | Pipeline|
    |   min   |   max   |    min    |    max    |   min   |   max   |   Type  |
    +---------+---------+-----------+-----------+---------+---------+---------+
    |  2080803|  2080803|  20.808 ms|  20.808 ms|  2080803|  2080803|       no|
    +---------+---------+-----------+-----------+---------+---------+---------+

    + Detail: 
        * Instance: 
        N/A

        * Loop: 
        +---------------------------------------------------+---------+---------+----------+-----------+-----------+---------+----------+
        |                                                   |  Latency (cycles) | Iteration|  Initiation Interval  |   Trip  |          |
        |                     Loop Name                     |   min   |   max   |  Latency |  achieved |   target  |  Count  | Pipelined|
        +---------------------------------------------------+---------+---------+----------+-----------+-----------+---------+----------+
        |- VITIS_LOOP_27_4_VITIS_LOOP_28_5_VITIS_LOOP_29_6  |  2080801|  2080801|         3|          1|          1|  2080800|       yes|
        +---------------------------------------------------+---------+---------+----------+-----------+-----------+---------+----------+

============================================================
+ Verbose Summary: Synthesis Manager
============================================================
InlineROM: 1
ExposeGlobal: 0
============================================================
+ Verbose Summary: CDFG Model
============================================================
IsTopModel: 0
ResetActiveHigh: 1
IsCombinational: 0
IsDatapathOnly: 0
HasWiredReturn: 1
HasMFsm: 2
HasVarLatency: 1
IsPipeline: 0
IsRtlPipelined: 0
IsInstanceOverlapped: 0
IsDontTouch: 0
HasImplIP: 0
IsGatedGlobalClock: 0

+ Individual pipeline summary: 
  * Pipeline-0: initiation interval (II) = 1, depth = 4


============================================================
+ Verbose Summary: Schedule
============================================================
* Number of FSM states : 4
* Pipeline : 1
  Pipeline-0 : II = 1, D = 4, States = { 1 2 3 4 }
* Dataflow Pipeline: 0

* FSM state transitions: 
1 --> 2 
2 --> 3 
3 --> 4 
4 --> 

* FSM state operations: 

State 1 <SV = 0> <Delay = 0.42>
ST_1 : Operation 6 [1/1] (0.00ns)   --->   "%x = alloca i32 1"   --->   Operation 6 'alloca' 'x' <Predicate = true> <Delay = 0.00>
ST_1 : Operation 7 [1/1] (0.00ns)   --->   "%y = alloca i32 1"   --->   Operation 7 'alloca' 'y' <Predicate = true> <Delay = 0.00>
ST_1 : Operation 8 [1/1] (0.00ns)   --->   "%indvar_flatten19 = alloca i32 1"   --->   Operation 8 'alloca' 'indvar_flatten19' <Predicate = true> <Delay = 0.00>
ST_1 : Operation 9 [1/1] (0.00ns)   --->   "%c = alloca i32 1"   --->   Operation 9 'alloca' 'c' <Predicate = true> <Delay = 0.00>
ST_1 : Operation 10 [1/1] (0.00ns)   --->   "%indvar_flatten32 = alloca i32 1"   --->   Operation 10 'alloca' 'indvar_flatten32' <Predicate = true> <Delay = 0.00>
ST_1 : Operation 11 [1/1] (0.42ns)   --->   "%store_ln0 = store i21 0, i21 %indvar_flatten32"   --->   Operation 11 'store' 'store_ln0' <Predicate = true> <Delay = 0.42>
ST_1 : Operation 12 [1/1] (0.42ns)   --->   "%store_ln0 = store i6 0, i6 %c"   --->   Operation 12 'store' 'store_ln0' <Predicate = true> <Delay = 0.42>
ST_1 : Operation 13 [1/1] (0.42ns)   --->   "%store_ln0 = store i16 0, i16 %indvar_flatten19"   --->   Operation 13 'store' 'store_ln0' <Predicate = true> <Delay = 0.42>
ST_1 : Operation 14 [1/1] (0.42ns)   --->   "%store_ln0 = store i8 0, i8 %y"   --->   Operation 14 'store' 'store_ln0' <Predicate = true> <Delay = 0.42>
ST_1 : Operation 15 [1/1] (0.42ns)   --->   "%store_ln0 = store i8 0, i8 %x"   --->   Operation 15 'store' 'store_ln0' <Predicate = true> <Delay = 0.42>
ST_1 : Operation 16 [1/1] (0.00ns)   --->   "%br_ln0 = br void %for.body40"   --->   Operation 16 'br' 'br_ln0' <Predicate = true> <Delay = 0.00>

State 2 <SV = 1> <Delay = 5.18>
ST_2 : Operation 17 [1/1] (0.00ns)   --->   "%indvar_flatten19_load = load i16 %indvar_flatten19" [src/srcnn.cpp:28]   --->   Operation 17 'load' 'indvar_flatten19_load' <Predicate = true> <Delay = 0.00>
ST_2 : Operation 18 [1/1] (0.00ns)   --->   "%indvar_flatten32_load = load i21 %indvar_flatten32" [src/srcnn.cpp:27]   --->   Operation 18 'load' 'indvar_flatten32_load' <Predicate = true> <Delay = 0.00>
ST_2 : Operation 19 [1/1] (0.90ns)   --->   "%icmp_ln27 = icmp_eq  i21 %indvar_flatten32_load, i21 2080800" [src/srcnn.cpp:27]   --->   Operation 19 'icmp' 'icmp_ln27' <Predicate = true> <Delay = 0.90> <CoreInst = "Cmp">   --->   Core 9 'Cmp' <Latency = 0> <II = 1> <Delay = 0.90> <FuncUnit> <Opcode : 'icmp'> <InPorts = 2> <OutPorts = 1>
ST_2 : Operation 20 [1/1] (0.90ns)   --->   "%add_ln27_1 = add i21 %indvar_flatten32_load, i21 1" [src/srcnn.cpp:27]   --->   Operation 20 'add' 'add_ln27_1' <Predicate = true> <Delay = 0.90> <CoreInst = "Adder">   --->   Core 1 'Adder' <Latency = 0> <II = 1> <Delay = 0.90> <FuncUnit> <Opcode : 'add' 'sub'> <InPorts = 2> <OutPorts = 1>
ST_2 : Operation 21 [1/1] (0.00ns)   --->   "%br_ln27 = br i1 %icmp_ln27, void %for.inc62, void %for.end64.exitStub" [src/srcnn.cpp:27]   --->   Operation 21 'br' 'br_ln27' <Predicate = true> <Delay = 0.00>
ST_2 : Operation 22 [1/1] (0.00ns)   --->   "%x_load = load i8 %x" [src/srcnn.cpp:29]   --->   Operation 22 'load' 'x_load' <Predicate = (!icmp_ln27)> <Delay = 0.00>
ST_2 : Operation 23 [1/1] (0.00ns)   --->   "%y_load = load i8 %y" [src/srcnn.cpp:27]   --->   Operation 23 'load' 'y_load' <Predicate = (!icmp_ln27)> <Delay = 0.00>
ST_2 : Operation 24 [1/1] (0.00ns)   --->   "%c_load = load i6 %c" [src/srcnn.cpp:27]   --->   Operation 24 'load' 'c_load' <Predicate = (!icmp_ln27)> <Delay = 0.00>
ST_2 : Operation 25 [1/1] (0.78ns)   --->   "%add_ln27 = add i6 %c_load, i6 1" [src/srcnn.cpp:27]   --->   Operation 25 'add' 'add_ln27' <Predicate = (!icmp_ln27)> <Delay = 0.78> <CoreInst = "Adder">   --->   Core 1 'Adder' <Latency = 0> <II = 1> <Delay = 0.78> <FuncUnit> <Opcode : 'add' 'sub'> <InPorts = 2> <OutPorts = 1>
ST_2 : Operation 26 [1/1] (0.85ns)   --->   "%icmp_ln28 = icmp_eq  i16 %indvar_flatten19_load, i16 65025" [src/srcnn.cpp:28]   --->   Operation 26 'icmp' 'icmp_ln28' <Predicate = (!icmp_ln27)> <Delay = 0.85> <CoreInst = "Cmp">   --->   Core 9 'Cmp' <Latency = 0> <II = 1> <Delay = 0.85> <FuncUnit> <Opcode : 'icmp'> <InPorts = 2> <OutPorts = 1>
ST_2 : Operation 27 [1/1] (0.39ns)   --->   "%select_ln27 = select i1 %icmp_ln28, i8 0, i8 %y_load" [src/srcnn.cpp:27]   --->   Operation 27 'select' 'select_ln27' <Predicate = (!icmp_ln27)> <Delay = 0.39> <CoreInst = "Sel">   --->   Core 73 'Sel' <Latency = 0> <II = 1> <Delay = 0.39> <FuncUnit> <Opcode : 'select'> <InPorts = 3> <OutPorts = 1>
ST_2 : Operation 28 [1/1] (0.38ns)   --->   "%select_ln27_1 = select i1 %icmp_ln28, i6 %add_ln27, i6 %c_load" [src/srcnn.cpp:27]   --->   Operation 28 'select' 'select_ln27_1' <Predicate = (!icmp_ln27)> <Delay = 0.38> <CoreInst = "Sel">   --->   Core 73 'Sel' <Latency = 0> <II = 1> <Delay = 0.38> <FuncUnit> <Opcode : 'select'> <InPorts = 3> <OutPorts = 1>
ST_2 : Operation 29 [1/1] (0.00ns)   --->   "%zext_ln31 = zext i6 %select_ln27_1" [src/srcnn.cpp:31]   --->   Operation 29 'zext' 'zext_ln31' <Predicate = (!icmp_ln27)> <Delay = 0.00>
ST_2 : Operation 30 [1/1] (0.00ns)   --->   "%tmp_6 = bitconcatenate i14 @_ssdm_op_BitConcatenate.i14.i6.i8, i6 %select_ln27_1, i8 0" [src/srcnn.cpp:31]   --->   Operation 30 'bitconcatenate' 'tmp_6' <Predicate = (!icmp_ln27)> <Delay = 0.00>
ST_2 : Operation 31 [1/1] (0.00ns)   --->   "%zext_ln31_1 = zext i14 %tmp_6" [src/srcnn.cpp:31]   --->   Operation 31 'zext' 'zext_ln31_1' <Predicate = (!icmp_ln27)> <Delay = 0.00>
ST_2 : Operation 32 [1/1] (0.83ns)   --->   "%sub_ln31 = sub i15 %zext_ln31_1, i15 %zext_ln31" [src/srcnn.cpp:31]   --->   Operation 32 'sub' 'sub_ln31' <Predicate = (!icmp_ln27)> <Delay = 0.83> <CoreInst = "Adder">   --->   Core 1 'Adder' <Latency = 0> <II = 1> <Delay = 0.83> <FuncUnit> <Opcode : 'add' 'sub'> <InPorts = 2> <OutPorts = 1>
ST_2 : Operation 33 [1/1] (0.00ns)   --->   "%sext_ln28 = sext i15 %sub_ln31" [src/srcnn.cpp:28]   --->   Operation 33 'sext' 'sext_ln28' <Predicate = (!icmp_ln27)> <Delay = 0.00>
ST_2 : Operation 34 [1/1] (0.00ns) (grouped into LUT with out node and_ln27)   --->   "%xor_ln27 = xor i1 %icmp_ln28, i1 1" [src/srcnn.cpp:27]   --->   Operation 34 'xor' 'xor_ln27' <Predicate = (!icmp_ln27)> <Delay = 0.00> <CoreInst = "LogicGate">   --->   Core 74 'LogicGate' <Latency = 0> <II = 1> <Delay = 0.28> <FuncUnit> <Opcode : 'and' 'or' 'xor'> <InPorts = 2> <OutPorts = 1>
ST_2 : Operation 35 [1/1] (0.76ns)   --->   "%icmp_ln29 = icmp_eq  i8 %x_load, i8 255" [src/srcnn.cpp:29]   --->   Operation 35 'icmp' 'icmp_ln29' <Predicate = (!icmp_ln27)> <Delay = 0.76> <CoreInst = "Cmp">   --->   Core 9 'Cmp' <Latency = 0> <II = 1> <Delay = 0.76> <FuncUnit> <Opcode : 'icmp'> <InPorts = 2> <OutPorts = 1>
ST_2 : Operation 36 [1/1] (0.28ns) (out node of the LUT)   --->   "%and_ln27 = and i1 %icmp_ln29, i1 %xor_ln27" [src/srcnn.cpp:27]   --->   Operation 36 'and' 'and_ln27' <Predicate = (!icmp_ln27)> <Delay = 0.28> <CoreInst = "LogicGate">   --->   Core 74 'LogicGate' <Latency = 0> <II = 1> <Delay = 0.28> <FuncUnit> <Opcode : 'and' 'or' 'xor'> <InPorts = 2> <OutPorts = 1>
ST_2 : Operation 37 [1/1] (0.76ns)   --->   "%add_ln28 = add i8 %select_ln27, i8 1" [src/srcnn.cpp:28]   --->   Operation 37 'add' 'add_ln28' <Predicate = (!icmp_ln27)> <Delay = 0.76> <CoreInst = "Adder">   --->   Core 1 'Adder' <Latency = 0> <II = 1> <Delay = 0.76> <FuncUnit> <Opcode : 'add' 'sub'> <InPorts = 2> <OutPorts = 1>
ST_2 : Operation 38 [1/1] (0.00ns) (grouped into LUT with out node select_ln28)   --->   "%or_ln28 = or i1 %and_ln27, i1 %icmp_ln28" [src/srcnn.cpp:28]   --->   Operation 38 'or' 'or_ln28' <Predicate = (!icmp_ln27)> <Delay = 0.00> <CoreInst = "LogicGate">   --->   Core 74 'LogicGate' <Latency = 0> <II = 1> <Delay = 0.28> <FuncUnit> <Opcode : 'and' 'or' 'xor'> <InPorts = 2> <OutPorts = 1>
ST_2 : Operation 39 [1/1] (0.39ns) (out node of the LUT)   --->   "%select_ln28 = select i1 %or_ln28, i8 0, i8 %x_load" [src/srcnn.cpp:28]   --->   Operation 39 'select' 'select_ln28' <Predicate = (!icmp_ln27)> <Delay = 0.39> <CoreInst = "Sel">   --->   Core 73 'Sel' <Latency = 0> <II = 1> <Delay = 0.39> <FuncUnit> <Opcode : 'select'> <InPorts = 3> <OutPorts = 1>
ST_2 : Operation 40 [1/1] (0.39ns)   --->   "%select_ln28_1 = select i1 %and_ln27, i8 %add_ln28, i8 %select_ln27" [src/srcnn.cpp:28]   --->   Operation 40 'select' 'select_ln28_1' <Predicate = (!icmp_ln27)> <Delay = 0.39> <CoreInst = "Sel">   --->   Core 73 'Sel' <Latency = 0> <II = 1> <Delay = 0.39> <FuncUnit> <Opcode : 'select'> <InPorts = 3> <OutPorts = 1>
ST_2 : Operation 41 [1/1] (0.00ns)   --->   "%zext_ln31_2 = zext i8 %select_ln28_1" [src/srcnn.cpp:31]   --->   Operation 41 'zext' 'zext_ln31_2' <Predicate = (!icmp_ln27)> <Delay = 0.00>
ST_2 : Operation 42 [1/1] (0.84ns)   --->   "%add_ln31 = add i16 %sext_ln28, i16 %zext_ln31_2" [src/srcnn.cpp:31]   --->   Operation 42 'add' 'add_ln31' <Predicate = (!icmp_ln27)> <Delay = 0.84> <CoreInst = "Adder">   --->   Core 1 'Adder' <Latency = 0> <II = 1> <Delay = 0.84> <FuncUnit> <Opcode : 'add' 'sub'> <InPorts = 2> <OutPorts = 1>
ST_2 : Operation 43 [1/1] (0.00ns)   --->   "%sext_ln31 = sext i16 %add_ln31" [src/srcnn.cpp:31]   --->   Operation 43 'sext' 'sext_ln31' <Predicate = (!icmp_ln27)> <Delay = 0.00>
ST_2 : Operation 44 [1/1] (0.00ns)   --->   "%trunc_ln31 = trunc i16 %add_ln31" [src/srcnn.cpp:31]   --->   Operation 44 'trunc' 'trunc_ln31' <Predicate = (!icmp_ln27)> <Delay = 0.00>
ST_2 : Operation 45 [1/1] (0.00ns)   --->   "%p_shl2 = bitconcatenate i21 @_ssdm_op_BitConcatenate.i21.i13.i8, i13 %trunc_ln31, i8 0" [src/srcnn.cpp:31]   --->   Operation 45 'bitconcatenate' 'p_shl2' <Predicate = (!icmp_ln27)> <Delay = 0.00>
ST_2 : Operation 46 [1/1] (0.00ns) (grouped into TernaryAdder)   --->   "%sub_ln31_1 = sub i21 %p_shl2, i21 %sext_ln31" [src/srcnn.cpp:31]   --->   Operation 46 'sub' 'sub_ln31_1' <Predicate = (!icmp_ln27)> <Delay = 0.00> <CoreInst = "TAddSub">   --->   Core 10 'TAddSub' <Latency = 0> <II = 1> <Delay = 0.35> <IPBlock> <Opcode : '<invalid operator> ' 'add' 'sub'> <InPorts = 3> <OutPorts = 1> <Sync> <CReg>
ST_2 : Operation 47 [1/1] (0.00ns)   --->   "%zext_ln31_3 = zext i8 %select_ln28" [src/srcnn.cpp:31]   --->   Operation 47 'zext' 'zext_ln31_3' <Predicate = (!icmp_ln27)> <Delay = 0.00>
ST_2 : Operation 48 [1/1] (0.70ns) (root node of TernaryAdder)   --->   "%add_ln31_1 = add i21 %sub_ln31_1, i21 %zext_ln31_3" [src/srcnn.cpp:31]   --->   Operation 48 'add' 'add_ln31_1' <Predicate = (!icmp_ln27)> <Delay = 0.70> <CoreInst = "TAddSub">   --->   Core 10 'TAddSub' <Latency = 0> <II = 1> <Delay = 0.35> <IPBlock> <Opcode : '<invalid operator> ' 'add' 'sub'> <InPorts = 3> <OutPorts = 1> <Sync> <CReg>
ST_2 : Operation 49 [1/1] (0.00ns)   --->   "%zext_ln31_4 = zext i21 %add_ln31_1" [src/srcnn.cpp:31]   --->   Operation 49 'zext' 'zext_ln31_4' <Predicate = (!icmp_ln27)> <Delay = 0.00>
ST_2 : Operation 50 [1/1] (0.00ns)   --->   "%feat2_addr = getelementptr i32 %feat2, i64 0, i64 %zext_ln31_4" [src/srcnn.cpp:31]   --->   Operation 50 'getelementptr' 'feat2_addr' <Predicate = (!icmp_ln27)> <Delay = 0.00>
ST_2 : Operation 51 [2/2] (1.23ns)   --->   "%feat2_load = load i21 %feat2_addr" [src/srcnn.cpp:31]   --->   Operation 51 'load' 'feat2_load' <Predicate = (!icmp_ln27)> <Delay = 1.23> <CoreInst = "RAM">   --->   Core 83 'RAM' <Latency = 1> <II = 1> <Delay = 1.23> <Storage> <Opcode : 'load' 'store'> <Ports = 2> <Width = 32> <Depth = 2080800> <RAM>
ST_2 : Operation 52 [1/1] (0.76ns)   --->   "%add_ln29 = add i8 %select_ln28, i8 1" [src/srcnn.cpp:29]   --->   Operation 52 'add' 'add_ln29' <Predicate = (!icmp_ln27)> <Delay = 0.76> <CoreInst = "Adder">   --->   Core 1 'Adder' <Latency = 0> <II = 1> <Delay = 0.76> <FuncUnit> <Opcode : 'add' 'sub'> <InPorts = 2> <OutPorts = 1>
ST_2 : Operation 53 [1/1] (0.85ns)   --->   "%add_ln28_1 = add i16 %indvar_flatten19_load, i16 1" [src/srcnn.cpp:28]   --->   Operation 53 'add' 'add_ln28_1' <Predicate = (!icmp_ln27)> <Delay = 0.85> <CoreInst = "Adder">   --->   Core 1 'Adder' <Latency = 0> <II = 1> <Delay = 0.85> <FuncUnit> <Opcode : 'add' 'sub'> <InPorts = 2> <OutPorts = 1>
ST_2 : Operation 54 [1/1] (0.35ns)   --->   "%select_ln28_2 = select i1 %icmp_ln28, i16 1, i16 %add_ln28_1" [src/srcnn.cpp:28]   --->   Operation 54 'select' 'select_ln28_2' <Predicate = (!icmp_ln27)> <Delay = 0.35> <CoreInst = "Sel">   --->   Core 73 'Sel' <Latency = 0> <II = 1> <Delay = 0.35> <FuncUnit> <Opcode : 'select'> <InPorts = 3> <OutPorts = 1>
ST_2 : Operation 55 [1/1] (0.42ns)   --->   "%store_ln29 = store i21 %add_ln27_1, i21 %indvar_flatten32" [src/srcnn.cpp:29]   --->   Operation 55 'store' 'store_ln29' <Predicate = (!icmp_ln27)> <Delay = 0.42>
ST_2 : Operation 56 [1/1] (0.42ns)   --->   "%store_ln29 = store i6 %select_ln27_1, i6 %c" [src/srcnn.cpp:29]   --->   Operation 56 'store' 'store_ln29' <Predicate = (!icmp_ln27)> <Delay = 0.42>
ST_2 : Operation 57 [1/1] (0.42ns)   --->   "%store_ln29 = store i16 %select_ln28_2, i16 %indvar_flatten19" [src/srcnn.cpp:29]   --->   Operation 57 'store' 'store_ln29' <Predicate = (!icmp_ln27)> <Delay = 0.42>
ST_2 : Operation 58 [1/1] (0.42ns)   --->   "%store_ln29 = store i8 %select_ln28_1, i8 %y" [src/srcnn.cpp:29]   --->   Operation 58 'store' 'store_ln29' <Predicate = (!icmp_ln27)> <Delay = 0.42>
ST_2 : Operation 59 [1/1] (0.42ns)   --->   "%store_ln29 = store i8 %add_ln29, i8 %x" [src/srcnn.cpp:29]   --->   Operation 59 'store' 'store_ln29' <Predicate = (!icmp_ln27)> <Delay = 0.42>
ST_2 : Operation 60 [1/1] (0.00ns)   --->   "%br_ln29 = br void %for.body40" [src/srcnn.cpp:29]   --->   Operation 60 'br' 'br_ln29' <Predicate = (!icmp_ln27)> <Delay = 0.00>

State 3 <SV = 2> <Delay = 4.01>
ST_3 : Operation 61 [1/2] (1.23ns)   --->   "%feat2_load = load i21 %feat2_addr" [src/srcnn.cpp:31]   --->   Operation 61 'load' 'feat2_load' <Predicate = true> <Delay = 1.23> <CoreInst = "RAM">   --->   Core 83 'RAM' <Latency = 1> <II = 1> <Delay = 1.23> <Storage> <Opcode : 'load' 'store'> <Ports = 2> <Width = 32> <Depth = 2080800> <RAM>
ST_3 : Operation 62 [1/1] (0.00ns)   --->   "%bitcast_ln31 = bitcast i32 %feat2_load" [src/srcnn.cpp:31]   --->   Operation 62 'bitcast' 'bitcast_ln31' <Predicate = true> <Delay = 0.00>
ST_3 : Operation 63 [1/1] (0.00ns)   --->   "%tmp_2 = partselect i8 @_ssdm_op_PartSelect.i8.i32.i32.i32, i32 %bitcast_ln31, i32 23, i32 30" [src/srcnn.cpp:31]   --->   Operation 63 'partselect' 'tmp_2' <Predicate = true> <Delay = 0.00>
ST_3 : Operation 64 [1/1] (0.00ns)   --->   "%trunc_ln31_1 = trunc i32 %bitcast_ln31" [src/srcnn.cpp:31]   --->   Operation 64 'trunc' 'trunc_ln31_1' <Predicate = true> <Delay = 0.00>
ST_3 : Operation 65 [1/1] (0.76ns)   --->   "%icmp_ln31 = icmp_ne  i8 %tmp_2, i8 255" [src/srcnn.cpp:31]   --->   Operation 65 'icmp' 'icmp_ln31' <Predicate = true> <Delay = 0.76> <CoreInst = "Cmp">   --->   Core 9 'Cmp' <Latency = 0> <II = 1> <Delay = 0.76> <FuncUnit> <Opcode : 'icmp'> <InPorts = 2> <OutPorts = 1>
ST_3 : Operation 66 [1/1] (0.92ns)   --->   "%icmp_ln31_1 = icmp_eq  i23 %trunc_ln31_1, i23 0" [src/srcnn.cpp:31]   --->   Operation 66 'icmp' 'icmp_ln31_1' <Predicate = true> <Delay = 0.92> <CoreInst = "Cmp">   --->   Core 9 'Cmp' <Latency = 0> <II = 1> <Delay = 0.92> <FuncUnit> <Opcode : 'icmp'> <InPorts = 2> <OutPorts = 1>
ST_3 : [1/1] (0.42ns)   --->   Input mux for Operation 67 '%tmp_3 = fcmp_olt  i32 %feat2_load, i32 0'
ST_3 : Operation 67 [2/2] (2.35ns)   --->   "%tmp_3 = fcmp_olt  i32 %feat2_load, i32 0" [src/srcnn.cpp:31]   --->   Operation 67 'fcmp' 'tmp_3' <Predicate = true> <Delay = 2.35> <CoreInst = "FCompare">   --->   Core 19 'FCompare' <Latency = 1> <II = 1> <Delay = 2.78> <FuncUnit> <Opcode : 'fcmp'> <InPorts = 2> <OutPorts = 1>
ST_3 : Operation 79 [1/1] (0.00ns)   --->   "%ret_ln0 = ret"   --->   Operation 79 'ret' 'ret_ln0' <Predicate = (icmp_ln27)> <Delay = 0.00>

State 4 <SV = 3> <Delay = 4.30>
ST_4 : Operation 68 [1/1] (0.00ns)   --->   "%specloopname_ln0 = specloopname void @_ssdm_op_SpecLoopName, void @VITIS_LOOP_27_4_VITIS_LOOP_28_5_VITIS_LOOP_29_6_str"   --->   Operation 68 'specloopname' 'specloopname_ln0' <Predicate = true> <Delay = 0.00>
ST_4 : Operation 69 [1/1] (0.00ns)   --->   "%speclooptripcount_ln0 = speclooptripcount void @_ssdm_op_SpecLoopTripCount, i64 2080800, i64 2080800, i64 2080800"   --->   Operation 69 'speclooptripcount' 'speclooptripcount_ln0' <Predicate = true> <Delay = 0.00>
ST_4 : Operation 70 [1/1] (0.00ns)   --->   "%specloopname_ln0 = specloopname void @_ssdm_op_SpecLoopName, void @VITIS_LOOP_28_5_VITIS_LOOP_29_6_str"   --->   Operation 70 'specloopname' 'specloopname_ln0' <Predicate = true> <Delay = 0.00>
ST_4 : Operation 71 [1/1] (0.00ns)   --->   "%specpipeline_ln30 = specpipeline void @_ssdm_op_SpecPipeline, i32 1, i32 0, i32 0, i32 0, void @empty_19" [src/srcnn.cpp:30]   --->   Operation 71 'specpipeline' 'specpipeline_ln30' <Predicate = true> <Delay = 0.00>
ST_4 : Operation 72 [1/1] (0.00ns)   --->   "%specloopname_ln29 = specloopname void @_ssdm_op_SpecLoopName, void @empty_4" [src/srcnn.cpp:29]   --->   Operation 72 'specloopname' 'specloopname_ln29' <Predicate = true> <Delay = 0.00>
ST_4 : Operation 73 [1/1] (0.00ns) (grouped into LUT with out node and_ln31)   --->   "%or_ln31 = or i1 %icmp_ln31_1, i1 %icmp_ln31" [src/srcnn.cpp:31]   --->   Operation 73 'or' 'or_ln31' <Predicate = true> <Delay = 0.00> <CoreInst = "LogicGate">   --->   Core 74 'LogicGate' <Latency = 0> <II = 1> <Delay = 0.28> <FuncUnit> <Opcode : 'and' 'or' 'xor'> <InPorts = 2> <OutPorts = 1>
ST_4 : Operation 74 [1/2] (2.78ns)   --->   "%tmp_3 = fcmp_olt  i32 %feat2_load, i32 0" [src/srcnn.cpp:31]   --->   Operation 74 'fcmp' 'tmp_3' <Predicate = true> <Delay = 2.78> <CoreInst = "FCompare">   --->   Core 19 'FCompare' <Latency = 1> <II = 1> <Delay = 2.78> <FuncUnit> <Opcode : 'fcmp'> <InPorts = 2> <OutPorts = 1>
ST_4 : Operation 75 [1/1] (0.28ns) (out node of the LUT)   --->   "%and_ln31 = and i1 %or_ln31, i1 %tmp_3" [src/srcnn.cpp:31]   --->   Operation 75 'and' 'and_ln31' <Predicate = true> <Delay = 0.28> <CoreInst = "LogicGate">   --->   Core 74 'LogicGate' <Latency = 0> <II = 1> <Delay = 0.28> <FuncUnit> <Opcode : 'and' 'or' 'xor'> <InPorts = 2> <OutPorts = 1>
ST_4 : Operation 76 [1/1] (0.00ns)   --->   "%br_ln31 = br i1 %and_ln31, void %for.inc56, void %if.then48" [src/srcnn.cpp:31]   --->   Operation 76 'br' 'br_ln31' <Predicate = true> <Delay = 0.00>
ST_4 : Operation 77 [1/1] (1.23ns)   --->   "%store_ln31 = store i32 0, i21 %feat2_addr" [src/srcnn.cpp:31]   --->   Operation 77 'store' 'store_ln31' <Predicate = (and_ln31)> <Delay = 1.23> <CoreInst = "RAM">   --->   Core 83 'RAM' <Latency = 1> <II = 1> <Delay = 1.23> <Storage> <Opcode : 'load' 'store'> <Ports = 2> <Width = 32> <Depth = 2080800> <RAM>
ST_4 : Operation 78 [1/1] (0.00ns)   --->   "%br_ln31 = br void %for.inc56" [src/srcnn.cpp:31]   --->   Operation 78 'br' 'br_ln31' <Predicate = (and_ln31)> <Delay = 0.00>


============================================================
+ Verbose Summary: Timing violations
============================================================
Target clock period: 10.000ns, clock uncertainty: 2.700ns.

 <State 1>: 0.427ns
The critical path consists of the following:
	'alloca' operation ('indvar_flatten32') [6]  (0.000 ns)
	'store' operation ('store_ln0') of constant 0 on local variable 'indvar_flatten32' [7]  (0.427 ns)

 <State 2>: 5.184ns
The critical path consists of the following:
	'load' operation ('indvar_flatten19_load', src/srcnn.cpp:28) on local variable 'indvar_flatten19' [14]  (0.000 ns)
	'icmp' operation ('icmp_ln28', src/srcnn.cpp:28) [26]  (0.853 ns)
	'select' operation ('select_ln27', src/srcnn.cpp:27) [27]  (0.393 ns)
	'add' operation ('add_ln28', src/srcnn.cpp:28) [37]  (0.765 ns)
	'select' operation ('select_ln28_1', src/srcnn.cpp:28) [41]  (0.393 ns)
	'add' operation ('add_ln31', src/srcnn.cpp:31) [43]  (0.842 ns)
	'sub' operation ('sub_ln31_1', src/srcnn.cpp:31) [47]  (0.000 ns)
	'add' operation ('add_ln31_1', src/srcnn.cpp:31) [49]  (0.701 ns)
	'getelementptr' operation ('feat2_addr', src/srcnn.cpp:31) [51]  (0.000 ns)
	'load' operation ('feat2_load', src/srcnn.cpp:31) on array 'feat2' [54]  (1.237 ns)

 <State 3>: 4.019ns
The critical path consists of the following:
	'load' operation ('feat2_load', src/srcnn.cpp:31) on array 'feat2' [54]  (1.237 ns)
	multiplexor before operation 'fcmp' with delay (0.427 ns)
'fcmp' operation ('tmp_3', src/srcnn.cpp:31) [61]  (2.355 ns)

 <State 4>: 4.306ns
The critical path consists of the following:
	'fcmp' operation ('tmp_3', src/srcnn.cpp:31) [61]  (2.782 ns)
	'and' operation ('and_ln31', src/srcnn.cpp:31) [62]  (0.287 ns)
	blocking operation 1.237 ns on control path)


============================================================
+ Verbose Summary: Binding
============================================================
N/A
* FSMD analyzer results:
  - Output states:
 - Input state : 
  - Chain level:
	State 1
	State 2
	State 3
	State 4


============================================================
+ Verbose Summary: Datapath Resource usage 
============================================================
N/A
