

================================================================
== Vitis HLS Report for 'srcnn_Pipeline_VITIS_LOOP_18_1_VITIS_LOOP_19_2_VITIS_LOOP_20_3'
================================================================
* Date:           Thu Oct 30 21:22:09 2025

* Version:        2023.1 (Build 3854077 on May  4 2023)
* Project:        srcnn_hls
* Solution:       solution1 (Vivado IP Flow Target)
* Product family: zynquplus
* Target device:  xck26-sfvc784-2LV-c


================================================================
== Performance Estimates
================================================================
+ Timing: 
    * Summary: 
    +--------+----------+----------+------------+
    |  Clock |  Target  | Estimated| Uncertainty|
    +--------+----------+----------+------------+
    |ap_clk  |  10.00 ns|  5.197 ns|     2.70 ns|
    +--------+----------+----------+------------+

+ Latency: 
    * Summary: 
    +---------+---------+-----------+-----------+---------+---------+---------+
    |  Latency (cycles) |   Latency (absolute)  |      Interval     | Pipeline|
    |   min   |   max   |    min    |    max    |   min   |   max   |   Type  |
    +---------+---------+-----------+-----------+---------+---------+---------+
    |  4161603|  4161603|  41.616 ms|  41.616 ms|  4161603|  4161603|       no|
    +---------+---------+-----------+-----------+---------+---------+---------+

    + Detail: 
        * Instance: 
        N/A

        * Loop: 
        +---------------------------------------------------+---------+---------+----------+-----------+-----------+---------+----------+
        |                                                   |  Latency (cycles) | Iteration|  Initiation Interval  |   Trip  |          |
        |                     Loop Name                     |   min   |   max   |  Latency |  achieved |   target  |  Count  | Pipelined|
        +---------------------------------------------------+---------+---------+----------+-----------+-----------+---------+----------+
        |- VITIS_LOOP_18_1_VITIS_LOOP_19_2_VITIS_LOOP_20_3  |  4161601|  4161601|         3|          1|          1|  4161600|       yes|
        +---------------------------------------------------+---------+---------+----------+-----------+-----------+---------+----------+

============================================================
+ Verbose Summary: Synthesis Manager
============================================================
InlineROM: 1
ExposeGlobal: 0
============================================================
+ Verbose Summary: CDFG Model
============================================================
IsTopModel: 0
ResetActiveHigh: 1
IsCombinational: 0
IsDatapathOnly: 0
HasWiredReturn: 1
HasMFsm: 2
HasVarLatency: 1
IsPipeline: 0
IsRtlPipelined: 0
IsInstanceOverlapped: 0
IsDontTouch: 0
HasImplIP: 0
IsGatedGlobalClock: 0

+ Individual pipeline summary: 
  * Pipeline-0: initiation interval (II) = 1, depth = 4


============================================================
+ Verbose Summary: Schedule
============================================================
* Number of FSM states : 4
* Pipeline : 1
  Pipeline-0 : II = 1, D = 4, States = { 1 2 3 4 }
* Dataflow Pipeline: 0

* FSM state transitions: 
1 --> 2 
2 --> 3 
3 --> 4 
4 --> 

* FSM state operations: 

State 1 <SV = 0> <Delay = 0.42>
ST_1 : Operation 6 [1/1] (0.00ns)   --->   "%x = alloca i32 1"   --->   Operation 6 'alloca' 'x' <Predicate = true> <Delay = 0.00>
ST_1 : Operation 7 [1/1] (0.00ns)   --->   "%y = alloca i32 1"   --->   Operation 7 'alloca' 'y' <Predicate = true> <Delay = 0.00>
ST_1 : Operation 8 [1/1] (0.00ns)   --->   "%indvar_flatten = alloca i32 1"   --->   Operation 8 'alloca' 'indvar_flatten' <Predicate = true> <Delay = 0.00>
ST_1 : Operation 9 [1/1] (0.00ns)   --->   "%c = alloca i32 1"   --->   Operation 9 'alloca' 'c' <Predicate = true> <Delay = 0.00>
ST_1 : Operation 10 [1/1] (0.00ns)   --->   "%indvar_flatten12 = alloca i32 1"   --->   Operation 10 'alloca' 'indvar_flatten12' <Predicate = true> <Delay = 0.00>
ST_1 : Operation 11 [1/1] (0.42ns)   --->   "%store_ln0 = store i22 0, i22 %indvar_flatten12"   --->   Operation 11 'store' 'store_ln0' <Predicate = true> <Delay = 0.42>
ST_1 : Operation 12 [1/1] (0.42ns)   --->   "%store_ln0 = store i7 0, i7 %c"   --->   Operation 12 'store' 'store_ln0' <Predicate = true> <Delay = 0.42>
ST_1 : Operation 13 [1/1] (0.42ns)   --->   "%store_ln0 = store i16 0, i16 %indvar_flatten"   --->   Operation 13 'store' 'store_ln0' <Predicate = true> <Delay = 0.42>
ST_1 : Operation 14 [1/1] (0.42ns)   --->   "%store_ln0 = store i8 0, i8 %y"   --->   Operation 14 'store' 'store_ln0' <Predicate = true> <Delay = 0.42>
ST_1 : Operation 15 [1/1] (0.42ns)   --->   "%store_ln0 = store i8 0, i8 %x"   --->   Operation 15 'store' 'store_ln0' <Predicate = true> <Delay = 0.42>
ST_1 : Operation 16 [1/1] (0.00ns)   --->   "%br_ln0 = br void %for.body8"   --->   Operation 16 'br' 'br_ln0' <Predicate = true> <Delay = 0.00>

State 2 <SV = 1> <Delay = 5.19>
ST_2 : Operation 17 [1/1] (0.00ns)   --->   "%indvar_flatten_load = load i16 %indvar_flatten" [src/srcnn.cpp:19]   --->   Operation 17 'load' 'indvar_flatten_load' <Predicate = true> <Delay = 0.00>
ST_2 : Operation 18 [1/1] (0.00ns)   --->   "%indvar_flatten12_load = load i22 %indvar_flatten12" [src/srcnn.cpp:18]   --->   Operation 18 'load' 'indvar_flatten12_load' <Predicate = true> <Delay = 0.00>
ST_2 : Operation 19 [1/1] (0.91ns)   --->   "%icmp_ln18 = icmp_eq  i22 %indvar_flatten12_load, i22 4161600" [src/srcnn.cpp:18]   --->   Operation 19 'icmp' 'icmp_ln18' <Predicate = true> <Delay = 0.91> <CoreInst = "Cmp">   --->   Core 9 'Cmp' <Latency = 0> <II = 1> <Delay = 0.91> <FuncUnit> <Opcode : 'icmp'> <InPorts = 2> <OutPorts = 1>
ST_2 : Operation 20 [1/1] (0.91ns)   --->   "%add_ln18_1 = add i22 %indvar_flatten12_load, i22 1" [src/srcnn.cpp:18]   --->   Operation 20 'add' 'add_ln18_1' <Predicate = true> <Delay = 0.91> <CoreInst = "Adder">   --->   Core 1 'Adder' <Latency = 0> <II = 1> <Delay = 0.91> <FuncUnit> <Opcode : 'add' 'sub'> <InPorts = 2> <OutPorts = 1>
ST_2 : Operation 21 [1/1] (0.00ns)   --->   "%br_ln18 = br i1 %icmp_ln18, void %for.inc23, void %for.end25.exitStub" [src/srcnn.cpp:18]   --->   Operation 21 'br' 'br_ln18' <Predicate = true> <Delay = 0.00>
ST_2 : Operation 22 [1/1] (0.00ns)   --->   "%x_load = load i8 %x" [src/srcnn.cpp:20]   --->   Operation 22 'load' 'x_load' <Predicate = (!icmp_ln18)> <Delay = 0.00>
ST_2 : Operation 23 [1/1] (0.00ns)   --->   "%y_load = load i8 %y" [src/srcnn.cpp:18]   --->   Operation 23 'load' 'y_load' <Predicate = (!icmp_ln18)> <Delay = 0.00>
ST_2 : Operation 24 [1/1] (0.00ns)   --->   "%c_load = load i7 %c" [src/srcnn.cpp:18]   --->   Operation 24 'load' 'c_load' <Predicate = (!icmp_ln18)> <Delay = 0.00>
ST_2 : Operation 25 [1/1] (0.77ns)   --->   "%add_ln18 = add i7 %c_load, i7 1" [src/srcnn.cpp:18]   --->   Operation 25 'add' 'add_ln18' <Predicate = (!icmp_ln18)> <Delay = 0.77> <CoreInst = "Adder">   --->   Core 1 'Adder' <Latency = 0> <II = 1> <Delay = 0.77> <FuncUnit> <Opcode : 'add' 'sub'> <InPorts = 2> <OutPorts = 1>
ST_2 : Operation 26 [1/1] (0.85ns)   --->   "%icmp_ln19 = icmp_eq  i16 %indvar_flatten_load, i16 65025" [src/srcnn.cpp:19]   --->   Operation 26 'icmp' 'icmp_ln19' <Predicate = (!icmp_ln18)> <Delay = 0.85> <CoreInst = "Cmp">   --->   Core 9 'Cmp' <Latency = 0> <II = 1> <Delay = 0.85> <FuncUnit> <Opcode : 'icmp'> <InPorts = 2> <OutPorts = 1>
ST_2 : Operation 27 [1/1] (0.39ns)   --->   "%select_ln18 = select i1 %icmp_ln19, i8 0, i8 %y_load" [src/srcnn.cpp:18]   --->   Operation 27 'select' 'select_ln18' <Predicate = (!icmp_ln18)> <Delay = 0.39> <CoreInst = "Sel">   --->   Core 73 'Sel' <Latency = 0> <II = 1> <Delay = 0.39> <FuncUnit> <Opcode : 'select'> <InPorts = 3> <OutPorts = 1>
ST_2 : Operation 28 [1/1] (0.36ns)   --->   "%select_ln18_1 = select i1 %icmp_ln19, i7 %add_ln18, i7 %c_load" [src/srcnn.cpp:18]   --->   Operation 28 'select' 'select_ln18_1' <Predicate = (!icmp_ln18)> <Delay = 0.36> <CoreInst = "Sel">   --->   Core 73 'Sel' <Latency = 0> <II = 1> <Delay = 0.36> <FuncUnit> <Opcode : 'select'> <InPorts = 3> <OutPorts = 1>
ST_2 : Operation 29 [1/1] (0.00ns)   --->   "%zext_ln22 = zext i7 %select_ln18_1" [src/srcnn.cpp:22]   --->   Operation 29 'zext' 'zext_ln22' <Predicate = (!icmp_ln18)> <Delay = 0.00>
ST_2 : Operation 30 [1/1] (0.00ns)   --->   "%tmp_4 = bitconcatenate i15 @_ssdm_op_BitConcatenate.i15.i7.i8, i7 %select_ln18_1, i8 0" [src/srcnn.cpp:22]   --->   Operation 30 'bitconcatenate' 'tmp_4' <Predicate = (!icmp_ln18)> <Delay = 0.00>
ST_2 : Operation 31 [1/1] (0.00ns)   --->   "%zext_ln22_1 = zext i15 %tmp_4" [src/srcnn.cpp:22]   --->   Operation 31 'zext' 'zext_ln22_1' <Predicate = (!icmp_ln18)> <Delay = 0.00>
ST_2 : Operation 32 [1/1] (0.84ns)   --->   "%sub_ln22 = sub i16 %zext_ln22_1, i16 %zext_ln22" [src/srcnn.cpp:22]   --->   Operation 32 'sub' 'sub_ln22' <Predicate = (!icmp_ln18)> <Delay = 0.84> <CoreInst = "Adder">   --->   Core 1 'Adder' <Latency = 0> <II = 1> <Delay = 0.84> <FuncUnit> <Opcode : 'add' 'sub'> <InPorts = 2> <OutPorts = 1>
ST_2 : Operation 33 [1/1] (0.00ns)   --->   "%sext_ln19 = sext i16 %sub_ln22" [src/srcnn.cpp:19]   --->   Operation 33 'sext' 'sext_ln19' <Predicate = (!icmp_ln18)> <Delay = 0.00>
ST_2 : Operation 34 [1/1] (0.00ns) (grouped into LUT with out node and_ln18)   --->   "%xor_ln18 = xor i1 %icmp_ln19, i1 1" [src/srcnn.cpp:18]   --->   Operation 34 'xor' 'xor_ln18' <Predicate = (!icmp_ln18)> <Delay = 0.00> <CoreInst = "LogicGate">   --->   Core 74 'LogicGate' <Latency = 0> <II = 1> <Delay = 0.28> <FuncUnit> <Opcode : 'and' 'or' 'xor'> <InPorts = 2> <OutPorts = 1>
ST_2 : Operation 35 [1/1] (0.76ns)   --->   "%icmp_ln20 = icmp_eq  i8 %x_load, i8 255" [src/srcnn.cpp:20]   --->   Operation 35 'icmp' 'icmp_ln20' <Predicate = (!icmp_ln18)> <Delay = 0.76> <CoreInst = "Cmp">   --->   Core 9 'Cmp' <Latency = 0> <II = 1> <Delay = 0.76> <FuncUnit> <Opcode : 'icmp'> <InPorts = 2> <OutPorts = 1>
ST_2 : Operation 36 [1/1] (0.28ns) (out node of the LUT)   --->   "%and_ln18 = and i1 %icmp_ln20, i1 %xor_ln18" [src/srcnn.cpp:18]   --->   Operation 36 'and' 'and_ln18' <Predicate = (!icmp_ln18)> <Delay = 0.28> <CoreInst = "LogicGate">   --->   Core 74 'LogicGate' <Latency = 0> <II = 1> <Delay = 0.28> <FuncUnit> <Opcode : 'and' 'or' 'xor'> <InPorts = 2> <OutPorts = 1>
ST_2 : Operation 37 [1/1] (0.76ns)   --->   "%add_ln19 = add i8 %select_ln18, i8 1" [src/srcnn.cpp:19]   --->   Operation 37 'add' 'add_ln19' <Predicate = (!icmp_ln18)> <Delay = 0.76> <CoreInst = "Adder">   --->   Core 1 'Adder' <Latency = 0> <II = 1> <Delay = 0.76> <FuncUnit> <Opcode : 'add' 'sub'> <InPorts = 2> <OutPorts = 1>
ST_2 : Operation 38 [1/1] (0.00ns) (grouped into LUT with out node select_ln19)   --->   "%or_ln19 = or i1 %and_ln18, i1 %icmp_ln19" [src/srcnn.cpp:19]   --->   Operation 38 'or' 'or_ln19' <Predicate = (!icmp_ln18)> <Delay = 0.00> <CoreInst = "LogicGate">   --->   Core 74 'LogicGate' <Latency = 0> <II = 1> <Delay = 0.28> <FuncUnit> <Opcode : 'and' 'or' 'xor'> <InPorts = 2> <OutPorts = 1>
ST_2 : Operation 39 [1/1] (0.39ns) (out node of the LUT)   --->   "%select_ln19 = select i1 %or_ln19, i8 0, i8 %x_load" [src/srcnn.cpp:19]   --->   Operation 39 'select' 'select_ln19' <Predicate = (!icmp_ln18)> <Delay = 0.39> <CoreInst = "Sel">   --->   Core 73 'Sel' <Latency = 0> <II = 1> <Delay = 0.39> <FuncUnit> <Opcode : 'select'> <InPorts = 3> <OutPorts = 1>
ST_2 : Operation 40 [1/1] (0.39ns)   --->   "%select_ln19_1 = select i1 %and_ln18, i8 %add_ln19, i8 %select_ln18" [src/srcnn.cpp:19]   --->   Operation 40 'select' 'select_ln19_1' <Predicate = (!icmp_ln18)> <Delay = 0.39> <CoreInst = "Sel">   --->   Core 73 'Sel' <Latency = 0> <II = 1> <Delay = 0.39> <FuncUnit> <Opcode : 'select'> <InPorts = 3> <OutPorts = 1>
ST_2 : Operation 41 [1/1] (0.00ns)   --->   "%zext_ln22_2 = zext i8 %select_ln19_1" [src/srcnn.cpp:22]   --->   Operation 41 'zext' 'zext_ln22_2' <Predicate = (!icmp_ln18)> <Delay = 0.00>
ST_2 : Operation 42 [1/1] (0.85ns)   --->   "%add_ln22 = add i17 %sext_ln19, i17 %zext_ln22_2" [src/srcnn.cpp:22]   --->   Operation 42 'add' 'add_ln22' <Predicate = (!icmp_ln18)> <Delay = 0.85> <CoreInst = "Adder">   --->   Core 1 'Adder' <Latency = 0> <II = 1> <Delay = 0.85> <FuncUnit> <Opcode : 'add' 'sub'> <InPorts = 2> <OutPorts = 1>
ST_2 : Operation 43 [1/1] (0.00ns)   --->   "%sext_ln22 = sext i17 %add_ln22" [src/srcnn.cpp:22]   --->   Operation 43 'sext' 'sext_ln22' <Predicate = (!icmp_ln18)> <Delay = 0.00>
ST_2 : Operation 44 [1/1] (0.00ns)   --->   "%trunc_ln22 = trunc i17 %add_ln22" [src/srcnn.cpp:22]   --->   Operation 44 'trunc' 'trunc_ln22' <Predicate = (!icmp_ln18)> <Delay = 0.00>
ST_2 : Operation 45 [1/1] (0.00ns)   --->   "%p_shl = bitconcatenate i22 @_ssdm_op_BitConcatenate.i22.i14.i8, i14 %trunc_ln22, i8 0" [src/srcnn.cpp:22]   --->   Operation 45 'bitconcatenate' 'p_shl' <Predicate = (!icmp_ln18)> <Delay = 0.00>
ST_2 : Operation 46 [1/1] (0.00ns) (grouped into TernaryAdder)   --->   "%sub_ln22_1 = sub i22 %p_shl, i22 %sext_ln22" [src/srcnn.cpp:22]   --->   Operation 46 'sub' 'sub_ln22_1' <Predicate = (!icmp_ln18)> <Delay = 0.00> <CoreInst = "TAddSub">   --->   Core 10 'TAddSub' <Latency = 0> <II = 1> <Delay = 0.35> <IPBlock> <Opcode : '<invalid operator> ' 'add' 'sub'> <InPorts = 3> <OutPorts = 1> <Sync> <CReg>
ST_2 : Operation 47 [1/1] (0.00ns)   --->   "%zext_ln22_3 = zext i8 %select_ln19" [src/srcnn.cpp:22]   --->   Operation 47 'zext' 'zext_ln22_3' <Predicate = (!icmp_ln18)> <Delay = 0.00>
ST_2 : Operation 48 [1/1] (0.70ns) (root node of TernaryAdder)   --->   "%add_ln22_1 = add i22 %sub_ln22_1, i22 %zext_ln22_3" [src/srcnn.cpp:22]   --->   Operation 48 'add' 'add_ln22_1' <Predicate = (!icmp_ln18)> <Delay = 0.70> <CoreInst = "TAddSub">   --->   Core 10 'TAddSub' <Latency = 0> <II = 1> <Delay = 0.35> <IPBlock> <Opcode : '<invalid operator> ' 'add' 'sub'> <InPorts = 3> <OutPorts = 1> <Sync> <CReg>
ST_2 : Operation 49 [1/1] (0.00ns)   --->   "%zext_ln22_4 = zext i22 %add_ln22_1" [src/srcnn.cpp:22]   --->   Operation 49 'zext' 'zext_ln22_4' <Predicate = (!icmp_ln18)> <Delay = 0.00>
ST_2 : Operation 50 [1/1] (0.00ns)   --->   "%feat1_addr = getelementptr i32 %feat1, i64 0, i64 %zext_ln22_4" [src/srcnn.cpp:22]   --->   Operation 50 'getelementptr' 'feat1_addr' <Predicate = (!icmp_ln18)> <Delay = 0.00>
ST_2 : Operation 51 [2/2] (1.23ns)   --->   "%feat1_load = load i22 %feat1_addr" [src/srcnn.cpp:22]   --->   Operation 51 'load' 'feat1_load' <Predicate = (!icmp_ln18)> <Delay = 1.23> <CoreInst = "RAM">   --->   Core 83 'RAM' <Latency = 1> <II = 1> <Delay = 1.23> <Storage> <Opcode : 'load' 'store'> <Ports = 2> <Width = 32> <Depth = 4161600> <RAM>
ST_2 : Operation 52 [1/1] (0.76ns)   --->   "%add_ln20 = add i8 %select_ln19, i8 1" [src/srcnn.cpp:20]   --->   Operation 52 'add' 'add_ln20' <Predicate = (!icmp_ln18)> <Delay = 0.76> <CoreInst = "Adder">   --->   Core 1 'Adder' <Latency = 0> <II = 1> <Delay = 0.76> <FuncUnit> <Opcode : 'add' 'sub'> <InPorts = 2> <OutPorts = 1>
ST_2 : Operation 53 [1/1] (0.85ns)   --->   "%add_ln19_1 = add i16 %indvar_flatten_load, i16 1" [src/srcnn.cpp:19]   --->   Operation 53 'add' 'add_ln19_1' <Predicate = (!icmp_ln18)> <Delay = 0.85> <CoreInst = "Adder">   --->   Core 1 'Adder' <Latency = 0> <II = 1> <Delay = 0.85> <FuncUnit> <Opcode : 'add' 'sub'> <InPorts = 2> <OutPorts = 1>
ST_2 : Operation 54 [1/1] (0.35ns)   --->   "%select_ln19_2 = select i1 %icmp_ln19, i16 1, i16 %add_ln19_1" [src/srcnn.cpp:19]   --->   Operation 54 'select' 'select_ln19_2' <Predicate = (!icmp_ln18)> <Delay = 0.35> <CoreInst = "Sel">   --->   Core 73 'Sel' <Latency = 0> <II = 1> <Delay = 0.35> <FuncUnit> <Opcode : 'select'> <InPorts = 3> <OutPorts = 1>
ST_2 : Operation 55 [1/1] (0.42ns)   --->   "%store_ln20 = store i22 %add_ln18_1, i22 %indvar_flatten12" [src/srcnn.cpp:20]   --->   Operation 55 'store' 'store_ln20' <Predicate = (!icmp_ln18)> <Delay = 0.42>
ST_2 : Operation 56 [1/1] (0.42ns)   --->   "%store_ln20 = store i7 %select_ln18_1, i7 %c" [src/srcnn.cpp:20]   --->   Operation 56 'store' 'store_ln20' <Predicate = (!icmp_ln18)> <Delay = 0.42>
ST_2 : Operation 57 [1/1] (0.42ns)   --->   "%store_ln20 = store i16 %select_ln19_2, i16 %indvar_flatten" [src/srcnn.cpp:20]   --->   Operation 57 'store' 'store_ln20' <Predicate = (!icmp_ln18)> <Delay = 0.42>
ST_2 : Operation 58 [1/1] (0.42ns)   --->   "%store_ln20 = store i8 %select_ln19_1, i8 %y" [src/srcnn.cpp:20]   --->   Operation 58 'store' 'store_ln20' <Predicate = (!icmp_ln18)> <Delay = 0.42>
ST_2 : Operation 59 [1/1] (0.42ns)   --->   "%store_ln20 = store i8 %add_ln20, i8 %x" [src/srcnn.cpp:20]   --->   Operation 59 'store' 'store_ln20' <Predicate = (!icmp_ln18)> <Delay = 0.42>
ST_2 : Operation 60 [1/1] (0.00ns)   --->   "%br_ln20 = br void %for.body8" [src/srcnn.cpp:20]   --->   Operation 60 'br' 'br_ln20' <Predicate = (!icmp_ln18)> <Delay = 0.00>

State 3 <SV = 2> <Delay = 4.01>
ST_3 : Operation 61 [1/2] (1.23ns)   --->   "%feat1_load = load i22 %feat1_addr" [src/srcnn.cpp:22]   --->   Operation 61 'load' 'feat1_load' <Predicate = true> <Delay = 1.23> <CoreInst = "RAM">   --->   Core 83 'RAM' <Latency = 1> <II = 1> <Delay = 1.23> <Storage> <Opcode : 'load' 'store'> <Ports = 2> <Width = 32> <Depth = 4161600> <RAM>
ST_3 : Operation 62 [1/1] (0.00ns)   --->   "%bitcast_ln22 = bitcast i32 %feat1_load" [src/srcnn.cpp:22]   --->   Operation 62 'bitcast' 'bitcast_ln22' <Predicate = true> <Delay = 0.00>
ST_3 : Operation 63 [1/1] (0.00ns)   --->   "%tmp = partselect i8 @_ssdm_op_PartSelect.i8.i32.i32.i32, i32 %bitcast_ln22, i32 23, i32 30" [src/srcnn.cpp:22]   --->   Operation 63 'partselect' 'tmp' <Predicate = true> <Delay = 0.00>
ST_3 : Operation 64 [1/1] (0.00ns)   --->   "%trunc_ln22_1 = trunc i32 %bitcast_ln22" [src/srcnn.cpp:22]   --->   Operation 64 'trunc' 'trunc_ln22_1' <Predicate = true> <Delay = 0.00>
ST_3 : Operation 65 [1/1] (0.76ns)   --->   "%icmp_ln22 = icmp_ne  i8 %tmp, i8 255" [src/srcnn.cpp:22]   --->   Operation 65 'icmp' 'icmp_ln22' <Predicate = true> <Delay = 0.76> <CoreInst = "Cmp">   --->   Core 9 'Cmp' <Latency = 0> <II = 1> <Delay = 0.76> <FuncUnit> <Opcode : 'icmp'> <InPorts = 2> <OutPorts = 1>
ST_3 : Operation 66 [1/1] (0.92ns)   --->   "%icmp_ln22_1 = icmp_eq  i23 %trunc_ln22_1, i23 0" [src/srcnn.cpp:22]   --->   Operation 66 'icmp' 'icmp_ln22_1' <Predicate = true> <Delay = 0.92> <CoreInst = "Cmp">   --->   Core 9 'Cmp' <Latency = 0> <II = 1> <Delay = 0.92> <FuncUnit> <Opcode : 'icmp'> <InPorts = 2> <OutPorts = 1>
ST_3 : [1/1] (0.42ns)   --->   Input mux for Operation 67 '%tmp_1 = fcmp_olt  i32 %feat1_load, i32 0'
ST_3 : Operation 67 [2/2] (2.35ns)   --->   "%tmp_1 = fcmp_olt  i32 %feat1_load, i32 0" [src/srcnn.cpp:22]   --->   Operation 67 'fcmp' 'tmp_1' <Predicate = true> <Delay = 2.35> <CoreInst = "FCompare">   --->   Core 19 'FCompare' <Latency = 1> <II = 1> <Delay = 2.78> <FuncUnit> <Opcode : 'fcmp'> <InPorts = 2> <OutPorts = 1>
ST_3 : Operation 79 [1/1] (0.00ns)   --->   "%ret_ln0 = ret"   --->   Operation 79 'ret' 'ret_ln0' <Predicate = (icmp_ln18)> <Delay = 0.00>

State 4 <SV = 3> <Delay = 4.30>
ST_4 : Operation 68 [1/1] (0.00ns)   --->   "%specloopname_ln0 = specloopname void @_ssdm_op_SpecLoopName, void @VITIS_LOOP_18_1_VITIS_LOOP_19_2_VITIS_LOOP_20_3_str"   --->   Operation 68 'specloopname' 'specloopname_ln0' <Predicate = true> <Delay = 0.00>
ST_4 : Operation 69 [1/1] (0.00ns)   --->   "%speclooptripcount_ln0 = speclooptripcount void @_ssdm_op_SpecLoopTripCount, i64 4161600, i64 4161600, i64 4161600"   --->   Operation 69 'speclooptripcount' 'speclooptripcount_ln0' <Predicate = true> <Delay = 0.00>
ST_4 : Operation 70 [1/1] (0.00ns)   --->   "%specloopname_ln0 = specloopname void @_ssdm_op_SpecLoopName, void @VITIS_LOOP_19_2_VITIS_LOOP_20_3_str"   --->   Operation 70 'specloopname' 'specloopname_ln0' <Predicate = true> <Delay = 0.00>
ST_4 : Operation 71 [1/1] (0.00ns)   --->   "%specpipeline_ln21 = specpipeline void @_ssdm_op_SpecPipeline, i32 1, i32 0, i32 0, i32 0, void @empty_19" [src/srcnn.cpp:21]   --->   Operation 71 'specpipeline' 'specpipeline_ln21' <Predicate = true> <Delay = 0.00>
ST_4 : Operation 72 [1/1] (0.00ns)   --->   "%specloopname_ln20 = specloopname void @_ssdm_op_SpecLoopName, void @empty" [src/srcnn.cpp:20]   --->   Operation 72 'specloopname' 'specloopname_ln20' <Predicate = true> <Delay = 0.00>
ST_4 : Operation 73 [1/1] (0.00ns) (grouped into LUT with out node and_ln22)   --->   "%or_ln22 = or i1 %icmp_ln22_1, i1 %icmp_ln22" [src/srcnn.cpp:22]   --->   Operation 73 'or' 'or_ln22' <Predicate = true> <Delay = 0.00> <CoreInst = "LogicGate">   --->   Core 74 'LogicGate' <Latency = 0> <II = 1> <Delay = 0.28> <FuncUnit> <Opcode : 'and' 'or' 'xor'> <InPorts = 2> <OutPorts = 1>
ST_4 : Operation 74 [1/2] (2.78ns)   --->   "%tmp_1 = fcmp_olt  i32 %feat1_load, i32 0" [src/srcnn.cpp:22]   --->   Operation 74 'fcmp' 'tmp_1' <Predicate = true> <Delay = 2.78> <CoreInst = "FCompare">   --->   Core 19 'FCompare' <Latency = 1> <II = 1> <Delay = 2.78> <FuncUnit> <Opcode : 'fcmp'> <InPorts = 2> <OutPorts = 1>
ST_4 : Operation 75 [1/1] (0.28ns) (out node of the LUT)   --->   "%and_ln22 = and i1 %or_ln22, i1 %tmp_1" [src/srcnn.cpp:22]   --->   Operation 75 'and' 'and_ln22' <Predicate = true> <Delay = 0.28> <CoreInst = "LogicGate">   --->   Core 74 'LogicGate' <Latency = 0> <II = 1> <Delay = 0.28> <FuncUnit> <Opcode : 'and' 'or' 'xor'> <InPorts = 2> <OutPorts = 1>
ST_4 : Operation 76 [1/1] (0.00ns)   --->   "%br_ln22 = br i1 %and_ln22, void %for.inc, void %if.then" [src/srcnn.cpp:22]   --->   Operation 76 'br' 'br_ln22' <Predicate = true> <Delay = 0.00>
ST_4 : Operation 77 [1/1] (1.23ns)   --->   "%store_ln22 = store i32 0, i22 %feat1_addr" [src/srcnn.cpp:22]   --->   Operation 77 'store' 'store_ln22' <Predicate = (and_ln22)> <Delay = 1.23> <CoreInst = "RAM">   --->   Core 83 'RAM' <Latency = 1> <II = 1> <Delay = 1.23> <Storage> <Opcode : 'load' 'store'> <Ports = 2> <Width = 32> <Depth = 4161600> <RAM>
ST_4 : Operation 78 [1/1] (0.00ns)   --->   "%br_ln22 = br void %for.inc" [src/srcnn.cpp:22]   --->   Operation 78 'br' 'br_ln22' <Predicate = (and_ln22)> <Delay = 0.00>


============================================================
+ Verbose Summary: Timing violations
============================================================
Target clock period: 10.000ns, clock uncertainty: 2.700ns.

 <State 1>: 0.427ns
The critical path consists of the following:
	'alloca' operation ('indvar_flatten12') [6]  (0.000 ns)
	'store' operation ('store_ln0') of constant 0 on local variable 'indvar_flatten12' [7]  (0.427 ns)

 <State 2>: 5.197ns
The critical path consists of the following:
	'load' operation ('indvar_flatten_load', src/srcnn.cpp:19) on local variable 'indvar_flatten' [14]  (0.000 ns)
	'icmp' operation ('icmp_ln19', src/srcnn.cpp:19) [26]  (0.853 ns)
	'select' operation ('select_ln18', src/srcnn.cpp:18) [27]  (0.393 ns)
	'add' operation ('add_ln19', src/srcnn.cpp:19) [37]  (0.765 ns)
	'select' operation ('select_ln19_1', src/srcnn.cpp:19) [41]  (0.393 ns)
	'add' operation ('add_ln22', src/srcnn.cpp:22) [43]  (0.853 ns)
	'sub' operation ('sub_ln22_1', src/srcnn.cpp:22) [47]  (0.000 ns)
	'add' operation ('add_ln22_1', src/srcnn.cpp:22) [49]  (0.704 ns)
	'getelementptr' operation ('feat1_addr', src/srcnn.cpp:22) [51]  (0.000 ns)
	'load' operation ('feat1_load', src/srcnn.cpp:22) on array 'feat1' [54]  (1.237 ns)

 <State 3>: 4.019ns
The critical path consists of the following:
	'load' operation ('feat1_load', src/srcnn.cpp:22) on array 'feat1' [54]  (1.237 ns)
	multiplexor before operation 'fcmp' with delay (0.427 ns)
'fcmp' operation ('tmp_1', src/srcnn.cpp:22) [61]  (2.355 ns)

 <State 4>: 4.306ns
The critical path consists of the following:
	'fcmp' operation ('tmp_1', src/srcnn.cpp:22) [61]  (2.782 ns)
	'and' operation ('and_ln22', src/srcnn.cpp:22) [62]  (0.287 ns)
	blocking operation 1.237 ns on control path)


============================================================
+ Verbose Summary: Binding
============================================================
N/A
* FSMD analyzer results:
  - Output states:
 - Input state : 
  - Chain level:
	State 1
	State 2
	State 3
	State 4


============================================================
+ Verbose Summary: Datapath Resource usage 
============================================================
N/A
