

================================================================
== Vitis HLS Report for 'store_stage_Pipeline_VITIS_LOOP_170_4'
================================================================
* Date:           Thu Oct 30 11:32:21 2025

* Version:        2023.1 (Build 3854077 on May  4 2023)
* Project:        srcnn_hls
* Solution:       solution1 (Vivado IP Flow Target)
* Product family: zynquplus
* Target device:  xck26-sfvc784-2LV-c


================================================================
== Performance Estimates
================================================================
+ Timing: 
    * Summary: 
    +--------+----------+----------+------------+
    |  Clock |  Target  | Estimated| Uncertainty|
    +--------+----------+----------+------------+
    |ap_clk  |  10.00 ns|  3.158 ns|     2.70 ns|
    +--------+----------+----------+------------+

+ Latency: 
    * Summary: 
    +---------+---------+----------+----------+-----+-----+---------+
    |  Latency (cycles) |  Latency (absolute) |  Interval | Pipeline|
    |   min   |   max   |    min   |    max   | min | max |   Type  |
    +---------+---------+----------+----------+-----+-----+---------+
    |       18|       18|  0.180 us|  0.180 us|   18|   18|       no|
    +---------+---------+----------+----------+-----+-----+---------+

    + Detail: 
        * Instance: 
        N/A

        * Loop: 
        +--------------------+---------+---------+----------+-----------+-----------+------+----------+
        |                    |  Latency (cycles) | Iteration|  Initiation Interval  | Trip |          |
        |      Loop Name     |   min   |   max   |  Latency |  achieved |   target  | Count| Pipelined|
        +--------------------+---------+---------+----------+-----------+-----------+------+----------+
        |- VITIS_LOOP_170_4  |       16|       16|         2|          2|          2|     8|       yes|
        +--------------------+---------+---------+----------+-----------+-----------+------+----------+

============================================================
+ Verbose Summary: Synthesis Manager
============================================================
InlineROM: 1
ExposeGlobal: 0
============================================================
+ Verbose Summary: CDFG Model
============================================================
IsTopModel: 0
ResetActiveHigh: 1
IsCombinational: 0
IsDatapathOnly: 0
HasWiredReturn: 1
HasMFsm: 2
HasVarLatency: 1
IsPipeline: 0
IsRtlPipelined: 0
IsInstanceOverlapped: 0
IsDontTouch: 0
HasImplIP: 0
IsGatedGlobalClock: 0

+ Individual pipeline summary: 
  * Pipeline-0: initiation interval (II) = 2, depth = 2


============================================================
+ Verbose Summary: Schedule
============================================================
* Number of FSM states : 2
* Pipeline : 1
  Pipeline-0 : II = 2, D = 2, States = { 1 2 }
* Dataflow Pipeline: 0

* FSM state transitions: 
1 --> 2 
2 --> 

* FSM state operations: 

State 1 <SV = 0> <Delay = 3.15>
ST_1 : Operation 5 [1/1] (0.00ns)   --->   "%tn = alloca i32 1"   --->   Operation 5 'alloca' 'tn' <Predicate = true> <Delay = 0.00>
ST_1 : Operation 6 [1/1] (0.00ns)   --->   "%zext_ln170_read = read i22 @_ssdm_op_Read.ap_auto.i22, i22 %zext_ln170"   --->   Operation 6 'read' 'zext_ln170_read' <Predicate = true> <Delay = 0.00>
ST_1 : Operation 7 [1/1] (0.00ns)   --->   "%zext_ln167_read = read i14 @_ssdm_op_Read.ap_auto.i14, i14 %zext_ln167"   --->   Operation 7 'read' 'zext_ln167_read' <Predicate = true> <Delay = 0.00>
ST_1 : Operation 8 [1/1] (0.00ns)   --->   "%trunc_ln_read = read i6 @_ssdm_op_Read.ap_auto.i6, i6 %trunc_ln"   --->   Operation 8 'read' 'trunc_ln_read' <Predicate = true> <Delay = 0.00>
ST_1 : Operation 9 [1/1] (0.00ns)   --->   "%d_tN_read = read i32 @_ssdm_op_Read.ap_auto.i32, i32 %d_tN"   --->   Operation 9 'read' 'd_tN_read' <Predicate = true> <Delay = 0.00>
ST_1 : Operation 10 [1/1] (0.00ns)   --->   "%zext_ln167_cast = zext i14 %zext_ln167_read"   --->   Operation 10 'zext' 'zext_ln167_cast' <Predicate = true> <Delay = 0.00>
ST_1 : Operation 11 [1/1] (0.00ns)   --->   "%specinterface_ln0 = specinterface void @_ssdm_op_SpecInterface, i32 %s_out, void @empty_171, i32 0, i32 0, void @empty_154, i32 0, i32 0, void @empty_154, void @empty_154, void @empty_154, i32 0, i32 0, i32 0, i32 0, void @empty_154, void @empty_154, i32 4294967295, i32 0"   --->   Operation 11 'specinterface' 'specinterface_ln0' <Predicate = true> <Delay = 0.00>
ST_1 : Operation 12 [1/1] (0.42ns)   --->   "%store_ln0 = store i4 0, i4 %tn"   --->   Operation 12 'store' 'store_ln0' <Predicate = true> <Delay = 0.42>
ST_1 : Operation 13 [1/1] (0.00ns)   --->   "%br_ln0 = br void %for.body14"   --->   Operation 13 'br' 'br_ln0' <Predicate = true> <Delay = 0.00>
ST_1 : Operation 14 [1/1] (0.00ns)   --->   "%tn_1 = load i4 %tn" [src/conv1.cpp:170]   --->   Operation 14 'load' 'tn_1' <Predicate = true> <Delay = 0.00>
ST_1 : Operation 15 [1/1] (0.79ns)   --->   "%icmp_ln170 = icmp_eq  i4 %tn_1, i4 8" [src/conv1.cpp:170]   --->   Operation 15 'icmp' 'icmp_ln170' <Predicate = true> <Delay = 0.79> <CoreInst = "Cmp">   --->   Core 9 'Cmp' <Latency = 0> <II = 1> <Delay = 0.79> <FuncUnit> <Opcode : 'icmp'> <InPorts = 2> <OutPorts = 1>
ST_1 : Operation 16 [1/1] (0.79ns)   --->   "%add_ln170 = add i4 %tn_1, i4 1" [src/conv1.cpp:170]   --->   Operation 16 'add' 'add_ln170' <Predicate = true> <Delay = 0.79> <CoreInst = "Adder">   --->   Core 1 'Adder' <Latency = 0> <II = 1> <Delay = 0.79> <FuncUnit> <Opcode : 'add' 'sub'> <InPorts = 2> <OutPorts = 1>
ST_1 : Operation 17 [1/1] (0.00ns)   --->   "%br_ln170 = br i1 %icmp_ln170, void %for.body14.split, void %for.inc24.loopexit.exitStub" [src/conv1.cpp:170]   --->   Operation 17 'br' 'br_ln170' <Predicate = true> <Delay = 0.00>
ST_1 : Operation 18 [1/1] (0.00ns)   --->   "%zext_ln170_1 = zext i4 %tn_1" [src/conv1.cpp:170]   --->   Operation 18 'zext' 'zext_ln170_1' <Predicate = (!icmp_ln170)> <Delay = 0.00>
ST_1 : Operation 19 [1/1] (0.00ns)   --->   "%zext_ln170_2 = zext i4 %tn_1" [src/conv1.cpp:170]   --->   Operation 19 'zext' 'zext_ln170_2' <Predicate = (!icmp_ln170)> <Delay = 0.00>
ST_1 : Operation 20 [1/1] (0.00ns)   --->   "%specpipeline_ln171 = specpipeline void @_ssdm_op_SpecPipeline, i32 2, i32 0, i32 0, i32 0, void @empty_154" [src/conv1.cpp:171]   --->   Operation 20 'specpipeline' 'specpipeline_ln171' <Predicate = (!icmp_ln170)> <Delay = 0.00>
ST_1 : Operation 21 [1/1] (0.00ns)   --->   "%speclooptripcount_ln170 = speclooptripcount void @_ssdm_op_SpecLoopTripCount, i64 8, i64 8, i64 8" [src/conv1.cpp:170]   --->   Operation 21 'speclooptripcount' 'speclooptripcount_ln170' <Predicate = (!icmp_ln170)> <Delay = 0.00>
ST_1 : Operation 22 [1/1] (0.00ns)   --->   "%specloopname_ln170 = specloopname void @_ssdm_op_SpecLoopName, void @empty_125" [src/conv1.cpp:170]   --->   Operation 22 'specloopname' 'specloopname_ln170' <Predicate = (!icmp_ln170)> <Delay = 0.00>
ST_1 : Operation 23 [1/1] (1.01ns)   --->   "%icmp_ln172 = icmp_slt  i32 %zext_ln170_2, i32 %d_tN_read" [src/conv1.cpp:172]   --->   Operation 23 'icmp' 'icmp_ln172' <Predicate = (!icmp_ln170)> <Delay = 1.01> <CoreInst = "Cmp">   --->   Core 9 'Cmp' <Latency = 0> <II = 1> <Delay = 1.01> <FuncUnit> <Opcode : 'icmp'> <InPorts = 2> <OutPorts = 1>
ST_1 : Operation 24 [1/1] (0.00ns)   --->   "%br_ln172 = br i1 %icmp_ln172, void %for.inc, void %if.then16" [src/conv1.cpp:172]   --->   Operation 24 'br' 'br_ln172' <Predicate = (!icmp_ln170)> <Delay = 0.00>
ST_1 : Operation 25 [1/1] (0.78ns)   --->   "%add_ln174 = add i6 %trunc_ln_read, i6 %zext_ln170_1" [src/conv1.cpp:174]   --->   Operation 25 'add' 'add_ln174' <Predicate = (!icmp_ln170 & icmp_ln172)> <Delay = 0.78> <CoreInst = "Adder">   --->   Core 1 'Adder' <Latency = 0> <II = 1> <Delay = 0.78> <FuncUnit> <Opcode : 'add' 'sub'> <InPorts = 2> <OutPorts = 1>
ST_1 : Operation 26 [1/1] (0.00ns)   --->   "%zext_ln174 = zext i6 %add_ln174" [src/conv1.cpp:174]   --->   Operation 26 'zext' 'zext_ln174' <Predicate = (!icmp_ln170 & icmp_ln172)> <Delay = 0.00>
ST_1 : Operation 27 [1/1] (0.00ns)   --->   "%tmp = bitconcatenate i14 @_ssdm_op_BitConcatenate.i14.i6.i8, i6 %add_ln174, i8 0" [src/conv1.cpp:174]   --->   Operation 27 'bitconcatenate' 'tmp' <Predicate = (!icmp_ln170 & icmp_ln172)> <Delay = 0.00>
ST_1 : Operation 28 [1/1] (0.00ns)   --->   "%zext_ln174_1 = zext i14 %tmp" [src/conv1.cpp:174]   --->   Operation 28 'zext' 'zext_ln174_1' <Predicate = (!icmp_ln170 & icmp_ln172)> <Delay = 0.00>
ST_1 : Operation 29 [1/1] (0.83ns)   --->   "%sub_ln174 = sub i15 %zext_ln174_1, i15 %zext_ln174" [src/conv1.cpp:174]   --->   Operation 29 'sub' 'sub_ln174' <Predicate = (!icmp_ln170 & icmp_ln172)> <Delay = 0.83> <CoreInst = "Adder">   --->   Core 1 'Adder' <Latency = 0> <II = 1> <Delay = 0.83> <FuncUnit> <Opcode : 'add' 'sub'> <InPorts = 2> <OutPorts = 1>
ST_1 : Operation 30 [1/1] (0.00ns)   --->   "%sext_ln174 = sext i15 %sub_ln174" [src/conv1.cpp:174]   --->   Operation 30 'sext' 'sext_ln174' <Predicate = (!icmp_ln170 & icmp_ln172)> <Delay = 0.00>
ST_1 : Operation 31 [1/1] (0.84ns)   --->   "%add_ln174_1 = add i16 %sext_ln174, i16 %zext_ln167_cast" [src/conv1.cpp:174]   --->   Operation 31 'add' 'add_ln174_1' <Predicate = (!icmp_ln170 & icmp_ln172)> <Delay = 0.84> <CoreInst = "Adder">   --->   Core 1 'Adder' <Latency = 0> <II = 1> <Delay = 0.84> <FuncUnit> <Opcode : 'add' 'sub'> <InPorts = 2> <OutPorts = 1>
ST_1 : Operation 32 [1/1] (0.00ns)   --->   "%sext_ln174_1 = sext i16 %add_ln174_1" [src/conv1.cpp:174]   --->   Operation 32 'sext' 'sext_ln174_1' <Predicate = (!icmp_ln170 & icmp_ln172)> <Delay = 0.00>
ST_1 : Operation 33 [1/1] (0.00ns)   --->   "%trunc_ln174 = trunc i16 %add_ln174_1" [src/conv1.cpp:174]   --->   Operation 33 'trunc' 'trunc_ln174' <Predicate = (!icmp_ln170 & icmp_ln172)> <Delay = 0.00>
ST_1 : Operation 34 [1/1] (0.00ns)   --->   "%p_shl = bitconcatenate i22 @_ssdm_op_BitConcatenate.i22.i14.i8, i14 %trunc_ln174, i8 0" [src/conv1.cpp:174]   --->   Operation 34 'bitconcatenate' 'p_shl' <Predicate = (!icmp_ln170 & icmp_ln172)> <Delay = 0.00>
ST_1 : Operation 35 [1/1] (0.00ns) (grouped into TernaryAdder)   --->   "%sub_ln174_1 = sub i22 %p_shl, i22 %sext_ln174_1" [src/conv1.cpp:174]   --->   Operation 35 'sub' 'sub_ln174_1' <Predicate = (!icmp_ln170 & icmp_ln172)> <Delay = 0.00> <CoreInst = "TAddSub">   --->   Core 10 'TAddSub' <Latency = 0> <II = 1> <Delay = 0.35> <IPBlock> <Opcode : '<invalid operator> ' 'add' 'sub'> <InPorts = 3> <OutPorts = 1> <Sync> <CReg>
ST_1 : Operation 36 [1/1] (0.70ns) (root node of TernaryAdder)   --->   "%add_ln174_2 = add i22 %sub_ln174_1, i22 %zext_ln170_read" [src/conv1.cpp:174]   --->   Operation 36 'add' 'add_ln174_2' <Predicate = (!icmp_ln170 & icmp_ln172)> <Delay = 0.70> <CoreInst = "TAddSub">   --->   Core 10 'TAddSub' <Latency = 0> <II = 1> <Delay = 0.35> <IPBlock> <Opcode : '<invalid operator> ' 'add' 'sub'> <InPorts = 3> <OutPorts = 1> <Sync> <CReg>
ST_1 : Operation 45 [1/1] (0.00ns)   --->   "%ret_ln0 = ret"   --->   Operation 45 'ret' 'ret_ln0' <Predicate = (icmp_ln170)> <Delay = 0.00>

State 2 <SV = 1> <Delay = 2.89>
ST_2 : Operation 37 [1/1] (1.65ns)   --->   "%s_out_read = read i32 @_ssdm_op_Read.ap_fifo.volatile.i32P0A, i32 %s_out" [src/conv1.cpp:173]   --->   Operation 37 'read' 's_out_read' <Predicate = (!icmp_ln170 & icmp_ln172)> <Delay = 1.65> <CoreInst = "FIFO">   --->   Core 78 'FIFO' <Latency = 0> <II = 1> <Delay = 1.65> <Storage> <Opcode : 'read' 'write' 'nbread' 'nbwrite'> <Ports = 0> <Width = 32> <Depth = 256> <FIFO>
ST_2 : Operation 38 [1/1] (0.00ns)   --->   "%v = bitcast i32 %s_out_read" [src/conv1.cpp:173]   --->   Operation 38 'bitcast' 'v' <Predicate = (!icmp_ln170 & icmp_ln172)> <Delay = 0.00>
ST_2 : Operation 39 [1/1] (0.00ns)   --->   "%zext_ln174_2 = zext i22 %add_ln174_2" [src/conv1.cpp:174]   --->   Operation 39 'zext' 'zext_ln174_2' <Predicate = (!icmp_ln170 & icmp_ln172)> <Delay = 0.00>
ST_2 : Operation 40 [1/1] (0.00ns)   --->   "%feat1_addr = getelementptr i32 %feat1, i64 0, i64 %zext_ln174_2" [src/conv1.cpp:174]   --->   Operation 40 'getelementptr' 'feat1_addr' <Predicate = (!icmp_ln170 & icmp_ln172)> <Delay = 0.00>
ST_2 : Operation 41 [1/1] (1.23ns)   --->   "%store_ln174 = store i32 %v, i22 %feat1_addr" [src/conv1.cpp:174]   --->   Operation 41 'store' 'store_ln174' <Predicate = (!icmp_ln170 & icmp_ln172)> <Delay = 1.23> <CoreInst = "RAM">   --->   Core 83 'RAM' <Latency = 1> <II = 1> <Delay = 1.23> <Storage> <Opcode : 'load' 'store'> <Ports = 2> <Width = 32> <Depth = 4161600> <RAM>
ST_2 : Operation 42 [1/1] (0.00ns)   --->   "%br_ln175 = br void %for.inc" [src/conv1.cpp:175]   --->   Operation 42 'br' 'br_ln175' <Predicate = (!icmp_ln170 & icmp_ln172)> <Delay = 0.00>
ST_2 : Operation 43 [1/1] (0.42ns)   --->   "%store_ln170 = store i4 %add_ln170, i4 %tn" [src/conv1.cpp:170]   --->   Operation 43 'store' 'store_ln170' <Predicate = (!icmp_ln170)> <Delay = 0.42>
ST_2 : Operation 44 [1/1] (0.00ns)   --->   "%br_ln170 = br void %for.body14" [src/conv1.cpp:170]   --->   Operation 44 'br' 'br_ln170' <Predicate = (!icmp_ln170)> <Delay = 0.00>


============================================================
+ Verbose Summary: Timing violations
============================================================
Target clock period: 10.000ns, clock uncertainty: 2.700ns.

 <State 1>: 3.158ns
The critical path consists of the following:
	'alloca' operation ('tn') [7]  (0.000 ns)
	'load' operation ('tn', src/conv1.cpp:170) on local variable 'tn' [17]  (0.000 ns)
	'add' operation ('add_ln174', src/conv1.cpp:174) [32]  (0.781 ns)
	'sub' operation ('sub_ln174', src/conv1.cpp:174) [36]  (0.831 ns)
	'add' operation ('add_ln174_1', src/conv1.cpp:174) [38]  (0.842 ns)
	'sub' operation ('sub_ln174_1', src/conv1.cpp:174) [42]  (0.000 ns)
	'add' operation ('add_ln174_2', src/conv1.cpp:174) [43]  (0.704 ns)

 <State 2>: 2.892ns
The critical path consists of the following:
	fifo read operation ('s_out_read', src/conv1.cpp:173) on port 's_out' (src/conv1.cpp:173) [30]  (1.655 ns)
	'store' operation ('store_ln174', src/conv1.cpp:174) of variable 'v', src/conv1.cpp:173 on array 'feat1' [46]  (1.237 ns)


============================================================
+ Verbose Summary: Binding
============================================================
N/A
* FSMD analyzer results:
  - Output states:
 - Input state : 
  - Chain level:
	State 1
	State 2


============================================================
+ Verbose Summary: Datapath Resource usage 
============================================================
N/A
