

================================================================
== Vitis HLS Report for 'store_stage'
================================================================
* Date:           Thu Oct 30 11:33:24 2025

* Version:        2023.1 (Build 3854077 on May  4 2023)
* Project:        srcnn_hls
* Solution:       solution1 (Vivado IP Flow Target)
* Product family: zynquplus
* Target device:  xck26-sfvc784-2LV-c


================================================================
== Performance Estimates
================================================================
+ Timing: 
    * Summary: 
    +--------+----------+----------+------------+
    |  Clock |  Target  | Estimated| Uncertainty|
    +--------+----------+----------+------------+
    |ap_clk  |  10.00 ns|  4.747 ns|     2.70 ns|
    +--------+----------+----------+------------+

+ Latency: 
    * Summary: 
    +---------+----------+-----------+-----------+---------+----------+---------+
    |  Latency (cycles)  |   Latency (absolute)  |      Interval      | Pipeline|
    |   min   |    max   |    min    |    max    |   min   |    max   |   Type  |
    +---------+----------+-----------+-----------+---------+----------+---------+
    |  1082369|  10519553|  10.824 ms|  0.105 sec|  1082369|  10519553|       no|
    +---------+----------+-----------+-----------+---------+----------+---------+

    + Detail: 
        * Instance: 
        +--------------------------------------------------+---------------------------------------+---------+---------+----------+----------+-----+-----+---------+
        |                                                  |                                       |  Latency (cycles) |  Latency (absolute) |  Interval | Pipeline|
        |                     Instance                     |                 Module                |   min   |   max   |    min   |    max   | min | max |   Type  |
        +--------------------------------------------------+---------------------------------------+---------+---------+----------+----------+-----+-----+---------+
        |grp_store_stage_Pipeline_VITIS_LOOP_170_4_fu_108  |store_stage_Pipeline_VITIS_LOOP_170_4  |       18|       18|  0.180 us|  0.180 us|   18|   18|       no|
        +--------------------------------------------------+---------------------------------------+---------+---------+----------+----------+-----+-----+---------+

        * Loop: 
        +-----------------------+---------+----------+--------------+-----------+-----------+------+----------+
        |                       |  Latency (cycles)  |   Iteration  |  Initiation Interval  | Trip |          |
        |       Loop Name       |   min   |    max   |    Latency   |  achieved |   target  | Count| Pipelined|
        +-----------------------+---------+----------+--------------+-----------+-----------+------+----------+
        |- VITIS_LOOP_162_1     |  1082368|  10519552|  2114 ~ 20546|          -|          -|   512|        no|
        | + VITIS_LOOP_165_2    |     2112|     20544|      66 ~ 642|          -|          -|    32|        no|
        |  ++ VITIS_LOOP_167_3  |       64|       640|        2 ~ 20|          -|          -|    32|        no|
        +-----------------------+---------+----------+--------------+-----------+-----------+------+----------+



================================================================
== Utilization Estimates
================================================================
* Summary: 
+-----------------+---------+------+--------+--------+-----+
|       Name      | BRAM_18K|  DSP |   FF   |   LUT  | URAM|
+-----------------+---------+------+--------+--------+-----+
|DSP              |        -|     -|       -|       -|    -|
|Expression       |        -|     -|       0|     225|    -|
|FIFO             |        -|     -|       -|       -|    -|
|Instance         |        -|     -|      35|     219|    -|
|Memory           |        -|     -|       -|       -|    -|
|Multiplexer      |        -|     -|       -|      85|    -|
|Register         |        -|     -|     227|       -|    -|
+-----------------+---------+------+--------+--------+-----+
|Total            |        0|     0|     262|     529|    0|
+-----------------+---------+------+--------+--------+-----+
|Available        |      288|  1248|  234240|  117120|   64|
+-----------------+---------+------+--------+--------+-----+
|Utilization (%)  |        0|     0|      ~0|      ~0|    0|
+-----------------+---------+------+--------+--------+-----+

+ Detail: 
    * Instance: 
    +--------------------------------------------------+---------------------------------------+---------+----+----+-----+-----+
    |                     Instance                     |                 Module                | BRAM_18K| DSP| FF | LUT | URAM|
    +--------------------------------------------------+---------------------------------------+---------+----+----+-----+-----+
    |grp_store_stage_Pipeline_VITIS_LOOP_170_4_fu_108  |store_stage_Pipeline_VITIS_LOOP_170_4  |        0|   0|  35|  219|    0|
    +--------------------------------------------------+---------------------------------------+---------+----+----+-----+-----+
    |Total                                             |                                       |        0|   0|  35|  219|    0|
    +--------------------------------------------------+---------------------------------------+---------+----+----+-----+-----+

    * DSP: 
    N/A

    * Memory: 
    N/A

    * FIFO: 
    N/A

    * Expression: 
    +---------------------------------+----------+----+---+----+------------+------------+
    |          Variable Name          | Operation| DSP| FF| LUT| Bitwidth P0| Bitwidth P1|
    +---------------------------------+----------+----+---+----+------------+------------+
    |add_ln165_fu_208_p2              |         +|   0|  0|  13|           6|           1|
    |add_ln167_fu_242_p2              |         +|   0|  0|  13|           6|           1|
    |empty_276_fu_258_p2              |         +|   0|  0|  29|          22|          22|
    |empty_fu_219_p2                  |         +|   0|  0|  21|          14|          14|
    |i_2_fu_134_p2                    |         +|   0|  0|  17|          10|           1|
    |and_ln169_fu_253_p2              |       and|   0|  0|   2|           1|           1|
    |ap_block_state2                  |       and|   0|  0|   2|           1|           1|
    |ap_block_state5_on_subcall_done  |       and|   0|  0|   2|           1|           1|
    |cmp9_fu_214_p2                   |      icmp|   0|  0|  39|          32|          32|
    |icmp_ln162_fu_128_p2             |      icmp|   0|  0|  18|          10|          11|
    |icmp_ln165_fu_202_p2             |      icmp|   0|  0|  14|           6|           7|
    |icmp_ln167_fu_236_p2             |      icmp|   0|  0|  14|           6|           7|
    |icmp_ln169_fu_248_p2             |      icmp|   0|  0|  39|          32|          32|
    |ap_block_state1                  |        or|   0|  0|   2|           1|           1|
    +---------------------------------+----------+----+---+----+------------+------------+
    |Total                            |          |   0|  0| 225|         148|         132|
    +---------------------------------+----------+----+---+----+------------+------------+

    * Multiplexer: 
    +------------+----+-----------+-----+-----------+
    |    Name    | LUT| Input Size| Bits| Total Bits|
    +------------+----+-----------+-----+-----------+
    |ap_NS_fsm   |  31|          6|    1|          6|
    |ap_done     |   9|          2|    1|          2|
    |i_fu_76     |   9|          2|   10|         20|
    |q2_blk_n    |   9|          2|    1|          2|
    |s_out_read  |   9|          2|    1|          2|
    |th_reg_86   |   9|          2|    6|         12|
    |tw_reg_97   |   9|          2|    6|         12|
    +------------+----+-----------+-----+-----------+
    |Total       |  85|         18|   26|         56|
    +------------+----+-----------+-----+-----------+

    * Register: 
    +---------------------------------------------------------------+----+----+-----+-----------+
    |                              Name                             | FF | LUT| Bits| Const Bits|
    +---------------------------------------------------------------+----+----+-----+-----------+
    |add_ln165_reg_312                                              |   6|   0|    6|          0|
    |add_ln167_reg_330                                              |   6|   0|    6|          0|
    |and_ln169_reg_335                                              |   1|   0|    1|          0|
    |ap_CS_fsm                                                      |   5|   0|    5|          0|
    |ap_done_reg                                                    |   1|   0|    1|          0|
    |cmp9_reg_317                                                   |   1|   0|    1|          0|
    |d_tH_reg_289                                                   |  32|   0|   32|          0|
    |d_tN_reg_284                                                   |  32|   0|   32|          0|
    |d_tW_reg_279                                                   |  32|   0|   32|          0|
    |empty_276_reg_339                                              |  22|   0|   22|          0|
    |empty_reg_322                                                  |  14|   0|   14|          0|
    |grp_store_stage_Pipeline_VITIS_LOOP_170_4_fu_108_ap_start_reg  |   1|   0|    1|          0|
    |i_2_reg_274                                                    |  10|   0|   10|          0|
    |i_fu_76                                                        |  10|   0|   10|          0|
    |th_reg_86                                                      |   6|   0|    6|          0|
    |trunc_ln165_1_reg_299                                          |  22|   0|   22|          0|
    |trunc_ln165_2_reg_304                                          |  14|   0|   14|          0|
    |trunc_ln165_reg_294                                            |   6|   0|    6|          0|
    |tw_reg_97                                                      |   6|   0|    6|          0|
    +---------------------------------------------------------------+----+----+-----+-----------+
    |Total                                                          | 227|   0|  227|          0|
    +---------------------------------------------------------------+----+----+-----+-----------+



================================================================
== Interface
================================================================
* Summary: 
+----------------------+-----+-----+------------+--------------+--------------+
|       RTL Ports      | Dir | Bits|  Protocol  | Source Object|    C Type    |
+----------------------+-----+-----+------------+--------------+--------------+
|ap_clk                |   in|    1|  ap_ctrl_hs|   store_stage|  return value|
|ap_rst                |   in|    1|  ap_ctrl_hs|   store_stage|  return value|
|ap_start              |   in|    1|  ap_ctrl_hs|   store_stage|  return value|
|ap_done               |  out|    1|  ap_ctrl_hs|   store_stage|  return value|
|ap_continue           |   in|    1|  ap_ctrl_hs|   store_stage|  return value|
|ap_idle               |  out|    1|  ap_ctrl_hs|   store_stage|  return value|
|ap_ready              |  out|    1|  ap_ctrl_hs|   store_stage|  return value|
|q2_dout               |   in|  224|     ap_fifo|            q2|       pointer|
|q2_num_data_valid     |   in|    2|     ap_fifo|            q2|       pointer|
|q2_fifo_cap           |   in|    2|     ap_fifo|            q2|       pointer|
|q2_empty_n            |   in|    1|     ap_fifo|            q2|       pointer|
|q2_read               |  out|    1|     ap_fifo|            q2|       pointer|
|s_out_dout            |   in|   32|     ap_fifo|         s_out|       pointer|
|s_out_num_data_valid  |   in|    9|     ap_fifo|         s_out|       pointer|
|s_out_fifo_cap        |   in|    9|     ap_fifo|         s_out|       pointer|
|s_out_empty_n         |   in|    1|     ap_fifo|         s_out|       pointer|
|s_out_read            |  out|    1|     ap_fifo|         s_out|       pointer|
|feat1_address0        |  out|   22|   ap_memory|         feat1|         array|
|feat1_ce0             |  out|    1|   ap_memory|         feat1|         array|
|feat1_we0             |  out|    1|   ap_memory|         feat1|         array|
|feat1_d0              |  out|   32|   ap_memory|         feat1|         array|
+----------------------+-----+-----+------------+--------------+--------------+

============================================================
+ Verbose Summary: Synthesis Manager
============================================================
InlineROM: 1
ExposeGlobal: 0
============================================================
+ Verbose Summary: CDFG Model
============================================================
IsTopModel: 0
ResetActiveHigh: 1
IsCombinational: 2
IsDatapathOnly: 0
HasWiredReturn: 1
HasMFsm: 0
HasVarLatency: 1
IsPipeline: 0
IsRtlPipelined: 0
IsInstanceOverlapped: 0
IsDontTouch: 0
HasImplIP: 0
IsGatedGlobalClock: 0


============================================================
+ Verbose Summary: Schedule
============================================================
* Number of FSM states : 5
* Pipeline : 0
* Dataflow Pipeline: 0

* FSM state transitions: 
1 --> 2 
2 --> 3 
3 --> 4 2 
4 --> 5 3 
5 --> 4 

* FSM state operations: 

State 1 <SV = 0> <Delay = 0.42>
ST_1 : Operation 6 [1/1] (0.00ns)   --->   "%i = alloca i32 1"   --->   Operation 6 'alloca' 'i' <Predicate = true> <Delay = 0.00>
ST_1 : Operation 7 [1/1] (0.00ns)   --->   "%specinterface_ln0 = specinterface void @_ssdm_op_SpecInterface, i32 %s_out, void @empty_171, i32 0, i32 0, void @empty_154, i32 0, i32 0, void @empty_154, void @empty_154, void @empty_154, i32 0, i32 0, i32 0, i32 0, void @empty_154, void @empty_154, i32 4294967295, i32 0"   --->   Operation 7 'specinterface' 'specinterface_ln0' <Predicate = true> <Delay = 0.00>
ST_1 : Operation 8 [1/1] (0.00ns)   --->   "%specinterface_ln0 = specinterface void @_ssdm_op_SpecInterface, i224 %q2, void @empty_171, i32 0, i32 0, void @empty_154, i32 0, i32 0, void @empty_154, void @empty_154, void @empty_154, i32 0, i32 0, i32 0, i32 0, void @empty_154, void @empty_154, i32 4294967295, i32 0"   --->   Operation 8 'specinterface' 'specinterface_ln0' <Predicate = true> <Delay = 0.00>
ST_1 : Operation 9 [1/1] (0.42ns)   --->   "%store_ln162 = store i10 0, i10 %i" [src/conv1.cpp:162]   --->   Operation 9 'store' 'store_ln162' <Predicate = true> <Delay = 0.42>
ST_1 : Operation 10 [1/1] (0.00ns)   --->   "%br_ln162 = br void %VITIS_LOOP_165_2" [src/conv1.cpp:162]   --->   Operation 10 'br' 'br_ln162' <Predicate = true> <Delay = 0.00>

State 2 <SV = 1> <Delay = 2.62>
ST_2 : Operation 11 [1/1] (0.00ns)   --->   "%i_1 = load i10 %i" [src/conv1.cpp:162]   --->   Operation 11 'load' 'i_1' <Predicate = true> <Delay = 0.00>
ST_2 : Operation 12 [1/1] (0.78ns)   --->   "%icmp_ln162 = icmp_eq  i10 %i_1, i10 512" [src/conv1.cpp:162]   --->   Operation 12 'icmp' 'icmp_ln162' <Predicate = true> <Delay = 0.78> <CoreInst = "Cmp">   --->   Core 9 'Cmp' <Latency = 0> <II = 1> <Delay = 0.79> <FuncUnit> <Opcode : 'icmp'> <InPorts = 2> <OutPorts = 1>
ST_2 : Operation 13 [1/1] (0.78ns)   --->   "%i_2 = add i10 %i_1, i10 1" [src/conv1.cpp:162]   --->   Operation 13 'add' 'i_2' <Predicate = true> <Delay = 0.78> <CoreInst = "Adder">   --->   Core 1 'Adder' <Latency = 0> <II = 1> <Delay = 0.78> <FuncUnit> <Opcode : 'add' 'sub'> <InPorts = 2> <OutPorts = 1>
ST_2 : Operation 14 [1/1] (0.00ns)   --->   "%br_ln162 = br i1 %icmp_ln162, void %VITIS_LOOP_165_2.split, void %for.end32" [src/conv1.cpp:162]   --->   Operation 14 'br' 'br_ln162' <Predicate = true> <Delay = 0.00>
ST_2 : Operation 15 [1/1] (0.00ns)   --->   "%speclooptripcount_ln162 = speclooptripcount void @_ssdm_op_SpecLoopTripCount, i64 512, i64 512, i64 512" [src/conv1.cpp:162]   --->   Operation 15 'speclooptripcount' 'speclooptripcount_ln162' <Predicate = (!icmp_ln162)> <Delay = 0.00>
ST_2 : Operation 16 [1/1] (0.00ns)   --->   "%specloopname_ln162 = specloopname void @_ssdm_op_SpecLoopName, void @empty_147" [src/conv1.cpp:162]   --->   Operation 16 'specloopname' 'specloopname_ln162' <Predicate = (!icmp_ln162)> <Delay = 0.00>
ST_2 : Operation 17 [1/1] (1.83ns)   --->   "%q2_read = read i224 @_ssdm_op_Read.ap_fifo.volatile.i224P0A, i224 %q2" [src/conv1.cpp:163]   --->   Operation 17 'read' 'q2_read' <Predicate = (!icmp_ln162)> <Delay = 1.83> <CoreInst = "FIFO_SRL">   --->   Core 81 'FIFO_SRL' <Latency = 0> <II = 1> <Delay = 1.83> <Storage> <Opcode : 'read' 'write' 'nbread' 'nbwrite'> <Ports = 0> <Width = 224> <Depth = 2> <FIFO>
ST_2 : Operation 18 [1/1] (0.00ns)   --->   "%d_tW = partselect i32 @_ssdm_op_PartSelect.i32.i224.i32.i32, i224 %q2_read, i32 160, i32 191" [src/conv1.cpp:163]   --->   Operation 18 'partselect' 'd_tW' <Predicate = (!icmp_ln162)> <Delay = 0.00>
ST_2 : Operation 19 [1/1] (0.00ns)   --->   "%d_tN = partselect i32 @_ssdm_op_PartSelect.i32.i224.i32.i32, i224 %q2_read, i32 96, i32 127" [src/conv1.cpp:163]   --->   Operation 19 'partselect' 'd_tN' <Predicate = (!icmp_ln162)> <Delay = 0.00>
ST_2 : Operation 20 [1/1] (0.00ns)   --->   "%d_tH = partselect i32 @_ssdm_op_PartSelect.i32.i224.i32.i32, i224 %q2_read, i32 128, i32 159" [src/conv1.cpp:163]   --->   Operation 20 'partselect' 'd_tH' <Predicate = (!icmp_ln162)> <Delay = 0.00>
ST_2 : Operation 21 [1/1] (0.00ns)   --->   "%trunc_ln165 = trunc i224 %q2_read" [src/conv1.cpp:165]   --->   Operation 21 'trunc' 'trunc_ln165' <Predicate = (!icmp_ln162)> <Delay = 0.00>
ST_2 : Operation 22 [1/1] (0.00ns)   --->   "%trunc_ln165_1 = partselect i22 @_ssdm_op_PartSelect.i22.i224.i32.i32, i224 %q2_read, i32 64, i32 85" [src/conv1.cpp:165]   --->   Operation 22 'partselect' 'trunc_ln165_1' <Predicate = (!icmp_ln162)> <Delay = 0.00>
ST_2 : Operation 23 [1/1] (0.00ns)   --->   "%trunc_ln165_2 = partselect i14 @_ssdm_op_PartSelect.i14.i224.i32.i32, i224 %q2_read, i32 32, i32 45" [src/conv1.cpp:165]   --->   Operation 23 'partselect' 'trunc_ln165_2' <Predicate = (!icmp_ln162)> <Delay = 0.00>
ST_2 : Operation 24 [1/1] (0.42ns)   --->   "%br_ln165 = br void %VITIS_LOOP_167_3" [src/conv1.cpp:165]   --->   Operation 24 'br' 'br_ln165' <Predicate = (!icmp_ln162)> <Delay = 0.42>
ST_2 : Operation 25 [1/1] (0.00ns)   --->   "%ret_ln181 = ret" [src/conv1.cpp:181]   --->   Operation 25 'ret' 'ret_ln181' <Predicate = (icmp_ln162)> <Delay = 0.00>

State 3 <SV = 2> <Delay = 1.20>
ST_3 : Operation 26 [1/1] (0.00ns)   --->   "%th = phi i6 %add_ln165, void %for.inc27, i6 0, void %VITIS_LOOP_165_2.split" [src/conv1.cpp:165]   --->   Operation 26 'phi' 'th' <Predicate = true> <Delay = 0.00>
ST_3 : Operation 27 [1/1] (0.00ns)   --->   "%zext_ln165 = zext i6 %th" [src/conv1.cpp:165]   --->   Operation 27 'zext' 'zext_ln165' <Predicate = true> <Delay = 0.00>
ST_3 : Operation 28 [1/1] (0.00ns)   --->   "%zext_ln165_1 = zext i6 %th" [src/conv1.cpp:165]   --->   Operation 28 'zext' 'zext_ln165_1' <Predicate = true> <Delay = 0.00>
ST_3 : Operation 29 [1/1] (0.78ns)   --->   "%icmp_ln165 = icmp_eq  i6 %th, i6 32" [src/conv1.cpp:165]   --->   Operation 29 'icmp' 'icmp_ln165' <Predicate = true> <Delay = 0.78> <CoreInst = "Cmp">   --->   Core 9 'Cmp' <Latency = 0> <II = 1> <Delay = 0.77> <FuncUnit> <Opcode : 'icmp'> <InPorts = 2> <OutPorts = 1>
ST_3 : Operation 30 [1/1] (0.78ns)   --->   "%add_ln165 = add i6 %th, i6 1" [src/conv1.cpp:165]   --->   Operation 30 'add' 'add_ln165' <Predicate = true> <Delay = 0.78> <CoreInst = "Adder">   --->   Core 1 'Adder' <Latency = 0> <II = 1> <Delay = 0.78> <FuncUnit> <Opcode : 'add' 'sub'> <InPorts = 2> <OutPorts = 1>
ST_3 : Operation 31 [1/1] (0.00ns)   --->   "%br_ln165 = br i1 %icmp_ln165, void %VITIS_LOOP_167_3.split, void %for.inc30" [src/conv1.cpp:165]   --->   Operation 31 'br' 'br_ln165' <Predicate = true> <Delay = 0.00>
ST_3 : Operation 32 [1/1] (0.00ns)   --->   "%speclooptripcount_ln165 = speclooptripcount void @_ssdm_op_SpecLoopTripCount, i64 32, i64 32, i64 32" [src/conv1.cpp:165]   --->   Operation 32 'speclooptripcount' 'speclooptripcount_ln165' <Predicate = (!icmp_ln165)> <Delay = 0.00>
ST_3 : Operation 33 [1/1] (0.00ns)   --->   "%specloopname_ln165 = specloopname void @_ssdm_op_SpecLoopName, void @empty_148" [src/conv1.cpp:165]   --->   Operation 33 'specloopname' 'specloopname_ln165' <Predicate = (!icmp_ln165)> <Delay = 0.00>
ST_3 : Operation 34 [1/1] (1.01ns)   --->   "%cmp9 = icmp_slt  i32 %zext_ln165_1, i32 %d_tH" [src/conv1.cpp:165]   --->   Operation 34 'icmp' 'cmp9' <Predicate = (!icmp_ln165)> <Delay = 1.01> <CoreInst = "Cmp">   --->   Core 9 'Cmp' <Latency = 0> <II = 1> <Delay = 1.01> <FuncUnit> <Opcode : 'icmp'> <InPorts = 2> <OutPorts = 1>
ST_3 : Operation 35 [1/1] (0.83ns)   --->   "%empty = add i14 %trunc_ln165_2, i14 %zext_ln165" [src/conv1.cpp:165]   --->   Operation 35 'add' 'empty' <Predicate = (!icmp_ln165)> <Delay = 0.83> <CoreInst = "Adder">   --->   Core 1 'Adder' <Latency = 0> <II = 1> <Delay = 0.83> <FuncUnit> <Opcode : 'add' 'sub'> <InPorts = 2> <OutPorts = 1>
ST_3 : Operation 36 [1/1] (0.42ns)   --->   "%br_ln167 = br void %for.body8" [src/conv1.cpp:167]   --->   Operation 36 'br' 'br_ln167' <Predicate = (!icmp_ln165)> <Delay = 0.42>
ST_3 : Operation 37 [1/1] (0.42ns)   --->   "%store_ln162 = store i10 %i_2, i10 %i" [src/conv1.cpp:162]   --->   Operation 37 'store' 'store_ln162' <Predicate = (icmp_ln165)> <Delay = 0.42>
ST_3 : Operation 38 [1/1] (0.00ns)   --->   "%br_ln162 = br void %VITIS_LOOP_165_2" [src/conv1.cpp:162]   --->   Operation 38 'br' 'br_ln162' <Predicate = (icmp_ln165)> <Delay = 0.00>

State 4 <SV = 3> <Delay = 4.74>
ST_4 : Operation 39 [1/1] (0.00ns)   --->   "%tw = phi i6 0, void %VITIS_LOOP_167_3.split, i6 %add_ln167, void %for.inc24" [src/conv1.cpp:167]   --->   Operation 39 'phi' 'tw' <Predicate = true> <Delay = 0.00>
ST_4 : Operation 40 [1/1] (0.00ns)   --->   "%zext_ln167 = zext i6 %tw" [src/conv1.cpp:167]   --->   Operation 40 'zext' 'zext_ln167' <Predicate = true> <Delay = 0.00>
ST_4 : Operation 41 [1/1] (0.00ns)   --->   "%zext_ln167_1 = zext i6 %tw" [src/conv1.cpp:167]   --->   Operation 41 'zext' 'zext_ln167_1' <Predicate = true> <Delay = 0.00>
ST_4 : Operation 42 [1/1] (0.78ns)   --->   "%icmp_ln167 = icmp_eq  i6 %tw, i6 32" [src/conv1.cpp:167]   --->   Operation 42 'icmp' 'icmp_ln167' <Predicate = true> <Delay = 0.78> <CoreInst = "Cmp">   --->   Core 9 'Cmp' <Latency = 0> <II = 1> <Delay = 0.77> <FuncUnit> <Opcode : 'icmp'> <InPorts = 2> <OutPorts = 1>
ST_4 : Operation 43 [1/1] (0.78ns)   --->   "%add_ln167 = add i6 %tw, i6 1" [src/conv1.cpp:167]   --->   Operation 43 'add' 'add_ln167' <Predicate = true> <Delay = 0.78> <CoreInst = "Adder">   --->   Core 1 'Adder' <Latency = 0> <II = 1> <Delay = 0.78> <FuncUnit> <Opcode : 'add' 'sub'> <InPorts = 2> <OutPorts = 1>
ST_4 : Operation 44 [1/1] (0.00ns)   --->   "%br_ln167 = br i1 %icmp_ln167, void %for.body8.split, void %for.inc27" [src/conv1.cpp:167]   --->   Operation 44 'br' 'br_ln167' <Predicate = true> <Delay = 0.00>
ST_4 : Operation 45 [1/1] (0.00ns)   --->   "%speclooptripcount_ln167 = speclooptripcount void @_ssdm_op_SpecLoopTripCount, i64 32, i64 32, i64 32" [src/conv1.cpp:167]   --->   Operation 45 'speclooptripcount' 'speclooptripcount_ln167' <Predicate = (!icmp_ln167)> <Delay = 0.00>
ST_4 : Operation 46 [1/1] (0.00ns)   --->   "%specloopname_ln167 = specloopname void @_ssdm_op_SpecLoopName, void @empty_124" [src/conv1.cpp:167]   --->   Operation 46 'specloopname' 'specloopname_ln167' <Predicate = (!icmp_ln167)> <Delay = 0.00>
ST_4 : Operation 47 [1/1] (1.01ns)   --->   "%icmp_ln169 = icmp_slt  i32 %zext_ln167_1, i32 %d_tW" [src/conv1.cpp:169]   --->   Operation 47 'icmp' 'icmp_ln169' <Predicate = (!icmp_ln167)> <Delay = 1.01> <CoreInst = "Cmp">   --->   Core 9 'Cmp' <Latency = 0> <II = 1> <Delay = 1.01> <FuncUnit> <Opcode : 'icmp'> <InPorts = 2> <OutPorts = 1>
ST_4 : Operation 48 [1/1] (0.28ns)   --->   "%and_ln169 = and i1 %cmp9, i1 %icmp_ln169" [src/conv1.cpp:169]   --->   Operation 48 'and' 'and_ln169' <Predicate = (!icmp_ln167)> <Delay = 0.28> <CoreInst = "LogicGate">   --->   Core 74 'LogicGate' <Latency = 0> <II = 1> <Delay = 0.28> <FuncUnit> <Opcode : 'and' 'or' 'xor'> <InPorts = 2> <OutPorts = 1>
ST_4 : Operation 49 [1/1] (0.00ns)   --->   "%br_ln169 = br i1 %and_ln169, void %for.inc24, void %VITIS_LOOP_170_4" [src/conv1.cpp:169]   --->   Operation 49 'br' 'br_ln169' <Predicate = (!icmp_ln167)> <Delay = 0.00>
ST_4 : Operation 50 [1/1] (0.91ns)   --->   "%empty_276 = add i22 %trunc_ln165_1, i22 %zext_ln167" [src/conv1.cpp:165]   --->   Operation 50 'add' 'empty_276' <Predicate = (!icmp_ln167 & and_ln169)> <Delay = 0.91> <CoreInst = "Adder">   --->   Core 1 'Adder' <Latency = 0> <II = 1> <Delay = 0.91> <FuncUnit> <Opcode : 'add' 'sub'> <InPorts = 2> <OutPorts = 1>
ST_4 : Operation 51 [1/1] (0.00ns)   --->   "%empty_277 = wait i32 @_ssdm_op_Wait"   --->   Operation 51 'wait' 'empty_277' <Predicate = (!icmp_ln167 & and_ln169)> <Delay = 0.00>
ST_4 : Operation 52 [2/2] (3.15ns)   --->   "%call_ln163 = call void @store_stage_Pipeline_VITIS_LOOP_170_4, i32 %d_tN, i32 %s_out, i6 %trunc_ln165, i14 %empty, i22 %empty_276, i32 %feat1" [src/conv1.cpp:163]   --->   Operation 52 'call' 'call_ln163' <Predicate = (!icmp_ln167 & and_ln169)> <Delay = 3.15> <CoreType = "Generic">   --->   Core 0 '' <Latency = 0> <II = 1> <Delay = 1.00> <Generic> <Opcode : >
ST_4 : Operation 53 [1/1] (0.00ns)   --->   "%br_ln165 = br void %VITIS_LOOP_167_3" [src/conv1.cpp:165]   --->   Operation 53 'br' 'br_ln165' <Predicate = (icmp_ln167)> <Delay = 0.00>

State 5 <SV = 4> <Delay = 0.00>
ST_5 : Operation 54 [1/2] (0.00ns)   --->   "%call_ln163 = call void @store_stage_Pipeline_VITIS_LOOP_170_4, i32 %d_tN, i32 %s_out, i6 %trunc_ln165, i14 %empty, i22 %empty_276, i32 %feat1" [src/conv1.cpp:163]   --->   Operation 54 'call' 'call_ln163' <Predicate = (and_ln169)> <Delay = 0.00> <CoreType = "Generic">   --->   Core 0 '' <Latency = 0> <II = 1> <Delay = 1.00> <Generic> <Opcode : >
ST_5 : Operation 55 [1/1] (0.00ns)   --->   "%br_ln0 = br void %for.inc24"   --->   Operation 55 'br' 'br_ln0' <Predicate = (and_ln169)> <Delay = 0.00>
ST_5 : Operation 56 [1/1] (0.00ns)   --->   "%br_ln167 = br void %for.body8" [src/conv1.cpp:167]   --->   Operation 56 'br' 'br_ln167' <Predicate = true> <Delay = 0.00>


============================================================
+ Verbose Summary: Binding
============================================================
STG Binding: 
---------------- STG Properties BEGIN ----------------
- Is combinational: 0
- Is one-state seq: 0
- Is datapath-only: 0
- Is pipelined: 0
- Is top level: 0
Port [ Return ] is wired: 1; IO mode=ap_ctrl_hs:ce=0
Port [ q2]:  wired=1; compound=1; hidden=0; nouse=0; global=0; static=0; extern=0; dir=0; type=3; pingpong=0; private_global=0; IO mode=ap_fifo:ce=0
Port [ s_out]:  wired=1; compound=1; hidden=0; nouse=0; global=0; static=0; extern=0; dir=0; type=3; pingpong=0; private_global=0; IO mode=ap_fifo:ce=0
Port [ feat1]:  wired=1; compound=1; hidden=0; nouse=0; global=1; static=1; extern=0; dir=1; type=1; pingpong=0; private_global=0; MemPort=[03]; IO mode=ap_memory:ce=0
---------------- STG Properties END ------------------

---------------- Datapath Model BEGIN ----------------

<LifeTime>
<method=bitvector/>
i                       (alloca           ) [ 011111]
specinterface_ln0       (specinterface    ) [ 000000]
specinterface_ln0       (specinterface    ) [ 000000]
store_ln162             (store            ) [ 000000]
br_ln162                (br               ) [ 000000]
i_1                     (load             ) [ 000000]
icmp_ln162              (icmp             ) [ 001111]
i_2                     (add              ) [ 000111]
br_ln162                (br               ) [ 000000]
speclooptripcount_ln162 (speclooptripcount) [ 000000]
specloopname_ln162      (specloopname     ) [ 000000]
q2_read                 (read             ) [ 000000]
d_tW                    (partselect       ) [ 000111]
d_tN                    (partselect       ) [ 000111]
d_tH                    (partselect       ) [ 000111]
trunc_ln165             (trunc            ) [ 000111]
trunc_ln165_1           (partselect       ) [ 000111]
trunc_ln165_2           (partselect       ) [ 000111]
br_ln165                (br               ) [ 001111]
ret_ln181               (ret              ) [ 000000]
th                      (phi              ) [ 000100]
zext_ln165              (zext             ) [ 000000]
zext_ln165_1            (zext             ) [ 000000]
icmp_ln165              (icmp             ) [ 001111]
add_ln165               (add              ) [ 001111]
br_ln165                (br               ) [ 000000]
speclooptripcount_ln165 (speclooptripcount) [ 000000]
specloopname_ln165      (specloopname     ) [ 000000]
cmp9                    (icmp             ) [ 000011]
empty                   (add              ) [ 000011]
br_ln167                (br               ) [ 001111]
store_ln162             (store            ) [ 000000]
br_ln162                (br               ) [ 000000]
tw                      (phi              ) [ 000010]
zext_ln167              (zext             ) [ 000000]
zext_ln167_1            (zext             ) [ 000000]
icmp_ln167              (icmp             ) [ 001111]
add_ln167               (add              ) [ 001111]
br_ln167                (br               ) [ 000000]
speclooptripcount_ln167 (speclooptripcount) [ 000000]
specloopname_ln167      (specloopname     ) [ 000000]
icmp_ln169              (icmp             ) [ 000000]
and_ln169               (and              ) [ 001111]
br_ln169                (br               ) [ 000000]
empty_276               (add              ) [ 000001]
empty_277               (wait             ) [ 000000]
br_ln165                (br               ) [ 001111]
call_ln163              (call             ) [ 000000]
br_ln0                  (br               ) [ 000000]
br_ln167                (br               ) [ 001111]
</LifeTime>

<model>

<comp_list>
<comp id="0" class="1000" name="q2">
<pin_list>
<pin id="1" dir="1" index="0" bw="1" slack="0"/>
</pin_list>
<bind>
<StgValue><ssdm name="q2"/></StgValue>
</bind>
</comp>

<comp id="2" class="1000" name="s_out">
<pin_list>
<pin id="3" dir="1" index="0" bw="1" slack="0"/>
</pin_list>
<bind>
<StgValue><ssdm name="s_out"/></StgValue>
</bind>
</comp>

<comp id="4" class="1000" name="feat1">
<pin_list>
<pin id="5" dir="1" index="0" bw="1" slack="0"/>
</pin_list>
<bind>
<StgValue><ssdm name="feat1"/><MemPortTyVec>0 3 </MemPortTyVec>
</StgValue>
</bind>
</comp>

<comp id="6" class="1001" name="const_6">
<pin_list>
<pin id="7" dir="1" index="0" bw="1" slack="0"/>
</pin_list>
<bind>
<StgValue><ssdm name=""/></StgValue>
</bind>
</comp>

<comp id="8" class="1001" name="const_8">
<pin_list>
<pin id="9" dir="1" index="0" bw="1" slack="2147483647"/>
</pin_list>
<bind>
<StgValue><ssdm name="_ssdm_op_SpecInterface"/></StgValue>
</bind>
</comp>

<comp id="10" class="1001" name="const_10">
<pin_list>
<pin id="11" dir="1" index="0" bw="1" slack="2147483647"/>
</pin_list>
<bind>
<StgValue><ssdm name="empty_171"/></StgValue>
</bind>
</comp>

<comp id="12" class="1001" name="const_12">
<pin_list>
<pin id="13" dir="1" index="0" bw="1" slack="2147483647"/>
</pin_list>
<bind>
<StgValue><ssdm name=""/></StgValue>
</bind>
</comp>

<comp id="14" class="1001" name="const_14">
<pin_list>
<pin id="15" dir="1" index="0" bw="1" slack="2147483647"/>
</pin_list>
<bind>
<StgValue><ssdm name="empty_154"/></StgValue>
</bind>
</comp>

<comp id="16" class="1001" name="const_16">
<pin_list>
<pin id="17" dir="1" index="0" bw="1" slack="2147483647"/>
</pin_list>
<bind>
<StgValue><ssdm name=""/></StgValue>
</bind>
</comp>

<comp id="18" class="1001" name="const_18">
<pin_list>
<pin id="19" dir="1" index="0" bw="1" slack="0"/>
</pin_list>
<bind>
<StgValue><ssdm name=""/></StgValue>
</bind>
</comp>

<comp id="20" class="1001" name="const_20">
<pin_list>
<pin id="21" dir="1" index="0" bw="1" slack="0"/>
</pin_list>
<bind>
<StgValue><ssdm name=""/></StgValue>
</bind>
</comp>

<comp id="22" class="1001" name="const_22">
<pin_list>
<pin id="23" dir="1" index="0" bw="1" slack="0"/>
</pin_list>
<bind>
<StgValue><ssdm name=""/></StgValue>
</bind>
</comp>

<comp id="24" class="1001" name="const_24">
<pin_list>
<pin id="25" dir="1" index="0" bw="1" slack="2147483647"/>
</pin_list>
<bind>
<StgValue><ssdm name="_ssdm_op_SpecLoopTripCount"/></StgValue>
</bind>
</comp>

<comp id="26" class="1001" name="const_26">
<pin_list>
<pin id="27" dir="1" index="0" bw="1" slack="2147483647"/>
</pin_list>
<bind>
<StgValue><ssdm name=""/></StgValue>
</bind>
</comp>

<comp id="28" class="1001" name="const_28">
<pin_list>
<pin id="29" dir="1" index="0" bw="1" slack="2147483647"/>
</pin_list>
<bind>
<StgValue><ssdm name="_ssdm_op_SpecLoopName"/></StgValue>
</bind>
</comp>

<comp id="30" class="1001" name="const_30">
<pin_list>
<pin id="31" dir="1" index="0" bw="1" slack="2147483647"/>
</pin_list>
<bind>
<StgValue><ssdm name="empty_147"/></StgValue>
</bind>
</comp>

<comp id="32" class="1001" name="const_32">
<pin_list>
<pin id="33" dir="1" index="0" bw="1" slack="0"/>
</pin_list>
<bind>
<StgValue><ssdm name="_ssdm_op_Read.ap_fifo.volatile.i224P0A"/></StgValue>
</bind>
</comp>

<comp id="34" class="1001" name="const_34">
<pin_list>
<pin id="35" dir="1" index="0" bw="1" slack="0"/>
</pin_list>
<bind>
<StgValue><ssdm name="_ssdm_op_PartSelect.i32.i224.i32.i32"/></StgValue>
</bind>
</comp>

<comp id="36" class="1001" name="const_36">
<pin_list>
<pin id="37" dir="1" index="0" bw="1" slack="0"/>
</pin_list>
<bind>
<StgValue><ssdm name=""/></StgValue>
</bind>
</comp>

<comp id="38" class="1001" name="const_38">
<pin_list>
<pin id="39" dir="1" index="0" bw="1" slack="0"/>
</pin_list>
<bind>
<StgValue><ssdm name=""/></StgValue>
</bind>
</comp>

<comp id="40" class="1001" name="const_40">
<pin_list>
<pin id="41" dir="1" index="0" bw="1" slack="0"/>
</pin_list>
<bind>
<StgValue><ssdm name=""/></StgValue>
</bind>
</comp>

<comp id="42" class="1001" name="const_42">
<pin_list>
<pin id="43" dir="1" index="0" bw="1" slack="0"/>
</pin_list>
<bind>
<StgValue><ssdm name=""/></StgValue>
</bind>
</comp>

<comp id="44" class="1001" name="const_44">
<pin_list>
<pin id="45" dir="1" index="0" bw="1" slack="0"/>
</pin_list>
<bind>
<StgValue><ssdm name=""/></StgValue>
</bind>
</comp>

<comp id="46" class="1001" name="const_46">
<pin_list>
<pin id="47" dir="1" index="0" bw="1" slack="0"/>
</pin_list>
<bind>
<StgValue><ssdm name=""/></StgValue>
</bind>
</comp>

<comp id="48" class="1001" name="const_48">
<pin_list>
<pin id="49" dir="1" index="0" bw="1" slack="0"/>
</pin_list>
<bind>
<StgValue><ssdm name="_ssdm_op_PartSelect.i22.i224.i32.i32"/></StgValue>
</bind>
</comp>

<comp id="50" class="1001" name="const_50">
<pin_list>
<pin id="51" dir="1" index="0" bw="1" slack="0"/>
</pin_list>
<bind>
<StgValue><ssdm name=""/></StgValue>
</bind>
</comp>

<comp id="52" class="1001" name="const_52">
<pin_list>
<pin id="53" dir="1" index="0" bw="1" slack="0"/>
</pin_list>
<bind>
<StgValue><ssdm name=""/></StgValue>
</bind>
</comp>

<comp id="54" class="1001" name="const_54">
<pin_list>
<pin id="55" dir="1" index="0" bw="1" slack="0"/>
</pin_list>
<bind>
<StgValue><ssdm name="_ssdm_op_PartSelect.i14.i224.i32.i32"/></StgValue>
</bind>
</comp>

<comp id="56" class="1001" name="const_56">
<pin_list>
<pin id="57" dir="1" index="0" bw="1" slack="0"/>
</pin_list>
<bind>
<StgValue><ssdm name=""/></StgValue>
</bind>
</comp>

<comp id="58" class="1001" name="const_58">
<pin_list>
<pin id="59" dir="1" index="0" bw="1" slack="0"/>
</pin_list>
<bind>
<StgValue><ssdm name=""/></StgValue>
</bind>
</comp>

<comp id="60" class="1001" name="const_60">
<pin_list>
<pin id="61" dir="1" index="0" bw="1" slack="1"/>
</pin_list>
<bind>
<StgValue><ssdm name=""/></StgValue>
</bind>
</comp>

<comp id="62" class="1001" name="const_62">
<pin_list>
<pin id="63" dir="1" index="0" bw="1" slack="0"/>
</pin_list>
<bind>
<StgValue><ssdm name=""/></StgValue>
</bind>
</comp>

<comp id="64" class="1001" name="const_64">
<pin_list>
<pin id="65" dir="1" index="0" bw="1" slack="0"/>
</pin_list>
<bind>
<StgValue><ssdm name=""/></StgValue>
</bind>
</comp>

<comp id="66" class="1001" name="const_66">
<pin_list>
<pin id="67" dir="1" index="0" bw="1" slack="2147483647"/>
</pin_list>
<bind>
<StgValue><ssdm name=""/></StgValue>
</bind>
</comp>

<comp id="68" class="1001" name="const_68">
<pin_list>
<pin id="69" dir="1" index="0" bw="1" slack="2147483647"/>
</pin_list>
<bind>
<StgValue><ssdm name="empty_148"/></StgValue>
</bind>
</comp>

<comp id="70" class="1001" name="const_70">
<pin_list>
<pin id="71" dir="1" index="0" bw="1" slack="2147483647"/>
</pin_list>
<bind>
<StgValue><ssdm name="empty_124"/></StgValue>
</bind>
</comp>

<comp id="72" class="1001" name="const_72">
<pin_list>
<pin id="73" dir="1" index="0" bw="1" slack="2147483647"/>
</pin_list>
<bind>
<StgValue><ssdm name="_ssdm_op_Wait"/></StgValue>
</bind>
</comp>

<comp id="74" class="1001" name="const_74">
<pin_list>
<pin id="75" dir="1" index="0" bw="1" slack="0"/>
</pin_list>
<bind>
<StgValue><ssdm name="store_stage_Pipeline_VITIS_LOOP_170_4"/></StgValue>
</bind>
</comp>

<comp id="76" class="1004" name="i_fu_76">
<pin_list>
<pin id="77" dir="0" index="0" bw="1" slack="0"/>
<pin id="78" dir="1" index="1" bw="10" slack="0"/>
</pin_list>
<bind>
<opcode="alloca(26) " fcode="alloca"/>
<opset="i/1 "/>
</bind>
</comp>

<comp id="80" class="1004" name="q2_read_read_fu_80">
<pin_list>
<pin id="81" dir="0" index="0" bw="224" slack="0"/>
<pin id="82" dir="0" index="1" bw="224" slack="0"/>
<pin id="83" dir="1" index="2" bw="224" slack="0"/>
</pin_list>
<bind>
<opcode="read(1150) " fcode="read"/>
<opset="q2_read/2 "/>
</bind>
</comp>

<comp id="86" class="1005" name="th_reg_86">
<pin_list>
<pin id="87" dir="0" index="0" bw="6" slack="1"/>
<pin id="88" dir="1" index="1" bw="6" slack="1"/>
</pin_list>
<bind>
<opset="th (phireg) "/>
</bind>
</comp>

<comp id="90" class="1004" name="th_phi_fu_90">
<pin_list>
<pin id="91" dir="0" index="0" bw="6" slack="0"/>
<pin id="92" dir="0" index="1" bw="0" slack="2147483647"/>
<pin id="93" dir="0" index="2" bw="1" slack="1"/>
<pin id="94" dir="0" index="3" bw="0" slack="2147483647"/>
<pin id="95" dir="1" index="4" bw="6" slack="0"/>
</pin_list>
<bind>
<opcode="phi(47) " fcode="phi"/>
<opset="th/3 "/>
</bind>
</comp>

<comp id="97" class="1005" name="tw_reg_97">
<pin_list>
<pin id="98" dir="0" index="0" bw="6" slack="1"/>
<pin id="99" dir="1" index="1" bw="6" slack="1"/>
</pin_list>
<bind>
<opset="tw (phireg) "/>
</bind>
</comp>

<comp id="101" class="1004" name="tw_phi_fu_101">
<pin_list>
<pin id="102" dir="0" index="0" bw="1" slack="1"/>
<pin id="103" dir="0" index="1" bw="0" slack="2147483647"/>
<pin id="104" dir="0" index="2" bw="6" slack="0"/>
<pin id="105" dir="0" index="3" bw="0" slack="2147483647"/>
<pin id="106" dir="1" index="4" bw="6" slack="0"/>
</pin_list>
<bind>
<opcode="phi(47) " fcode="phi"/>
<opset="tw/4 "/>
</bind>
</comp>

<comp id="108" class="1004" name="grp_store_stage_Pipeline_VITIS_LOOP_170_4_fu_108">
<pin_list>
<pin id="109" dir="0" index="0" bw="0" slack="0"/>
<pin id="110" dir="0" index="1" bw="32" slack="2"/>
<pin id="111" dir="0" index="2" bw="32" slack="0"/>
<pin id="112" dir="0" index="3" bw="6" slack="2"/>
<pin id="113" dir="0" index="4" bw="14" slack="1"/>
<pin id="114" dir="0" index="5" bw="22" slack="0"/>
<pin id="115" dir="0" index="6" bw="32" slack="0"/>
<pin id="116" dir="1" index="7" bw="0" slack="2147483647"/>
</pin_list>
<bind>
<opcode="call(48) " fcode="call"/>
<opset="call_ln163/4 "/>
</bind>
</comp>

<comp id="120" class="1004" name="store_ln162_store_fu_120">
<pin_list>
<pin id="121" dir="0" index="0" bw="1" slack="0"/>
<pin id="122" dir="0" index="1" bw="10" slack="0"/>
<pin id="123" dir="1" index="2" bw="0" slack="2147483647"/>
</pin_list>
<bind>
<opcode="store(28) " fcode="store"/>
<opset="store_ln162/1 "/>
</bind>
</comp>

<comp id="125" class="1004" name="i_1_load_fu_125">
<pin_list>
<pin id="126" dir="0" index="0" bw="10" slack="1"/>
<pin id="127" dir="1" index="1" bw="10" slack="0"/>
</pin_list>
<bind>
<opcode="load(27) " fcode="load"/>
<opset="i_1/2 "/>
</bind>
</comp>

<comp id="128" class="1004" name="icmp_ln162_fu_128">
<pin_list>
<pin id="129" dir="0" index="0" bw="10" slack="0"/>
<pin id="130" dir="0" index="1" bw="10" slack="0"/>
<pin id="131" dir="1" index="2" bw="1" slack="2147483647"/>
</pin_list>
<bind>
<opcode="icmp(45) " fcode="icmp"/>
<opset="icmp_ln162/2 "/>
</bind>
</comp>

<comp id="134" class="1004" name="i_2_fu_134">
<pin_list>
<pin id="135" dir="0" index="0" bw="10" slack="0"/>
<pin id="136" dir="0" index="1" bw="1" slack="0"/>
<pin id="137" dir="1" index="2" bw="10" slack="1"/>
</pin_list>
<bind>
<opcode="add(8) " fcode="add"/>
<opset="i_2/2 "/>
</bind>
</comp>

<comp id="140" class="1004" name="d_tW_fu_140">
<pin_list>
<pin id="141" dir="0" index="0" bw="32" slack="0"/>
<pin id="142" dir="0" index="1" bw="224" slack="0"/>
<pin id="143" dir="0" index="2" bw="9" slack="0"/>
<pin id="144" dir="0" index="3" bw="9" slack="0"/>
<pin id="145" dir="1" index="4" bw="32" slack="2"/>
</pin_list>
<bind>
<opcode="partselect(1002) " fcode="partselect"/>
<opset="d_tW/2 "/>
</bind>
</comp>

<comp id="150" class="1004" name="d_tN_fu_150">
<pin_list>
<pin id="151" dir="0" index="0" bw="32" slack="0"/>
<pin id="152" dir="0" index="1" bw="224" slack="0"/>
<pin id="153" dir="0" index="2" bw="8" slack="0"/>
<pin id="154" dir="0" index="3" bw="8" slack="0"/>
<pin id="155" dir="1" index="4" bw="32" slack="2"/>
</pin_list>
<bind>
<opcode="partselect(1002) " fcode="partselect"/>
<opset="d_tN/2 "/>
</bind>
</comp>

<comp id="160" class="1004" name="d_tH_fu_160">
<pin_list>
<pin id="161" dir="0" index="0" bw="32" slack="0"/>
<pin id="162" dir="0" index="1" bw="224" slack="0"/>
<pin id="163" dir="0" index="2" bw="9" slack="0"/>
<pin id="164" dir="0" index="3" bw="9" slack="0"/>
<pin id="165" dir="1" index="4" bw="32" slack="1"/>
</pin_list>
<bind>
<opcode="partselect(1002) " fcode="partselect"/>
<opset="d_tH/2 "/>
</bind>
</comp>

<comp id="170" class="1004" name="trunc_ln165_fu_170">
<pin_list>
<pin id="171" dir="0" index="0" bw="224" slack="0"/>
<pin id="172" dir="1" index="1" bw="6" slack="2"/>
</pin_list>
<bind>
<opcode="trunc(33) " fcode="trunc"/>
<opset="trunc_ln165/2 "/>
</bind>
</comp>

<comp id="174" class="1004" name="trunc_ln165_1_fu_174">
<pin_list>
<pin id="175" dir="0" index="0" bw="22" slack="0"/>
<pin id="176" dir="0" index="1" bw="224" slack="0"/>
<pin id="177" dir="0" index="2" bw="8" slack="0"/>
<pin id="178" dir="0" index="3" bw="8" slack="0"/>
<pin id="179" dir="1" index="4" bw="22" slack="2"/>
</pin_list>
<bind>
<opcode="partselect(1002) " fcode="partselect"/>
<opset="trunc_ln165_1/2 "/>
</bind>
</comp>

<comp id="184" class="1004" name="trunc_ln165_2_fu_184">
<pin_list>
<pin id="185" dir="0" index="0" bw="14" slack="0"/>
<pin id="186" dir="0" index="1" bw="224" slack="0"/>
<pin id="187" dir="0" index="2" bw="7" slack="0"/>
<pin id="188" dir="0" index="3" bw="7" slack="0"/>
<pin id="189" dir="1" index="4" bw="14" slack="1"/>
</pin_list>
<bind>
<opcode="partselect(1002) " fcode="partselect"/>
<opset="trunc_ln165_2/2 "/>
</bind>
</comp>

<comp id="194" class="1004" name="zext_ln165_fu_194">
<pin_list>
<pin id="195" dir="0" index="0" bw="6" slack="0"/>
<pin id="196" dir="1" index="1" bw="14" slack="0"/>
</pin_list>
<bind>
<opcode="zext(34) " fcode="zext"/>
<opset="zext_ln165/3 "/>
</bind>
</comp>

<comp id="198" class="1004" name="zext_ln165_1_fu_198">
<pin_list>
<pin id="199" dir="0" index="0" bw="6" slack="0"/>
<pin id="200" dir="1" index="1" bw="32" slack="0"/>
</pin_list>
<bind>
<opcode="zext(34) " fcode="zext"/>
<opset="zext_ln165_1/3 "/>
</bind>
</comp>

<comp id="202" class="1004" name="icmp_ln165_fu_202">
<pin_list>
<pin id="203" dir="0" index="0" bw="6" slack="0"/>
<pin id="204" dir="0" index="1" bw="6" slack="0"/>
<pin id="205" dir="1" index="2" bw="1" slack="2147483647"/>
</pin_list>
<bind>
<opcode="icmp(45) " fcode="icmp"/>
<opset="icmp_ln165/3 "/>
</bind>
</comp>

<comp id="208" class="1004" name="add_ln165_fu_208">
<pin_list>
<pin id="209" dir="0" index="0" bw="6" slack="0"/>
<pin id="210" dir="0" index="1" bw="1" slack="0"/>
<pin id="211" dir="1" index="2" bw="6" slack="0"/>
</pin_list>
<bind>
<opcode="add(8) " fcode="add"/>
<opset="add_ln165/3 "/>
</bind>
</comp>

<comp id="214" class="1004" name="cmp9_fu_214">
<pin_list>
<pin id="215" dir="0" index="0" bw="32" slack="0"/>
<pin id="216" dir="0" index="1" bw="32" slack="1"/>
<pin id="217" dir="1" index="2" bw="1" slack="1"/>
</pin_list>
<bind>
<opcode="icmp(45) " fcode="icmp"/>
<opset="cmp9/3 "/>
</bind>
</comp>

<comp id="219" class="1004" name="empty_fu_219">
<pin_list>
<pin id="220" dir="0" index="0" bw="14" slack="1"/>
<pin id="221" dir="0" index="1" bw="6" slack="0"/>
<pin id="222" dir="1" index="2" bw="14" slack="1"/>
</pin_list>
<bind>
<opcode="add(8) " fcode="add"/>
<opset="empty/3 "/>
</bind>
</comp>

<comp id="224" class="1004" name="store_ln162_store_fu_224">
<pin_list>
<pin id="225" dir="0" index="0" bw="10" slack="1"/>
<pin id="226" dir="0" index="1" bw="10" slack="2"/>
<pin id="227" dir="1" index="2" bw="0" slack="2147483647"/>
</pin_list>
<bind>
<opcode="store(28) " fcode="store"/>
<opset="store_ln162/3 "/>
</bind>
</comp>

<comp id="228" class="1004" name="zext_ln167_fu_228">
<pin_list>
<pin id="229" dir="0" index="0" bw="6" slack="0"/>
<pin id="230" dir="1" index="1" bw="22" slack="0"/>
</pin_list>
<bind>
<opcode="zext(34) " fcode="zext"/>
<opset="zext_ln167/4 "/>
</bind>
</comp>

<comp id="232" class="1004" name="zext_ln167_1_fu_232">
<pin_list>
<pin id="233" dir="0" index="0" bw="6" slack="0"/>
<pin id="234" dir="1" index="1" bw="32" slack="0"/>
</pin_list>
<bind>
<opcode="zext(34) " fcode="zext"/>
<opset="zext_ln167_1/4 "/>
</bind>
</comp>

<comp id="236" class="1004" name="icmp_ln167_fu_236">
<pin_list>
<pin id="237" dir="0" index="0" bw="6" slack="0"/>
<pin id="238" dir="0" index="1" bw="6" slack="0"/>
<pin id="239" dir="1" index="2" bw="1" slack="2147483647"/>
</pin_list>
<bind>
<opcode="icmp(45) " fcode="icmp"/>
<opset="icmp_ln167/4 "/>
</bind>
</comp>

<comp id="242" class="1004" name="add_ln167_fu_242">
<pin_list>
<pin id="243" dir="0" index="0" bw="6" slack="0"/>
<pin id="244" dir="0" index="1" bw="1" slack="0"/>
<pin id="245" dir="1" index="2" bw="6" slack="0"/>
</pin_list>
<bind>
<opcode="add(8) " fcode="add"/>
<opset="add_ln167/4 "/>
</bind>
</comp>

<comp id="248" class="1004" name="icmp_ln169_fu_248">
<pin_list>
<pin id="249" dir="0" index="0" bw="32" slack="0"/>
<pin id="250" dir="0" index="1" bw="32" slack="2"/>
<pin id="251" dir="1" index="2" bw="1" slack="0"/>
</pin_list>
<bind>
<opcode="icmp(45) " fcode="icmp"/>
<opset="icmp_ln169/4 "/>
</bind>
</comp>

<comp id="253" class="1004" name="and_ln169_fu_253">
<pin_list>
<pin id="254" dir="0" index="0" bw="1" slack="1"/>
<pin id="255" dir="0" index="1" bw="1" slack="0"/>
<pin id="256" dir="1" index="2" bw="1" slack="1"/>
</pin_list>
<bind>
<opcode="and(23) " fcode="and"/>
<opset="and_ln169/4 "/>
</bind>
</comp>

<comp id="258" class="1004" name="empty_276_fu_258">
<pin_list>
<pin id="259" dir="0" index="0" bw="22" slack="2"/>
<pin id="260" dir="0" index="1" bw="6" slack="0"/>
<pin id="261" dir="1" index="2" bw="22" slack="0"/>
</pin_list>
<bind>
<opcode="add(8) " fcode="add"/>
<opset="empty_276/4 "/>
</bind>
</comp>

<comp id="264" class="1005" name="i_reg_264">
<pin_list>
<pin id="265" dir="0" index="0" bw="10" slack="0"/>
<pin id="266" dir="1" index="1" bw="10" slack="0"/>
</pin_list>
<bind>
<opset="i "/>
</bind>
</comp>

<comp id="274" class="1005" name="i_2_reg_274">
<pin_list>
<pin id="275" dir="0" index="0" bw="10" slack="1"/>
<pin id="276" dir="1" index="1" bw="10" slack="1"/>
</pin_list>
<bind>
<opset="i_2 "/>
</bind>
</comp>

<comp id="279" class="1005" name="d_tW_reg_279">
<pin_list>
<pin id="280" dir="0" index="0" bw="32" slack="2"/>
<pin id="281" dir="1" index="1" bw="32" slack="2"/>
</pin_list>
<bind>
<opset="d_tW "/>
</bind>
</comp>

<comp id="284" class="1005" name="d_tN_reg_284">
<pin_list>
<pin id="285" dir="0" index="0" bw="32" slack="2"/>
<pin id="286" dir="1" index="1" bw="32" slack="2"/>
</pin_list>
<bind>
<opset="d_tN "/>
</bind>
</comp>

<comp id="289" class="1005" name="d_tH_reg_289">
<pin_list>
<pin id="290" dir="0" index="0" bw="32" slack="1"/>
<pin id="291" dir="1" index="1" bw="32" slack="1"/>
</pin_list>
<bind>
<opset="d_tH "/>
</bind>
</comp>

<comp id="294" class="1005" name="trunc_ln165_reg_294">
<pin_list>
<pin id="295" dir="0" index="0" bw="6" slack="2"/>
<pin id="296" dir="1" index="1" bw="6" slack="2"/>
</pin_list>
<bind>
<opset="trunc_ln165 "/>
</bind>
</comp>

<comp id="299" class="1005" name="trunc_ln165_1_reg_299">
<pin_list>
<pin id="300" dir="0" index="0" bw="22" slack="2"/>
<pin id="301" dir="1" index="1" bw="22" slack="2"/>
</pin_list>
<bind>
<opset="trunc_ln165_1 "/>
</bind>
</comp>

<comp id="304" class="1005" name="trunc_ln165_2_reg_304">
<pin_list>
<pin id="305" dir="0" index="0" bw="14" slack="1"/>
<pin id="306" dir="1" index="1" bw="14" slack="1"/>
</pin_list>
<bind>
<opset="trunc_ln165_2 "/>
</bind>
</comp>

<comp id="312" class="1005" name="add_ln165_reg_312">
<pin_list>
<pin id="313" dir="0" index="0" bw="6" slack="0"/>
<pin id="314" dir="1" index="1" bw="6" slack="0"/>
</pin_list>
<bind>
<opset="add_ln165 "/>
</bind>
</comp>

<comp id="317" class="1005" name="cmp9_reg_317">
<pin_list>
<pin id="318" dir="0" index="0" bw="1" slack="1"/>
<pin id="319" dir="1" index="1" bw="1" slack="1"/>
</pin_list>
<bind>
<opset="cmp9 "/>
</bind>
</comp>

<comp id="322" class="1005" name="empty_reg_322">
<pin_list>
<pin id="323" dir="0" index="0" bw="14" slack="1"/>
<pin id="324" dir="1" index="1" bw="14" slack="1"/>
</pin_list>
<bind>
<opset="empty "/>
</bind>
</comp>

<comp id="330" class="1005" name="add_ln167_reg_330">
<pin_list>
<pin id="331" dir="0" index="0" bw="6" slack="0"/>
<pin id="332" dir="1" index="1" bw="6" slack="0"/>
</pin_list>
<bind>
<opset="add_ln167 "/>
</bind>
</comp>

<comp id="335" class="1005" name="and_ln169_reg_335">
<pin_list>
<pin id="336" dir="0" index="0" bw="1" slack="1"/>
<pin id="337" dir="1" index="1" bw="1" slack="2147483647"/>
</pin_list>
<bind>
<opset="and_ln169 "/>
</bind>
</comp>

<comp id="339" class="1005" name="empty_276_reg_339">
<pin_list>
<pin id="340" dir="0" index="0" bw="22" slack="1"/>
<pin id="341" dir="1" index="1" bw="22" slack="1"/>
</pin_list>
<bind>
<opset="empty_276 "/>
</bind>
</comp>

</comp_list>

<net_list>
<net id="79"><net_src comp="6" pin="0"/><net_sink comp="76" pin=0"/></net>

<net id="84"><net_src comp="32" pin="0"/><net_sink comp="80" pin=0"/></net>

<net id="85"><net_src comp="0" pin="0"/><net_sink comp="80" pin=1"/></net>

<net id="89"><net_src comp="60" pin="0"/><net_sink comp="86" pin=0"/></net>

<net id="96"><net_src comp="86" pin="1"/><net_sink comp="90" pin=2"/></net>

<net id="100"><net_src comp="60" pin="0"/><net_sink comp="97" pin=0"/></net>

<net id="107"><net_src comp="97" pin="1"/><net_sink comp="101" pin=0"/></net>

<net id="117"><net_src comp="74" pin="0"/><net_sink comp="108" pin=0"/></net>

<net id="118"><net_src comp="2" pin="0"/><net_sink comp="108" pin=2"/></net>

<net id="119"><net_src comp="4" pin="0"/><net_sink comp="108" pin=6"/></net>

<net id="124"><net_src comp="18" pin="0"/><net_sink comp="120" pin=0"/></net>

<net id="132"><net_src comp="125" pin="1"/><net_sink comp="128" pin=0"/></net>

<net id="133"><net_src comp="20" pin="0"/><net_sink comp="128" pin=1"/></net>

<net id="138"><net_src comp="125" pin="1"/><net_sink comp="134" pin=0"/></net>

<net id="139"><net_src comp="22" pin="0"/><net_sink comp="134" pin=1"/></net>

<net id="146"><net_src comp="34" pin="0"/><net_sink comp="140" pin=0"/></net>

<net id="147"><net_src comp="80" pin="2"/><net_sink comp="140" pin=1"/></net>

<net id="148"><net_src comp="36" pin="0"/><net_sink comp="140" pin=2"/></net>

<net id="149"><net_src comp="38" pin="0"/><net_sink comp="140" pin=3"/></net>

<net id="156"><net_src comp="34" pin="0"/><net_sink comp="150" pin=0"/></net>

<net id="157"><net_src comp="80" pin="2"/><net_sink comp="150" pin=1"/></net>

<net id="158"><net_src comp="40" pin="0"/><net_sink comp="150" pin=2"/></net>

<net id="159"><net_src comp="42" pin="0"/><net_sink comp="150" pin=3"/></net>

<net id="166"><net_src comp="34" pin="0"/><net_sink comp="160" pin=0"/></net>

<net id="167"><net_src comp="80" pin="2"/><net_sink comp="160" pin=1"/></net>

<net id="168"><net_src comp="44" pin="0"/><net_sink comp="160" pin=2"/></net>

<net id="169"><net_src comp="46" pin="0"/><net_sink comp="160" pin=3"/></net>

<net id="173"><net_src comp="80" pin="2"/><net_sink comp="170" pin=0"/></net>

<net id="180"><net_src comp="48" pin="0"/><net_sink comp="174" pin=0"/></net>

<net id="181"><net_src comp="80" pin="2"/><net_sink comp="174" pin=1"/></net>

<net id="182"><net_src comp="50" pin="0"/><net_sink comp="174" pin=2"/></net>

<net id="183"><net_src comp="52" pin="0"/><net_sink comp="174" pin=3"/></net>

<net id="190"><net_src comp="54" pin="0"/><net_sink comp="184" pin=0"/></net>

<net id="191"><net_src comp="80" pin="2"/><net_sink comp="184" pin=1"/></net>

<net id="192"><net_src comp="56" pin="0"/><net_sink comp="184" pin=2"/></net>

<net id="193"><net_src comp="58" pin="0"/><net_sink comp="184" pin=3"/></net>

<net id="197"><net_src comp="90" pin="4"/><net_sink comp="194" pin=0"/></net>

<net id="201"><net_src comp="90" pin="4"/><net_sink comp="198" pin=0"/></net>

<net id="206"><net_src comp="90" pin="4"/><net_sink comp="202" pin=0"/></net>

<net id="207"><net_src comp="62" pin="0"/><net_sink comp="202" pin=1"/></net>

<net id="212"><net_src comp="90" pin="4"/><net_sink comp="208" pin=0"/></net>

<net id="213"><net_src comp="64" pin="0"/><net_sink comp="208" pin=1"/></net>

<net id="218"><net_src comp="198" pin="1"/><net_sink comp="214" pin=0"/></net>

<net id="223"><net_src comp="194" pin="1"/><net_sink comp="219" pin=1"/></net>

<net id="231"><net_src comp="101" pin="4"/><net_sink comp="228" pin=0"/></net>

<net id="235"><net_src comp="101" pin="4"/><net_sink comp="232" pin=0"/></net>

<net id="240"><net_src comp="101" pin="4"/><net_sink comp="236" pin=0"/></net>

<net id="241"><net_src comp="62" pin="0"/><net_sink comp="236" pin=1"/></net>

<net id="246"><net_src comp="101" pin="4"/><net_sink comp="242" pin=0"/></net>

<net id="247"><net_src comp="64" pin="0"/><net_sink comp="242" pin=1"/></net>

<net id="252"><net_src comp="232" pin="1"/><net_sink comp="248" pin=0"/></net>

<net id="257"><net_src comp="248" pin="2"/><net_sink comp="253" pin=1"/></net>

<net id="262"><net_src comp="228" pin="1"/><net_sink comp="258" pin=1"/></net>

<net id="263"><net_src comp="258" pin="2"/><net_sink comp="108" pin=5"/></net>

<net id="267"><net_src comp="76" pin="1"/><net_sink comp="264" pin=0"/></net>

<net id="268"><net_src comp="264" pin="1"/><net_sink comp="120" pin=1"/></net>

<net id="269"><net_src comp="264" pin="1"/><net_sink comp="125" pin=0"/></net>

<net id="270"><net_src comp="264" pin="1"/><net_sink comp="224" pin=1"/></net>

<net id="277"><net_src comp="134" pin="2"/><net_sink comp="274" pin=0"/></net>

<net id="278"><net_src comp="274" pin="1"/><net_sink comp="224" pin=0"/></net>

<net id="282"><net_src comp="140" pin="4"/><net_sink comp="279" pin=0"/></net>

<net id="283"><net_src comp="279" pin="1"/><net_sink comp="248" pin=1"/></net>

<net id="287"><net_src comp="150" pin="4"/><net_sink comp="284" pin=0"/></net>

<net id="288"><net_src comp="284" pin="1"/><net_sink comp="108" pin=1"/></net>

<net id="292"><net_src comp="160" pin="4"/><net_sink comp="289" pin=0"/></net>

<net id="293"><net_src comp="289" pin="1"/><net_sink comp="214" pin=1"/></net>

<net id="297"><net_src comp="170" pin="1"/><net_sink comp="294" pin=0"/></net>

<net id="298"><net_src comp="294" pin="1"/><net_sink comp="108" pin=3"/></net>

<net id="302"><net_src comp="174" pin="4"/><net_sink comp="299" pin=0"/></net>

<net id="303"><net_src comp="299" pin="1"/><net_sink comp="258" pin=0"/></net>

<net id="307"><net_src comp="184" pin="4"/><net_sink comp="304" pin=0"/></net>

<net id="308"><net_src comp="304" pin="1"/><net_sink comp="219" pin=0"/></net>

<net id="315"><net_src comp="208" pin="2"/><net_sink comp="312" pin=0"/></net>

<net id="316"><net_src comp="312" pin="1"/><net_sink comp="90" pin=0"/></net>

<net id="320"><net_src comp="214" pin="2"/><net_sink comp="317" pin=0"/></net>

<net id="321"><net_src comp="317" pin="1"/><net_sink comp="253" pin=0"/></net>

<net id="325"><net_src comp="219" pin="2"/><net_sink comp="322" pin=0"/></net>

<net id="326"><net_src comp="322" pin="1"/><net_sink comp="108" pin=4"/></net>

<net id="333"><net_src comp="242" pin="2"/><net_sink comp="330" pin=0"/></net>

<net id="334"><net_src comp="330" pin="1"/><net_sink comp="101" pin=2"/></net>

<net id="338"><net_src comp="253" pin="2"/><net_sink comp="335" pin=0"/></net>

<net id="342"><net_src comp="258" pin="2"/><net_sink comp="339" pin=0"/></net>

<net id="343"><net_src comp="339" pin="1"/><net_sink comp="108" pin=5"/></net>

</net_list>

</model> 
---------------- Datapath Model END ------------------

* FSMD analyzer results:
  - Output states:
	Port: feat1 | {4 5 }
 - Input state : 
	Port: store_stage : q2 | {2 }
	Port: store_stage : s_out | {4 5 }
	Port: store_stage : feat1 | {}
  - Chain level:
	State 1
		store_ln162 : 1
	State 2
		icmp_ln162 : 1
		i_2 : 1
		br_ln162 : 2
	State 3
		zext_ln165 : 1
		zext_ln165_1 : 1
		icmp_ln165 : 1
		add_ln165 : 1
		br_ln165 : 2
		cmp9 : 2
		empty : 2
	State 4
		zext_ln167 : 1
		zext_ln167_1 : 1
		icmp_ln167 : 1
		add_ln167 : 1
		br_ln167 : 2
		icmp_ln169 : 2
		and_ln169 : 3
		br_ln169 : 3
		empty_276 : 2
		call_ln163 : 3
	State 5


============================================================
+ Verbose Summary: Datapath Resource usage 
============================================================

* Functional unit list:
|----------|--------------------------------------------------|---------|---------|
| Operation|                  Functional Unit                 |    FF   |   LUT   |
|----------|--------------------------------------------------|---------|---------|
|   call   | grp_store_stage_Pipeline_VITIS_LOOP_170_4_fu_108 |    32   |   163   |
|----------|--------------------------------------------------|---------|---------|
|          |                 icmp_ln162_fu_128                |    0    |    17   |
|          |                 icmp_ln165_fu_202                |    0    |    13   |
|   icmp   |                    cmp9_fu_214                   |    0    |    39   |
|          |                 icmp_ln167_fu_236                |    0    |    13   |
|          |                 icmp_ln169_fu_248                |    0    |    39   |
|----------|--------------------------------------------------|---------|---------|
|          |                    i_2_fu_134                    |    0    |    17   |
|          |                 add_ln165_fu_208                 |    0    |    13   |
|    add   |                   empty_fu_219                   |    0    |    21   |
|          |                 add_ln167_fu_242                 |    0    |    13   |
|          |                 empty_276_fu_258                 |    0    |    29   |
|----------|--------------------------------------------------|---------|---------|
|    and   |                 and_ln169_fu_253                 |    0    |    2    |
|----------|--------------------------------------------------|---------|---------|
|   read   |                q2_read_read_fu_80                |    0    |    0    |
|----------|--------------------------------------------------|---------|---------|
|          |                    d_tW_fu_140                   |    0    |    0    |
|          |                    d_tN_fu_150                   |    0    |    0    |
|partselect|                    d_tH_fu_160                   |    0    |    0    |
|          |               trunc_ln165_1_fu_174               |    0    |    0    |
|          |               trunc_ln165_2_fu_184               |    0    |    0    |
|----------|--------------------------------------------------|---------|---------|
|   trunc  |                trunc_ln165_fu_170                |    0    |    0    |
|----------|--------------------------------------------------|---------|---------|
|          |                 zext_ln165_fu_194                |    0    |    0    |
|   zext   |                zext_ln165_1_fu_198               |    0    |    0    |
|          |                 zext_ln167_fu_228                |    0    |    0    |
|          |                zext_ln167_1_fu_232               |    0    |    0    |
|----------|--------------------------------------------------|---------|---------|
|   Total  |                                                  |    32   |   379   |
|----------|--------------------------------------------------|---------|---------|

Memories:
N/A

* Register list:
+---------------------+--------+
|                     |   FF   |
+---------------------+--------+
|  add_ln165_reg_312  |    6   |
|  add_ln167_reg_330  |    6   |
|  and_ln169_reg_335  |    1   |
|     cmp9_reg_317    |    1   |
|     d_tH_reg_289    |   32   |
|     d_tN_reg_284    |   32   |
|     d_tW_reg_279    |   32   |
|  empty_276_reg_339  |   22   |
|    empty_reg_322    |   14   |
|     i_2_reg_274     |   10   |
|      i_reg_264      |   10   |
|      th_reg_86      |    6   |
|trunc_ln165_1_reg_299|   22   |
|trunc_ln165_2_reg_304|   14   |
| trunc_ln165_reg_294 |    6   |
|      tw_reg_97      |    6   |
+---------------------+--------+
|        Total        |   220  |
+---------------------+--------+

* Multiplexer (MUX) list: 
|--------------------------------------------------|------|------|------|--------||---------||---------|
|                       Comp                       |  Pin | Size |  BW  | S x BW ||  Delay  ||   LUT   |
|--------------------------------------------------|------|------|------|--------||---------||---------|
| grp_store_stage_Pipeline_VITIS_LOOP_170_4_fu_108 |  p5  |   2  |  22  |   44   ||    9    |
|--------------------------------------------------|------|------|------|--------||---------||---------|
|                       Total                      |      |      |      |   44   ||  0.427  ||    9    |
|--------------------------------------------------|------|------|------|--------||---------||---------|



* Summary:
+-----------+--------+--------+--------+
|           |  Delay |   FF   |   LUT  |
+-----------+--------+--------+--------+
|  Function |    -   |   32   |   379  |
|   Memory  |    -   |    -   |    -   |
|Multiplexer|    0   |    -   |    9   |
|  Register |    -   |   220  |    -   |
+-----------+--------+--------+--------+
|   Total   |    0   |   252  |   388  |
+-----------+--------+--------+--------+
