

================================================================
== Vitis HLS Report for 'store_stage'
================================================================
* Date:           Wed Oct 29 00:02:26 2025

* Version:        2023.1 (Build 3854077 on May  4 2023)
* Project:        srcnn_hls
* Solution:       solution1 (Vivado IP Flow Target)
* Product family: zynquplus
* Target device:  xck26-sfvc784-2LV-c


================================================================
== Performance Estimates
================================================================
+ Timing: 
    * Summary: 
    +--------+----------+----------+------------+
    |  Clock |  Target  | Estimated| Uncertainty|
    +--------+----------+----------+------------+
    |ap_clk  |  10.00 ns|  4.747 ns|     2.70 ns|
    +--------+----------+----------+------------+

+ Latency: 
    * Summary: 
    +---------+----------+-----------+-----------+---------+----------+---------+
    |  Latency (cycles)  |   Latency (absolute)  |      Interval      | Pipeline|
    |   min   |    max   |    min    |    max    |   min   |    max   |   Type  |
    +---------+----------+-----------+-----------+---------+----------+---------+
    |  1082369|  10519553|  10.824 ms|  0.105 sec|  1082369|  10519553|       no|
    +---------+----------+-----------+-----------+---------+----------+---------+

    + Detail: 
        * Instance: 
        N/A

        * Loop: 
        +-----------------------+---------+----------+--------------+-----------+-----------+------+----------+
        |                       |  Latency (cycles)  |   Iteration  |  Initiation Interval  | Trip |          |
        |       Loop Name       |   min   |    max   |    Latency   |  achieved |   target  | Count| Pipelined|
        +-----------------------+---------+----------+--------------+-----------+-----------+------+----------+
        |- VITIS_LOOP_167_1     |  1082368|  10519552|  2114 ~ 20546|          -|          -|   512|        no|
        | + VITIS_LOOP_170_2    |     2112|     20544|      66 ~ 642|          -|          -|    32|        no|
        |  ++ VITIS_LOOP_172_3  |       64|       640|        2 ~ 20|          -|          -|    32|        no|
        +-----------------------+---------+----------+--------------+-----------+-----------+------+----------+

============================================================
+ Verbose Summary: Synthesis Manager
============================================================
InlineROM: 1
ExposeGlobal: 0
============================================================
+ Verbose Summary: CDFG Model
============================================================
IsTopModel: 0
ResetActiveHigh: 1
IsCombinational: 2
IsDatapathOnly: 0
HasWiredReturn: 1
HasMFsm: 0
HasVarLatency: 1
IsPipeline: 0
IsRtlPipelined: 0
IsInstanceOverlapped: 0
IsDontTouch: 0
HasImplIP: 0
IsGatedGlobalClock: 0


============================================================
+ Verbose Summary: Schedule
============================================================
* Number of FSM states : 5
* Pipeline : 0
* Dataflow Pipeline: 0

* FSM state transitions: 
1 --> 2 
2 --> 3 
3 --> 4 2 
4 --> 5 3 
5 --> 4 

* FSM state operations: 

State 1 <SV = 0> <Delay = 0.42>
ST_1 : Operation 6 [1/1] (0.00ns)   --->   "%i = alloca i32 1"   --->   Operation 6 'alloca' 'i' <Predicate = true> <Delay = 0.00>
ST_1 : Operation 7 [1/1] (0.00ns)   --->   "%specinterface_ln0 = specinterface void @_ssdm_op_SpecInterface, i32 %s_out, void @empty_142, i32 0, i32 0, void @empty_144, i32 0, i32 0, void @empty_144, void @empty_144, void @empty_144, i32 0, i32 0, i32 0, i32 0, void @empty_144, void @empty_144, i32 4294967295, i32 0"   --->   Operation 7 'specinterface' 'specinterface_ln0' <Predicate = true> <Delay = 0.00>
ST_1 : Operation 8 [1/1] (0.00ns)   --->   "%specinterface_ln0 = specinterface void @_ssdm_op_SpecInterface, i224 %q2, void @empty_142, i32 0, i32 0, void @empty_144, i32 0, i32 0, void @empty_144, void @empty_144, void @empty_144, i32 0, i32 0, i32 0, i32 0, void @empty_144, void @empty_144, i32 4294967295, i32 0"   --->   Operation 8 'specinterface' 'specinterface_ln0' <Predicate = true> <Delay = 0.00>
ST_1 : Operation 9 [1/1] (0.42ns)   --->   "%store_ln167 = store i10 0, i10 %i" [src/conv1.cpp:167]   --->   Operation 9 'store' 'store_ln167' <Predicate = true> <Delay = 0.42>
ST_1 : Operation 10 [1/1] (0.00ns)   --->   "%br_ln167 = br void %VITIS_LOOP_170_2" [src/conv1.cpp:167]   --->   Operation 10 'br' 'br_ln167' <Predicate = true> <Delay = 0.00>

State 2 <SV = 1> <Delay = 2.62>
ST_2 : Operation 11 [1/1] (0.00ns)   --->   "%i_1 = load i10 %i" [src/conv1.cpp:167]   --->   Operation 11 'load' 'i_1' <Predicate = true> <Delay = 0.00>
ST_2 : Operation 12 [1/1] (0.78ns)   --->   "%icmp_ln167 = icmp_eq  i10 %i_1, i10 512" [src/conv1.cpp:167]   --->   Operation 12 'icmp' 'icmp_ln167' <Predicate = true> <Delay = 0.78> <CoreInst = "Cmp">   --->   Core 9 'Cmp' <Latency = 0> <II = 1> <Delay = 0.78> <FuncUnit> <Opcode : 'icmp'> <InPorts = 2> <OutPorts = 1>
ST_2 : Operation 13 [1/1] (0.78ns)   --->   "%i_2 = add i10 %i_1, i10 1" [src/conv1.cpp:167]   --->   Operation 13 'add' 'i_2' <Predicate = true> <Delay = 0.78> <CoreInst = "Adder">   --->   Core 1 'Adder' <Latency = 0> <II = 1> <Delay = 0.78> <FuncUnit> <Opcode : 'add' 'sub'> <InPorts = 2> <OutPorts = 1>
ST_2 : Operation 14 [1/1] (0.00ns)   --->   "%br_ln167 = br i1 %icmp_ln167, void %VITIS_LOOP_170_2.split, void %for.end32" [src/conv1.cpp:167]   --->   Operation 14 'br' 'br_ln167' <Predicate = true> <Delay = 0.00>
ST_2 : Operation 15 [1/1] (0.00ns)   --->   "%speclooptripcount_ln167 = speclooptripcount void @_ssdm_op_SpecLoopTripCount, i64 512, i64 512, i64 512" [src/conv1.cpp:167]   --->   Operation 15 'speclooptripcount' 'speclooptripcount_ln167' <Predicate = (!icmp_ln167)> <Delay = 0.00>
ST_2 : Operation 16 [1/1] (0.00ns)   --->   "%specloopname_ln167 = specloopname void @_ssdm_op_SpecLoopName, void @empty_147" [src/conv1.cpp:167]   --->   Operation 16 'specloopname' 'specloopname_ln167' <Predicate = (!icmp_ln167)> <Delay = 0.00>
ST_2 : Operation 17 [1/1] (1.83ns)   --->   "%q2_read = read i224 @_ssdm_op_Read.ap_fifo.volatile.i224P0A, i224 %q2" [src/conv1.cpp:168]   --->   Operation 17 'read' 'q2_read' <Predicate = (!icmp_ln167)> <Delay = 1.83> <CoreInst = "FIFO_SRL">   --->   Core 81 'FIFO_SRL' <Latency = 0> <II = 1> <Delay = 1.83> <Storage> <Opcode : 'read' 'write' 'nbread' 'nbwrite'> <Ports = 0> <Width = 224> <Depth = 2> <FIFO>
ST_2 : Operation 18 [1/1] (0.00ns)   --->   "%d_tW = partselect i32 @_ssdm_op_PartSelect.i32.i224.i32.i32, i224 %q2_read, i32 160, i32 191" [src/conv1.cpp:168]   --->   Operation 18 'partselect' 'd_tW' <Predicate = (!icmp_ln167)> <Delay = 0.00>
ST_2 : Operation 19 [1/1] (0.00ns)   --->   "%d_tN = partselect i32 @_ssdm_op_PartSelect.i32.i224.i32.i32, i224 %q2_read, i32 96, i32 127" [src/conv1.cpp:168]   --->   Operation 19 'partselect' 'd_tN' <Predicate = (!icmp_ln167)> <Delay = 0.00>
ST_2 : Operation 20 [1/1] (0.00ns)   --->   "%d_tH = partselect i32 @_ssdm_op_PartSelect.i32.i224.i32.i32, i224 %q2_read, i32 128, i32 159" [src/conv1.cpp:168]   --->   Operation 20 'partselect' 'd_tH' <Predicate = (!icmp_ln167)> <Delay = 0.00>
ST_2 : Operation 21 [1/1] (0.00ns)   --->   "%trunc_ln170 = trunc i224 %q2_read" [src/conv1.cpp:170]   --->   Operation 21 'trunc' 'trunc_ln170' <Predicate = (!icmp_ln167)> <Delay = 0.00>
ST_2 : Operation 22 [1/1] (0.00ns)   --->   "%trunc_ln170_1 = partselect i22 @_ssdm_op_PartSelect.i22.i224.i32.i32, i224 %q2_read, i32 64, i32 85" [src/conv1.cpp:170]   --->   Operation 22 'partselect' 'trunc_ln170_1' <Predicate = (!icmp_ln167)> <Delay = 0.00>
ST_2 : Operation 23 [1/1] (0.00ns)   --->   "%trunc_ln170_2 = partselect i14 @_ssdm_op_PartSelect.i14.i224.i32.i32, i224 %q2_read, i32 32, i32 45" [src/conv1.cpp:170]   --->   Operation 23 'partselect' 'trunc_ln170_2' <Predicate = (!icmp_ln167)> <Delay = 0.00>
ST_2 : Operation 24 [1/1] (0.42ns)   --->   "%br_ln170 = br void %VITIS_LOOP_172_3" [src/conv1.cpp:170]   --->   Operation 24 'br' 'br_ln170' <Predicate = (!icmp_ln167)> <Delay = 0.42>
ST_2 : Operation 25 [1/1] (0.00ns)   --->   "%ret_ln186 = ret" [src/conv1.cpp:186]   --->   Operation 25 'ret' 'ret_ln186' <Predicate = (icmp_ln167)> <Delay = 0.00>

State 3 <SV = 2> <Delay = 1.20>
ST_3 : Operation 26 [1/1] (0.00ns)   --->   "%th = phi i6 %add_ln170, void %for.inc27, i6 0, void %VITIS_LOOP_170_2.split" [src/conv1.cpp:170]   --->   Operation 26 'phi' 'th' <Predicate = true> <Delay = 0.00>
ST_3 : Operation 27 [1/1] (0.00ns)   --->   "%zext_ln170 = zext i6 %th" [src/conv1.cpp:170]   --->   Operation 27 'zext' 'zext_ln170' <Predicate = true> <Delay = 0.00>
ST_3 : Operation 28 [1/1] (0.00ns)   --->   "%zext_ln170_1 = zext i6 %th" [src/conv1.cpp:170]   --->   Operation 28 'zext' 'zext_ln170_1' <Predicate = true> <Delay = 0.00>
ST_3 : Operation 29 [1/1] (0.78ns)   --->   "%icmp_ln170 = icmp_eq  i6 %th, i6 32" [src/conv1.cpp:170]   --->   Operation 29 'icmp' 'icmp_ln170' <Predicate = true> <Delay = 0.78> <CoreInst = "Cmp">   --->   Core 9 'Cmp' <Latency = 0> <II = 1> <Delay = 0.78> <FuncUnit> <Opcode : 'icmp'> <InPorts = 2> <OutPorts = 1>
ST_3 : Operation 30 [1/1] (0.78ns)   --->   "%add_ln170 = add i6 %th, i6 1" [src/conv1.cpp:170]   --->   Operation 30 'add' 'add_ln170' <Predicate = true> <Delay = 0.78> <CoreInst = "Adder">   --->   Core 1 'Adder' <Latency = 0> <II = 1> <Delay = 0.78> <FuncUnit> <Opcode : 'add' 'sub'> <InPorts = 2> <OutPorts = 1>
ST_3 : Operation 31 [1/1] (0.00ns)   --->   "%br_ln170 = br i1 %icmp_ln170, void %VITIS_LOOP_172_3.split, void %for.inc30" [src/conv1.cpp:170]   --->   Operation 31 'br' 'br_ln170' <Predicate = true> <Delay = 0.00>
ST_3 : Operation 32 [1/1] (0.00ns)   --->   "%speclooptripcount_ln170 = speclooptripcount void @_ssdm_op_SpecLoopTripCount, i64 32, i64 32, i64 32" [src/conv1.cpp:170]   --->   Operation 32 'speclooptripcount' 'speclooptripcount_ln170' <Predicate = (!icmp_ln170)> <Delay = 0.00>
ST_3 : Operation 33 [1/1] (0.00ns)   --->   "%specloopname_ln170 = specloopname void @_ssdm_op_SpecLoopName, void @empty_146" [src/conv1.cpp:170]   --->   Operation 33 'specloopname' 'specloopname_ln170' <Predicate = (!icmp_ln170)> <Delay = 0.00>
ST_3 : Operation 34 [1/1] (1.01ns)   --->   "%cmp9 = icmp_slt  i32 %zext_ln170_1, i32 %d_tH" [src/conv1.cpp:170]   --->   Operation 34 'icmp' 'cmp9' <Predicate = (!icmp_ln170)> <Delay = 1.01> <CoreInst = "Cmp">   --->   Core 9 'Cmp' <Latency = 0> <II = 1> <Delay = 1.01> <FuncUnit> <Opcode : 'icmp'> <InPorts = 2> <OutPorts = 1>
ST_3 : Operation 35 [1/1] (0.83ns)   --->   "%empty = add i14 %trunc_ln170_2, i14 %zext_ln170" [src/conv1.cpp:170]   --->   Operation 35 'add' 'empty' <Predicate = (!icmp_ln170)> <Delay = 0.83> <CoreInst = "Adder">   --->   Core 1 'Adder' <Latency = 0> <II = 1> <Delay = 0.83> <FuncUnit> <Opcode : 'add' 'sub'> <InPorts = 2> <OutPorts = 1>
ST_3 : Operation 36 [1/1] (0.42ns)   --->   "%br_ln172 = br void %for.body8" [src/conv1.cpp:172]   --->   Operation 36 'br' 'br_ln172' <Predicate = (!icmp_ln170)> <Delay = 0.42>
ST_3 : Operation 37 [1/1] (0.42ns)   --->   "%store_ln167 = store i10 %i_2, i10 %i" [src/conv1.cpp:167]   --->   Operation 37 'store' 'store_ln167' <Predicate = (icmp_ln170)> <Delay = 0.42>
ST_3 : Operation 38 [1/1] (0.00ns)   --->   "%br_ln167 = br void %VITIS_LOOP_170_2" [src/conv1.cpp:167]   --->   Operation 38 'br' 'br_ln167' <Predicate = (icmp_ln170)> <Delay = 0.00>

State 4 <SV = 3> <Delay = 4.74>
ST_4 : Operation 39 [1/1] (0.00ns)   --->   "%tw = phi i6 0, void %VITIS_LOOP_172_3.split, i6 %add_ln172, void %for.inc24" [src/conv1.cpp:172]   --->   Operation 39 'phi' 'tw' <Predicate = true> <Delay = 0.00>
ST_4 : Operation 40 [1/1] (0.00ns)   --->   "%zext_ln172 = zext i6 %tw" [src/conv1.cpp:172]   --->   Operation 40 'zext' 'zext_ln172' <Predicate = true> <Delay = 0.00>
ST_4 : Operation 41 [1/1] (0.00ns)   --->   "%zext_ln172_1 = zext i6 %tw" [src/conv1.cpp:172]   --->   Operation 41 'zext' 'zext_ln172_1' <Predicate = true> <Delay = 0.00>
ST_4 : Operation 42 [1/1] (0.78ns)   --->   "%icmp_ln172 = icmp_eq  i6 %tw, i6 32" [src/conv1.cpp:172]   --->   Operation 42 'icmp' 'icmp_ln172' <Predicate = true> <Delay = 0.78> <CoreInst = "Cmp">   --->   Core 9 'Cmp' <Latency = 0> <II = 1> <Delay = 0.78> <FuncUnit> <Opcode : 'icmp'> <InPorts = 2> <OutPorts = 1>
ST_4 : Operation 43 [1/1] (0.78ns)   --->   "%add_ln172 = add i6 %tw, i6 1" [src/conv1.cpp:172]   --->   Operation 43 'add' 'add_ln172' <Predicate = true> <Delay = 0.78> <CoreInst = "Adder">   --->   Core 1 'Adder' <Latency = 0> <II = 1> <Delay = 0.78> <FuncUnit> <Opcode : 'add' 'sub'> <InPorts = 2> <OutPorts = 1>
ST_4 : Operation 44 [1/1] (0.00ns)   --->   "%br_ln172 = br i1 %icmp_ln172, void %for.body8.split, void %for.inc27" [src/conv1.cpp:172]   --->   Operation 44 'br' 'br_ln172' <Predicate = true> <Delay = 0.00>
ST_4 : Operation 45 [1/1] (0.00ns)   --->   "%speclooptripcount_ln172 = speclooptripcount void @_ssdm_op_SpecLoopTripCount, i64 32, i64 32, i64 32" [src/conv1.cpp:172]   --->   Operation 45 'speclooptripcount' 'speclooptripcount_ln172' <Predicate = (!icmp_ln172)> <Delay = 0.00>
ST_4 : Operation 46 [1/1] (0.00ns)   --->   "%specloopname_ln172 = specloopname void @_ssdm_op_SpecLoopName, void @empty_156" [src/conv1.cpp:172]   --->   Operation 46 'specloopname' 'specloopname_ln172' <Predicate = (!icmp_ln172)> <Delay = 0.00>
ST_4 : Operation 47 [1/1] (1.01ns)   --->   "%icmp_ln174 = icmp_slt  i32 %zext_ln172_1, i32 %d_tW" [src/conv1.cpp:174]   --->   Operation 47 'icmp' 'icmp_ln174' <Predicate = (!icmp_ln172)> <Delay = 1.01> <CoreInst = "Cmp">   --->   Core 9 'Cmp' <Latency = 0> <II = 1> <Delay = 1.01> <FuncUnit> <Opcode : 'icmp'> <InPorts = 2> <OutPorts = 1>
ST_4 : Operation 48 [1/1] (0.28ns)   --->   "%and_ln174 = and i1 %cmp9, i1 %icmp_ln174" [src/conv1.cpp:174]   --->   Operation 48 'and' 'and_ln174' <Predicate = (!icmp_ln172)> <Delay = 0.28> <CoreInst = "LogicGate">   --->   Core 74 'LogicGate' <Latency = 0> <II = 1> <Delay = 0.28> <FuncUnit> <Opcode : 'and' 'or' 'xor'> <InPorts = 2> <OutPorts = 1>
ST_4 : Operation 49 [1/1] (0.00ns)   --->   "%br_ln174 = br i1 %and_ln174, void %for.inc24, void %VITIS_LOOP_175_4" [src/conv1.cpp:174]   --->   Operation 49 'br' 'br_ln174' <Predicate = (!icmp_ln172)> <Delay = 0.00>
ST_4 : Operation 50 [1/1] (0.91ns)   --->   "%empty_258 = add i22 %trunc_ln170_1, i22 %zext_ln172" [src/conv1.cpp:170]   --->   Operation 50 'add' 'empty_258' <Predicate = (!icmp_ln172 & and_ln174)> <Delay = 0.91> <CoreInst = "Adder">   --->   Core 1 'Adder' <Latency = 0> <II = 1> <Delay = 0.91> <FuncUnit> <Opcode : 'add' 'sub'> <InPorts = 2> <OutPorts = 1>
ST_4 : Operation 51 [1/1] (0.00ns)   --->   "%empty_259 = wait i32 @_ssdm_op_Wait"   --->   Operation 51 'wait' 'empty_259' <Predicate = (!icmp_ln172 & and_ln174)> <Delay = 0.00>
ST_4 : Operation 52 [2/2] (3.15ns)   --->   "%call_ln168 = call void @store_stage_Pipeline_VITIS_LOOP_175_4, i32 %d_tN, i32 %s_out, i6 %trunc_ln170, i14 %empty, i22 %empty_258, i32 %feat1" [src/conv1.cpp:168]   --->   Operation 52 'call' 'call_ln168' <Predicate = (!icmp_ln172 & and_ln174)> <Delay = 3.15> <CoreType = "Generic">   --->   Core 0 '' <Latency = 0> <II = 1> <Delay = 1.00> <Generic> <Opcode : >
ST_4 : Operation 53 [1/1] (0.00ns)   --->   "%br_ln170 = br void %VITIS_LOOP_172_3" [src/conv1.cpp:170]   --->   Operation 53 'br' 'br_ln170' <Predicate = (icmp_ln172)> <Delay = 0.00>

State 5 <SV = 4> <Delay = 0.00>
ST_5 : Operation 54 [1/2] (0.00ns)   --->   "%call_ln168 = call void @store_stage_Pipeline_VITIS_LOOP_175_4, i32 %d_tN, i32 %s_out, i6 %trunc_ln170, i14 %empty, i22 %empty_258, i32 %feat1" [src/conv1.cpp:168]   --->   Operation 54 'call' 'call_ln168' <Predicate = (and_ln174)> <Delay = 0.00> <CoreType = "Generic">   --->   Core 0 '' <Latency = 0> <II = 1> <Delay = 1.00> <Generic> <Opcode : >
ST_5 : Operation 55 [1/1] (0.00ns)   --->   "%br_ln0 = br void %for.inc24"   --->   Operation 55 'br' 'br_ln0' <Predicate = (and_ln174)> <Delay = 0.00>
ST_5 : Operation 56 [1/1] (0.00ns)   --->   "%br_ln172 = br void %for.body8" [src/conv1.cpp:172]   --->   Operation 56 'br' 'br_ln172' <Predicate = true> <Delay = 0.00>


============================================================
+ Verbose Summary: Timing violations
============================================================
Target clock period: 10.000ns, clock uncertainty: 2.700ns.

 <State 1>: 0.427ns
The critical path consists of the following:
	'alloca' operation ('i') [4]  (0.000 ns)
	'store' operation ('store_ln167', src/conv1.cpp:167) of constant 0 on local variable 'i' [7]  (0.427 ns)

 <State 2>: 2.625ns
The critical path consists of the following:
	fifo read operation ('q2_read', src/conv1.cpp:168) on port 'q2' (src/conv1.cpp:168) [17]  (1.838 ns)
	blocking operation 0.787 ns on control path)

 <State 3>: 1.208ns
The critical path consists of the following:
	'phi' operation ('th', src/conv1.cpp:170) with incoming values : ('add_ln170', src/conv1.cpp:170) [26]  (0.000 ns)
	'icmp' operation ('cmp9', src/conv1.cpp:170) [35]  (1.016 ns)
	blocking operation 0.192 ns on control path)

 <State 4>: 4.747ns
The critical path consists of the following:
	'phi' operation ('tw', src/conv1.cpp:172) with incoming values : ('add_ln172', src/conv1.cpp:172) [39]  (0.000 ns)
	'add' operation ('empty_258', src/conv1.cpp:170) [52]  (0.914 ns)
	'call' operation ('call_ln168', src/conv1.cpp:168) to 'store_stage_Pipeline_VITIS_LOOP_175_4' [54]  (3.158 ns)
	blocking operation 0.675875 ns on control path)

 <State 5>: 0.000ns
The critical path consists of the following:


============================================================
+ Verbose Summary: Binding
============================================================
N/A
* FSMD analyzer results:
  - Output states:
 - Input state : 
  - Chain level:
	State 1
	State 2
	State 3
	State 4
	State 5


============================================================
+ Verbose Summary: Datapath Resource usage 
============================================================
N/A
