

================================================================
== Vitis HLS Report for 'store_stage_Pipeline_VITIS_LOOP_175_4'
================================================================
* Date:           Wed Oct 29 00:02:25 2025

* Version:        2023.1 (Build 3854077 on May  4 2023)
* Project:        srcnn_hls
* Solution:       solution1 (Vivado IP Flow Target)
* Product family: zynquplus
* Target device:  xck26-sfvc784-2LV-c


================================================================
== Performance Estimates
================================================================
+ Timing: 
    * Summary: 
    +--------+----------+----------+------------+
    |  Clock |  Target  | Estimated| Uncertainty|
    +--------+----------+----------+------------+
    |ap_clk  |  10.00 ns|  3.158 ns|     2.70 ns|
    +--------+----------+----------+------------+

+ Latency: 
    * Summary: 
    +---------+---------+----------+----------+-----+-----+---------+
    |  Latency (cycles) |  Latency (absolute) |  Interval | Pipeline|
    |   min   |   max   |    min   |    max   | min | max |   Type  |
    +---------+---------+----------+----------+-----+-----+---------+
    |       18|       18|  0.180 us|  0.180 us|   18|   18|       no|
    +---------+---------+----------+----------+-----+-----+---------+

    + Detail: 
        * Instance: 
        N/A

        * Loop: 
        +--------------------+---------+---------+----------+-----------+-----------+------+----------+
        |                    |  Latency (cycles) | Iteration|  Initiation Interval  | Trip |          |
        |      Loop Name     |   min   |   max   |  Latency |  achieved |   target  | Count| Pipelined|
        +--------------------+---------+---------+----------+-----------+-----------+------+----------+
        |- VITIS_LOOP_175_4  |       16|       16|         2|          2|          2|     8|       yes|
        +--------------------+---------+---------+----------+-----------+-----------+------+----------+

============================================================
+ Verbose Summary: Synthesis Manager
============================================================
InlineROM: 1
ExposeGlobal: 0
============================================================
+ Verbose Summary: CDFG Model
============================================================
IsTopModel: 0
ResetActiveHigh: 1
IsCombinational: 0
IsDatapathOnly: 0
HasWiredReturn: 1
HasMFsm: 2
HasVarLatency: 1
IsPipeline: 0
IsRtlPipelined: 0
IsInstanceOverlapped: 0
IsDontTouch: 0
HasImplIP: 0
IsGatedGlobalClock: 0

+ Individual pipeline summary: 
  * Pipeline-0: initiation interval (II) = 2, depth = 2


============================================================
+ Verbose Summary: Schedule
============================================================
* Number of FSM states : 2
* Pipeline : 1
  Pipeline-0 : II = 2, D = 2, States = { 1 2 }
* Dataflow Pipeline: 0

* FSM state transitions: 
1 --> 2 
2 --> 

* FSM state operations: 

State 1 <SV = 0> <Delay = 3.15>
ST_1 : Operation 5 [1/1] (0.00ns)   --->   "%tn = alloca i32 1"   --->   Operation 5 'alloca' 'tn' <Predicate = true> <Delay = 0.00>
ST_1 : Operation 6 [1/1] (0.00ns)   --->   "%zext_ln175_read = read i22 @_ssdm_op_Read.ap_auto.i22, i22 %zext_ln175"   --->   Operation 6 'read' 'zext_ln175_read' <Predicate = true> <Delay = 0.00>
ST_1 : Operation 7 [1/1] (0.00ns)   --->   "%zext_ln172_read = read i14 @_ssdm_op_Read.ap_auto.i14, i14 %zext_ln172"   --->   Operation 7 'read' 'zext_ln172_read' <Predicate = true> <Delay = 0.00>
ST_1 : Operation 8 [1/1] (0.00ns)   --->   "%trunc_ln_read = read i6 @_ssdm_op_Read.ap_auto.i6, i6 %trunc_ln"   --->   Operation 8 'read' 'trunc_ln_read' <Predicate = true> <Delay = 0.00>
ST_1 : Operation 9 [1/1] (0.00ns)   --->   "%d_tN_read = read i32 @_ssdm_op_Read.ap_auto.i32, i32 %d_tN"   --->   Operation 9 'read' 'd_tN_read' <Predicate = true> <Delay = 0.00>
ST_1 : Operation 10 [1/1] (0.00ns)   --->   "%zext_ln172_cast = zext i14 %zext_ln172_read"   --->   Operation 10 'zext' 'zext_ln172_cast' <Predicate = true> <Delay = 0.00>
ST_1 : Operation 11 [1/1] (0.00ns)   --->   "%specinterface_ln0 = specinterface void @_ssdm_op_SpecInterface, i32 %s_out, void @empty_142, i32 0, i32 0, void @empty_144, i32 0, i32 0, void @empty_144, void @empty_144, void @empty_144, i32 0, i32 0, i32 0, i32 0, void @empty_144, void @empty_144, i32 4294967295, i32 0"   --->   Operation 11 'specinterface' 'specinterface_ln0' <Predicate = true> <Delay = 0.00>
ST_1 : Operation 12 [1/1] (0.42ns)   --->   "%store_ln0 = store i4 0, i4 %tn"   --->   Operation 12 'store' 'store_ln0' <Predicate = true> <Delay = 0.42>
ST_1 : Operation 13 [1/1] (0.00ns)   --->   "%br_ln0 = br void %for.body14"   --->   Operation 13 'br' 'br_ln0' <Predicate = true> <Delay = 0.00>
ST_1 : Operation 14 [1/1] (0.00ns)   --->   "%tn_1 = load i4 %tn" [src/conv1.cpp:175]   --->   Operation 14 'load' 'tn_1' <Predicate = true> <Delay = 0.00>
ST_1 : Operation 15 [1/1] (0.79ns)   --->   "%icmp_ln175 = icmp_eq  i4 %tn_1, i4 8" [src/conv1.cpp:175]   --->   Operation 15 'icmp' 'icmp_ln175' <Predicate = true> <Delay = 0.79> <CoreInst = "Cmp">   --->   Core 9 'Cmp' <Latency = 0> <II = 1> <Delay = 0.79> <FuncUnit> <Opcode : 'icmp'> <InPorts = 2> <OutPorts = 1>
ST_1 : Operation 16 [1/1] (0.79ns)   --->   "%add_ln175 = add i4 %tn_1, i4 1" [src/conv1.cpp:175]   --->   Operation 16 'add' 'add_ln175' <Predicate = true> <Delay = 0.79> <CoreInst = "Adder">   --->   Core 1 'Adder' <Latency = 0> <II = 1> <Delay = 0.79> <FuncUnit> <Opcode : 'add' 'sub'> <InPorts = 2> <OutPorts = 1>
ST_1 : Operation 17 [1/1] (0.00ns)   --->   "%br_ln175 = br i1 %icmp_ln175, void %for.body14.split, void %for.inc24.loopexit.exitStub" [src/conv1.cpp:175]   --->   Operation 17 'br' 'br_ln175' <Predicate = true> <Delay = 0.00>
ST_1 : Operation 18 [1/1] (0.00ns)   --->   "%zext_ln175_1 = zext i4 %tn_1" [src/conv1.cpp:175]   --->   Operation 18 'zext' 'zext_ln175_1' <Predicate = (!icmp_ln175)> <Delay = 0.00>
ST_1 : Operation 19 [1/1] (0.00ns)   --->   "%zext_ln175_2 = zext i4 %tn_1" [src/conv1.cpp:175]   --->   Operation 19 'zext' 'zext_ln175_2' <Predicate = (!icmp_ln175)> <Delay = 0.00>
ST_1 : Operation 20 [1/1] (0.00ns)   --->   "%specpipeline_ln176 = specpipeline void @_ssdm_op_SpecPipeline, i32 2, i32 0, i32 0, i32 0, void @empty_144" [src/conv1.cpp:176]   --->   Operation 20 'specpipeline' 'specpipeline_ln176' <Predicate = (!icmp_ln175)> <Delay = 0.00>
ST_1 : Operation 21 [1/1] (0.00ns)   --->   "%speclooptripcount_ln175 = speclooptripcount void @_ssdm_op_SpecLoopTripCount, i64 8, i64 8, i64 8" [src/conv1.cpp:175]   --->   Operation 21 'speclooptripcount' 'speclooptripcount_ln175' <Predicate = (!icmp_ln175)> <Delay = 0.00>
ST_1 : Operation 22 [1/1] (0.00ns)   --->   "%specloopname_ln175 = specloopname void @_ssdm_op_SpecLoopName, void @empty_114" [src/conv1.cpp:175]   --->   Operation 22 'specloopname' 'specloopname_ln175' <Predicate = (!icmp_ln175)> <Delay = 0.00>
ST_1 : Operation 23 [1/1] (1.01ns)   --->   "%icmp_ln177 = icmp_slt  i32 %zext_ln175_2, i32 %d_tN_read" [src/conv1.cpp:177]   --->   Operation 23 'icmp' 'icmp_ln177' <Predicate = (!icmp_ln175)> <Delay = 1.01> <CoreInst = "Cmp">   --->   Core 9 'Cmp' <Latency = 0> <II = 1> <Delay = 1.01> <FuncUnit> <Opcode : 'icmp'> <InPorts = 2> <OutPorts = 1>
ST_1 : Operation 24 [1/1] (0.00ns)   --->   "%br_ln177 = br i1 %icmp_ln177, void %for.inc, void %if.then16" [src/conv1.cpp:177]   --->   Operation 24 'br' 'br_ln177' <Predicate = (!icmp_ln175)> <Delay = 0.00>
ST_1 : Operation 25 [1/1] (0.78ns)   --->   "%add_ln179 = add i6 %trunc_ln_read, i6 %zext_ln175_1" [src/conv1.cpp:179]   --->   Operation 25 'add' 'add_ln179' <Predicate = (!icmp_ln175 & icmp_ln177)> <Delay = 0.78> <CoreInst = "Adder">   --->   Core 1 'Adder' <Latency = 0> <II = 1> <Delay = 0.78> <FuncUnit> <Opcode : 'add' 'sub'> <InPorts = 2> <OutPorts = 1>
ST_1 : Operation 26 [1/1] (0.00ns)   --->   "%zext_ln179 = zext i6 %add_ln179" [src/conv1.cpp:179]   --->   Operation 26 'zext' 'zext_ln179' <Predicate = (!icmp_ln175 & icmp_ln177)> <Delay = 0.00>
ST_1 : Operation 27 [1/1] (0.00ns)   --->   "%tmp = bitconcatenate i14 @_ssdm_op_BitConcatenate.i14.i6.i8, i6 %add_ln179, i8 0" [src/conv1.cpp:179]   --->   Operation 27 'bitconcatenate' 'tmp' <Predicate = (!icmp_ln175 & icmp_ln177)> <Delay = 0.00>
ST_1 : Operation 28 [1/1] (0.00ns)   --->   "%zext_ln179_1 = zext i14 %tmp" [src/conv1.cpp:179]   --->   Operation 28 'zext' 'zext_ln179_1' <Predicate = (!icmp_ln175 & icmp_ln177)> <Delay = 0.00>
ST_1 : Operation 29 [1/1] (0.83ns)   --->   "%sub_ln179 = sub i15 %zext_ln179_1, i15 %zext_ln179" [src/conv1.cpp:179]   --->   Operation 29 'sub' 'sub_ln179' <Predicate = (!icmp_ln175 & icmp_ln177)> <Delay = 0.83> <CoreInst = "Adder">   --->   Core 1 'Adder' <Latency = 0> <II = 1> <Delay = 0.83> <FuncUnit> <Opcode : 'add' 'sub'> <InPorts = 2> <OutPorts = 1>
ST_1 : Operation 30 [1/1] (0.00ns)   --->   "%sext_ln179 = sext i15 %sub_ln179" [src/conv1.cpp:179]   --->   Operation 30 'sext' 'sext_ln179' <Predicate = (!icmp_ln175 & icmp_ln177)> <Delay = 0.00>
ST_1 : Operation 31 [1/1] (0.84ns)   --->   "%add_ln179_1 = add i16 %sext_ln179, i16 %zext_ln172_cast" [src/conv1.cpp:179]   --->   Operation 31 'add' 'add_ln179_1' <Predicate = (!icmp_ln175 & icmp_ln177)> <Delay = 0.84> <CoreInst = "Adder">   --->   Core 1 'Adder' <Latency = 0> <II = 1> <Delay = 0.84> <FuncUnit> <Opcode : 'add' 'sub'> <InPorts = 2> <OutPorts = 1>
ST_1 : Operation 32 [1/1] (0.00ns)   --->   "%sext_ln179_1 = sext i16 %add_ln179_1" [src/conv1.cpp:179]   --->   Operation 32 'sext' 'sext_ln179_1' <Predicate = (!icmp_ln175 & icmp_ln177)> <Delay = 0.00>
ST_1 : Operation 33 [1/1] (0.00ns)   --->   "%trunc_ln179 = trunc i16 %add_ln179_1" [src/conv1.cpp:179]   --->   Operation 33 'trunc' 'trunc_ln179' <Predicate = (!icmp_ln175 & icmp_ln177)> <Delay = 0.00>
ST_1 : Operation 34 [1/1] (0.00ns)   --->   "%p_shl = bitconcatenate i22 @_ssdm_op_BitConcatenate.i22.i14.i8, i14 %trunc_ln179, i8 0" [src/conv1.cpp:179]   --->   Operation 34 'bitconcatenate' 'p_shl' <Predicate = (!icmp_ln175 & icmp_ln177)> <Delay = 0.00>
ST_1 : Operation 35 [1/1] (0.00ns) (grouped into TernaryAdder)   --->   "%sub_ln179_1 = sub i22 %p_shl, i22 %sext_ln179_1" [src/conv1.cpp:179]   --->   Operation 35 'sub' 'sub_ln179_1' <Predicate = (!icmp_ln175 & icmp_ln177)> <Delay = 0.00> <CoreInst = "TAddSub">   --->   Core 10 'TAddSub' <Latency = 0> <II = 1> <Delay = 0.35> <IPBlock> <Opcode : '<invalid operator> ' 'add' 'sub'> <InPorts = 3> <OutPorts = 1> <Sync> <CReg>
ST_1 : Operation 36 [1/1] (0.70ns) (root node of TernaryAdder)   --->   "%add_ln179_2 = add i22 %sub_ln179_1, i22 %zext_ln175_read" [src/conv1.cpp:179]   --->   Operation 36 'add' 'add_ln179_2' <Predicate = (!icmp_ln175 & icmp_ln177)> <Delay = 0.70> <CoreInst = "TAddSub">   --->   Core 10 'TAddSub' <Latency = 0> <II = 1> <Delay = 0.35> <IPBlock> <Opcode : '<invalid operator> ' 'add' 'sub'> <InPorts = 3> <OutPorts = 1> <Sync> <CReg>
ST_1 : Operation 45 [1/1] (0.00ns)   --->   "%ret_ln0 = ret"   --->   Operation 45 'ret' 'ret_ln0' <Predicate = (icmp_ln175)> <Delay = 0.00>

State 2 <SV = 1> <Delay = 2.89>
ST_2 : Operation 37 [1/1] (1.65ns)   --->   "%s_out_read = read i32 @_ssdm_op_Read.ap_fifo.volatile.i32P0A, i32 %s_out" [src/conv1.cpp:178]   --->   Operation 37 'read' 's_out_read' <Predicate = (!icmp_ln175 & icmp_ln177)> <Delay = 1.65> <CoreInst = "FIFO">   --->   Core 78 'FIFO' <Latency = 0> <II = 1> <Delay = 1.65> <Storage> <Opcode : 'read' 'write' 'nbread' 'nbwrite'> <Ports = 0> <Width = 32> <Depth = 256> <FIFO>
ST_2 : Operation 38 [1/1] (0.00ns)   --->   "%v = bitcast i32 %s_out_read" [src/conv1.cpp:178]   --->   Operation 38 'bitcast' 'v' <Predicate = (!icmp_ln175 & icmp_ln177)> <Delay = 0.00>
ST_2 : Operation 39 [1/1] (0.00ns)   --->   "%zext_ln179_2 = zext i22 %add_ln179_2" [src/conv1.cpp:179]   --->   Operation 39 'zext' 'zext_ln179_2' <Predicate = (!icmp_ln175 & icmp_ln177)> <Delay = 0.00>
ST_2 : Operation 40 [1/1] (0.00ns)   --->   "%feat1_addr = getelementptr i32 %feat1, i64 0, i64 %zext_ln179_2" [src/conv1.cpp:179]   --->   Operation 40 'getelementptr' 'feat1_addr' <Predicate = (!icmp_ln175 & icmp_ln177)> <Delay = 0.00>
ST_2 : Operation 41 [1/1] (1.23ns)   --->   "%store_ln179 = store i32 %v, i22 %feat1_addr" [src/conv1.cpp:179]   --->   Operation 41 'store' 'store_ln179' <Predicate = (!icmp_ln175 & icmp_ln177)> <Delay = 1.23> <CoreInst = "RAM">   --->   Core 83 'RAM' <Latency = 1> <II = 1> <Delay = 1.23> <Storage> <Opcode : 'load' 'store'> <Ports = 2> <Width = 32> <Depth = 4161600> <RAM>
ST_2 : Operation 42 [1/1] (0.00ns)   --->   "%br_ln180 = br void %for.inc" [src/conv1.cpp:180]   --->   Operation 42 'br' 'br_ln180' <Predicate = (!icmp_ln175 & icmp_ln177)> <Delay = 0.00>
ST_2 : Operation 43 [1/1] (0.42ns)   --->   "%store_ln175 = store i4 %add_ln175, i4 %tn" [src/conv1.cpp:175]   --->   Operation 43 'store' 'store_ln175' <Predicate = (!icmp_ln175)> <Delay = 0.42>
ST_2 : Operation 44 [1/1] (0.00ns)   --->   "%br_ln175 = br void %for.body14" [src/conv1.cpp:175]   --->   Operation 44 'br' 'br_ln175' <Predicate = (!icmp_ln175)> <Delay = 0.00>


============================================================
+ Verbose Summary: Binding
============================================================
STG Binding: 
---------------- STG Properties BEGIN ----------------
- Is combinational: 0
- Is one-state seq: 0
- Is datapath-only: 0
- Is pipelined: 0
- Is top level: 0
Port [ Return ] is wired: 1; IO mode=ap_ctrl_hs:ce=0
Port [ d_tN]:  wired=1; compound=0; hidden=0; nouse=0; global=0; static=0; extern=0; dir=0; type=0; pingpong=0; private_global=0; IO mode=ap_none:ce=0
Port [ s_out]:  wired=1; compound=1; hidden=0; nouse=0; global=0; static=0; extern=0; dir=0; type=3; pingpong=0; private_global=0; IO mode=ap_fifo:ce=0
Port [ trunc_ln]:  wired=1; compound=0; hidden=0; nouse=0; global=0; static=0; extern=0; dir=0; type=0; pingpong=0; private_global=0; IO mode=ap_none:ce=0
Port [ zext_ln172]:  wired=1; compound=0; hidden=0; nouse=0; global=0; static=0; extern=0; dir=0; type=0; pingpong=0; private_global=0; IO mode=ap_none:ce=0
Port [ zext_ln175]:  wired=1; compound=0; hidden=0; nouse=0; global=0; static=0; extern=0; dir=0; type=0; pingpong=0; private_global=0; IO mode=ap_none:ce=0
Port [ feat1]:  wired=1; compound=1; hidden=0; nouse=0; global=1; static=1; extern=0; dir=1; type=1; pingpong=0; private_global=0; MemPort=[03]; IO mode=ap_memory:ce=0
---------------- STG Properties END ------------------

---------------- Datapath Model BEGIN ----------------

<LifeTime>
<method=bitvector/>
tn                      (alloca           ) [ 011]
zext_ln175_read         (read             ) [ 000]
zext_ln172_read         (read             ) [ 000]
trunc_ln_read           (read             ) [ 000]
d_tN_read               (read             ) [ 000]
zext_ln172_cast         (zext             ) [ 000]
specinterface_ln0       (specinterface    ) [ 000]
store_ln0               (store            ) [ 000]
br_ln0                  (br               ) [ 000]
tn_1                    (load             ) [ 000]
icmp_ln175              (icmp             ) [ 011]
add_ln175               (add              ) [ 001]
br_ln175                (br               ) [ 000]
zext_ln175_1            (zext             ) [ 000]
zext_ln175_2            (zext             ) [ 000]
specpipeline_ln176      (specpipeline     ) [ 000]
speclooptripcount_ln175 (speclooptripcount) [ 000]
specloopname_ln175      (specloopname     ) [ 000]
icmp_ln177              (icmp             ) [ 011]
br_ln177                (br               ) [ 000]
add_ln179               (add              ) [ 000]
zext_ln179              (zext             ) [ 000]
tmp                     (bitconcatenate   ) [ 000]
zext_ln179_1            (zext             ) [ 000]
sub_ln179               (sub              ) [ 000]
sext_ln179              (sext             ) [ 000]
add_ln179_1             (add              ) [ 000]
sext_ln179_1            (sext             ) [ 000]
trunc_ln179             (trunc            ) [ 000]
p_shl                   (bitconcatenate   ) [ 000]
sub_ln179_1             (sub              ) [ 000]
add_ln179_2             (add              ) [ 001]
s_out_read              (read             ) [ 000]
v                       (bitcast          ) [ 000]
zext_ln179_2            (zext             ) [ 000]
feat1_addr              (getelementptr    ) [ 000]
store_ln179             (store            ) [ 000]
br_ln180                (br               ) [ 000]
store_ln175             (store            ) [ 000]
br_ln175                (br               ) [ 000]
ret_ln0                 (ret              ) [ 000]
</LifeTime>

<model>

<comp_list>
<comp id="0" class="1000" name="d_tN">
<pin_list>
<pin id="1" dir="1" index="0" bw="1" slack="0"/>
</pin_list>
<bind>
<StgValue><ssdm name="d_tN"/></StgValue>
</bind>
</comp>

<comp id="2" class="1000" name="s_out">
<pin_list>
<pin id="3" dir="1" index="0" bw="1" slack="0"/>
</pin_list>
<bind>
<StgValue><ssdm name="s_out"/></StgValue>
</bind>
</comp>

<comp id="4" class="1000" name="trunc_ln">
<pin_list>
<pin id="5" dir="1" index="0" bw="1" slack="0"/>
</pin_list>
<bind>
<StgValue><ssdm name="trunc_ln"/></StgValue>
</bind>
</comp>

<comp id="6" class="1000" name="zext_ln172">
<pin_list>
<pin id="7" dir="1" index="0" bw="1" slack="0"/>
</pin_list>
<bind>
<StgValue><ssdm name="zext_ln172"/></StgValue>
</bind>
</comp>

<comp id="8" class="1000" name="zext_ln175">
<pin_list>
<pin id="9" dir="1" index="0" bw="1" slack="0"/>
</pin_list>
<bind>
<StgValue><ssdm name="zext_ln175"/></StgValue>
</bind>
</comp>

<comp id="10" class="1000" name="feat1">
<pin_list>
<pin id="11" dir="1" index="0" bw="1" slack="0"/>
</pin_list>
<bind>
<StgValue><ssdm name="feat1"/><MemPortTyVec>0 3 </MemPortTyVec>
</StgValue>
</bind>
</comp>

<comp id="12" class="1001" name="const_12">
<pin_list>
<pin id="13" dir="1" index="0" bw="1" slack="0"/>
</pin_list>
<bind>
<StgValue><ssdm name=""/></StgValue>
</bind>
</comp>

<comp id="14" class="1001" name="const_14">
<pin_list>
<pin id="15" dir="1" index="0" bw="1" slack="0"/>
</pin_list>
<bind>
<StgValue><ssdm name="_ssdm_op_Read.ap_auto.i22"/></StgValue>
</bind>
</comp>

<comp id="16" class="1001" name="const_16">
<pin_list>
<pin id="17" dir="1" index="0" bw="1" slack="0"/>
</pin_list>
<bind>
<StgValue><ssdm name="_ssdm_op_Read.ap_auto.i14"/></StgValue>
</bind>
</comp>

<comp id="18" class="1001" name="const_18">
<pin_list>
<pin id="19" dir="1" index="0" bw="1" slack="0"/>
</pin_list>
<bind>
<StgValue><ssdm name="_ssdm_op_Read.ap_auto.i6"/></StgValue>
</bind>
</comp>

<comp id="20" class="1001" name="const_20">
<pin_list>
<pin id="21" dir="1" index="0" bw="1" slack="0"/>
</pin_list>
<bind>
<StgValue><ssdm name="_ssdm_op_Read.ap_auto.i32"/></StgValue>
</bind>
</comp>

<comp id="22" class="1001" name="const_22">
<pin_list>
<pin id="23" dir="1" index="0" bw="1" slack="2147483647"/>
</pin_list>
<bind>
<StgValue><ssdm name="_ssdm_op_SpecInterface"/></StgValue>
</bind>
</comp>

<comp id="24" class="1001" name="const_24">
<pin_list>
<pin id="25" dir="1" index="0" bw="1" slack="2147483647"/>
</pin_list>
<bind>
<StgValue><ssdm name="empty_142"/></StgValue>
</bind>
</comp>

<comp id="26" class="1001" name="const_26">
<pin_list>
<pin id="27" dir="1" index="0" bw="1" slack="2147483647"/>
</pin_list>
<bind>
<StgValue><ssdm name=""/></StgValue>
</bind>
</comp>

<comp id="28" class="1001" name="const_28">
<pin_list>
<pin id="29" dir="1" index="0" bw="1" slack="2147483647"/>
</pin_list>
<bind>
<StgValue><ssdm name="empty_144"/></StgValue>
</bind>
</comp>

<comp id="30" class="1001" name="const_30">
<pin_list>
<pin id="31" dir="1" index="0" bw="1" slack="2147483647"/>
</pin_list>
<bind>
<StgValue><ssdm name=""/></StgValue>
</bind>
</comp>

<comp id="32" class="1001" name="const_32">
<pin_list>
<pin id="33" dir="1" index="0" bw="1" slack="0"/>
</pin_list>
<bind>
<StgValue><ssdm name=""/></StgValue>
</bind>
</comp>

<comp id="34" class="1001" name="const_34">
<pin_list>
<pin id="35" dir="1" index="0" bw="1" slack="0"/>
</pin_list>
<bind>
<StgValue><ssdm name=""/></StgValue>
</bind>
</comp>

<comp id="36" class="1001" name="const_36">
<pin_list>
<pin id="37" dir="1" index="0" bw="1" slack="0"/>
</pin_list>
<bind>
<StgValue><ssdm name=""/></StgValue>
</bind>
</comp>

<comp id="38" class="1001" name="const_38">
<pin_list>
<pin id="39" dir="1" index="0" bw="1" slack="2147483647"/>
</pin_list>
<bind>
<StgValue><ssdm name="_ssdm_op_SpecPipeline"/></StgValue>
</bind>
</comp>

<comp id="40" class="1001" name="const_40">
<pin_list>
<pin id="41" dir="1" index="0" bw="1" slack="2147483647"/>
</pin_list>
<bind>
<StgValue><ssdm name=""/></StgValue>
</bind>
</comp>

<comp id="42" class="1001" name="const_42">
<pin_list>
<pin id="43" dir="1" index="0" bw="1" slack="2147483647"/>
</pin_list>
<bind>
<StgValue><ssdm name="_ssdm_op_SpecLoopTripCount"/></StgValue>
</bind>
</comp>

<comp id="44" class="1001" name="const_44">
<pin_list>
<pin id="45" dir="1" index="0" bw="1" slack="2147483647"/>
</pin_list>
<bind>
<StgValue><ssdm name=""/></StgValue>
</bind>
</comp>

<comp id="46" class="1001" name="const_46">
<pin_list>
<pin id="47" dir="1" index="0" bw="1" slack="2147483647"/>
</pin_list>
<bind>
<StgValue><ssdm name="_ssdm_op_SpecLoopName"/></StgValue>
</bind>
</comp>

<comp id="48" class="1001" name="const_48">
<pin_list>
<pin id="49" dir="1" index="0" bw="1" slack="2147483647"/>
</pin_list>
<bind>
<StgValue><ssdm name="empty_114"/></StgValue>
</bind>
</comp>

<comp id="50" class="1001" name="const_50">
<pin_list>
<pin id="51" dir="1" index="0" bw="1" slack="0"/>
</pin_list>
<bind>
<StgValue><ssdm name="_ssdm_op_BitConcatenate.i14.i6.i8"/></StgValue>
</bind>
</comp>

<comp id="52" class="1001" name="const_52">
<pin_list>
<pin id="53" dir="1" index="0" bw="1" slack="0"/>
</pin_list>
<bind>
<StgValue><ssdm name=""/></StgValue>
</bind>
</comp>

<comp id="54" class="1001" name="const_54">
<pin_list>
<pin id="55" dir="1" index="0" bw="1" slack="0"/>
</pin_list>
<bind>
<StgValue><ssdm name="_ssdm_op_BitConcatenate.i22.i14.i8"/></StgValue>
</bind>
</comp>

<comp id="56" class="1001" name="const_56">
<pin_list>
<pin id="57" dir="1" index="0" bw="1" slack="0"/>
</pin_list>
<bind>
<StgValue><ssdm name="_ssdm_op_Read.ap_fifo.volatile.i32P0A"/></StgValue>
</bind>
</comp>

<comp id="58" class="1001" name="const_58">
<pin_list>
<pin id="59" dir="1" index="0" bw="1" slack="0"/>
</pin_list>
<bind>
<StgValue><ssdm name=""/></StgValue>
</bind>
</comp>

<comp id="60" class="1004" name="tn_fu_60">
<pin_list>
<pin id="61" dir="0" index="0" bw="1" slack="0"/>
<pin id="62" dir="1" index="1" bw="4" slack="0"/>
</pin_list>
<bind>
<opcode="alloca(26) " fcode="alloca"/>
<opset="tn/1 "/>
</bind>
</comp>

<comp id="64" class="1004" name="zext_ln175_read_read_fu_64">
<pin_list>
<pin id="65" dir="0" index="0" bw="22" slack="0"/>
<pin id="66" dir="0" index="1" bw="22" slack="0"/>
<pin id="67" dir="1" index="2" bw="22" slack="0"/>
</pin_list>
<bind>
<opcode="read(1150) " fcode="read"/>
<opset="zext_ln175_read/1 "/>
</bind>
</comp>

<comp id="70" class="1004" name="zext_ln172_read_read_fu_70">
<pin_list>
<pin id="71" dir="0" index="0" bw="14" slack="0"/>
<pin id="72" dir="0" index="1" bw="14" slack="0"/>
<pin id="73" dir="1" index="2" bw="14" slack="0"/>
</pin_list>
<bind>
<opcode="read(1150) " fcode="read"/>
<opset="zext_ln172_read/1 "/>
</bind>
</comp>

<comp id="76" class="1004" name="trunc_ln_read_read_fu_76">
<pin_list>
<pin id="77" dir="0" index="0" bw="6" slack="0"/>
<pin id="78" dir="0" index="1" bw="6" slack="0"/>
<pin id="79" dir="1" index="2" bw="6" slack="0"/>
</pin_list>
<bind>
<opcode="read(1150) " fcode="read"/>
<opset="trunc_ln_read/1 "/>
</bind>
</comp>

<comp id="82" class="1004" name="d_tN_read_read_fu_82">
<pin_list>
<pin id="83" dir="0" index="0" bw="32" slack="0"/>
<pin id="84" dir="0" index="1" bw="32" slack="0"/>
<pin id="85" dir="1" index="2" bw="32" slack="0"/>
</pin_list>
<bind>
<opcode="read(1150) " fcode="read"/>
<opset="d_tN_read/1 "/>
</bind>
</comp>

<comp id="88" class="1004" name="s_out_read_read_fu_88">
<pin_list>
<pin id="89" dir="0" index="0" bw="32" slack="0"/>
<pin id="90" dir="0" index="1" bw="32" slack="0"/>
<pin id="91" dir="1" index="2" bw="32" slack="0"/>
</pin_list>
<bind>
<opcode="read(1150) " fcode="read"/>
<opset="s_out_read/2 "/>
</bind>
</comp>

<comp id="94" class="1004" name="feat1_addr_gep_fu_94">
<pin_list>
<pin id="95" dir="0" index="0" bw="32" slack="0"/>
<pin id="96" dir="0" index="1" bw="1" slack="0"/>
<pin id="97" dir="0" index="2" bw="22" slack="0"/>
<pin id="98" dir="1" index="3" bw="22" slack="0"/>
</pin_list>
<bind>
<opcode="getelementptr(29) " fcode="getelementptr"/>
<opset="feat1_addr/2 "/>
</bind>
</comp>

<comp id="101" class="1004" name="store_ln179_access_fu_101">
<pin_list>
<pin id="102" dir="0" index="0" bw="22" slack="0"/>
<pin id="103" dir="0" index="1" bw="32" slack="0"/>
<pin id="104" dir="0" index="2" bw="0" slack="2147483647"/>
<pin id="105" dir="1" index="3" bw="32" slack="2147483647"/>
</pin_list>
<bind>
<opcode="store(28) " fcode="store"/>
<opset="store_ln179/2 "/>
</bind>
</comp>

<comp id="107" class="1004" name="zext_ln172_cast_fu_107">
<pin_list>
<pin id="108" dir="0" index="0" bw="14" slack="0"/>
<pin id="109" dir="1" index="1" bw="16" slack="0"/>
</pin_list>
<bind>
<opcode="zext(34) " fcode="zext"/>
<opset="zext_ln172_cast/1 "/>
</bind>
</comp>

<comp id="111" class="1004" name="store_ln0_store_fu_111">
<pin_list>
<pin id="112" dir="0" index="0" bw="1" slack="0"/>
<pin id="113" dir="0" index="1" bw="4" slack="0"/>
<pin id="114" dir="1" index="2" bw="0" slack="2147483647"/>
</pin_list>
<bind>
<opcode="store(28) " fcode="store"/>
<opset="store_ln0/1 "/>
</bind>
</comp>

<comp id="116" class="1004" name="tn_1_load_fu_116">
<pin_list>
<pin id="117" dir="0" index="0" bw="4" slack="0"/>
<pin id="118" dir="1" index="1" bw="4" slack="0"/>
</pin_list>
<bind>
<opcode="load(27) " fcode="load"/>
<opset="tn_1/1 "/>
</bind>
</comp>

<comp id="119" class="1004" name="icmp_ln175_fu_119">
<pin_list>
<pin id="120" dir="0" index="0" bw="4" slack="0"/>
<pin id="121" dir="0" index="1" bw="4" slack="0"/>
<pin id="122" dir="1" index="2" bw="1" slack="1"/>
</pin_list>
<bind>
<opcode="icmp(45) " fcode="icmp"/>
<opset="icmp_ln175/1 "/>
</bind>
</comp>

<comp id="125" class="1004" name="add_ln175_fu_125">
<pin_list>
<pin id="126" dir="0" index="0" bw="4" slack="0"/>
<pin id="127" dir="0" index="1" bw="1" slack="0"/>
<pin id="128" dir="1" index="2" bw="4" slack="1"/>
</pin_list>
<bind>
<opcode="add(8) " fcode="add"/>
<opset="add_ln175/1 "/>
</bind>
</comp>

<comp id="131" class="1004" name="zext_ln175_1_fu_131">
<pin_list>
<pin id="132" dir="0" index="0" bw="4" slack="0"/>
<pin id="133" dir="1" index="1" bw="6" slack="0"/>
</pin_list>
<bind>
<opcode="zext(34) " fcode="zext"/>
<opset="zext_ln175_1/1 "/>
</bind>
</comp>

<comp id="135" class="1004" name="zext_ln175_2_fu_135">
<pin_list>
<pin id="136" dir="0" index="0" bw="4" slack="0"/>
<pin id="137" dir="1" index="1" bw="32" slack="0"/>
</pin_list>
<bind>
<opcode="zext(34) " fcode="zext"/>
<opset="zext_ln175_2/1 "/>
</bind>
</comp>

<comp id="139" class="1004" name="icmp_ln177_fu_139">
<pin_list>
<pin id="140" dir="0" index="0" bw="4" slack="0"/>
<pin id="141" dir="0" index="1" bw="32" slack="0"/>
<pin id="142" dir="1" index="2" bw="1" slack="1"/>
</pin_list>
<bind>
<opcode="icmp(45) " fcode="icmp"/>
<opset="icmp_ln177/1 "/>
</bind>
</comp>

<comp id="145" class="1004" name="add_ln179_fu_145">
<pin_list>
<pin id="146" dir="0" index="0" bw="6" slack="0"/>
<pin id="147" dir="0" index="1" bw="4" slack="0"/>
<pin id="148" dir="1" index="2" bw="6" slack="0"/>
</pin_list>
<bind>
<opcode="add(8) " fcode="add"/>
<opset="add_ln179/1 "/>
</bind>
</comp>

<comp id="151" class="1004" name="zext_ln179_fu_151">
<pin_list>
<pin id="152" dir="0" index="0" bw="6" slack="0"/>
<pin id="153" dir="1" index="1" bw="15" slack="0"/>
</pin_list>
<bind>
<opcode="zext(34) " fcode="zext"/>
<opset="zext_ln179/1 "/>
</bind>
</comp>

<comp id="155" class="1004" name="tmp_fu_155">
<pin_list>
<pin id="156" dir="0" index="0" bw="14" slack="0"/>
<pin id="157" dir="0" index="1" bw="6" slack="0"/>
<pin id="158" dir="0" index="2" bw="1" slack="0"/>
<pin id="159" dir="1" index="3" bw="14" slack="0"/>
</pin_list>
<bind>
<opcode="bitconcatenate(1004) " fcode="bitconcatenate"/>
<opset="tmp/1 "/>
</bind>
</comp>

<comp id="163" class="1004" name="zext_ln179_1_fu_163">
<pin_list>
<pin id="164" dir="0" index="0" bw="14" slack="0"/>
<pin id="165" dir="1" index="1" bw="15" slack="0"/>
</pin_list>
<bind>
<opcode="zext(34) " fcode="zext"/>
<opset="zext_ln179_1/1 "/>
</bind>
</comp>

<comp id="167" class="1004" name="sub_ln179_fu_167">
<pin_list>
<pin id="168" dir="0" index="0" bw="14" slack="0"/>
<pin id="169" dir="0" index="1" bw="6" slack="0"/>
<pin id="170" dir="1" index="2" bw="15" slack="0"/>
</pin_list>
<bind>
<opcode="sub(10) " fcode="sub"/>
<opset="sub_ln179/1 "/>
</bind>
</comp>

<comp id="173" class="1004" name="sext_ln179_fu_173">
<pin_list>
<pin id="174" dir="0" index="0" bw="15" slack="0"/>
<pin id="175" dir="1" index="1" bw="16" slack="0"/>
</pin_list>
<bind>
<opcode="sext(35) " fcode="sext"/>
<opset="sext_ln179/1 "/>
</bind>
</comp>

<comp id="177" class="1004" name="add_ln179_1_fu_177">
<pin_list>
<pin id="178" dir="0" index="0" bw="15" slack="0"/>
<pin id="179" dir="0" index="1" bw="14" slack="0"/>
<pin id="180" dir="1" index="2" bw="16" slack="0"/>
</pin_list>
<bind>
<opcode="add(8) " fcode="add"/>
<opset="add_ln179_1/1 "/>
</bind>
</comp>

<comp id="183" class="1004" name="sext_ln179_1_fu_183">
<pin_list>
<pin id="184" dir="0" index="0" bw="16" slack="0"/>
<pin id="185" dir="1" index="1" bw="22" slack="0"/>
</pin_list>
<bind>
<opcode="sext(35) " fcode="sext"/>
<opset="sext_ln179_1/1 "/>
</bind>
</comp>

<comp id="187" class="1004" name="trunc_ln179_fu_187">
<pin_list>
<pin id="188" dir="0" index="0" bw="16" slack="0"/>
<pin id="189" dir="1" index="1" bw="14" slack="0"/>
</pin_list>
<bind>
<opcode="trunc(33) " fcode="trunc"/>
<opset="trunc_ln179/1 "/>
</bind>
</comp>

<comp id="191" class="1004" name="p_shl_fu_191">
<pin_list>
<pin id="192" dir="0" index="0" bw="22" slack="0"/>
<pin id="193" dir="0" index="1" bw="14" slack="0"/>
<pin id="194" dir="0" index="2" bw="1" slack="0"/>
<pin id="195" dir="1" index="3" bw="22" slack="0"/>
</pin_list>
<bind>
<opcode="bitconcatenate(1004) " fcode="bitconcatenate"/>
<opset="p_shl/1 "/>
</bind>
</comp>

<comp id="199" class="1004" name="sub_ln179_1_fu_199">
<pin_list>
<pin id="200" dir="0" index="0" bw="22" slack="0"/>
<pin id="201" dir="0" index="1" bw="16" slack="0"/>
<pin id="202" dir="1" index="2" bw="22" slack="0"/>
</pin_list>
<bind>
<opcode="sub(10) " fcode="sub"/>
<opset="sub_ln179_1/1 "/>
</bind>
</comp>

<comp id="205" class="1004" name="add_ln179_2_fu_205">
<pin_list>
<pin id="206" dir="0" index="0" bw="22" slack="0"/>
<pin id="207" dir="0" index="1" bw="22" slack="0"/>
<pin id="208" dir="1" index="2" bw="22" slack="1"/>
</pin_list>
<bind>
<opcode="add(8) " fcode="add"/>
<opset="add_ln179_2/1 "/>
</bind>
</comp>

<comp id="211" class="1004" name="v_fu_211">
<pin_list>
<pin id="212" dir="0" index="0" bw="32" slack="0"/>
<pin id="213" dir="1" index="1" bw="32" slack="0"/>
</pin_list>
<bind>
<opcode="bitcast(44) " fcode="bitcast"/>
<opset="v/2 "/>
</bind>
</comp>

<comp id="216" class="1004" name="zext_ln179_2_fu_216">
<pin_list>
<pin id="217" dir="0" index="0" bw="22" slack="1"/>
<pin id="218" dir="1" index="1" bw="64" slack="0"/>
</pin_list>
<bind>
<opcode="zext(34) " fcode="zext"/>
<opset="zext_ln179_2/2 "/>
</bind>
</comp>

<comp id="220" class="1004" name="store_ln175_store_fu_220">
<pin_list>
<pin id="221" dir="0" index="0" bw="4" slack="1"/>
<pin id="222" dir="0" index="1" bw="4" slack="1"/>
<pin id="223" dir="1" index="2" bw="0" slack="2147483647"/>
</pin_list>
<bind>
<opcode="store(28) " fcode="store"/>
<opset="store_ln175/2 "/>
</bind>
</comp>

<comp id="224" class="1005" name="tn_reg_224">
<pin_list>
<pin id="225" dir="0" index="0" bw="4" slack="0"/>
<pin id="226" dir="1" index="1" bw="4" slack="0"/>
</pin_list>
<bind>
<opset="tn "/>
</bind>
</comp>

<comp id="231" class="1005" name="icmp_ln175_reg_231">
<pin_list>
<pin id="232" dir="0" index="0" bw="1" slack="1"/>
<pin id="233" dir="1" index="1" bw="1" slack="2147483647"/>
</pin_list>
<bind>
<opset="icmp_ln175 "/>
</bind>
</comp>

<comp id="235" class="1005" name="add_ln175_reg_235">
<pin_list>
<pin id="236" dir="0" index="0" bw="4" slack="1"/>
<pin id="237" dir="1" index="1" bw="4" slack="1"/>
</pin_list>
<bind>
<opset="add_ln175 "/>
</bind>
</comp>

<comp id="240" class="1005" name="icmp_ln177_reg_240">
<pin_list>
<pin id="241" dir="0" index="0" bw="1" slack="1"/>
<pin id="242" dir="1" index="1" bw="1" slack="2147483647"/>
</pin_list>
<bind>
<opset="icmp_ln177 "/>
</bind>
</comp>

<comp id="244" class="1005" name="add_ln179_2_reg_244">
<pin_list>
<pin id="245" dir="0" index="0" bw="22" slack="1"/>
<pin id="246" dir="1" index="1" bw="22" slack="1"/>
</pin_list>
<bind>
<opset="add_ln179_2 "/>
</bind>
</comp>

</comp_list>

<net_list>
<net id="63"><net_src comp="12" pin="0"/><net_sink comp="60" pin=0"/></net>

<net id="68"><net_src comp="14" pin="0"/><net_sink comp="64" pin=0"/></net>

<net id="69"><net_src comp="8" pin="0"/><net_sink comp="64" pin=1"/></net>

<net id="74"><net_src comp="16" pin="0"/><net_sink comp="70" pin=0"/></net>

<net id="75"><net_src comp="6" pin="0"/><net_sink comp="70" pin=1"/></net>

<net id="80"><net_src comp="18" pin="0"/><net_sink comp="76" pin=0"/></net>

<net id="81"><net_src comp="4" pin="0"/><net_sink comp="76" pin=1"/></net>

<net id="86"><net_src comp="20" pin="0"/><net_sink comp="82" pin=0"/></net>

<net id="87"><net_src comp="0" pin="0"/><net_sink comp="82" pin=1"/></net>

<net id="92"><net_src comp="56" pin="0"/><net_sink comp="88" pin=0"/></net>

<net id="93"><net_src comp="2" pin="0"/><net_sink comp="88" pin=1"/></net>

<net id="99"><net_src comp="10" pin="0"/><net_sink comp="94" pin=0"/></net>

<net id="100"><net_src comp="58" pin="0"/><net_sink comp="94" pin=1"/></net>

<net id="106"><net_src comp="94" pin="3"/><net_sink comp="101" pin=0"/></net>

<net id="110"><net_src comp="70" pin="2"/><net_sink comp="107" pin=0"/></net>

<net id="115"><net_src comp="32" pin="0"/><net_sink comp="111" pin=0"/></net>

<net id="123"><net_src comp="116" pin="1"/><net_sink comp="119" pin=0"/></net>

<net id="124"><net_src comp="34" pin="0"/><net_sink comp="119" pin=1"/></net>

<net id="129"><net_src comp="116" pin="1"/><net_sink comp="125" pin=0"/></net>

<net id="130"><net_src comp="36" pin="0"/><net_sink comp="125" pin=1"/></net>

<net id="134"><net_src comp="116" pin="1"/><net_sink comp="131" pin=0"/></net>

<net id="138"><net_src comp="116" pin="1"/><net_sink comp="135" pin=0"/></net>

<net id="143"><net_src comp="135" pin="1"/><net_sink comp="139" pin=0"/></net>

<net id="144"><net_src comp="82" pin="2"/><net_sink comp="139" pin=1"/></net>

<net id="149"><net_src comp="76" pin="2"/><net_sink comp="145" pin=0"/></net>

<net id="150"><net_src comp="131" pin="1"/><net_sink comp="145" pin=1"/></net>

<net id="154"><net_src comp="145" pin="2"/><net_sink comp="151" pin=0"/></net>

<net id="160"><net_src comp="50" pin="0"/><net_sink comp="155" pin=0"/></net>

<net id="161"><net_src comp="145" pin="2"/><net_sink comp="155" pin=1"/></net>

<net id="162"><net_src comp="52" pin="0"/><net_sink comp="155" pin=2"/></net>

<net id="166"><net_src comp="155" pin="3"/><net_sink comp="163" pin=0"/></net>

<net id="171"><net_src comp="163" pin="1"/><net_sink comp="167" pin=0"/></net>

<net id="172"><net_src comp="151" pin="1"/><net_sink comp="167" pin=1"/></net>

<net id="176"><net_src comp="167" pin="2"/><net_sink comp="173" pin=0"/></net>

<net id="181"><net_src comp="173" pin="1"/><net_sink comp="177" pin=0"/></net>

<net id="182"><net_src comp="107" pin="1"/><net_sink comp="177" pin=1"/></net>

<net id="186"><net_src comp="177" pin="2"/><net_sink comp="183" pin=0"/></net>

<net id="190"><net_src comp="177" pin="2"/><net_sink comp="187" pin=0"/></net>

<net id="196"><net_src comp="54" pin="0"/><net_sink comp="191" pin=0"/></net>

<net id="197"><net_src comp="187" pin="1"/><net_sink comp="191" pin=1"/></net>

<net id="198"><net_src comp="52" pin="0"/><net_sink comp="191" pin=2"/></net>

<net id="203"><net_src comp="191" pin="3"/><net_sink comp="199" pin=0"/></net>

<net id="204"><net_src comp="183" pin="1"/><net_sink comp="199" pin=1"/></net>

<net id="209"><net_src comp="199" pin="2"/><net_sink comp="205" pin=0"/></net>

<net id="210"><net_src comp="64" pin="2"/><net_sink comp="205" pin=1"/></net>

<net id="214"><net_src comp="88" pin="2"/><net_sink comp="211" pin=0"/></net>

<net id="215"><net_src comp="211" pin="1"/><net_sink comp="101" pin=1"/></net>

<net id="219"><net_src comp="216" pin="1"/><net_sink comp="94" pin=2"/></net>

<net id="227"><net_src comp="60" pin="1"/><net_sink comp="224" pin=0"/></net>

<net id="228"><net_src comp="224" pin="1"/><net_sink comp="111" pin=1"/></net>

<net id="229"><net_src comp="224" pin="1"/><net_sink comp="116" pin=0"/></net>

<net id="230"><net_src comp="224" pin="1"/><net_sink comp="220" pin=1"/></net>

<net id="234"><net_src comp="119" pin="2"/><net_sink comp="231" pin=0"/></net>

<net id="238"><net_src comp="125" pin="2"/><net_sink comp="235" pin=0"/></net>

<net id="239"><net_src comp="235" pin="1"/><net_sink comp="220" pin=0"/></net>

<net id="243"><net_src comp="139" pin="2"/><net_sink comp="240" pin=0"/></net>

<net id="247"><net_src comp="205" pin="2"/><net_sink comp="244" pin=0"/></net>

<net id="248"><net_src comp="244" pin="1"/><net_sink comp="216" pin=0"/></net>

</net_list>

</model> 
---------------- Datapath Model END ------------------

* FSMD analyzer results:
  - Output states:
	Port: feat1 | {2 }
 - Input state : 
	Port: store_stage_Pipeline_VITIS_LOOP_175_4 : d_tN | {1 }
	Port: store_stage_Pipeline_VITIS_LOOP_175_4 : s_out | {2 }
	Port: store_stage_Pipeline_VITIS_LOOP_175_4 : trunc_ln | {1 }
	Port: store_stage_Pipeline_VITIS_LOOP_175_4 : zext_ln172 | {1 }
	Port: store_stage_Pipeline_VITIS_LOOP_175_4 : zext_ln175 | {1 }
  - Chain level:
	State 1
		store_ln0 : 1
		tn_1 : 1
		icmp_ln175 : 2
		add_ln175 : 2
		br_ln175 : 3
		zext_ln175_1 : 2
		zext_ln175_2 : 2
		icmp_ln177 : 3
		br_ln177 : 4
		add_ln179 : 3
		zext_ln179 : 4
		tmp : 4
		zext_ln179_1 : 5
		sub_ln179 : 6
		sext_ln179 : 7
		add_ln179_1 : 8
		sext_ln179_1 : 9
		trunc_ln179 : 9
		p_shl : 10
		sub_ln179_1 : 11
		add_ln179_2 : 12
	State 2
		feat1_addr : 1
		store_ln179 : 2


============================================================
+ Verbose Summary: Datapath Resource usage 
============================================================

* Functional unit list:
|----------|----------------------------|---------|---------|
| Operation|       Functional Unit      |    FF   |   LUT   |
|----------|----------------------------|---------|---------|
|          |      add_ln175_fu_125      |    0    |    12   |
|    add   |      add_ln179_fu_145      |    0    |    13   |
|          |     add_ln179_1_fu_177     |    0    |    22   |
|          |     add_ln179_2_fu_205     |    0    |    22   |
|----------|----------------------------|---------|---------|
|   icmp   |      icmp_ln175_fu_119     |    0    |    12   |
|          |      icmp_ln177_fu_139     |    0    |    39   |
|----------|----------------------------|---------|---------|
|    sub   |      sub_ln179_fu_167      |    0    |    21   |
|          |     sub_ln179_1_fu_199     |    0    |    22   |
|----------|----------------------------|---------|---------|
|          | zext_ln175_read_read_fu_64 |    0    |    0    |
|          | zext_ln172_read_read_fu_70 |    0    |    0    |
|   read   |  trunc_ln_read_read_fu_76  |    0    |    0    |
|          |    d_tN_read_read_fu_82    |    0    |    0    |
|          |    s_out_read_read_fu_88   |    0    |    0    |
|----------|----------------------------|---------|---------|
|          |   zext_ln172_cast_fu_107   |    0    |    0    |
|          |     zext_ln175_1_fu_131    |    0    |    0    |
|   zext   |     zext_ln175_2_fu_135    |    0    |    0    |
|          |      zext_ln179_fu_151     |    0    |    0    |
|          |     zext_ln179_1_fu_163    |    0    |    0    |
|          |     zext_ln179_2_fu_216    |    0    |    0    |
|----------|----------------------------|---------|---------|
|bitconcatenate|         tmp_fu_155         |    0    |    0    |
|          |        p_shl_fu_191        |    0    |    0    |
|----------|----------------------------|---------|---------|
|   sext   |      sext_ln179_fu_173     |    0    |    0    |
|          |     sext_ln179_1_fu_183    |    0    |    0    |
|----------|----------------------------|---------|---------|
|   trunc  |     trunc_ln179_fu_187     |    0    |    0    |
|----------|----------------------------|---------|---------|
|   Total  |                            |    0    |   163   |
|----------|----------------------------|---------|---------|

Memories:
N/A

* Register list:
+-------------------+--------+
|                   |   FF   |
+-------------------+--------+
| add_ln175_reg_235 |    4   |
|add_ln179_2_reg_244|   22   |
| icmp_ln175_reg_231|    1   |
| icmp_ln177_reg_240|    1   |
|     tn_reg_224    |    4   |
+-------------------+--------+
|       Total       |   32   |
+-------------------+--------+

* Multiplexer (MUX) list: 
|--------|------|------|------|--------|
|  Comp  |  Pin | Size |  BW  | S x BW |
|--------|------|------|------|--------|
|  Total |      |      |      |    0   |
|--------|------|------|------|--------|



* Summary:
+-----------+--------+--------+
|           |   FF   |   LUT  |
+-----------+--------+--------+
|  Function |    0   |   163  |
|   Memory  |    -   |    -   |
|Multiplexer|    -   |    -   |
|  Register |   32   |    -   |
+-----------+--------+--------+
|   Total   |   32   |   163  |
+-----------+--------+--------+
