

================================================================
== Vitis HLS Report for 'conv1_Pipeline_VITIS_LOOP_32_2_VITIS_LOOP_33_3'
================================================================
* Date:           Thu Oct 30 21:22:35 2025

* Version:        2023.1 (Build 3854077 on May  4 2023)
* Project:        srcnn_hls
* Solution:       solution1 (Vivado IP Flow Target)
* Product family: zynquplus
* Target device:  xck26-sfvc784-2LV-c


================================================================
== Performance Estimates
================================================================
+ Timing: 
    * Summary: 
    +--------+----------+----------+------------+
    |  Clock |  Target  | Estimated| Uncertainty|
    +--------+----------+----------+------------+
    |ap_clk  |  10.00 ns|  5.857 ns|     2.70 ns|
    +--------+----------+----------+------------+

+ Latency: 
    * Summary: 
    +---------+---------+----------+----------+-----+-------+---------+
    |  Latency (cycles) |  Latency (absolute) |   Interval  | Pipeline|
    |   min   |   max   |    min   |    max   | min |  max  |   Type  |
    +---------+---------+----------+----------+-----+-------+---------+
    |       83|    69171|  0.830 us|  0.692 ms|   83|  69171|       no|
    +---------+---------+----------+----------+-----+-------+---------+

    + Detail: 
        * Instance: 
        N/A

        * Loop: 
        +-----------------------------------+---------+---------+----------+-----------+-----------+------------+----------+
        |                                   |  Latency (cycles) | Iteration|  Initiation Interval  |    Trip    |          |
        |             Loop Name             |   min   |   max   |  Latency |  achieved |   target  |    Count   | Pipelined|
        +-----------------------------------+---------+---------+----------+-----------+-----------+------------+----------+
        |- VITIS_LOOP_32_2_VITIS_LOOP_33_3  |       81|    69169|         2|          1|          1|  81 ~ 69169|       yes|
        +-----------------------------------+---------+---------+----------+-----------+-----------+------------+----------+



================================================================
== Utilization Estimates
================================================================
* Summary: 
+-----------------+---------+------+--------+--------+-----+
|       Name      | BRAM_18K|  DSP |   FF   |   LUT  | URAM|
+-----------------+---------+------+--------+--------+-----+
|DSP              |        -|     -|       -|       -|    -|
|Expression       |        -|     -|       0|     489|    -|
|FIFO             |        -|     -|       -|       -|    -|
|Instance         |        -|     -|       -|       -|    -|
|Memory           |        -|     -|       -|       -|    -|
|Multiplexer      |        -|     -|       -|      54|    -|
|Register         |        -|     -|      76|       -|    -|
+-----------------+---------+------+--------+--------+-----+
|Total            |        0|     0|      76|     543|    0|
+-----------------+---------+------+--------+--------+-----+
|Available        |      288|  1248|  234240|  117120|   64|
+-----------------+---------+------+--------+--------+-----+
|Utilization (%)  |        0|     0|      ~0|      ~0|    0|
+-----------------+---------+------+--------+--------+-----+

+ Detail: 
    * Instance: 
    N/A

    * DSP: 
    N/A

    * Memory: 
    N/A

    * FIFO: 
    N/A

    * Expression: 
    +-----------------------------------+----------+----+---+----+------------+------------+
    |           Variable Name           | Operation| DSP| FF| LUT| Bitwidth P0| Bitwidth P1|
    +-----------------------------------+----------+----+---+----+------------+------------+
    |add_ln19_fu_471_p2                 |         +|   0|  0|  18|          11|          11|
    |add_ln32_2_fu_266_p2               |         +|   0|  0|  24|          17|           1|
    |add_ln32_fu_275_p2                 |         +|   0|  0|  16|           9|           1|
    |add_ln33_fu_521_p2                 |         +|   0|  0|  16|           9|           1|
    |add_ln37_2_fu_452_p2               |         +|   0|  0|  18|          11|          11|
    |add_ln37_fu_442_p2                 |         +|   0|  0|  17|          10|           4|
    |add_ln38_3_fu_432_p2               |         +|   0|  0|  17|          11|          11|
    |add_ln38_4_fu_510_p2               |         +|   0|  0|  16|          16|          16|
    |add_ln38_fu_326_p2                 |         +|   0|  0|  17|          11|          11|
    |empty_42_fu_209_p2                 |         +|   0|  0|  18|          11|          11|
    |empty_43_fu_234_p2                 |         +|   0|  0|  19|           8|           8|
    |p_mid125_fu_375_p2                 |         +|   0|  0|  19|           8|           8|
    |p_mid1_fu_350_p2                   |         +|   0|  0|  18|          11|          11|
    |tmp1_fu_228_p2                     |         +|   0|  0|  19|           8|           4|
    |tmp1_mid1_fu_369_p2                |         +|   0|  0|  19|           8|           4|
    |tmp_fu_199_p2                      |         +|   0|  0|  17|          10|           4|
    |tmp_mid1_fu_340_p2                 |         +|   0|  0|  17|          10|           4|
    |sub_ln38_fu_422_p2                 |         -|   0|  0|  16|          16|          16|
    |cmp1_i_i_fu_222_p2                 |      icmp|   0|  0|  18|          11|           8|
    |cmp1_i_i_mid1_fu_363_p2            |      icmp|   0|  0|  18|          11|           8|
    |icmp_ln19_fu_465_p2                |      icmp|   0|  0|  18|          11|           8|
    |icmp_ln32_fu_261_p2                |      icmp|   0|  0|  24|          17|          17|
    |icmp_ln33_fu_281_p2                |      icmp|   0|  0|  16|           9|           9|
    |empty_44_fu_247_p2                 |        or|   0|  0|   2|           1|           1|
    |or_ln19_fu_492_p2                  |        or|   0|  0|   2|           1|           1|
    |p_mid127_fu_388_p2                 |        or|   0|  0|   2|           1|           1|
    |cond_i_i_cast_cast_fu_239_p3       |    select|   0|  0|   3|           1|           1|
    |cond_i_i_cast_mid1_cast_fu_380_p3  |    select|   0|  0|   3|           1|           1|
    |gx_fu_498_p3                       |    select|   0|  0|  10|           1|          11|
    |gy_fu_253_p3                       |    select|   0|  0|   8|           1|           8|
    |gy_mid1_fu_394_p3                  |    select|   0|  0|   8|           1|           8|
    |select_ln19_fu_484_p3              |    select|   0|  0|   8|           1|           1|
    |select_ln32_1_fu_294_p3            |    select|   0|  0|   9|           1|           9|
    |select_ln32_2_fu_402_p3            |    select|   0|  0|   8|           1|           8|
    |select_ln32_fu_286_p3              |    select|   0|  0|   9|           1|           1|
    |ap_enable_pp0                      |       xor|   0|  0|   2|           1|           2|
    +-----------------------------------+----------+----+---+----+------------+------------+
    |Total                              |          |   0|  0| 489|         267|         240|
    +-----------------------------------+----------+----+---+----+------------+------------+

    * Multiplexer: 
    +-------------------------+----+-----------+-----+-----------+
    |           Name          | LUT| Input Size| Bits| Total Bits|
    +-------------------------+----+-----------+-----+-----------+
    |ap_done_int              |   9|          2|    1|          2|
    |ap_enable_reg_pp0_iter1  |   9|          2|    1|          2|
    |ap_enable_reg_pp0_iter2  |   9|          2|    1|          2|
    |ih_fu_88                 |   9|          2|    9|         18|
    |indvar_flatten29_fu_92   |   9|          2|   17|         34|
    |iw_fu_84                 |   9|          2|    9|         18|
    +-------------------------+----+-----------+-----+-----------+
    |Total                    |  54|         12|   38|         76|
    +-------------------------+----+-----------+-----+-----------+

    * Register: 
    +-----------------------------+----+----+-----+-----------+
    |             Name            | FF | LUT| Bits| Const Bits|
    +-----------------------------+----+----+-----+-----------+
    |add_ln38_3_reg_607           |  11|   0|   11|          0|
    |ap_CS_fsm                    |   1|   0|    1|          0|
    |ap_done_reg                  |   1|   0|    1|          0|
    |ap_enable_reg_pp0_iter1      |   1|   0|    1|          0|
    |ap_enable_reg_pp0_iter2      |   1|   0|    1|          0|
    |ih_fu_88                     |   9|   0|    9|          0|
    |indvar_flatten29_fu_92       |  17|   0|   17|          0|
    |iw_fu_84                     |   9|   0|    9|          0|
    |select_ln119_1_cast_reg_598  |   9|   0|   11|          2|
    |zext_ln121_cast_reg_593      |   9|   0|   11|          2|
    |zext_ln122_cast_reg_588      |   8|   0|   11|          3|
    +-----------------------------+----+----+-----+-----------+
    |Total                        |  76|   0|   83|          7|
    +-----------------------------+----+----+-----+-----------+



================================================================
== Interface
================================================================
* Summary: 
+----------------------+-----+-----+------------+------------------------------------------------+--------------+
|       RTL Ports      | Dir | Bits|  Protocol  |                  Source Object                 |    C Type    |
+----------------------+-----+-----+------------+------------------------------------------------+--------------+
|ap_clk                |   in|    1|  ap_ctrl_hs|  conv1_Pipeline_VITIS_LOOP_32_2_VITIS_LOOP_33_3|  return value|
|ap_rst                |   in|    1|  ap_ctrl_hs|  conv1_Pipeline_VITIS_LOOP_32_2_VITIS_LOOP_33_3|  return value|
|ap_start              |   in|    1|  ap_ctrl_hs|  conv1_Pipeline_VITIS_LOOP_32_2_VITIS_LOOP_33_3|  return value|
|ap_done               |  out|    1|  ap_ctrl_hs|  conv1_Pipeline_VITIS_LOOP_32_2_VITIS_LOOP_33_3|  return value|
|ap_idle               |  out|    1|  ap_ctrl_hs|  conv1_Pipeline_VITIS_LOOP_32_2_VITIS_LOOP_33_3|  return value|
|ap_ready              |  out|    1|  ap_ctrl_hs|  conv1_Pipeline_VITIS_LOOP_32_2_VITIS_LOOP_33_3|  return value|
|select_ln119_1        |   in|    9|     ap_none|                                  select_ln119_1|        scalar|
|select_ln119_2        |   in|    8|     ap_none|                                  select_ln119_2|        scalar|
|mul_ln26              |   in|   17|     ap_none|                                        mul_ln26|        scalar|
|add6_i                |   in|    9|     ap_none|                                          add6_i|        scalar|
|zext_ln121            |   in|    9|     ap_none|                                      zext_ln121|        scalar|
|zext_ln122            |   in|    8|     ap_none|                                      zext_ln122|        scalar|
|input_ftmap_address0  |  out|   16|   ap_memory|                                     input_ftmap|         array|
|input_ftmap_ce0       |  out|    1|   ap_memory|                                     input_ftmap|         array|
|input_ftmap_q0        |   in|   32|   ap_memory|                                     input_ftmap|         array|
|in_tile_1_0_address0  |  out|   11|   ap_memory|                                     in_tile_1_0|         array|
|in_tile_1_0_ce0       |  out|    1|   ap_memory|                                     in_tile_1_0|         array|
|in_tile_1_0_we0       |  out|    1|   ap_memory|                                     in_tile_1_0|         array|
|in_tile_1_0_d0        |  out|   32|   ap_memory|                                     in_tile_1_0|         array|
+----------------------+-----+-----+------------+------------------------------------------------+--------------+

