

================================================================
== Vitis HLS Report for 'conv2_Pipeline_VITIS_LOOP_23_2_VITIS_LOOP_24_3'
================================================================
* Date:           Thu Oct 30 21:22:44 2025

* Version:        2023.1 (Build 3854077 on May  4 2023)
* Project:        srcnn_hls
* Solution:       solution1 (Vivado IP Flow Target)
* Product family: zynquplus
* Target device:  xck26-sfvc784-2LV-c


================================================================
== Performance Estimates
================================================================
+ Timing: 
    * Summary: 
    +--------+----------+----------+------------+
    |  Clock |  Target  | Estimated| Uncertainty|
    +--------+----------+----------+------------+
    |ap_clk  |  10.00 ns|  5.859 ns|     2.70 ns|
    +--------+----------+----------+------------+

+ Latency: 
    * Summary: 
    +---------+---------+-----------+-----------+------+------+---------+
    |  Latency (cycles) |   Latency (absolute)  |   Interval  | Pipeline|
    |   min   |   max   |    min    |    max    |  min |  max |   Type  |
    +---------+---------+-----------+-----------+------+------+---------+
    |     1026|     1026|  10.260 us|  10.260 us|  1026|  1026|       no|
    +---------+---------+-----------+-----------+------+------+---------+

    + Detail: 
        * Instance: 
        N/A

        * Loop: 
        +-----------------------------------+---------+---------+----------+-----------+-----------+------+----------+
        |                                   |  Latency (cycles) | Iteration|  Initiation Interval  | Trip |          |
        |             Loop Name             |   min   |   max   |  Latency |  achieved |   target  | Count| Pipelined|
        +-----------------------------------+---------+---------+----------+-----------+-----------+------+----------+
        |- VITIS_LOOP_23_2_VITIS_LOOP_24_3  |     1024|     1024|         2|          1|          1|  1024|       yes|
        +-----------------------------------+---------+---------+----------+-----------+-----------+------+----------+



================================================================
== Utilization Estimates
================================================================
* Summary: 
+-----------------+---------+------+--------+--------+-----+
|       Name      | BRAM_18K|  DSP |   FF   |   LUT  | URAM|
+-----------------+---------+------+--------+--------+-----+
|DSP              |        -|     -|       -|       -|    -|
|Expression       |        -|     -|       0|     271|    -|
|FIFO             |        -|     -|       -|       -|    -|
|Instance         |        -|     -|       -|       -|    -|
|Memory           |        -|     -|       -|       -|    -|
|Multiplexer      |        -|     -|       -|      72|    -|
|Register         |        -|     -|      37|       -|    -|
+-----------------+---------+------+--------+--------+-----+
|Total            |        0|     0|      37|     343|    0|
+-----------------+---------+------+--------+--------+-----+
|Available        |      288|  1248|  234240|  117120|   64|
+-----------------+---------+------+--------+--------+-----+
|Utilization (%)  |        0|     0|      ~0|      ~0|    0|
+-----------------+---------+------+--------+--------+-----+

+ Detail: 
    * Instance: 
    N/A

    * DSP: 
    N/A

    * Memory: 
    N/A

    * FIFO: 
    N/A

    * Expression: 
    +-------------------------+----------+----+---+----+------------+------------+
    |      Variable Name      | Operation| DSP| FF| LUT| Bitwidth P0| Bitwidth P1|
    +-------------------------+----------+----+---+----+------------+------------+
    |add_ln23_1_fu_240_p2     |         +|   0|  0|  16|           9|           9|
    |add_ln23_2_fu_169_p2     |         +|   0|  0|  18|          11|           1|
    |add_ln23_fu_178_p2       |         +|   0|  0|  13|           6|           1|
    |add_ln24_fu_334_p2       |         +|   0|  0|  13|           6|           1|
    |add_ln27_2_fu_250_p2     |         +|   0|  0|  24|          17|          17|
    |add_ln27_3_fu_282_p2     |         +|   0|  0|  17|          10|          10|
    |add_ln27_4_fu_323_p2     |         +|   0|  0|  29|          22|          22|
    |add_ln27_fu_313_p2       |         +|   0|  0|  16|           9|           9|
    |sub_ln27_1_fu_272_p2     |         -|   0|  0|  29|          22|          22|
    |and_ln26_fu_307_p2       |       and|   0|  0|   2|           1|           1|
    |cmp10_i_fu_157_p2        |      icmp|   0|  0|  15|           8|           8|
    |cmp10_i_mid1_fu_222_p2   |      icmp|   0|  0|  15|           8|           8|
    |icmp_ln23_fu_163_p2      |      icmp|   0|  0|  19|          11|          12|
    |icmp_ln24_fu_184_p2      |      icmp|   0|  0|  14|           6|           7|
    |icmp_ln26_fu_301_p2      |      icmp|   0|  0|  15|           8|           8|
    |select_ln23_1_fu_198_p3  |    select|   0|  0|   6|           1|           6|
    |select_ln23_2_fu_228_p3  |    select|   0|  0|   2|           1|           1|
    |select_ln23_fu_190_p3    |    select|   0|  0|   6|           1|           1|
    |ap_enable_pp0            |       xor|   0|  0|   2|           1|           2|
    +-------------------------+----------+----+---+----+------------+------------+
    |Total                    |          |   0|  0| 271|         158|         146|
    +-------------------------+----------+----+---+----+------------+------------+

    * Multiplexer: 
    +----------------------------------------+----+-----------+-----+-----------+
    |                  Name                  | LUT| Input Size| Bits| Total Bits|
    +----------------------------------------+----+-----------+-----+-----------+
    |ap_done_int                             |   9|          2|    1|          2|
    |ap_enable_reg_pp0_iter1                 |   9|          2|    1|          2|
    |ap_sig_allocacmp_indvar_flatten23_load  |   9|          2|   11|         22|
    |ap_sig_allocacmp_th                     |   9|          2|    6|         12|
    |ap_sig_allocacmp_tw_load                |   9|          2|    6|         12|
    |indvar_flatten23_fu_68                  |   9|          2|   11|         22|
    |th_2_fu_64                              |   9|          2|    6|         12|
    |tw_fu_60                                |   9|          2|    6|         12|
    +----------------------------------------+----+-----------+-----+-----------+
    |Total                                   |  72|         16|   48|         96|
    +----------------------------------------+----+-----------+-----+-----------+

    * Register: 
    +-------------------------+----+----+-----+-----------+
    |           Name          | FF | LUT| Bits| Const Bits|
    +-------------------------+----+----+-----+-----------+
    |and_ln26_reg_384         |   1|   0|    1|          0|
    |ap_CS_fsm                |   1|   0|    1|          0|
    |ap_done_reg              |   1|   0|    1|          0|
    |ap_enable_reg_pp0_iter1  |   1|   0|    1|          0|
    |in_tile_0_addr_reg_379   |  10|   0|   10|          0|
    |indvar_flatten23_fu_68   |  11|   0|   11|          0|
    |th_2_fu_64               |   6|   0|    6|          0|
    |tw_fu_60                 |   6|   0|    6|          0|
    +-------------------------+----+----+-----+-----------+
    |Total                    |  37|   0|   37|          0|
    +-------------------------+----+----+-----+-----------+



================================================================
== Interface
================================================================
* Summary: 
+--------------------+-----+-----+------------+------------------------------------------------+--------------+
|      RTL Ports     | Dir | Bits|  Protocol  |                  Source Object                 |    C Type    |
+--------------------+-----+-----+------------+------------------------------------------------+--------------+
|ap_clk              |   in|    1|  ap_ctrl_hs|  conv2_Pipeline_VITIS_LOOP_23_2_VITIS_LOOP_24_3|  return value|
|ap_rst              |   in|    1|  ap_ctrl_hs|  conv2_Pipeline_VITIS_LOOP_23_2_VITIS_LOOP_24_3|  return value|
|ap_start            |   in|    1|  ap_ctrl_hs|  conv2_Pipeline_VITIS_LOOP_23_2_VITIS_LOOP_24_3|  return value|
|ap_done             |  out|    1|  ap_ctrl_hs|  conv2_Pipeline_VITIS_LOOP_23_2_VITIS_LOOP_24_3|  return value|
|ap_idle             |  out|    1|  ap_ctrl_hs|  conv2_Pipeline_VITIS_LOOP_23_2_VITIS_LOOP_24_3|  return value|
|ap_ready            |  out|    1|  ap_ctrl_hs|  conv2_Pipeline_VITIS_LOOP_23_2_VITIS_LOOP_24_3|  return value|
|select_ln67_5       |   in|    8|     ap_none|                                   select_ln67_5|        scalar|
|select_ln93         |   in|    9|     ap_none|                                     select_ln93|        scalar|
|sub_ln27            |   in|   16|     ap_none|                                        sub_ln27|        scalar|
|zext_ln99           |   in|    8|     ap_none|                                       zext_ln99|        scalar|
|select_ln67_4       |   in|    9|     ap_none|                                   select_ln67_4|        scalar|
|feat1_address0      |  out|   22|   ap_memory|                                           feat1|         array|
|feat1_ce0           |  out|    1|   ap_memory|                                           feat1|         array|
|feat1_q0            |   in|   32|   ap_memory|                                           feat1|         array|
|in_tile_0_address0  |  out|   10|   ap_memory|                                       in_tile_0|         array|
|in_tile_0_ce0       |  out|    1|   ap_memory|                                       in_tile_0|         array|
|in_tile_0_we0       |  out|    1|   ap_memory|                                       in_tile_0|         array|
|in_tile_0_d0        |  out|   32|   ap_memory|                                       in_tile_0|         array|
+--------------------+-----+-----+------------+------------------------------------------------+--------------+

