

================================================================
== Vitis HLS Report for 'conv1_Pipeline_debug2'
================================================================
* Date:           Sat Oct 18 21:53:51 2025

* Version:        2023.1 (Build 3854077 on May  4 2023)
* Project:        srcnn_hls
* Solution:       solution1 (Vivado IP Flow Target)
* Product family: zynquplus
* Target device:  xck26-sfvc784-2LV-c


================================================================
== Performance Estimates
================================================================
+ Timing: 
    * Summary: 
    +--------+----------+----------+------------+
    |  Clock |  Target  | Estimated| Uncertainty|
    +--------+----------+----------+------------+
    |ap_clk  |  10.00 ns|  7.016 ns|     2.70 ns|
    +--------+----------+----------+------------+

+ Latency: 
    * Summary: 
    +---------+---------+----------+----------+-----+-----+---------+
    |  Latency (cycles) |  Latency (absolute) |  Interval | Pipeline|
    |   min   |   max   |    min   |    max   | min | max |   Type  |
    +---------+---------+----------+----------+-----+-----+---------+
    |      358|      358|  3.580 us|  3.580 us|  358|  358|       no|
    +---------+---------+----------+----------+-----+-----+---------+

    + Detail: 
        * Instance: 
        N/A

        * Loop: 
        +----------+---------+---------+----------+-----------+-----------+------+----------+
        |          |  Latency (cycles) | Iteration|  Initiation Interval  | Trip |          |
        | Loop Name|   min   |   max   |  Latency |  achieved |   target  | Count| Pipelined|
        +----------+---------+---------+----------+-----------+-----------+------+----------+
        |- debug2  |      356|      356|       330|          9|          9|     4|       yes|
        +----------+---------+---------+----------+-----------+-----------+------+----------+



================================================================
== Utilization Estimates
================================================================
* Summary: 
+-----------------+---------+------+--------+--------+-----+
|       Name      | BRAM_18K|  DSP |   FF   |   LUT  | URAM|
+-----------------+---------+------+--------+--------+-----+
|DSP              |        -|     -|       -|       -|    -|
|Expression       |        -|     -|       0|     249|    -|
|FIFO             |        -|     -|       -|       -|    -|
|Instance         |        -|    85|    6035|    5933|    -|
|Memory           |        -|     -|       -|       -|    -|
|Multiplexer      |        -|     -|       -|    4285|    -|
|Register         |        -|     -|   20032|    5024|    -|
+-----------------+---------+------+--------+--------+-----+
|Total            |        0|    85|   26067|   15491|    0|
+-----------------+---------+------+--------+--------+-----+
|Available        |      288|  1248|  234240|  117120|   64|
+-----------------+---------+------+--------+--------+-----+
|Utilization (%)  |        0|     6|      11|      13|    0|
+-----------------+---------+------+--------+--------+-----+

+ Detail: 
    * Instance: 
    +------------------------------------+--------------------------------+---------+----+-----+-----+-----+
    |              Instance              |             Module             | BRAM_18K| DSP|  FF | LUT | URAM|
    +------------------------------------+--------------------------------+---------+----+-----+-----+-----+
    |fadd_32ns_32ns_32_4_full_dsp_1_U2   |fadd_32ns_32ns_32_4_full_dsp_1  |        0|   2|  227|  214|    0|
    |fadd_32ns_32ns_32_4_full_dsp_1_U3   |fadd_32ns_32ns_32_4_full_dsp_1  |        0|   2|  227|  214|    0|
    |fadd_32ns_32ns_32_4_full_dsp_1_U4   |fadd_32ns_32ns_32_4_full_dsp_1  |        0|   2|  227|  214|    0|
    |fadd_32ns_32ns_32_4_full_dsp_1_U5   |fadd_32ns_32ns_32_4_full_dsp_1  |        0|   2|  227|  214|    0|
    |fadd_32ns_32ns_32_4_full_dsp_1_U6   |fadd_32ns_32ns_32_4_full_dsp_1  |        0|   2|  227|  214|    0|
    |fadd_32ns_32ns_32_4_full_dsp_1_U7   |fadd_32ns_32ns_32_4_full_dsp_1  |        0|   2|  227|  214|    0|
    |fadd_32ns_32ns_32_4_full_dsp_1_U8   |fadd_32ns_32ns_32_4_full_dsp_1  |        0|   2|  227|  214|    0|
    |fadd_32ns_32ns_32_4_full_dsp_1_U9   |fadd_32ns_32ns_32_4_full_dsp_1  |        0|   2|  227|  214|    0|
    |fadd_32ns_32ns_32_4_full_dsp_1_U10  |fadd_32ns_32ns_32_4_full_dsp_1  |        0|   2|  227|  214|    0|
    |fadd_32ns_32ns_32_4_full_dsp_1_U11  |fadd_32ns_32ns_32_4_full_dsp_1  |        0|   2|  227|  214|    0|
    |fadd_32ns_32ns_32_4_full_dsp_1_U12  |fadd_32ns_32ns_32_4_full_dsp_1  |        0|   2|  227|  214|    0|
    |fadd_32ns_32ns_32_4_full_dsp_1_U13  |fadd_32ns_32ns_32_4_full_dsp_1  |        0|   2|  227|  214|    0|
    |fadd_32ns_32ns_32_4_full_dsp_1_U14  |fadd_32ns_32ns_32_4_full_dsp_1  |        0|   2|  227|  214|    0|
    |fadd_32ns_32ns_32_4_full_dsp_1_U15  |fadd_32ns_32ns_32_4_full_dsp_1  |        0|   2|  227|  214|    0|
    |fadd_32ns_32ns_32_4_full_dsp_1_U16  |fadd_32ns_32ns_32_4_full_dsp_1  |        0|   2|  227|  214|    0|
    |fadd_32ns_32ns_32_4_full_dsp_1_U17  |fadd_32ns_32ns_32_4_full_dsp_1  |        0|   2|  227|  214|    0|
    |fadd_32ns_32ns_32_4_full_dsp_1_U18  |fadd_32ns_32ns_32_4_full_dsp_1  |        0|   2|  227|  214|    0|
    |fmul_32ns_32ns_32_3_max_dsp_1_U20   |fmul_32ns_32ns_32_3_max_dsp_1   |        0|   3|  128|  135|    0|
    |fmul_32ns_32ns_32_3_max_dsp_1_U21   |fmul_32ns_32ns_32_3_max_dsp_1   |        0|   3|  128|  135|    0|
    |fmul_32ns_32ns_32_3_max_dsp_1_U22   |fmul_32ns_32ns_32_3_max_dsp_1   |        0|   3|  128|  135|    0|
    |fmul_32ns_32ns_32_3_max_dsp_1_U23   |fmul_32ns_32ns_32_3_max_dsp_1   |        0|   3|  128|  135|    0|
    |fmul_32ns_32ns_32_3_max_dsp_1_U24   |fmul_32ns_32ns_32_3_max_dsp_1   |        0|   3|  128|  135|    0|
    |fmul_32ns_32ns_32_3_max_dsp_1_U25   |fmul_32ns_32ns_32_3_max_dsp_1   |        0|   3|  128|  135|    0|
    |fmul_32ns_32ns_32_3_max_dsp_1_U26   |fmul_32ns_32ns_32_3_max_dsp_1   |        0|   3|  128|  135|    0|
    |fmul_32ns_32ns_32_3_max_dsp_1_U27   |fmul_32ns_32ns_32_3_max_dsp_1   |        0|   3|  128|  135|    0|
    |fmul_32ns_32ns_32_3_max_dsp_1_U28   |fmul_32ns_32ns_32_3_max_dsp_1   |        0|   3|  128|  135|    0|
    |fmul_32ns_32ns_32_3_max_dsp_1_U29   |fmul_32ns_32ns_32_3_max_dsp_1   |        0|   3|  128|  135|    0|
    |fmul_32ns_32ns_32_3_max_dsp_1_U30   |fmul_32ns_32ns_32_3_max_dsp_1   |        0|   3|  128|  135|    0|
    |fmul_32ns_32ns_32_3_max_dsp_1_U31   |fmul_32ns_32ns_32_3_max_dsp_1   |        0|   3|  128|  135|    0|
    |fmul_32ns_32ns_32_3_max_dsp_1_U32   |fmul_32ns_32ns_32_3_max_dsp_1   |        0|   3|  128|  135|    0|
    |fmul_32ns_32ns_32_3_max_dsp_1_U33   |fmul_32ns_32ns_32_3_max_dsp_1   |        0|   3|  128|  135|    0|
    |fmul_32ns_32ns_32_3_max_dsp_1_U34   |fmul_32ns_32ns_32_3_max_dsp_1   |        0|   3|  128|  135|    0|
    |fmul_32ns_32ns_32_3_max_dsp_1_U35   |fmul_32ns_32ns_32_3_max_dsp_1   |        0|   3|  128|  135|    0|
    |fmul_32ns_32ns_32_3_max_dsp_1_U36   |fmul_32ns_32ns_32_3_max_dsp_1   |        0|   3|  128|  135|    0|
    +------------------------------------+--------------------------------+---------+----+-----+-----+-----+
    |Total                               |                                |        0|  85| 6035| 5933|    0|
    +------------------------------------+--------------------------------+---------+----+-----+-----+-----+

    * DSP: 
    N/A

    * Memory: 
    N/A

    * FIFO: 
    N/A

    * Expression: 
    +-------------------------+----------+----+---+----+------------+------------+
    |      Variable Name      | Operation| DSP| FF| LUT| Bitwidth P0| Bitwidth P1|
    +-------------------------+----------+----+---+----+------------+------------+
    |add_ln100_fu_3059_p2     |         +|   0|  0|  15|           8|           8|
    |add_ln105_10_fu_3219_p2  |         +|   0|  0|  14|           7|           3|
    |add_ln105_11_fu_3255_p2  |         +|   0|  0|  14|           7|           3|
    |add_ln105_12_fu_3291_p2  |         +|   0|  0|  14|           7|           3|
    |add_ln105_13_fu_3327_p2  |         +|   0|  0|  14|           7|           3|
    |add_ln105_14_fu_3363_p2  |         +|   0|  0|  14|           7|           4|
    |add_ln105_1_fu_3165_p2   |         +|   0|  0|  14|           7|           2|
    |add_ln105_2_fu_3201_p2   |         +|   0|  0|  14|           7|           3|
    |add_ln105_3_fu_3237_p2   |         +|   0|  0|  14|           7|           3|
    |add_ln105_4_fu_3273_p2   |         +|   0|  0|  14|           7|           3|
    |add_ln105_5_fu_3309_p2   |         +|   0|  0|  14|           7|           3|
    |add_ln105_6_fu_3345_p2   |         +|   0|  0|  14|           7|           4|
    |add_ln105_7_fu_3110_p2   |         +|   0|  0|  14|           7|           1|
    |add_ln105_8_fu_3147_p2   |         +|   0|  0|  14|           7|           2|
    |add_ln105_9_fu_3183_p2   |         +|   0|  0|  14|           7|           2|
    |add_ln105_fu_3129_p2     |         +|   0|  0|  14|           7|           2|
    |add_ln96_fu_3078_p2      |         +|   0|  0|  12|           4|           2|
    |or_ln105_fu_3089_p2      |        or|   0|  0|   7|           7|           1|
    |or_ln96_fu_3024_p2       |        or|   0|  0|   3|           3|           1|
    |ap_enable_pp0            |       xor|   0|  0|   2|           1|           2|
    +-------------------------+----------+----+---+----+------------+------------+
    |Total                    |          |   0|  0| 249|         128|          55|
    +-------------------------+----------+----+---+----+------------+------------+

    * Multiplexer: 
    +----------------------------------------------------------------------------+----+-----------+-----+-----------+
    |                                    Name                                    | LUT| Input Size| Bits| Total Bits|
    +----------------------------------------------------------------------------+----+-----------+-----+-----------+
    |ap_NS_fsm                                                                   |  54|         10|    1|         10|
    |ap_done_int                                                                 |   9|          2|    1|          2|
    |ap_enable_reg_pp0_iter0                                                     |   9|          2|    1|          2|
    |ap_enable_reg_pp0_iter1                                                     |   9|          2|    1|          2|
    |ap_enable_reg_pp0_iter36                                                    |   9|          2|    1|          2|
    |ap_loop_exit_ready_pp0_iter10_reg                                           |   9|          2|    1|          2|
    |ap_loop_exit_ready_pp0_iter11_reg                                           |   9|          2|    1|          2|
    |ap_loop_exit_ready_pp0_iter12_reg                                           |   9|          2|    1|          2|
    |ap_loop_exit_ready_pp0_iter13_reg                                           |   9|          2|    1|          2|
    |ap_loop_exit_ready_pp0_iter14_reg                                           |   9|          2|    1|          2|
    |ap_loop_exit_ready_pp0_iter15_reg                                           |   9|          2|    1|          2|
    |ap_loop_exit_ready_pp0_iter16_reg                                           |   9|          2|    1|          2|
    |ap_loop_exit_ready_pp0_iter17_reg                                           |   9|          2|    1|          2|
    |ap_loop_exit_ready_pp0_iter18_reg                                           |   9|          2|    1|          2|
    |ap_loop_exit_ready_pp0_iter19_reg                                           |   9|          2|    1|          2|
    |ap_loop_exit_ready_pp0_iter1_reg                                            |   9|          2|    1|          2|
    |ap_loop_exit_ready_pp0_iter20_reg                                           |   9|          2|    1|          2|
    |ap_loop_exit_ready_pp0_iter21_reg                                           |   9|          2|    1|          2|
    |ap_loop_exit_ready_pp0_iter22_reg                                           |   9|          2|    1|          2|
    |ap_loop_exit_ready_pp0_iter23_reg                                           |   9|          2|    1|          2|
    |ap_loop_exit_ready_pp0_iter24_reg                                           |   9|          2|    1|          2|
    |ap_loop_exit_ready_pp0_iter25_reg                                           |   9|          2|    1|          2|
    |ap_loop_exit_ready_pp0_iter26_reg                                           |   9|          2|    1|          2|
    |ap_loop_exit_ready_pp0_iter27_reg                                           |   9|          2|    1|          2|
    |ap_loop_exit_ready_pp0_iter28_reg                                           |   9|          2|    1|          2|
    |ap_loop_exit_ready_pp0_iter29_reg                                           |   9|          2|    1|          2|
    |ap_loop_exit_ready_pp0_iter2_reg                                            |   9|          2|    1|          2|
    |ap_loop_exit_ready_pp0_iter30_reg                                           |   9|          2|    1|          2|
    |ap_loop_exit_ready_pp0_iter31_reg                                           |   9|          2|    1|          2|
    |ap_loop_exit_ready_pp0_iter32_reg                                           |   9|          2|    1|          2|
    |ap_loop_exit_ready_pp0_iter33_reg                                           |   9|          2|    1|          2|
    |ap_loop_exit_ready_pp0_iter34_reg                                           |   9|          2|    1|          2|
    |ap_loop_exit_ready_pp0_iter35_reg                                           |   9|          2|    1|          2|
    |ap_loop_exit_ready_pp0_iter3_reg                                            |   9|          2|    1|          2|
    |ap_loop_exit_ready_pp0_iter4_reg                                            |   9|          2|    1|          2|
    |ap_loop_exit_ready_pp0_iter5_reg                                            |   9|          2|    1|          2|
    |ap_loop_exit_ready_pp0_iter6_reg                                            |   9|          2|    1|          2|
    |ap_loop_exit_ready_pp0_iter7_reg                                            |   9|          2|    1|          2|
    |ap_loop_exit_ready_pp0_iter8_reg                                            |   9|          2|    1|          2|
    |ap_loop_exit_ready_pp0_iter9_reg                                            |   9|          2|    1|          2|
    |ap_sig_allocacmp_tn_1                                                       |   9|          2|    4|          8|
    |conv1_float_255_255_float_1_9_9_float_float_255_255_w_1_address0            |  54|         10|    7|         70|
    |conv1_float_255_255_float_1_9_9_float_float_255_255_w_1_address1            |  54|         10|    7|         70|
    |conv1_float_255_255_float_1_9_9_float_float_255_255_w_2_address0            |  54|         10|    7|         70|
    |conv1_float_255_255_float_1_9_9_float_float_255_255_w_2_address1            |  54|         10|    7|         70|
    |conv1_float_255_255_float_1_9_9_float_float_255_255_w_3_address0            |  54|         10|    7|         70|
    |conv1_float_255_255_float_1_9_9_float_float_255_255_w_3_address1            |  54|         10|    7|         70|
    |conv1_float_255_255_float_1_9_9_float_float_255_255_w_4_address0            |  54|         10|    7|         70|
    |conv1_float_255_255_float_1_9_9_float_float_255_255_w_4_address1            |  54|         10|    7|         70|
    |conv1_float_255_255_float_1_9_9_float_float_255_255_w_5_address0            |  54|         10|    7|         70|
    |conv1_float_255_255_float_1_9_9_float_float_255_255_w_5_address1            |  54|         10|    7|         70|
    |conv1_float_255_255_float_1_9_9_float_float_255_255_w_6_address0            |  54|         10|    7|         70|
    |conv1_float_255_255_float_1_9_9_float_float_255_255_w_6_address1            |  54|         10|    7|         70|
    |conv1_float_255_255_float_1_9_9_float_float_255_255_w_7_address0            |  54|         10|    7|         70|
    |conv1_float_255_255_float_1_9_9_float_float_255_255_w_7_address1            |  54|         10|    7|         70|
    |conv1_float_255_255_float_1_9_9_float_float_255_255_w_8_address0            |  54|         10|    7|         70|
    |conv1_float_255_255_float_1_9_9_float_float_255_255_w_8_address1            |  54|         10|    7|         70|
    |conv1_mulmulmulmulfloat_255_255_float_1_9_9_float_float_255_255_w_address0  |  54|         10|    7|         70|
    |conv1_mulmulmulmulfloat_255_255_float_1_9_9_float_float_255_255_w_address1  |  54|         10|    7|         70|
    |grp_fu_2168_p0                                                              |  31|          6|   32|        192|
    |grp_fu_2168_p1                                                              |  54|         10|   32|        320|
    |grp_fu_2172_p0                                                              |  31|          6|   32|        192|
    |grp_fu_2172_p1                                                              |  54|         10|   32|        320|
    |grp_fu_2176_p0                                                              |  31|          6|   32|        192|
    |grp_fu_2176_p1                                                              |  54|         10|   32|        320|
    |grp_fu_2180_p0                                                              |  31|          6|   32|        192|
    |grp_fu_2180_p1                                                              |  54|         10|   32|        320|
    |grp_fu_2184_p0                                                              |  31|          6|   32|        192|
    |grp_fu_2184_p1                                                              |  54|         10|   32|        320|
    |grp_fu_2188_p0                                                              |  31|          6|   32|        192|
    |grp_fu_2188_p1                                                              |  54|         10|   32|        320|
    |grp_fu_2192_p0                                                              |  31|          6|   32|        192|
    |grp_fu_2192_p1                                                              |  54|         10|   32|        320|
    |grp_fu_2196_p0                                                              |  31|          6|   32|        192|
    |grp_fu_2196_p1                                                              |  54|         10|   32|        320|
    |grp_fu_2200_p0                                                              |  31|          6|   32|        192|
    |grp_fu_2200_p1                                                              |  54|         10|   32|        320|
    |grp_fu_2204_p0                                                              |  31|          6|   32|        192|
    |grp_fu_2204_p1                                                              |  54|         10|   32|        320|
    |grp_fu_2208_p0                                                              |  31|          6|   32|        192|
    |grp_fu_2208_p1                                                              |  54|         10|   32|        320|
    |grp_fu_2212_p0                                                              |  31|          6|   32|        192|
    |grp_fu_2212_p1                                                              |  54|         10|   32|        320|
    |grp_fu_2216_p0                                                              |  31|          6|   32|        192|
    |grp_fu_2216_p1                                                              |  54|         10|   32|        320|
    |grp_fu_2220_p0                                                              |  31|          6|   32|        192|
    |grp_fu_2220_p1                                                              |  54|         10|   32|        320|
    |grp_fu_2224_p0                                                              |  31|          6|   32|        192|
    |grp_fu_2224_p1                                                              |  54|         10|   32|        320|
    |grp_fu_2228_p0                                                              |  31|          6|   32|        192|
    |grp_fu_2228_p1                                                              |  54|         10|   32|        320|
    |grp_fu_2232_p0                                                              |  31|          6|   32|        192|
    |grp_fu_2232_p1                                                              |  54|         10|   32|        320|
    |grp_fu_2236_p0                                                              |  31|          6|   32|        192|
    |grp_fu_2236_p1                                                              |  54|         10|   32|        320|
    |grp_fu_2240_p0                                                              |  20|          4|   32|        128|
    |grp_fu_2240_p1                                                              |  54|         10|   32|        320|
    |grp_fu_2244_p0                                                              |  20|          4|   32|        128|
    |grp_fu_2244_p1                                                              |  54|         10|   32|        320|
    |grp_fu_2248_p0                                                              |  20|          4|   32|        128|
    |grp_fu_2248_p1                                                              |  54|         10|   32|        320|
    |grp_fu_2252_p0                                                              |  20|          4|   32|        128|
    |grp_fu_2252_p1                                                              |  54|         10|   32|        320|
    |grp_fu_2256_p0                                                              |  20|          4|   32|        128|
    |grp_fu_2256_p1                                                              |  54|         10|   32|        320|
    |grp_fu_2260_p0                                                              |  20|          4|   32|        128|
    |grp_fu_2260_p1                                                              |  54|         10|   32|        320|
    |grp_fu_2264_p0                                                              |  20|          4|   32|        128|
    |grp_fu_2264_p1                                                              |  54|         10|   32|        320|
    |grp_fu_2268_p0                                                              |  20|          4|   32|        128|
    |grp_fu_2268_p1                                                              |  54|         10|   32|        320|
    |grp_fu_2272_p0                                                              |  20|          4|   32|        128|
    |grp_fu_2272_p1                                                              |  54|         10|   32|        320|
    |grp_fu_2276_p0                                                              |  20|          4|   32|        128|
    |grp_fu_2276_p1                                                              |  54|         10|   32|        320|
    |grp_fu_2280_p0                                                              |  20|          4|   32|        128|
    |grp_fu_2280_p1                                                              |  54|         10|   32|        320|
    |grp_fu_2284_p0                                                              |  20|          4|   32|        128|
    |grp_fu_2284_p1                                                              |  54|         10|   32|        320|
    |grp_fu_2288_p0                                                              |  20|          4|   32|        128|
    |grp_fu_2288_p1                                                              |  54|         10|   32|        320|
    |grp_fu_2292_p0                                                              |  20|          4|   32|        128|
    |grp_fu_2292_p1                                                              |  54|         10|   32|        320|
    |grp_fu_2296_p0                                                              |  20|          4|   32|        128|
    |grp_fu_2296_p1                                                              |  54|         10|   32|        320|
    |grp_fu_2300_p0                                                              |  20|          4|   32|        128|
    |grp_fu_2300_p1                                                              |  54|         10|   32|        320|
    |grp_fu_2304_p0                                                              |  20|          4|   32|        128|
    |grp_fu_2304_p1                                                              |  54|         10|   32|        320|
    |grp_fu_2308_p0                                                              |  20|          4|   32|        128|
    |grp_fu_2308_p1                                                              |  54|         10|   32|        320|
    |out_tile_address0                                                           |  14|          3|   13|         39|
    |out_tile_address1                                                           |  14|          3|   13|         39|
    |tn_fu_258                                                                   |   9|          2|    4|          8|
    +----------------------------------------------------------------------------+----+-----------+-----+-----------+
    |Total                                                                       |4285|        818| 2504|      18722|
    +----------------------------------------------------------------------------+----+-----------+-----+-----------+

    * Register: 
    +-----------------------------------+-----+----+-----+-----------+
    |                Name               |  FF | LUT| Bits| Const Bits|
    +-----------------------------------+-----+----+-----+-----------+
    |acc_105_reg_5561                   |   32|   0|   32|          0|
    |acc_114_reg_5571                   |   32|   0|   32|          0|
    |acc_123_reg_5581                   |   32|   0|   32|          0|
    |acc_132_reg_5591                   |   32|   0|   32|          0|
    |acc_141_reg_5601                   |   32|   0|   32|          0|
    |acc_14_reg_5546                    |   32|   0|   32|          0|
    |acc_150_reg_5611                   |   32|   0|   32|          0|
    |acc_159_reg_5621                   |   32|   0|   32|          0|
    |acc_23_reg_5556                    |   32|   0|   32|          0|
    |acc_32_reg_5566                    |   32|   0|   32|          0|
    |acc_41_reg_5576                    |   32|   0|   32|          0|
    |acc_50_reg_5586                    |   32|   0|   32|          0|
    |acc_59_reg_5596                    |   32|   0|   32|          0|
    |acc_68_reg_5606                    |   32|   0|   32|          0|
    |acc_77_reg_5616                    |   32|   0|   32|          0|
    |acc_87_reg_4101                    |   32|   0|   32|          0|
    |acc_96_reg_5551                    |   32|   0|   32|          0|
    |acc_reg_4040                       |   32|   0|   32|          0|
    |ap_CS_fsm                          |    9|   0|    9|          0|
    |ap_done_reg                        |    1|   0|    1|          0|
    |ap_enable_reg_pp0_iter0_reg        |    1|   0|    1|          0|
    |ap_enable_reg_pp0_iter1            |    1|   0|    1|          0|
    |ap_enable_reg_pp0_iter10           |    1|   0|    1|          0|
    |ap_enable_reg_pp0_iter11           |    1|   0|    1|          0|
    |ap_enable_reg_pp0_iter12           |    1|   0|    1|          0|
    |ap_enable_reg_pp0_iter13           |    1|   0|    1|          0|
    |ap_enable_reg_pp0_iter14           |    1|   0|    1|          0|
    |ap_enable_reg_pp0_iter15           |    1|   0|    1|          0|
    |ap_enable_reg_pp0_iter16           |    1|   0|    1|          0|
    |ap_enable_reg_pp0_iter17           |    1|   0|    1|          0|
    |ap_enable_reg_pp0_iter18           |    1|   0|    1|          0|
    |ap_enable_reg_pp0_iter19           |    1|   0|    1|          0|
    |ap_enable_reg_pp0_iter2            |    1|   0|    1|          0|
    |ap_enable_reg_pp0_iter20           |    1|   0|    1|          0|
    |ap_enable_reg_pp0_iter21           |    1|   0|    1|          0|
    |ap_enable_reg_pp0_iter22           |    1|   0|    1|          0|
    |ap_enable_reg_pp0_iter23           |    1|   0|    1|          0|
    |ap_enable_reg_pp0_iter24           |    1|   0|    1|          0|
    |ap_enable_reg_pp0_iter25           |    1|   0|    1|          0|
    |ap_enable_reg_pp0_iter26           |    1|   0|    1|          0|
    |ap_enable_reg_pp0_iter27           |    1|   0|    1|          0|
    |ap_enable_reg_pp0_iter28           |    1|   0|    1|          0|
    |ap_enable_reg_pp0_iter29           |    1|   0|    1|          0|
    |ap_enable_reg_pp0_iter3            |    1|   0|    1|          0|
    |ap_enable_reg_pp0_iter30           |    1|   0|    1|          0|
    |ap_enable_reg_pp0_iter31           |    1|   0|    1|          0|
    |ap_enable_reg_pp0_iter32           |    1|   0|    1|          0|
    |ap_enable_reg_pp0_iter33           |    1|   0|    1|          0|
    |ap_enable_reg_pp0_iter34           |    1|   0|    1|          0|
    |ap_enable_reg_pp0_iter35           |    1|   0|    1|          0|
    |ap_enable_reg_pp0_iter36           |    1|   0|    1|          0|
    |ap_enable_reg_pp0_iter4            |    1|   0|    1|          0|
    |ap_enable_reg_pp0_iter5            |    1|   0|    1|          0|
    |ap_enable_reg_pp0_iter6            |    1|   0|    1|          0|
    |ap_enable_reg_pp0_iter7            |    1|   0|    1|          0|
    |ap_enable_reg_pp0_iter8            |    1|   0|    1|          0|
    |ap_enable_reg_pp0_iter9            |    1|   0|    1|          0|
    |ap_loop_exit_ready_pp0_iter10_reg  |    1|   0|    1|          0|
    |ap_loop_exit_ready_pp0_iter11_reg  |    1|   0|    1|          0|
    |ap_loop_exit_ready_pp0_iter12_reg  |    1|   0|    1|          0|
    |ap_loop_exit_ready_pp0_iter13_reg  |    1|   0|    1|          0|
    |ap_loop_exit_ready_pp0_iter14_reg  |    1|   0|    1|          0|
    |ap_loop_exit_ready_pp0_iter15_reg  |    1|   0|    1|          0|
    |ap_loop_exit_ready_pp0_iter16_reg  |    1|   0|    1|          0|
    |ap_loop_exit_ready_pp0_iter17_reg  |    1|   0|    1|          0|
    |ap_loop_exit_ready_pp0_iter18_reg  |    1|   0|    1|          0|
    |ap_loop_exit_ready_pp0_iter19_reg  |    1|   0|    1|          0|
    |ap_loop_exit_ready_pp0_iter1_reg   |    1|   0|    1|          0|
    |ap_loop_exit_ready_pp0_iter20_reg  |    1|   0|    1|          0|
    |ap_loop_exit_ready_pp0_iter21_reg  |    1|   0|    1|          0|
    |ap_loop_exit_ready_pp0_iter22_reg  |    1|   0|    1|          0|
    |ap_loop_exit_ready_pp0_iter23_reg  |    1|   0|    1|          0|
    |ap_loop_exit_ready_pp0_iter24_reg  |    1|   0|    1|          0|
    |ap_loop_exit_ready_pp0_iter25_reg  |    1|   0|    1|          0|
    |ap_loop_exit_ready_pp0_iter26_reg  |    1|   0|    1|          0|
    |ap_loop_exit_ready_pp0_iter27_reg  |    1|   0|    1|          0|
    |ap_loop_exit_ready_pp0_iter28_reg  |    1|   0|    1|          0|
    |ap_loop_exit_ready_pp0_iter29_reg  |    1|   0|    1|          0|
    |ap_loop_exit_ready_pp0_iter2_reg   |    1|   0|    1|          0|
    |ap_loop_exit_ready_pp0_iter30_reg  |    1|   0|    1|          0|
    |ap_loop_exit_ready_pp0_iter31_reg  |    1|   0|    1|          0|
    |ap_loop_exit_ready_pp0_iter32_reg  |    1|   0|    1|          0|
    |ap_loop_exit_ready_pp0_iter33_reg  |    1|   0|    1|          0|
    |ap_loop_exit_ready_pp0_iter34_reg  |    1|   0|    1|          0|
    |ap_loop_exit_ready_pp0_iter35_reg  |    1|   0|    1|          0|
    |ap_loop_exit_ready_pp0_iter3_reg   |    1|   0|    1|          0|
    |ap_loop_exit_ready_pp0_iter4_reg   |    1|   0|    1|          0|
    |ap_loop_exit_ready_pp0_iter5_reg   |    1|   0|    1|          0|
    |ap_loop_exit_ready_pp0_iter6_reg   |    1|   0|    1|          0|
    |ap_loop_exit_ready_pp0_iter7_reg   |    1|   0|    1|          0|
    |ap_loop_exit_ready_pp0_iter8_reg   |    1|   0|    1|          0|
    |ap_loop_exit_ready_pp0_iter9_reg   |    1|   0|    1|          0|
    |mul_10_reg_4346                    |   32|   0|   32|          0|
    |mul_10_reg_4346_pp0_iter1_reg      |   32|   0|   32|          0|
    |mul_11_reg_4351                    |   32|   0|   32|          0|
    |mul_12_reg_4356                    |   32|   0|   32|          0|
    |mul_13_reg_4361                    |   32|   0|   32|          0|
    |mul_14_reg_4366                    |   32|   0|   32|          0|
    |mul_15_reg_4371                    |   32|   0|   32|          0|
    |mul_164_1_reg_4516                 |   32|   0|   32|          0|
    |mul_164_2_reg_4521                 |   32|   0|   32|          0|
    |mul_164_3_reg_4526                 |   32|   0|   32|          0|
    |mul_164_4_reg_4531                 |   32|   0|   32|          0|
    |mul_164_5_reg_4536                 |   32|   0|   32|          0|
    |mul_164_6_reg_4541                 |   32|   0|   32|          0|
    |mul_164_7_reg_4546                 |   32|   0|   32|          0|
    |mul_164_8_reg_4551                 |   32|   0|   32|          0|
    |mul_16_reg_4511                    |   32|   0|   32|          0|
    |mul_1_10_reg_4436                  |   32|   0|   32|          0|
    |mul_1_10_reg_4436_pp0_iter1_reg    |   32|   0|   32|          0|
    |mul_1_11_reg_4441                  |   32|   0|   32|          0|
    |mul_1_12_reg_4446                  |   32|   0|   32|          0|
    |mul_1_13_reg_4451                  |   32|   0|   32|          0|
    |mul_1_14_reg_4456                  |   32|   0|   32|          0|
    |mul_1_15_reg_4461                  |   32|   0|   32|          0|
    |mul_1_1_1_reg_4606                 |   32|   0|   32|          0|
    |mul_1_1_2_reg_4611                 |   32|   0|   32|          0|
    |mul_1_1_3_reg_4616                 |   32|   0|   32|          0|
    |mul_1_1_4_reg_4621                 |   32|   0|   32|          0|
    |mul_1_1_5_reg_4626                 |   32|   0|   32|          0|
    |mul_1_1_6_reg_4631                 |   32|   0|   32|          0|
    |mul_1_1_7_reg_4636                 |   32|   0|   32|          0|
    |mul_1_1_8_reg_4641                 |   32|   0|   32|          0|
    |mul_1_1_reg_4601                   |   32|   0|   32|          0|
    |mul_1_2_1_reg_4786                 |   32|   0|   32|          0|
    |mul_1_2_2_reg_4791                 |   32|   0|   32|          0|
    |mul_1_2_3_reg_4796                 |   32|   0|   32|          0|
    |mul_1_2_4_reg_4801                 |   32|   0|   32|          0|
    |mul_1_2_5_reg_4806                 |   32|   0|   32|          0|
    |mul_1_2_6_reg_4811                 |   32|   0|   32|          0|
    |mul_1_2_7_reg_4816                 |   32|   0|   32|          0|
    |mul_1_2_8_reg_4821                 |   32|   0|   32|          0|
    |mul_1_2_reg_4781                   |   32|   0|   32|          0|
    |mul_1_3_1_reg_4966                 |   32|   0|   32|          0|
    |mul_1_3_2_reg_4971                 |   32|   0|   32|          0|
    |mul_1_3_3_reg_4976                 |   32|   0|   32|          0|
    |mul_1_3_4_reg_4981                 |   32|   0|   32|          0|
    |mul_1_3_5_reg_4986                 |   32|   0|   32|          0|
    |mul_1_3_6_reg_4991                 |   32|   0|   32|          0|
    |mul_1_3_7_reg_4996                 |   32|   0|   32|          0|
    |mul_1_3_8_reg_5001                 |   32|   0|   32|          0|
    |mul_1_3_reg_4961                   |   32|   0|   32|          0|
    |mul_1_4_1_reg_5146                 |   32|   0|   32|          0|
    |mul_1_4_2_reg_5151                 |   32|   0|   32|          0|
    |mul_1_4_3_reg_5156                 |   32|   0|   32|          0|
    |mul_1_4_4_reg_5161                 |   32|   0|   32|          0|
    |mul_1_4_5_reg_5166                 |   32|   0|   32|          0|
    |mul_1_4_6_reg_5171                 |   32|   0|   32|          0|
    |mul_1_4_7_reg_5176                 |   32|   0|   32|          0|
    |mul_1_4_8_reg_5181                 |   32|   0|   32|          0|
    |mul_1_4_reg_5141                   |   32|   0|   32|          0|
    |mul_1_5_1_reg_5236                 |   32|   0|   32|          0|
    |mul_1_5_2_reg_5241                 |   32|   0|   32|          0|
    |mul_1_5_3_reg_5246                 |   32|   0|   32|          0|
    |mul_1_5_4_reg_5251                 |   32|   0|   32|          0|
    |mul_1_5_5_reg_5256                 |   32|   0|   32|          0|
    |mul_1_5_6_reg_5261                 |   32|   0|   32|          0|
    |mul_1_5_7_reg_5266                 |   32|   0|   32|          0|
    |mul_1_5_8_reg_5271                 |   32|   0|   32|          0|
    |mul_1_5_reg_5231                   |   32|   0|   32|          0|
    |mul_1_6_1_reg_5326                 |   32|   0|   32|          0|
    |mul_1_6_2_reg_5331                 |   32|   0|   32|          0|
    |mul_1_6_3_reg_5336                 |   32|   0|   32|          0|
    |mul_1_6_4_reg_5341                 |   32|   0|   32|          0|
    |mul_1_6_5_reg_5346                 |   32|   0|   32|          0|
    |mul_1_6_6_reg_5351                 |   32|   0|   32|          0|
    |mul_1_6_7_reg_5356                 |   32|   0|   32|          0|
    |mul_1_6_8_reg_5361                 |   32|   0|   32|          0|
    |mul_1_6_reg_5321                   |   32|   0|   32|          0|
    |mul_1_7_1_reg_5416                 |   32|   0|   32|          0|
    |mul_1_7_2_reg_5421                 |   32|   0|   32|          0|
    |mul_1_7_3_reg_5426                 |   32|   0|   32|          0|
    |mul_1_7_4_reg_5431                 |   32|   0|   32|          0|
    |mul_1_7_5_reg_5436                 |   32|   0|   32|          0|
    |mul_1_7_6_reg_5441                 |   32|   0|   32|          0|
    |mul_1_7_7_reg_5446                 |   32|   0|   32|          0|
    |mul_1_7_8_reg_5451                 |   32|   0|   32|          0|
    |mul_1_7_reg_5411                   |   32|   0|   32|          0|
    |mul_1_8_1_reg_5506                 |   32|   0|   32|          0|
    |mul_1_8_2_reg_5511                 |   32|   0|   32|          0|
    |mul_1_8_3_reg_5516                 |   32|   0|   32|          0|
    |mul_1_8_4_reg_5521                 |   32|   0|   32|          0|
    |mul_1_8_5_reg_5526                 |   32|   0|   32|          0|
    |mul_1_8_6_reg_5531                 |   32|   0|   32|          0|
    |mul_1_8_7_reg_5536                 |   32|   0|   32|          0|
    |mul_1_8_8_reg_5541                 |   32|   0|   32|          0|
    |mul_1_8_reg_5501                   |   32|   0|   32|          0|
    |mul_1_9_reg_4431                   |   32|   0|   32|          0|
    |mul_1_reg_4421                     |   32|   0|   32|          0|
    |mul_1_s_reg_4426                   |   32|   0|   32|          0|
    |mul_2_1_reg_4696                   |   32|   0|   32|          0|
    |mul_2_2_reg_4701                   |   32|   0|   32|          0|
    |mul_2_3_reg_4706                   |   32|   0|   32|          0|
    |mul_2_4_reg_4711                   |   32|   0|   32|          0|
    |mul_2_5_reg_4716                   |   32|   0|   32|          0|
    |mul_2_6_reg_4721                   |   32|   0|   32|          0|
    |mul_2_7_reg_4726                   |   32|   0|   32|          0|
    |mul_2_8_reg_4731                   |   32|   0|   32|          0|
    |mul_2_reg_4691                     |   32|   0|   32|          0|
    |mul_3_1_reg_4876                   |   32|   0|   32|          0|
    |mul_3_2_reg_4881                   |   32|   0|   32|          0|
    |mul_3_3_reg_4886                   |   32|   0|   32|          0|
    |mul_3_4_reg_4891                   |   32|   0|   32|          0|
    |mul_3_5_reg_4896                   |   32|   0|   32|          0|
    |mul_3_6_reg_4901                   |   32|   0|   32|          0|
    |mul_3_7_reg_4906                   |   32|   0|   32|          0|
    |mul_3_8_reg_4911                   |   32|   0|   32|          0|
    |mul_3_reg_4871                     |   32|   0|   32|          0|
    |mul_4_1_reg_5056                   |   32|   0|   32|          0|
    |mul_4_2_reg_5061                   |   32|   0|   32|          0|
    |mul_4_3_reg_5066                   |   32|   0|   32|          0|
    |mul_4_4_reg_5071                   |   32|   0|   32|          0|
    |mul_4_5_reg_5076                   |   32|   0|   32|          0|
    |mul_4_6_reg_5081                   |   32|   0|   32|          0|
    |mul_4_7_reg_5086                   |   32|   0|   32|          0|
    |mul_4_8_reg_5091                   |   32|   0|   32|          0|
    |mul_4_reg_5051                     |   32|   0|   32|          0|
    |mul_5_1_reg_5191                   |   32|   0|   32|          0|
    |mul_5_2_reg_5196                   |   32|   0|   32|          0|
    |mul_5_3_reg_5201                   |   32|   0|   32|          0|
    |mul_5_4_reg_5206                   |   32|   0|   32|          0|
    |mul_5_5_reg_5211                   |   32|   0|   32|          0|
    |mul_5_6_reg_5216                   |   32|   0|   32|          0|
    |mul_5_7_reg_5221                   |   32|   0|   32|          0|
    |mul_5_8_reg_5226                   |   32|   0|   32|          0|
    |mul_5_reg_5186                     |   32|   0|   32|          0|
    |mul_6_1_reg_5281                   |   32|   0|   32|          0|
    |mul_6_2_reg_5286                   |   32|   0|   32|          0|
    |mul_6_3_reg_5291                   |   32|   0|   32|          0|
    |mul_6_4_reg_5296                   |   32|   0|   32|          0|
    |mul_6_5_reg_5301                   |   32|   0|   32|          0|
    |mul_6_6_reg_5306                   |   32|   0|   32|          0|
    |mul_6_7_reg_5311                   |   32|   0|   32|          0|
    |mul_6_8_reg_5316                   |   32|   0|   32|          0|
    |mul_6_reg_5276                     |   32|   0|   32|          0|
    |mul_7_1_reg_5371                   |   32|   0|   32|          0|
    |mul_7_2_reg_5376                   |   32|   0|   32|          0|
    |mul_7_3_reg_5381                   |   32|   0|   32|          0|
    |mul_7_4_reg_5386                   |   32|   0|   32|          0|
    |mul_7_5_reg_5391                   |   32|   0|   32|          0|
    |mul_7_6_reg_5396                   |   32|   0|   32|          0|
    |mul_7_7_reg_5401                   |   32|   0|   32|          0|
    |mul_7_8_reg_5406                   |   32|   0|   32|          0|
    |mul_7_reg_5366                     |   32|   0|   32|          0|
    |mul_8_1_reg_5461                   |   32|   0|   32|          0|
    |mul_8_2_reg_5466                   |   32|   0|   32|          0|
    |mul_8_3_reg_5471                   |   32|   0|   32|          0|
    |mul_8_4_reg_5476                   |   32|   0|   32|          0|
    |mul_8_5_reg_5481                   |   32|   0|   32|          0|
    |mul_8_6_reg_5486                   |   32|   0|   32|          0|
    |mul_8_7_reg_5491                   |   32|   0|   32|          0|
    |mul_8_8_reg_5496                   |   32|   0|   32|          0|
    |mul_8_reg_5456                     |   32|   0|   32|          0|
    |mul_9_reg_4341                     |   32|   0|   32|          0|
    |mul_reg_4331                       |   32|   0|   32|          0|
    |mul_s_reg_4336                     |   32|   0|   32|          0|
    |or_ln105_2_reg_3940                |    4|   0|    6|          2|
    |or_ln_reg_3874                     |    7|   0|    7|          0|
    |out_tile_addr_1_reg_3990           |   13|   0|   13|          0|
    |out_tile_addr_reg_3931             |   13|   0|   13|          0|
    |reg_2312                           |   32|   0|   32|          0|
    |reg_2317                           |   32|   0|   32|          0|
    |reg_2322                           |   32|   0|   32|          0|
    |reg_2327                           |   32|   0|   32|          0|
    |reg_2332                           |   32|   0|   32|          0|
    |reg_2337                           |   32|   0|   32|          0|
    |reg_2342                           |   32|   0|   32|          0|
    |reg_2347                           |   32|   0|   32|          0|
    |reg_2352                           |   32|   0|   32|          0|
    |reg_2357                           |   32|   0|   32|          0|
    |reg_2362                           |   32|   0|   32|          0|
    |reg_2367                           |   32|   0|   32|          0|
    |reg_2372                           |   32|   0|   32|          0|
    |reg_2377                           |   32|   0|   32|          0|
    |reg_2382                           |   32|   0|   32|          0|
    |reg_2387                           |   32|   0|   32|          0|
    |reg_2392                           |   32|   0|   32|          0|
    |reg_2397                           |   32|   0|   32|          0|
    |reg_2402                           |   32|   0|   32|          0|
    |reg_2407                           |   32|   0|   32|          0|
    |reg_2412                           |   32|   0|   32|          0|
    |reg_2417                           |   32|   0|   32|          0|
    |reg_2422                           |   32|   0|   32|          0|
    |reg_2427                           |   32|   0|   32|          0|
    |reg_2432                           |   32|   0|   32|          0|
    |reg_2437                           |   32|   0|   32|          0|
    |reg_2442                           |   32|   0|   32|          0|
    |reg_2447                           |   32|   0|   32|          0|
    |reg_2452                           |   32|   0|   32|          0|
    |reg_2457                           |   32|   0|   32|          0|
    |reg_2462                           |   32|   0|   32|          0|
    |reg_2467                           |   32|   0|   32|          0|
    |reg_2472                           |   32|   0|   32|          0|
    |reg_2477                           |   32|   0|   32|          0|
    |reg_2482                           |   32|   0|   32|          0|
    |reg_2487                           |   32|   0|   32|          0|
    |reg_2492                           |   32|   0|   32|          0|
    |reg_2497                           |   32|   0|   32|          0|
    |reg_2502                           |   32|   0|   32|          0|
    |reg_2507                           |   32|   0|   32|          0|
    |reg_2512                           |   32|   0|   32|          0|
    |reg_2517                           |   32|   0|   32|          0|
    |reg_2522                           |   32|   0|   32|          0|
    |reg_2527                           |   32|   0|   32|          0|
    |reg_2532                           |   32|   0|   32|          0|
    |reg_2537                           |   32|   0|   32|          0|
    |reg_2542                           |   32|   0|   32|          0|
    |reg_2547                           |   32|   0|   32|          0|
    |reg_2552                           |   32|   0|   32|          0|
    |reg_2557                           |   32|   0|   32|          0|
    |reg_2562                           |   32|   0|   32|          0|
    |reg_2567                           |   32|   0|   32|          0|
    |reg_2572                           |   32|   0|   32|          0|
    |reg_2577                           |   32|   0|   32|          0|
    |reg_2582                           |   32|   0|   32|          0|
    |reg_2587                           |   32|   0|   32|          0|
    |reg_2592                           |   32|   0|   32|          0|
    |reg_2597                           |   32|   0|   32|          0|
    |reg_2602                           |   32|   0|   32|          0|
    |reg_2607                           |   32|   0|   32|          0|
    |reg_2612                           |   32|   0|   32|          0|
    |reg_2617                           |   32|   0|   32|          0|
    |reg_2622                           |   32|   0|   32|          0|
    |reg_2627                           |   32|   0|   32|          0|
    |reg_2632                           |   32|   0|   32|          0|
    |reg_2637                           |   32|   0|   32|          0|
    |reg_2642                           |   32|   0|   32|          0|
    |reg_2647                           |   32|   0|   32|          0|
    |reg_2652                           |   32|   0|   32|          0|
    |reg_2657                           |   32|   0|   32|          0|
    |reg_2662                           |   32|   0|   32|          0|
    |reg_2667                           |   32|   0|   32|          0|
    |reg_2672                           |   32|   0|   32|          0|
    |reg_2677                           |   32|   0|   32|          0|
    |reg_2682                           |   32|   0|   32|          0|
    |reg_2687                           |   32|   0|   32|          0|
    |reg_2692                           |   32|   0|   32|          0|
    |reg_2697                           |   32|   0|   32|          0|
    |reg_2702                           |   32|   0|   32|          0|
    |reg_2707                           |   32|   0|   32|          0|
    |reg_2712                           |   32|   0|   32|          0|
    |reg_2717                           |   32|   0|   32|          0|
    |reg_2722                           |   32|   0|   32|          0|
    |reg_2727                           |   32|   0|   32|          0|
    |reg_2732                           |   32|   0|   32|          0|
    |reg_2737                           |   32|   0|   32|          0|
    |reg_2742                           |   32|   0|   32|          0|
    |reg_2747                           |   32|   0|   32|          0|
    |reg_2752                           |   32|   0|   32|          0|
    |reg_2757                           |   32|   0|   32|          0|
    |reg_2762                           |   32|   0|   32|          0|
    |reg_2767                           |   32|   0|   32|          0|
    |reg_2772                           |   32|   0|   32|          0|
    |reg_2777                           |   32|   0|   32|          0|
    |reg_2782                           |   32|   0|   32|          0|
    |reg_2787                           |   32|   0|   32|          0|
    |reg_2792                           |   32|   0|   32|          0|
    |reg_2797                           |   32|   0|   32|          0|
    |reg_2802                           |   32|   0|   32|          0|
    |reg_2807                           |   32|   0|   32|          0|
    |reg_2812                           |   32|   0|   32|          0|
    |reg_2817                           |   32|   0|   32|          0|
    |reg_2822                           |   32|   0|   32|          0|
    |reg_2827                           |   32|   0|   32|          0|
    |reg_2832                           |   32|   0|   32|          0|
    |reg_2837                           |   32|   0|   32|          0|
    |reg_2842                           |   32|   0|   32|          0|
    |reg_2847                           |   32|   0|   32|          0|
    |reg_2852                           |   32|   0|   32|          0|
    |reg_2857                           |   32|   0|   32|          0|
    |reg_2862                           |   32|   0|   32|          0|
    |reg_2867                           |   32|   0|   32|          0|
    |reg_2872                           |   32|   0|   32|          0|
    |reg_2877                           |   32|   0|   32|          0|
    |reg_2882                           |   32|   0|   32|          0|
    |reg_2887                           |   32|   0|   32|          0|
    |reg_2892                           |   32|   0|   32|          0|
    |reg_2897                           |   32|   0|   32|          0|
    |reg_2902                           |   32|   0|   32|          0|
    |reg_2907                           |   32|   0|   32|          0|
    |reg_2912                           |   32|   0|   32|          0|
    |reg_2917                           |   32|   0|   32|          0|
    |reg_2922                           |   32|   0|   32|          0|
    |reg_2927                           |   32|   0|   32|          0|
    |reg_2932                           |   32|   0|   32|          0|
    |reg_2938                           |   32|   0|   32|          0|
    |tmp_5_reg_3936                     |    1|   0|    1|          0|
    |tn_fu_258                          |    4|   0|    4|          0|
    |zext_ln105_10_reg_4045             |    4|   0|    7|          3|
    |mul_11_reg_4351                    |   64|  32|   32|          0|
    |mul_12_reg_4356                    |   64|  32|   32|          0|
    |mul_13_reg_4361                    |   64|  32|   32|          0|
    |mul_14_reg_4366                    |   64|  32|   32|          0|
    |mul_15_reg_4371                    |   64|  32|   32|          0|
    |mul_164_1_reg_4516                 |   64|  32|   32|          0|
    |mul_164_2_reg_4521                 |   64|  32|   32|          0|
    |mul_164_3_reg_4526                 |   64|  32|   32|          0|
    |mul_164_4_reg_4531                 |   64|  32|   32|          0|
    |mul_164_5_reg_4536                 |   64|  32|   32|          0|
    |mul_164_6_reg_4541                 |   64|  32|   32|          0|
    |mul_164_7_reg_4546                 |   64|  32|   32|          0|
    |mul_164_8_reg_4551                 |   64|  32|   32|          0|
    |mul_16_reg_4511                    |   64|  32|   32|          0|
    |mul_1_11_reg_4441                  |   64|  32|   32|          0|
    |mul_1_12_reg_4446                  |   64|  32|   32|          0|
    |mul_1_13_reg_4451                  |   64|  32|   32|          0|
    |mul_1_14_reg_4456                  |   64|  32|   32|          0|
    |mul_1_15_reg_4461                  |   64|  32|   32|          0|
    |mul_1_1_1_reg_4606                 |   64|  32|   32|          0|
    |mul_1_1_2_reg_4611                 |   64|  32|   32|          0|
    |mul_1_1_3_reg_4616                 |   64|  32|   32|          0|
    |mul_1_1_4_reg_4621                 |   64|  32|   32|          0|
    |mul_1_1_5_reg_4626                 |   64|  32|   32|          0|
    |mul_1_1_6_reg_4631                 |   64|  32|   32|          0|
    |mul_1_1_7_reg_4636                 |   64|  32|   32|          0|
    |mul_1_1_8_reg_4641                 |   64|  32|   32|          0|
    |mul_1_1_reg_4601                   |   64|  32|   32|          0|
    |mul_1_2_1_reg_4786                 |   64|  32|   32|          0|
    |mul_1_2_2_reg_4791                 |   64|  32|   32|          0|
    |mul_1_2_3_reg_4796                 |   64|  32|   32|          0|
    |mul_1_2_4_reg_4801                 |   64|  32|   32|          0|
    |mul_1_2_5_reg_4806                 |   64|  32|   32|          0|
    |mul_1_2_6_reg_4811                 |   64|  32|   32|          0|
    |mul_1_2_7_reg_4816                 |   64|  32|   32|          0|
    |mul_1_2_8_reg_4821                 |   64|  32|   32|          0|
    |mul_1_2_reg_4781                   |   64|  32|   32|          0|
    |mul_1_3_1_reg_4966                 |   64|  32|   32|          0|
    |mul_1_3_2_reg_4971                 |   64|  32|   32|          0|
    |mul_1_3_3_reg_4976                 |   64|  32|   32|          0|
    |mul_1_3_4_reg_4981                 |   64|  32|   32|          0|
    |mul_1_3_5_reg_4986                 |   64|  32|   32|          0|
    |mul_1_3_6_reg_4991                 |   64|  32|   32|          0|
    |mul_1_3_7_reg_4996                 |   64|  32|   32|          0|
    |mul_1_3_8_reg_5001                 |   64|  32|   32|          0|
    |mul_1_3_reg_4961                   |   64|  32|   32|          0|
    |mul_1_4_1_reg_5146                 |   64|  32|   32|          0|
    |mul_1_4_2_reg_5151                 |   64|  32|   32|          0|
    |mul_1_4_3_reg_5156                 |   64|  32|   32|          0|
    |mul_1_4_4_reg_5161                 |   64|  32|   32|          0|
    |mul_1_4_5_reg_5166                 |   64|  32|   32|          0|
    |mul_1_4_6_reg_5171                 |   64|  32|   32|          0|
    |mul_1_4_7_reg_5176                 |   64|  32|   32|          0|
    |mul_1_4_8_reg_5181                 |   64|  32|   32|          0|
    |mul_1_4_reg_5141                   |   64|  32|   32|          0|
    |mul_1_5_1_reg_5236                 |   64|  32|   32|          0|
    |mul_1_5_2_reg_5241                 |   64|  32|   32|          0|
    |mul_1_5_3_reg_5246                 |   64|  32|   32|          0|
    |mul_1_5_4_reg_5251                 |   64|  32|   32|          0|
    |mul_1_5_5_reg_5256                 |   64|  32|   32|          0|
    |mul_1_5_6_reg_5261                 |   64|  32|   32|          0|
    |mul_1_5_7_reg_5266                 |   64|  32|   32|          0|
    |mul_1_5_8_reg_5271                 |   64|  32|   32|          0|
    |mul_1_5_reg_5231                   |   64|  32|   32|          0|
    |mul_1_6_1_reg_5326                 |   64|  32|   32|          0|
    |mul_1_6_2_reg_5331                 |   64|  32|   32|          0|
    |mul_1_6_3_reg_5336                 |   64|  32|   32|          0|
    |mul_1_6_4_reg_5341                 |   64|  32|   32|          0|
    |mul_1_6_5_reg_5346                 |   64|  32|   32|          0|
    |mul_1_6_6_reg_5351                 |   64|  32|   32|          0|
    |mul_1_6_7_reg_5356                 |   64|  32|   32|          0|
    |mul_1_6_8_reg_5361                 |   64|  32|   32|          0|
    |mul_1_6_reg_5321                   |   64|  32|   32|          0|
    |mul_1_7_1_reg_5416                 |   64|  32|   32|          0|
    |mul_1_7_2_reg_5421                 |   64|  32|   32|          0|
    |mul_1_7_3_reg_5426                 |   64|  32|   32|          0|
    |mul_1_7_4_reg_5431                 |   64|  32|   32|          0|
    |mul_1_7_5_reg_5436                 |   64|  32|   32|          0|
    |mul_1_7_6_reg_5441                 |   64|  32|   32|          0|
    |mul_1_7_7_reg_5446                 |   64|  32|   32|          0|
    |mul_1_7_8_reg_5451                 |   64|  32|   32|          0|
    |mul_1_7_reg_5411                   |   64|  32|   32|          0|
    |mul_1_8_1_reg_5506                 |   64|  32|   32|          0|
    |mul_1_8_2_reg_5511                 |   64|  32|   32|          0|
    |mul_1_8_3_reg_5516                 |   64|  32|   32|          0|
    |mul_1_8_4_reg_5521                 |   64|  32|   32|          0|
    |mul_1_8_5_reg_5526                 |   64|  32|   32|          0|
    |mul_1_8_6_reg_5531                 |   64|  32|   32|          0|
    |mul_1_8_7_reg_5536                 |   64|  32|   32|          0|
    |mul_1_8_8_reg_5541                 |   64|  32|   32|          0|
    |mul_1_8_reg_5501                   |   64|  32|   32|          0|
    |mul_2_1_reg_4696                   |   64|  32|   32|          0|
    |mul_2_2_reg_4701                   |   64|  32|   32|          0|
    |mul_2_3_reg_4706                   |   64|  32|   32|          0|
    |mul_2_4_reg_4711                   |   64|  32|   32|          0|
    |mul_2_5_reg_4716                   |   64|  32|   32|          0|
    |mul_2_6_reg_4721                   |   64|  32|   32|          0|
    |mul_2_7_reg_4726                   |   64|  32|   32|          0|
    |mul_2_8_reg_4731                   |   64|  32|   32|          0|
    |mul_2_reg_4691                     |   64|  32|   32|          0|
    |mul_3_1_reg_4876                   |   64|  32|   32|          0|
    |mul_3_2_reg_4881                   |   64|  32|   32|          0|
    |mul_3_3_reg_4886                   |   64|  32|   32|          0|
    |mul_3_4_reg_4891                   |   64|  32|   32|          0|
    |mul_3_5_reg_4896                   |   64|  32|   32|          0|
    |mul_3_6_reg_4901                   |   64|  32|   32|          0|
    |mul_3_7_reg_4906                   |   64|  32|   32|          0|
    |mul_3_8_reg_4911                   |   64|  32|   32|          0|
    |mul_3_reg_4871                     |   64|  32|   32|          0|
    |mul_4_1_reg_5056                   |   64|  32|   32|          0|
    |mul_4_2_reg_5061                   |   64|  32|   32|          0|
    |mul_4_3_reg_5066                   |   64|  32|   32|          0|
    |mul_4_4_reg_5071                   |   64|  32|   32|          0|
    |mul_4_5_reg_5076                   |   64|  32|   32|          0|
    |mul_4_6_reg_5081                   |   64|  32|   32|          0|
    |mul_4_7_reg_5086                   |   64|  32|   32|          0|
    |mul_4_8_reg_5091                   |   64|  32|   32|          0|
    |mul_4_reg_5051                     |   64|  32|   32|          0|
    |mul_5_1_reg_5191                   |   64|  32|   32|          0|
    |mul_5_2_reg_5196                   |   64|  32|   32|          0|
    |mul_5_3_reg_5201                   |   64|  32|   32|          0|
    |mul_5_4_reg_5206                   |   64|  32|   32|          0|
    |mul_5_5_reg_5211                   |   64|  32|   32|          0|
    |mul_5_6_reg_5216                   |   64|  32|   32|          0|
    |mul_5_7_reg_5221                   |   64|  32|   32|          0|
    |mul_5_8_reg_5226                   |   64|  32|   32|          0|
    |mul_5_reg_5186                     |   64|  32|   32|          0|
    |mul_6_1_reg_5281                   |   64|  32|   32|          0|
    |mul_6_2_reg_5286                   |   64|  32|   32|          0|
    |mul_6_3_reg_5291                   |   64|  32|   32|          0|
    |mul_6_4_reg_5296                   |   64|  32|   32|          0|
    |mul_6_5_reg_5301                   |   64|  32|   32|          0|
    |mul_6_6_reg_5306                   |   64|  32|   32|          0|
    |mul_6_7_reg_5311                   |   64|  32|   32|          0|
    |mul_6_8_reg_5316                   |   64|  32|   32|          0|
    |mul_6_reg_5276                     |   64|  32|   32|          0|
    |mul_7_1_reg_5371                   |   64|  32|   32|          0|
    |mul_7_2_reg_5376                   |   64|  32|   32|          0|
    |mul_7_3_reg_5381                   |   64|  32|   32|          0|
    |mul_7_4_reg_5386                   |   64|  32|   32|          0|
    |mul_7_5_reg_5391                   |   64|  32|   32|          0|
    |mul_7_6_reg_5396                   |   64|  32|   32|          0|
    |mul_7_7_reg_5401                   |   64|  32|   32|          0|
    |mul_7_8_reg_5406                   |   64|  32|   32|          0|
    |mul_7_reg_5366                     |   64|  32|   32|          0|
    |mul_8_1_reg_5461                   |   64|  32|   32|          0|
    |mul_8_2_reg_5466                   |   64|  32|   32|          0|
    |mul_8_3_reg_5471                   |   64|  32|   32|          0|
    |mul_8_4_reg_5476                   |   64|  32|   32|          0|
    |mul_8_5_reg_5481                   |   64|  32|   32|          0|
    |mul_8_6_reg_5486                   |   64|  32|   32|          0|
    |mul_8_7_reg_5491                   |   64|  32|   32|          0|
    |mul_8_8_reg_5496                   |   64|  32|   32|          0|
    |mul_8_reg_5456                     |   64|  32|   32|          0|
    |out_tile_addr_1_reg_3990           |   64|  32|   13|          0|
    |out_tile_addr_reg_3931             |   64|  32|   13|          0|
    |tmp_5_reg_3936                     |   64|  32|    1|          0|
    +-----------------------------------+-----+----+-----+-----------+
    |Total                              |20032|5024|14944|          5|
    +-----------------------------------+-----+----+-----+-----------+



================================================================
== Interface
================================================================
* Summary: 
+----------------------------------------------------------------------------+-----+-----+------------+-------------------------------------------------------------------+--------------+
|                                  RTL Ports                                 | Dir | Bits|  Protocol  |                           Source Object                           |    C Type    |
+----------------------------------------------------------------------------+-----+-----+------------+-------------------------------------------------------------------+--------------+
|ap_clk                                                                      |   in|    1|  ap_ctrl_hs|                                              conv1_Pipeline_debug2|  return value|
|ap_rst                                                                      |   in|    1|  ap_ctrl_hs|                                              conv1_Pipeline_debug2|  return value|
|ap_start                                                                    |   in|    1|  ap_ctrl_hs|                                              conv1_Pipeline_debug2|  return value|
|ap_done                                                                     |  out|    1|  ap_ctrl_hs|                                              conv1_Pipeline_debug2|  return value|
|ap_idle                                                                     |  out|    1|  ap_ctrl_hs|                                              conv1_Pipeline_debug2|  return value|
|ap_ready                                                                    |  out|    1|  ap_ctrl_hs|                                              conv1_Pipeline_debug2|  return value|
|grp_fu_4769_p_din0                                                          |  out|   32|  ap_ctrl_hs|                                              conv1_Pipeline_debug2|  return value|
|grp_fu_4769_p_din1                                                          |  out|   32|  ap_ctrl_hs|                                              conv1_Pipeline_debug2|  return value|
|grp_fu_4769_p_opcode                                                        |  out|    2|  ap_ctrl_hs|                                              conv1_Pipeline_debug2|  return value|
|grp_fu_4769_p_dout0                                                         |   in|   32|  ap_ctrl_hs|                                              conv1_Pipeline_debug2|  return value|
|grp_fu_4769_p_ce                                                            |  out|    1|  ap_ctrl_hs|                                              conv1_Pipeline_debug2|  return value|
|grp_fu_4773_p_din0                                                          |  out|   32|  ap_ctrl_hs|                                              conv1_Pipeline_debug2|  return value|
|grp_fu_4773_p_din1                                                          |  out|   32|  ap_ctrl_hs|                                              conv1_Pipeline_debug2|  return value|
|grp_fu_4773_p_dout0                                                         |   in|   32|  ap_ctrl_hs|                                              conv1_Pipeline_debug2|  return value|
|grp_fu_4773_p_ce                                                            |  out|    1|  ap_ctrl_hs|                                              conv1_Pipeline_debug2|  return value|
|th_1                                                                        |   in|    6|     ap_none|                                                               th_1|        scalar|
|zext_ln93                                                                   |   in|    5|     ap_none|                                                          zext_ln93|        scalar|
|in_tile_0_load                                                              |   in|   32|     ap_none|                                                     in_tile_0_load|        scalar|
|in_tile_0_load_1                                                            |   in|   32|     ap_none|                                                   in_tile_0_load_1|        scalar|
|in_tile_0_load_2                                                            |   in|   32|     ap_none|                                                   in_tile_0_load_2|        scalar|
|in_tile_0_load_3                                                            |   in|   32|     ap_none|                                                   in_tile_0_load_3|        scalar|
|in_tile_0_load_4                                                            |   in|   32|     ap_none|                                                   in_tile_0_load_4|        scalar|
|in_tile_0_load_5                                                            |   in|   32|     ap_none|                                                   in_tile_0_load_5|        scalar|
|in_tile_0_load_6                                                            |   in|   32|     ap_none|                                                   in_tile_0_load_6|        scalar|
|in_tile_0_load_7                                                            |   in|   32|     ap_none|                                                   in_tile_0_load_7|        scalar|
|in_tile_0_load_8                                                            |   in|   32|     ap_none|                                                   in_tile_0_load_8|        scalar|
|in_tile_0_load_9                                                            |   in|   32|     ap_none|                                                   in_tile_0_load_9|        scalar|
|in_tile_0_load_10                                                           |   in|   32|     ap_none|                                                  in_tile_0_load_10|        scalar|
|in_tile_0_load_11                                                           |   in|   32|     ap_none|                                                  in_tile_0_load_11|        scalar|
|in_tile_0_load_12                                                           |   in|   32|     ap_none|                                                  in_tile_0_load_12|        scalar|
|in_tile_0_load_13                                                           |   in|   32|     ap_none|                                                  in_tile_0_load_13|        scalar|
|in_tile_0_load_14                                                           |   in|   32|     ap_none|                                                  in_tile_0_load_14|        scalar|
|in_tile_0_load_15                                                           |   in|   32|     ap_none|                                                  in_tile_0_load_15|        scalar|
|in_tile_0_load_16                                                           |   in|   32|     ap_none|                                                  in_tile_0_load_16|        scalar|
|in_tile_0_load_17                                                           |   in|   32|     ap_none|                                                  in_tile_0_load_17|        scalar|
|in_tile_0_load_18                                                           |   in|   32|     ap_none|                                                  in_tile_0_load_18|        scalar|
|in_tile_0_load_19                                                           |   in|   32|     ap_none|                                                  in_tile_0_load_19|        scalar|
|in_tile_0_load_20                                                           |   in|   32|     ap_none|                                                  in_tile_0_load_20|        scalar|
|in_tile_0_load_21                                                           |   in|   32|     ap_none|                                                  in_tile_0_load_21|        scalar|
|in_tile_0_load_22                                                           |   in|   32|     ap_none|                                                  in_tile_0_load_22|        scalar|
|in_tile_0_load_23                                                           |   in|   32|     ap_none|                                                  in_tile_0_load_23|        scalar|
|in_tile_0_load_24                                                           |   in|   32|     ap_none|                                                  in_tile_0_load_24|        scalar|
|in_tile_0_load_25                                                           |   in|   32|     ap_none|                                                  in_tile_0_load_25|        scalar|
|in_tile_0_load_26                                                           |   in|   32|     ap_none|                                                  in_tile_0_load_26|        scalar|
|in_tile_0_load_27                                                           |   in|   32|     ap_none|                                                  in_tile_0_load_27|        scalar|
|in_tile_0_load_28                                                           |   in|   32|     ap_none|                                                  in_tile_0_load_28|        scalar|
|in_tile_0_load_29                                                           |   in|   32|     ap_none|                                                  in_tile_0_load_29|        scalar|
|in_tile_0_load_30                                                           |   in|   32|     ap_none|                                                  in_tile_0_load_30|        scalar|
|in_tile_0_load_31                                                           |   in|   32|     ap_none|                                                  in_tile_0_load_31|        scalar|
|in_tile_0_load_32                                                           |   in|   32|     ap_none|                                                  in_tile_0_load_32|        scalar|
|in_tile_0_load_33                                                           |   in|   32|     ap_none|                                                  in_tile_0_load_33|        scalar|
|in_tile_0_load_34                                                           |   in|   32|     ap_none|                                                  in_tile_0_load_34|        scalar|
|in_tile_0_load_35                                                           |   in|   32|     ap_none|                                                  in_tile_0_load_35|        scalar|
|in_tile_0_load_36                                                           |   in|   32|     ap_none|                                                  in_tile_0_load_36|        scalar|
|in_tile_0_load_37                                                           |   in|   32|     ap_none|                                                  in_tile_0_load_37|        scalar|
|in_tile_0_load_38                                                           |   in|   32|     ap_none|                                                  in_tile_0_load_38|        scalar|
|in_tile_0_load_39                                                           |   in|   32|     ap_none|                                                  in_tile_0_load_39|        scalar|
|in_tile_0_load_40                                                           |   in|   32|     ap_none|                                                  in_tile_0_load_40|        scalar|
|in_tile_0_load_41                                                           |   in|   32|     ap_none|                                                  in_tile_0_load_41|        scalar|
|in_tile_0_load_42                                                           |   in|   32|     ap_none|                                                  in_tile_0_load_42|        scalar|
|in_tile_0_load_43                                                           |   in|   32|     ap_none|                                                  in_tile_0_load_43|        scalar|
|in_tile_0_load_44                                                           |   in|   32|     ap_none|                                                  in_tile_0_load_44|        scalar|
|in_tile_0_load_45                                                           |   in|   32|     ap_none|                                                  in_tile_0_load_45|        scalar|
|in_tile_0_load_46                                                           |   in|   32|     ap_none|                                                  in_tile_0_load_46|        scalar|
|in_tile_0_load_47                                                           |   in|   32|     ap_none|                                                  in_tile_0_load_47|        scalar|
|in_tile_0_load_48                                                           |   in|   32|     ap_none|                                                  in_tile_0_load_48|        scalar|
|in_tile_0_load_49                                                           |   in|   32|     ap_none|                                                  in_tile_0_load_49|        scalar|
|in_tile_0_load_50                                                           |   in|   32|     ap_none|                                                  in_tile_0_load_50|        scalar|
|in_tile_0_load_51                                                           |   in|   32|     ap_none|                                                  in_tile_0_load_51|        scalar|
|in_tile_0_load_52                                                           |   in|   32|     ap_none|                                                  in_tile_0_load_52|        scalar|
|in_tile_0_load_53                                                           |   in|   32|     ap_none|                                                  in_tile_0_load_53|        scalar|
|in_tile_0_load_54                                                           |   in|   32|     ap_none|                                                  in_tile_0_load_54|        scalar|
|in_tile_0_load_55                                                           |   in|   32|     ap_none|                                                  in_tile_0_load_55|        scalar|
|in_tile_0_load_56                                                           |   in|   32|     ap_none|                                                  in_tile_0_load_56|        scalar|
|in_tile_0_load_57                                                           |   in|   32|     ap_none|                                                  in_tile_0_load_57|        scalar|
|in_tile_0_load_58                                                           |   in|   32|     ap_none|                                                  in_tile_0_load_58|        scalar|
|in_tile_0_load_59                                                           |   in|   32|     ap_none|                                                  in_tile_0_load_59|        scalar|
|in_tile_0_load_60                                                           |   in|   32|     ap_none|                                                  in_tile_0_load_60|        scalar|
|in_tile_0_load_61                                                           |   in|   32|     ap_none|                                                  in_tile_0_load_61|        scalar|
|in_tile_0_load_62                                                           |   in|   32|     ap_none|                                                  in_tile_0_load_62|        scalar|
|in_tile_0_load_63                                                           |   in|   32|     ap_none|                                                  in_tile_0_load_63|        scalar|
|in_tile_0_load_64                                                           |   in|   32|     ap_none|                                                  in_tile_0_load_64|        scalar|
|in_tile_0_load_65                                                           |   in|   32|     ap_none|                                                  in_tile_0_load_65|        scalar|
|in_tile_0_load_66                                                           |   in|   32|     ap_none|                                                  in_tile_0_load_66|        scalar|
|in_tile_0_load_67                                                           |   in|   32|     ap_none|                                                  in_tile_0_load_67|        scalar|
|in_tile_0_load_68                                                           |   in|   32|     ap_none|                                                  in_tile_0_load_68|        scalar|
|in_tile_0_load_69                                                           |   in|   32|     ap_none|                                                  in_tile_0_load_69|        scalar|
|in_tile_0_load_70                                                           |   in|   32|     ap_none|                                                  in_tile_0_load_70|        scalar|
|in_tile_0_load_71                                                           |   in|   32|     ap_none|                                                  in_tile_0_load_71|        scalar|
|in_tile_0_load_72                                                           |   in|   32|     ap_none|                                                  in_tile_0_load_72|        scalar|
|in_tile_0_load_73                                                           |   in|   32|     ap_none|                                                  in_tile_0_load_73|        scalar|
|in_tile_0_load_74                                                           |   in|   32|     ap_none|                                                  in_tile_0_load_74|        scalar|
|in_tile_0_load_75                                                           |   in|   32|     ap_none|                                                  in_tile_0_load_75|        scalar|
|in_tile_0_load_76                                                           |   in|   32|     ap_none|                                                  in_tile_0_load_76|        scalar|
|in_tile_0_load_77                                                           |   in|   32|     ap_none|                                                  in_tile_0_load_77|        scalar|
|in_tile_0_load_78                                                           |   in|   32|     ap_none|                                                  in_tile_0_load_78|        scalar|
|in_tile_0_load_79                                                           |   in|   32|     ap_none|                                                  in_tile_0_load_79|        scalar|
|in_tile_0_load_80                                                           |   in|   32|     ap_none|                                                  in_tile_0_load_80|        scalar|
|zext_ln91                                                                   |   in|    6|     ap_none|                                                          zext_ln91|        scalar|
|out_tile_address0                                                           |  out|   13|   ap_memory|                                                           out_tile|         array|
|out_tile_ce0                                                                |  out|    1|   ap_memory|                                                           out_tile|         array|
|out_tile_we0                                                                |  out|    1|   ap_memory|                                                           out_tile|         array|
|out_tile_d0                                                                 |  out|   32|   ap_memory|                                                           out_tile|         array|
|out_tile_q0                                                                 |   in|   32|   ap_memory|                                                           out_tile|         array|
|out_tile_address1                                                           |  out|   13|   ap_memory|                                                           out_tile|         array|
|out_tile_ce1                                                                |  out|    1|   ap_memory|                                                           out_tile|         array|
|out_tile_we1                                                                |  out|    1|   ap_memory|                                                           out_tile|         array|
|out_tile_d1                                                                 |  out|   32|   ap_memory|                                                           out_tile|         array|
|out_tile_q1                                                                 |   in|   32|   ap_memory|                                                           out_tile|         array|
|conv1_float_255_255_float_1_9_9_float_float_255_255_w_8_address0            |  out|    7|   ap_memory|            conv1_float_255_255_float_1_9_9_float_float_255_255_w_8|         array|
|conv1_float_255_255_float_1_9_9_float_float_255_255_w_8_ce0                 |  out|    1|   ap_memory|            conv1_float_255_255_float_1_9_9_float_float_255_255_w_8|         array|
|conv1_float_255_255_float_1_9_9_float_float_255_255_w_8_q0                  |   in|   32|   ap_memory|            conv1_float_255_255_float_1_9_9_float_float_255_255_w_8|         array|
|conv1_float_255_255_float_1_9_9_float_float_255_255_w_8_address1            |  out|    7|   ap_memory|            conv1_float_255_255_float_1_9_9_float_float_255_255_w_8|         array|
|conv1_float_255_255_float_1_9_9_float_float_255_255_w_8_ce1                 |  out|    1|   ap_memory|            conv1_float_255_255_float_1_9_9_float_float_255_255_w_8|         array|
|conv1_float_255_255_float_1_9_9_float_float_255_255_w_8_q1                  |   in|   32|   ap_memory|            conv1_float_255_255_float_1_9_9_float_float_255_255_w_8|         array|
|conv1_float_255_255_float_1_9_9_float_float_255_255_w_7_address0            |  out|    7|   ap_memory|            conv1_float_255_255_float_1_9_9_float_float_255_255_w_7|         array|
|conv1_float_255_255_float_1_9_9_float_float_255_255_w_7_ce0                 |  out|    1|   ap_memory|            conv1_float_255_255_float_1_9_9_float_float_255_255_w_7|         array|
|conv1_float_255_255_float_1_9_9_float_float_255_255_w_7_q0                  |   in|   32|   ap_memory|            conv1_float_255_255_float_1_9_9_float_float_255_255_w_7|         array|
|conv1_float_255_255_float_1_9_9_float_float_255_255_w_7_address1            |  out|    7|   ap_memory|            conv1_float_255_255_float_1_9_9_float_float_255_255_w_7|         array|
|conv1_float_255_255_float_1_9_9_float_float_255_255_w_7_ce1                 |  out|    1|   ap_memory|            conv1_float_255_255_float_1_9_9_float_float_255_255_w_7|         array|
|conv1_float_255_255_float_1_9_9_float_float_255_255_w_7_q1                  |   in|   32|   ap_memory|            conv1_float_255_255_float_1_9_9_float_float_255_255_w_7|         array|
|conv1_float_255_255_float_1_9_9_float_float_255_255_w_6_address0            |  out|    7|   ap_memory|            conv1_float_255_255_float_1_9_9_float_float_255_255_w_6|         array|
|conv1_float_255_255_float_1_9_9_float_float_255_255_w_6_ce0                 |  out|    1|   ap_memory|            conv1_float_255_255_float_1_9_9_float_float_255_255_w_6|         array|
|conv1_float_255_255_float_1_9_9_float_float_255_255_w_6_q0                  |   in|   32|   ap_memory|            conv1_float_255_255_float_1_9_9_float_float_255_255_w_6|         array|
|conv1_float_255_255_float_1_9_9_float_float_255_255_w_6_address1            |  out|    7|   ap_memory|            conv1_float_255_255_float_1_9_9_float_float_255_255_w_6|         array|
|conv1_float_255_255_float_1_9_9_float_float_255_255_w_6_ce1                 |  out|    1|   ap_memory|            conv1_float_255_255_float_1_9_9_float_float_255_255_w_6|         array|
|conv1_float_255_255_float_1_9_9_float_float_255_255_w_6_q1                  |   in|   32|   ap_memory|            conv1_float_255_255_float_1_9_9_float_float_255_255_w_6|         array|
|conv1_float_255_255_float_1_9_9_float_float_255_255_w_5_address0            |  out|    7|   ap_memory|            conv1_float_255_255_float_1_9_9_float_float_255_255_w_5|         array|
|conv1_float_255_255_float_1_9_9_float_float_255_255_w_5_ce0                 |  out|    1|   ap_memory|            conv1_float_255_255_float_1_9_9_float_float_255_255_w_5|         array|
|conv1_float_255_255_float_1_9_9_float_float_255_255_w_5_q0                  |   in|   32|   ap_memory|            conv1_float_255_255_float_1_9_9_float_float_255_255_w_5|         array|
|conv1_float_255_255_float_1_9_9_float_float_255_255_w_5_address1            |  out|    7|   ap_memory|            conv1_float_255_255_float_1_9_9_float_float_255_255_w_5|         array|
|conv1_float_255_255_float_1_9_9_float_float_255_255_w_5_ce1                 |  out|    1|   ap_memory|            conv1_float_255_255_float_1_9_9_float_float_255_255_w_5|         array|
|conv1_float_255_255_float_1_9_9_float_float_255_255_w_5_q1                  |   in|   32|   ap_memory|            conv1_float_255_255_float_1_9_9_float_float_255_255_w_5|         array|
|conv1_float_255_255_float_1_9_9_float_float_255_255_w_4_address0            |  out|    7|   ap_memory|            conv1_float_255_255_float_1_9_9_float_float_255_255_w_4|         array|
|conv1_float_255_255_float_1_9_9_float_float_255_255_w_4_ce0                 |  out|    1|   ap_memory|            conv1_float_255_255_float_1_9_9_float_float_255_255_w_4|         array|
|conv1_float_255_255_float_1_9_9_float_float_255_255_w_4_q0                  |   in|   32|   ap_memory|            conv1_float_255_255_float_1_9_9_float_float_255_255_w_4|         array|
|conv1_float_255_255_float_1_9_9_float_float_255_255_w_4_address1            |  out|    7|   ap_memory|            conv1_float_255_255_float_1_9_9_float_float_255_255_w_4|         array|
|conv1_float_255_255_float_1_9_9_float_float_255_255_w_4_ce1                 |  out|    1|   ap_memory|            conv1_float_255_255_float_1_9_9_float_float_255_255_w_4|         array|
|conv1_float_255_255_float_1_9_9_float_float_255_255_w_4_q1                  |   in|   32|   ap_memory|            conv1_float_255_255_float_1_9_9_float_float_255_255_w_4|         array|
|conv1_float_255_255_float_1_9_9_float_float_255_255_w_3_address0            |  out|    7|   ap_memory|            conv1_float_255_255_float_1_9_9_float_float_255_255_w_3|         array|
|conv1_float_255_255_float_1_9_9_float_float_255_255_w_3_ce0                 |  out|    1|   ap_memory|            conv1_float_255_255_float_1_9_9_float_float_255_255_w_3|         array|
|conv1_float_255_255_float_1_9_9_float_float_255_255_w_3_q0                  |   in|   32|   ap_memory|            conv1_float_255_255_float_1_9_9_float_float_255_255_w_3|         array|
|conv1_float_255_255_float_1_9_9_float_float_255_255_w_3_address1            |  out|    7|   ap_memory|            conv1_float_255_255_float_1_9_9_float_float_255_255_w_3|         array|
|conv1_float_255_255_float_1_9_9_float_float_255_255_w_3_ce1                 |  out|    1|   ap_memory|            conv1_float_255_255_float_1_9_9_float_float_255_255_w_3|         array|
|conv1_float_255_255_float_1_9_9_float_float_255_255_w_3_q1                  |   in|   32|   ap_memory|            conv1_float_255_255_float_1_9_9_float_float_255_255_w_3|         array|
|conv1_float_255_255_float_1_9_9_float_float_255_255_w_2_address0            |  out|    7|   ap_memory|            conv1_float_255_255_float_1_9_9_float_float_255_255_w_2|         array|
|conv1_float_255_255_float_1_9_9_float_float_255_255_w_2_ce0                 |  out|    1|   ap_memory|            conv1_float_255_255_float_1_9_9_float_float_255_255_w_2|         array|
|conv1_float_255_255_float_1_9_9_float_float_255_255_w_2_q0                  |   in|   32|   ap_memory|            conv1_float_255_255_float_1_9_9_float_float_255_255_w_2|         array|
|conv1_float_255_255_float_1_9_9_float_float_255_255_w_2_address1            |  out|    7|   ap_memory|            conv1_float_255_255_float_1_9_9_float_float_255_255_w_2|         array|
|conv1_float_255_255_float_1_9_9_float_float_255_255_w_2_ce1                 |  out|    1|   ap_memory|            conv1_float_255_255_float_1_9_9_float_float_255_255_w_2|         array|
|conv1_float_255_255_float_1_9_9_float_float_255_255_w_2_q1                  |   in|   32|   ap_memory|            conv1_float_255_255_float_1_9_9_float_float_255_255_w_2|         array|
|conv1_float_255_255_float_1_9_9_float_float_255_255_w_1_address0            |  out|    7|   ap_memory|            conv1_float_255_255_float_1_9_9_float_float_255_255_w_1|         array|
|conv1_float_255_255_float_1_9_9_float_float_255_255_w_1_ce0                 |  out|    1|   ap_memory|            conv1_float_255_255_float_1_9_9_float_float_255_255_w_1|         array|
|conv1_float_255_255_float_1_9_9_float_float_255_255_w_1_q0                  |   in|   32|   ap_memory|            conv1_float_255_255_float_1_9_9_float_float_255_255_w_1|         array|
|conv1_float_255_255_float_1_9_9_float_float_255_255_w_1_address1            |  out|    7|   ap_memory|            conv1_float_255_255_float_1_9_9_float_float_255_255_w_1|         array|
|conv1_float_255_255_float_1_9_9_float_float_255_255_w_1_ce1                 |  out|    1|   ap_memory|            conv1_float_255_255_float_1_9_9_float_float_255_255_w_1|         array|
|conv1_float_255_255_float_1_9_9_float_float_255_255_w_1_q1                  |   in|   32|   ap_memory|            conv1_float_255_255_float_1_9_9_float_float_255_255_w_1|         array|
|conv1_mulmulmulmulfloat_255_255_float_1_9_9_float_float_255_255_w_address0  |  out|    7|   ap_memory|  conv1_mulmulmulmulfloat_255_255_float_1_9_9_float_float_255_255_w|         array|
|conv1_mulmulmulmulfloat_255_255_float_1_9_9_float_float_255_255_w_ce0       |  out|    1|   ap_memory|  conv1_mulmulmulmulfloat_255_255_float_1_9_9_float_float_255_255_w|         array|
|conv1_mulmulmulmulfloat_255_255_float_1_9_9_float_float_255_255_w_q0        |   in|   32|   ap_memory|  conv1_mulmulmulmulfloat_255_255_float_1_9_9_float_float_255_255_w|         array|
|conv1_mulmulmulmulfloat_255_255_float_1_9_9_float_float_255_255_w_address1  |  out|    7|   ap_memory|  conv1_mulmulmulmulfloat_255_255_float_1_9_9_float_float_255_255_w|         array|
|conv1_mulmulmulmulfloat_255_255_float_1_9_9_float_float_255_255_w_ce1       |  out|    1|   ap_memory|  conv1_mulmulmulmulfloat_255_255_float_1_9_9_float_float_255_255_w|         array|
|conv1_mulmulmulmulfloat_255_255_float_1_9_9_float_float_255_255_w_q1        |   in|   32|   ap_memory|  conv1_mulmulmulmulfloat_255_255_float_1_9_9_float_float_255_255_w|         array|
+----------------------------------------------------------------------------+-----+-----+------------+-------------------------------------------------------------------+--------------+

