

================================================================
== Vitis HLS Report for 'conv3_Pipeline_VITIS_LOOP_55_3_VITIS_LOOP_56_4'
================================================================
* Date:           Fri Oct 31 01:55:14 2025

* Version:        2023.1 (Build 3854077 on May  4 2023)
* Project:        srcnn_hls
* Solution:       solution1 (Vivado IP Flow Target)
* Product family: zynquplus
* Target device:  xck26-sfvc784-2LV-c


================================================================
== Performance Estimates
================================================================
+ Timing: 
    * Summary: 
    +--------+----------+----------+------------+
    |  Clock |  Target  | Estimated| Uncertainty|
    +--------+----------+----------+------------+
    |ap_clk  |  10.00 ns|  7.300 ns|     2.70 ns|
    +--------+----------+----------+------------+

+ Latency: 
    * Summary: 
    +---------+---------+----------+----------+-----+-----+---------+
    |  Latency (cycles) |  Latency (absolute) |  Interval | Pipeline|
    |   min   |   max   |    min   |    max   | min | max |   Type  |
    +---------+---------+----------+----------+-----+-----+---------+
    |       28|       28|  0.280 us|  0.280 us|   28|   28|       no|
    +---------+---------+----------+----------+-----+-----+---------+

    + Detail: 
        * Instance: 
        N/A

        * Loop: 
        +-----------------------------------+---------+---------+----------+-----------+-----------+------+----------+
        |                                   |  Latency (cycles) | Iteration|  Initiation Interval  | Trip |          |
        |             Loop Name             |   min   |   max   |  Latency |  achieved |   target  | Count| Pipelined|
        +-----------------------------------+---------+---------+----------+-----------+-----------+------+----------+
        |- VITIS_LOOP_55_3_VITIS_LOOP_56_4  |       26|       26|         3|          1|          1|    25|       yes|
        +-----------------------------------+---------+---------+----------+-----------+-----------+------+----------+



================================================================
== Utilization Estimates
================================================================
* Summary: 
+-----------------+---------+------+--------+--------+-----+
|       Name      | BRAM_18K|  DSP |   FF   |   LUT  | URAM|
+-----------------+---------+------+--------+--------+-----+
|DSP              |        -|     -|       -|       -|    -|
|Expression       |        -|     -|       0|      66|    -|
|FIFO             |        -|     -|       -|       -|    -|
|Instance         |        -|     -|       -|       -|    -|
|Memory           |        -|     -|       -|       -|    -|
|Multiplexer      |        -|     -|       -|      81|    -|
|Register         |        -|     -|      87|       -|    -|
+-----------------+---------+------+--------+--------+-----+
|Total            |        0|     0|      87|     147|    0|
+-----------------+---------+------+--------+--------+-----+
|Available        |      288|  1248|  234240|  117120|   64|
+-----------------+---------+------+--------+--------+-----+
|Utilization (%)  |        0|     0|      ~0|      ~0|    0|
+-----------------+---------+------+--------+--------+-----+

+ Detail: 
    * Instance: 
    N/A

    * DSP: 
    N/A

    * Memory: 
    N/A

    * FIFO: 
    N/A

    * Expression: 
    +----------------------------------+----------+----+---+----+------------+------------+
    |           Variable Name          | Operation| DSP| FF| LUT| Bitwidth P0| Bitwidth P1|
    +----------------------------------+----------+----+---+----+------------+------------+
    |add_ln55_1_fu_473_p2              |         +|   0|  0|  12|           5|           1|
    |add_ln55_fu_485_p2                |         +|   0|  0|  10|           3|           1|
    |add_ln56_fu_513_p2                |         +|   0|  0|  10|           3|           1|
    |ap_block_pp0_stage0_11001         |       and|   0|  0|   2|           1|           1|
    |ap_block_state2_pp0_stage0_iter1  |       and|   0|  0|   2|           1|           1|
    |icmp_ln55_fu_467_p2               |      icmp|   0|  0|  12|           5|           4|
    |icmp_ln56_fu_491_p2               |      icmp|   0|  0|  10|           3|           3|
    |select_ln55_1_fu_505_p3           |    select|   0|  0|   3|           1|           3|
    |select_ln55_fu_497_p3             |    select|   0|  0|   3|           1|           1|
    |ap_enable_pp0                     |       xor|   0|  0|   2|           1|           2|
    +----------------------------------+----------+----+---+----+------------+------------+
    |Total                             |          |   0|  0|  66|          24|          18|
    +----------------------------------+----------+----+---+----+------------+------------+

    * Multiplexer: 
    +----------------------------------------+----+-----------+-----+-----------+
    |                  Name                  | LUT| Input Size| Bits| Total Bits|
    +----------------------------------------+----+-----------+-----+-----------+
    |ap_done_int                             |   9|          2|    1|          2|
    |ap_enable_reg_pp0_iter2                 |   9|          2|    1|          2|
    |ap_sig_allocacmp_indvar_flatten45_load  |   9|          2|    5|         10|
    |ap_sig_allocacmp_kh_load                |   9|          2|    3|          6|
    |ap_sig_allocacmp_kw_load                |   9|          2|    3|          6|
    |indvar_flatten45_fu_120                 |   9|          2|    5|         10|
    |kh_fu_116                               |   9|          2|    3|          6|
    |kw_fu_112                               |   9|          2|    3|          6|
    |w3_blk_n_R                              |   9|          2|    1|          2|
    +----------------------------------------+----+-----------+-----+-----------+
    |Total                                   |  81|         18|   25|         50|
    +----------------------------------------+----+-----------+-----+-----------+

    * Register: 
    +--------------------------------------------------------------------+----+----+-----+-----------+
    |                                Name                                | FF | LUT| Bits| Const Bits|
    +--------------------------------------------------------------------+----+----+-----+-----------+
    |ap_CS_fsm                                                           |   1|   0|    1|          0|
    |ap_done_reg                                                         |   1|   0|    1|          0|
    |ap_enable_reg_pp0_iter1                                             |   1|   0|    1|          0|
    |ap_enable_reg_pp0_iter2                                             |   1|   0|    1|          0|
    |ap_loop_exit_ready_pp0_iter1_reg                                    |   1|   0|    1|          0|
    |bitcast_ln58_reg_736                                                |  32|   0|   32|          0|
    |icmp_ln55_reg_599                                                   |   1|   0|    1|          0|
    |indvar_flatten45_fu_120                                             |   5|   0|    5|          0|
    |kh_fu_116                                                           |   3|   0|    3|          0|
    |kw_fu_112                                                           |   3|   0|    3|          0|
    |p_ZZ5conv3PA255_A255_fPA32_A5_A5_fPfS1_E6w_tile_0_0_0_addr_reg_731  |   1|   0|    3|          2|
    |p_ZZ5conv3PA255_A255_fPA32_A5_A5_fPfS1_E6w_tile_0_1_0_addr_reg_726  |   1|   0|    3|          2|
    |p_ZZ5conv3PA255_A255_fPA32_A5_A5_fPfS1_E6w_tile_0_2_0_addr_reg_721  |   1|   0|    3|          2|
    |p_ZZ5conv3PA255_A255_fPA32_A5_A5_fPfS1_E6w_tile_0_3_0_addr_reg_716  |   1|   0|    3|          2|
    |p_ZZ5conv3PA255_A255_fPA32_A5_A5_fPfS1_E6w_tile_0_4_0_addr_reg_711  |   1|   0|    3|          2|
    |p_ZZ5conv3PA255_A255_fPA32_A5_A5_fPfS1_E6w_tile_1_0_0_addr_reg_706  |   1|   0|    3|          2|
    |p_ZZ5conv3PA255_A255_fPA32_A5_A5_fPfS1_E6w_tile_1_1_0_addr_reg_701  |   1|   0|    3|          2|
    |p_ZZ5conv3PA255_A255_fPA32_A5_A5_fPfS1_E6w_tile_1_2_0_addr_reg_696  |   1|   0|    3|          2|
    |p_ZZ5conv3PA255_A255_fPA32_A5_A5_fPfS1_E6w_tile_1_3_0_addr_reg_691  |   1|   0|    3|          2|
    |p_ZZ5conv3PA255_A255_fPA32_A5_A5_fPfS1_E6w_tile_1_4_0_addr_reg_686  |   1|   0|    3|          2|
    |p_ZZ5conv3PA255_A255_fPA32_A5_A5_fPfS1_E6w_tile_2_0_0_addr_reg_681  |   1|   0|    3|          2|
    |p_ZZ5conv3PA255_A255_fPA32_A5_A5_fPfS1_E6w_tile_2_1_0_addr_reg_676  |   1|   0|    3|          2|
    |p_ZZ5conv3PA255_A255_fPA32_A5_A5_fPfS1_E6w_tile_2_2_0_addr_reg_671  |   1|   0|    3|          2|
    |p_ZZ5conv3PA255_A255_fPA32_A5_A5_fPfS1_E6w_tile_2_3_0_addr_reg_666  |   1|   0|    3|          2|
    |p_ZZ5conv3PA255_A255_fPA32_A5_A5_fPfS1_E6w_tile_2_4_0_addr_reg_661  |   1|   0|    3|          2|
    |p_ZZ5conv3PA255_A255_fPA32_A5_A5_fPfS1_E6w_tile_3_0_0_addr_reg_656  |   1|   0|    3|          2|
    |p_ZZ5conv3PA255_A255_fPA32_A5_A5_fPfS1_E6w_tile_3_1_0_addr_reg_651  |   1|   0|    3|          2|
    |p_ZZ5conv3PA255_A255_fPA32_A5_A5_fPfS1_E6w_tile_3_2_0_addr_reg_646  |   1|   0|    3|          2|
    |p_ZZ5conv3PA255_A255_fPA32_A5_A5_fPfS1_E6w_tile_3_3_0_addr_reg_641  |   1|   0|    3|          2|
    |p_ZZ5conv3PA255_A255_fPA32_A5_A5_fPfS1_E6w_tile_3_4_0_addr_reg_636  |   1|   0|    3|          2|
    |p_ZZ5conv3PA255_A255_fPA32_A5_A5_fPfS1_E6w_tile_4_0_0_addr_reg_631  |   1|   0|    3|          2|
    |p_ZZ5conv3PA255_A255_fPA32_A5_A5_fPfS1_E6w_tile_4_1_0_addr_reg_626  |   1|   0|    3|          2|
    |p_ZZ5conv3PA255_A255_fPA32_A5_A5_fPfS1_E6w_tile_4_2_0_addr_reg_621  |   1|   0|    3|          2|
    |p_ZZ5conv3PA255_A255_fPA32_A5_A5_fPfS1_E6w_tile_4_3_0_addr_reg_616  |   1|   0|    3|          2|
    |p_ZZ5conv3PA255_A255_fPA32_A5_A5_fPfS1_E6w_tile_4_4_0_addr_reg_611  |   1|   0|    3|          2|
    |select_ln55_1_reg_607                                               |   3|   0|    3|          0|
    |select_ln55_1_reg_607_pp0_iter1_reg                                 |   3|   0|    3|          0|
    |select_ln55_reg_603                                                 |   3|   0|    3|          0|
    |select_ln55_reg_603_pp0_iter1_reg                                   |   3|   0|    3|          0|
    |zext_ln52_1_cast_reg_570                                            |   1|   0|   64|         63|
    +--------------------------------------------------------------------+----+----+-----+-----------+
    |Total                                                               |  87|   0|  200|        113|
    +--------------------------------------------------------------------+----+----+-----+-----------+



================================================================
== Interface
================================================================
* Summary: 
+----------------------------------------------------------------+-----+-----+------------+-------------------------------------------------------+--------------+
|                            RTL Ports                           | Dir | Bits|  Protocol  |                     Source Object                     |    C Type    |
+----------------------------------------------------------------+-----+-----+------------+-------------------------------------------------------+--------------+
|ap_clk                                                          |   in|    1|  ap_ctrl_hs|         conv3_Pipeline_VITIS_LOOP_55_3_VITIS_LOOP_56_4|  return value|
|ap_rst                                                          |   in|    1|  ap_ctrl_hs|         conv3_Pipeline_VITIS_LOOP_55_3_VITIS_LOOP_56_4|  return value|
|ap_start                                                        |   in|    1|  ap_ctrl_hs|         conv3_Pipeline_VITIS_LOOP_55_3_VITIS_LOOP_56_4|  return value|
|ap_done                                                         |  out|    1|  ap_ctrl_hs|         conv3_Pipeline_VITIS_LOOP_55_3_VITIS_LOOP_56_4|  return value|
|ap_idle                                                         |  out|    1|  ap_ctrl_hs|         conv3_Pipeline_VITIS_LOOP_55_3_VITIS_LOOP_56_4|  return value|
|ap_ready                                                        |  out|    1|  ap_ctrl_hs|         conv3_Pipeline_VITIS_LOOP_55_3_VITIS_LOOP_56_4|  return value|
|m_axi_w3_AWVALID                                                |  out|    1|       m_axi|                                                     w3|       pointer|
|m_axi_w3_AWREADY                                                |   in|    1|       m_axi|                                                     w3|       pointer|
|m_axi_w3_AWADDR                                                 |  out|   64|       m_axi|                                                     w3|       pointer|
|m_axi_w3_AWID                                                   |  out|    1|       m_axi|                                                     w3|       pointer|
|m_axi_w3_AWLEN                                                  |  out|   32|       m_axi|                                                     w3|       pointer|
|m_axi_w3_AWSIZE                                                 |  out|    3|       m_axi|                                                     w3|       pointer|
|m_axi_w3_AWBURST                                                |  out|    2|       m_axi|                                                     w3|       pointer|
|m_axi_w3_AWLOCK                                                 |  out|    2|       m_axi|                                                     w3|       pointer|
|m_axi_w3_AWCACHE                                                |  out|    4|       m_axi|                                                     w3|       pointer|
|m_axi_w3_AWPROT                                                 |  out|    3|       m_axi|                                                     w3|       pointer|
|m_axi_w3_AWQOS                                                  |  out|    4|       m_axi|                                                     w3|       pointer|
|m_axi_w3_AWREGION                                               |  out|    4|       m_axi|                                                     w3|       pointer|
|m_axi_w3_AWUSER                                                 |  out|    1|       m_axi|                                                     w3|       pointer|
|m_axi_w3_WVALID                                                 |  out|    1|       m_axi|                                                     w3|       pointer|
|m_axi_w3_WREADY                                                 |   in|    1|       m_axi|                                                     w3|       pointer|
|m_axi_w3_WDATA                                                  |  out|   32|       m_axi|                                                     w3|       pointer|
|m_axi_w3_WSTRB                                                  |  out|    4|       m_axi|                                                     w3|       pointer|
|m_axi_w3_WLAST                                                  |  out|    1|       m_axi|                                                     w3|       pointer|
|m_axi_w3_WID                                                    |  out|    1|       m_axi|                                                     w3|       pointer|
|m_axi_w3_WUSER                                                  |  out|    1|       m_axi|                                                     w3|       pointer|
|m_axi_w3_ARVALID                                                |  out|    1|       m_axi|                                                     w3|       pointer|
|m_axi_w3_ARREADY                                                |   in|    1|       m_axi|                                                     w3|       pointer|
|m_axi_w3_ARADDR                                                 |  out|   64|       m_axi|                                                     w3|       pointer|
|m_axi_w3_ARID                                                   |  out|    1|       m_axi|                                                     w3|       pointer|
|m_axi_w3_ARLEN                                                  |  out|   32|       m_axi|                                                     w3|       pointer|
|m_axi_w3_ARSIZE                                                 |  out|    3|       m_axi|                                                     w3|       pointer|
|m_axi_w3_ARBURST                                                |  out|    2|       m_axi|                                                     w3|       pointer|
|m_axi_w3_ARLOCK                                                 |  out|    2|       m_axi|                                                     w3|       pointer|
|m_axi_w3_ARCACHE                                                |  out|    4|       m_axi|                                                     w3|       pointer|
|m_axi_w3_ARPROT                                                 |  out|    3|       m_axi|                                                     w3|       pointer|
|m_axi_w3_ARQOS                                                  |  out|    4|       m_axi|                                                     w3|       pointer|
|m_axi_w3_ARREGION                                               |  out|    4|       m_axi|                                                     w3|       pointer|
|m_axi_w3_ARUSER                                                 |  out|    1|       m_axi|                                                     w3|       pointer|
|m_axi_w3_RVALID                                                 |   in|    1|       m_axi|                                                     w3|       pointer|
|m_axi_w3_RREADY                                                 |  out|    1|       m_axi|                                                     w3|       pointer|
|m_axi_w3_RDATA                                                  |   in|   32|       m_axi|                                                     w3|       pointer|
|m_axi_w3_RLAST                                                  |   in|    1|       m_axi|                                                     w3|       pointer|
|m_axi_w3_RID                                                    |   in|    1|       m_axi|                                                     w3|       pointer|
|m_axi_w3_RFIFONUM                                               |   in|    9|       m_axi|                                                     w3|       pointer|
|m_axi_w3_RUSER                                                  |   in|    1|       m_axi|                                                     w3|       pointer|
|m_axi_w3_RRESP                                                  |   in|    2|       m_axi|                                                     w3|       pointer|
|m_axi_w3_BVALID                                                 |   in|    1|       m_axi|                                                     w3|       pointer|
|m_axi_w3_BREADY                                                 |  out|    1|       m_axi|                                                     w3|       pointer|
|m_axi_w3_BRESP                                                  |   in|    2|       m_axi|                                                     w3|       pointer|
|m_axi_w3_BID                                                    |   in|    1|       m_axi|                                                     w3|       pointer|
|m_axi_w3_BUSER                                                  |   in|    1|       m_axi|                                                     w3|       pointer|
|zext_ln52_1                                                     |   in|    1|     ap_none|                                            zext_ln52_1|        scalar|
|sext_ln55                                                       |   in|   62|     ap_none|                                              sext_ln55|        scalar|
|p_ZZ5conv3PA255_A255_fPA32_A5_A5_fPfS1_E6w_tile_0_0_0_address0  |  out|    3|   ap_memory|  p_ZZ5conv3PA255_A255_fPA32_A5_A5_fPfS1_E6w_tile_0_0_0|         array|
|p_ZZ5conv3PA255_A255_fPA32_A5_A5_fPfS1_E6w_tile_0_0_0_ce0       |  out|    1|   ap_memory|  p_ZZ5conv3PA255_A255_fPA32_A5_A5_fPfS1_E6w_tile_0_0_0|         array|
|p_ZZ5conv3PA255_A255_fPA32_A5_A5_fPfS1_E6w_tile_0_0_0_we0       |  out|    1|   ap_memory|  p_ZZ5conv3PA255_A255_fPA32_A5_A5_fPfS1_E6w_tile_0_0_0|         array|
|p_ZZ5conv3PA255_A255_fPA32_A5_A5_fPfS1_E6w_tile_0_0_0_d0        |  out|   32|   ap_memory|  p_ZZ5conv3PA255_A255_fPA32_A5_A5_fPfS1_E6w_tile_0_0_0|         array|
|p_ZZ5conv3PA255_A255_fPA32_A5_A5_fPfS1_E6w_tile_0_1_0_address0  |  out|    3|   ap_memory|  p_ZZ5conv3PA255_A255_fPA32_A5_A5_fPfS1_E6w_tile_0_1_0|         array|
|p_ZZ5conv3PA255_A255_fPA32_A5_A5_fPfS1_E6w_tile_0_1_0_ce0       |  out|    1|   ap_memory|  p_ZZ5conv3PA255_A255_fPA32_A5_A5_fPfS1_E6w_tile_0_1_0|         array|
|p_ZZ5conv3PA255_A255_fPA32_A5_A5_fPfS1_E6w_tile_0_1_0_we0       |  out|    1|   ap_memory|  p_ZZ5conv3PA255_A255_fPA32_A5_A5_fPfS1_E6w_tile_0_1_0|         array|
|p_ZZ5conv3PA255_A255_fPA32_A5_A5_fPfS1_E6w_tile_0_1_0_d0        |  out|   32|   ap_memory|  p_ZZ5conv3PA255_A255_fPA32_A5_A5_fPfS1_E6w_tile_0_1_0|         array|
|p_ZZ5conv3PA255_A255_fPA32_A5_A5_fPfS1_E6w_tile_0_2_0_address0  |  out|    3|   ap_memory|  p_ZZ5conv3PA255_A255_fPA32_A5_A5_fPfS1_E6w_tile_0_2_0|         array|
|p_ZZ5conv3PA255_A255_fPA32_A5_A5_fPfS1_E6w_tile_0_2_0_ce0       |  out|    1|   ap_memory|  p_ZZ5conv3PA255_A255_fPA32_A5_A5_fPfS1_E6w_tile_0_2_0|         array|
|p_ZZ5conv3PA255_A255_fPA32_A5_A5_fPfS1_E6w_tile_0_2_0_we0       |  out|    1|   ap_memory|  p_ZZ5conv3PA255_A255_fPA32_A5_A5_fPfS1_E6w_tile_0_2_0|         array|
|p_ZZ5conv3PA255_A255_fPA32_A5_A5_fPfS1_E6w_tile_0_2_0_d0        |  out|   32|   ap_memory|  p_ZZ5conv3PA255_A255_fPA32_A5_A5_fPfS1_E6w_tile_0_2_0|         array|
|p_ZZ5conv3PA255_A255_fPA32_A5_A5_fPfS1_E6w_tile_0_3_0_address0  |  out|    3|   ap_memory|  p_ZZ5conv3PA255_A255_fPA32_A5_A5_fPfS1_E6w_tile_0_3_0|         array|
|p_ZZ5conv3PA255_A255_fPA32_A5_A5_fPfS1_E6w_tile_0_3_0_ce0       |  out|    1|   ap_memory|  p_ZZ5conv3PA255_A255_fPA32_A5_A5_fPfS1_E6w_tile_0_3_0|         array|
|p_ZZ5conv3PA255_A255_fPA32_A5_A5_fPfS1_E6w_tile_0_3_0_we0       |  out|    1|   ap_memory|  p_ZZ5conv3PA255_A255_fPA32_A5_A5_fPfS1_E6w_tile_0_3_0|         array|
|p_ZZ5conv3PA255_A255_fPA32_A5_A5_fPfS1_E6w_tile_0_3_0_d0        |  out|   32|   ap_memory|  p_ZZ5conv3PA255_A255_fPA32_A5_A5_fPfS1_E6w_tile_0_3_0|         array|
|p_ZZ5conv3PA255_A255_fPA32_A5_A5_fPfS1_E6w_tile_0_4_0_address0  |  out|    3|   ap_memory|  p_ZZ5conv3PA255_A255_fPA32_A5_A5_fPfS1_E6w_tile_0_4_0|         array|
|p_ZZ5conv3PA255_A255_fPA32_A5_A5_fPfS1_E6w_tile_0_4_0_ce0       |  out|    1|   ap_memory|  p_ZZ5conv3PA255_A255_fPA32_A5_A5_fPfS1_E6w_tile_0_4_0|         array|
|p_ZZ5conv3PA255_A255_fPA32_A5_A5_fPfS1_E6w_tile_0_4_0_we0       |  out|    1|   ap_memory|  p_ZZ5conv3PA255_A255_fPA32_A5_A5_fPfS1_E6w_tile_0_4_0|         array|
|p_ZZ5conv3PA255_A255_fPA32_A5_A5_fPfS1_E6w_tile_0_4_0_d0        |  out|   32|   ap_memory|  p_ZZ5conv3PA255_A255_fPA32_A5_A5_fPfS1_E6w_tile_0_4_0|         array|
|p_ZZ5conv3PA255_A255_fPA32_A5_A5_fPfS1_E6w_tile_1_0_0_address0  |  out|    3|   ap_memory|  p_ZZ5conv3PA255_A255_fPA32_A5_A5_fPfS1_E6w_tile_1_0_0|         array|
|p_ZZ5conv3PA255_A255_fPA32_A5_A5_fPfS1_E6w_tile_1_0_0_ce0       |  out|    1|   ap_memory|  p_ZZ5conv3PA255_A255_fPA32_A5_A5_fPfS1_E6w_tile_1_0_0|         array|
|p_ZZ5conv3PA255_A255_fPA32_A5_A5_fPfS1_E6w_tile_1_0_0_we0       |  out|    1|   ap_memory|  p_ZZ5conv3PA255_A255_fPA32_A5_A5_fPfS1_E6w_tile_1_0_0|         array|
|p_ZZ5conv3PA255_A255_fPA32_A5_A5_fPfS1_E6w_tile_1_0_0_d0        |  out|   32|   ap_memory|  p_ZZ5conv3PA255_A255_fPA32_A5_A5_fPfS1_E6w_tile_1_0_0|         array|
|p_ZZ5conv3PA255_A255_fPA32_A5_A5_fPfS1_E6w_tile_1_1_0_address0  |  out|    3|   ap_memory|  p_ZZ5conv3PA255_A255_fPA32_A5_A5_fPfS1_E6w_tile_1_1_0|         array|
|p_ZZ5conv3PA255_A255_fPA32_A5_A5_fPfS1_E6w_tile_1_1_0_ce0       |  out|    1|   ap_memory|  p_ZZ5conv3PA255_A255_fPA32_A5_A5_fPfS1_E6w_tile_1_1_0|         array|
|p_ZZ5conv3PA255_A255_fPA32_A5_A5_fPfS1_E6w_tile_1_1_0_we0       |  out|    1|   ap_memory|  p_ZZ5conv3PA255_A255_fPA32_A5_A5_fPfS1_E6w_tile_1_1_0|         array|
|p_ZZ5conv3PA255_A255_fPA32_A5_A5_fPfS1_E6w_tile_1_1_0_d0        |  out|   32|   ap_memory|  p_ZZ5conv3PA255_A255_fPA32_A5_A5_fPfS1_E6w_tile_1_1_0|         array|
|p_ZZ5conv3PA255_A255_fPA32_A5_A5_fPfS1_E6w_tile_1_2_0_address0  |  out|    3|   ap_memory|  p_ZZ5conv3PA255_A255_fPA32_A5_A5_fPfS1_E6w_tile_1_2_0|         array|
|p_ZZ5conv3PA255_A255_fPA32_A5_A5_fPfS1_E6w_tile_1_2_0_ce0       |  out|    1|   ap_memory|  p_ZZ5conv3PA255_A255_fPA32_A5_A5_fPfS1_E6w_tile_1_2_0|         array|
|p_ZZ5conv3PA255_A255_fPA32_A5_A5_fPfS1_E6w_tile_1_2_0_we0       |  out|    1|   ap_memory|  p_ZZ5conv3PA255_A255_fPA32_A5_A5_fPfS1_E6w_tile_1_2_0|         array|
|p_ZZ5conv3PA255_A255_fPA32_A5_A5_fPfS1_E6w_tile_1_2_0_d0        |  out|   32|   ap_memory|  p_ZZ5conv3PA255_A255_fPA32_A5_A5_fPfS1_E6w_tile_1_2_0|         array|
|p_ZZ5conv3PA255_A255_fPA32_A5_A5_fPfS1_E6w_tile_1_3_0_address0  |  out|    3|   ap_memory|  p_ZZ5conv3PA255_A255_fPA32_A5_A5_fPfS1_E6w_tile_1_3_0|         array|
|p_ZZ5conv3PA255_A255_fPA32_A5_A5_fPfS1_E6w_tile_1_3_0_ce0       |  out|    1|   ap_memory|  p_ZZ5conv3PA255_A255_fPA32_A5_A5_fPfS1_E6w_tile_1_3_0|         array|
|p_ZZ5conv3PA255_A255_fPA32_A5_A5_fPfS1_E6w_tile_1_3_0_we0       |  out|    1|   ap_memory|  p_ZZ5conv3PA255_A255_fPA32_A5_A5_fPfS1_E6w_tile_1_3_0|         array|
|p_ZZ5conv3PA255_A255_fPA32_A5_A5_fPfS1_E6w_tile_1_3_0_d0        |  out|   32|   ap_memory|  p_ZZ5conv3PA255_A255_fPA32_A5_A5_fPfS1_E6w_tile_1_3_0|         array|
|p_ZZ5conv3PA255_A255_fPA32_A5_A5_fPfS1_E6w_tile_1_4_0_address0  |  out|    3|   ap_memory|  p_ZZ5conv3PA255_A255_fPA32_A5_A5_fPfS1_E6w_tile_1_4_0|         array|
|p_ZZ5conv3PA255_A255_fPA32_A5_A5_fPfS1_E6w_tile_1_4_0_ce0       |  out|    1|   ap_memory|  p_ZZ5conv3PA255_A255_fPA32_A5_A5_fPfS1_E6w_tile_1_4_0|         array|
|p_ZZ5conv3PA255_A255_fPA32_A5_A5_fPfS1_E6w_tile_1_4_0_we0       |  out|    1|   ap_memory|  p_ZZ5conv3PA255_A255_fPA32_A5_A5_fPfS1_E6w_tile_1_4_0|         array|
|p_ZZ5conv3PA255_A255_fPA32_A5_A5_fPfS1_E6w_tile_1_4_0_d0        |  out|   32|   ap_memory|  p_ZZ5conv3PA255_A255_fPA32_A5_A5_fPfS1_E6w_tile_1_4_0|         array|
|p_ZZ5conv3PA255_A255_fPA32_A5_A5_fPfS1_E6w_tile_2_0_0_address0  |  out|    3|   ap_memory|  p_ZZ5conv3PA255_A255_fPA32_A5_A5_fPfS1_E6w_tile_2_0_0|         array|
|p_ZZ5conv3PA255_A255_fPA32_A5_A5_fPfS1_E6w_tile_2_0_0_ce0       |  out|    1|   ap_memory|  p_ZZ5conv3PA255_A255_fPA32_A5_A5_fPfS1_E6w_tile_2_0_0|         array|
|p_ZZ5conv3PA255_A255_fPA32_A5_A5_fPfS1_E6w_tile_2_0_0_we0       |  out|    1|   ap_memory|  p_ZZ5conv3PA255_A255_fPA32_A5_A5_fPfS1_E6w_tile_2_0_0|         array|
|p_ZZ5conv3PA255_A255_fPA32_A5_A5_fPfS1_E6w_tile_2_0_0_d0        |  out|   32|   ap_memory|  p_ZZ5conv3PA255_A255_fPA32_A5_A5_fPfS1_E6w_tile_2_0_0|         array|
|p_ZZ5conv3PA255_A255_fPA32_A5_A5_fPfS1_E6w_tile_2_1_0_address0  |  out|    3|   ap_memory|  p_ZZ5conv3PA255_A255_fPA32_A5_A5_fPfS1_E6w_tile_2_1_0|         array|
|p_ZZ5conv3PA255_A255_fPA32_A5_A5_fPfS1_E6w_tile_2_1_0_ce0       |  out|    1|   ap_memory|  p_ZZ5conv3PA255_A255_fPA32_A5_A5_fPfS1_E6w_tile_2_1_0|         array|
|p_ZZ5conv3PA255_A255_fPA32_A5_A5_fPfS1_E6w_tile_2_1_0_we0       |  out|    1|   ap_memory|  p_ZZ5conv3PA255_A255_fPA32_A5_A5_fPfS1_E6w_tile_2_1_0|         array|
|p_ZZ5conv3PA255_A255_fPA32_A5_A5_fPfS1_E6w_tile_2_1_0_d0        |  out|   32|   ap_memory|  p_ZZ5conv3PA255_A255_fPA32_A5_A5_fPfS1_E6w_tile_2_1_0|         array|
|p_ZZ5conv3PA255_A255_fPA32_A5_A5_fPfS1_E6w_tile_2_2_0_address0  |  out|    3|   ap_memory|  p_ZZ5conv3PA255_A255_fPA32_A5_A5_fPfS1_E6w_tile_2_2_0|         array|
|p_ZZ5conv3PA255_A255_fPA32_A5_A5_fPfS1_E6w_tile_2_2_0_ce0       |  out|    1|   ap_memory|  p_ZZ5conv3PA255_A255_fPA32_A5_A5_fPfS1_E6w_tile_2_2_0|         array|
|p_ZZ5conv3PA255_A255_fPA32_A5_A5_fPfS1_E6w_tile_2_2_0_we0       |  out|    1|   ap_memory|  p_ZZ5conv3PA255_A255_fPA32_A5_A5_fPfS1_E6w_tile_2_2_0|         array|
|p_ZZ5conv3PA255_A255_fPA32_A5_A5_fPfS1_E6w_tile_2_2_0_d0        |  out|   32|   ap_memory|  p_ZZ5conv3PA255_A255_fPA32_A5_A5_fPfS1_E6w_tile_2_2_0|         array|
|p_ZZ5conv3PA255_A255_fPA32_A5_A5_fPfS1_E6w_tile_2_3_0_address0  |  out|    3|   ap_memory|  p_ZZ5conv3PA255_A255_fPA32_A5_A5_fPfS1_E6w_tile_2_3_0|         array|
|p_ZZ5conv3PA255_A255_fPA32_A5_A5_fPfS1_E6w_tile_2_3_0_ce0       |  out|    1|   ap_memory|  p_ZZ5conv3PA255_A255_fPA32_A5_A5_fPfS1_E6w_tile_2_3_0|         array|
|p_ZZ5conv3PA255_A255_fPA32_A5_A5_fPfS1_E6w_tile_2_3_0_we0       |  out|    1|   ap_memory|  p_ZZ5conv3PA255_A255_fPA32_A5_A5_fPfS1_E6w_tile_2_3_0|         array|
|p_ZZ5conv3PA255_A255_fPA32_A5_A5_fPfS1_E6w_tile_2_3_0_d0        |  out|   32|   ap_memory|  p_ZZ5conv3PA255_A255_fPA32_A5_A5_fPfS1_E6w_tile_2_3_0|         array|
|p_ZZ5conv3PA255_A255_fPA32_A5_A5_fPfS1_E6w_tile_2_4_0_address0  |  out|    3|   ap_memory|  p_ZZ5conv3PA255_A255_fPA32_A5_A5_fPfS1_E6w_tile_2_4_0|         array|
|p_ZZ5conv3PA255_A255_fPA32_A5_A5_fPfS1_E6w_tile_2_4_0_ce0       |  out|    1|   ap_memory|  p_ZZ5conv3PA255_A255_fPA32_A5_A5_fPfS1_E6w_tile_2_4_0|         array|
|p_ZZ5conv3PA255_A255_fPA32_A5_A5_fPfS1_E6w_tile_2_4_0_we0       |  out|    1|   ap_memory|  p_ZZ5conv3PA255_A255_fPA32_A5_A5_fPfS1_E6w_tile_2_4_0|         array|
|p_ZZ5conv3PA255_A255_fPA32_A5_A5_fPfS1_E6w_tile_2_4_0_d0        |  out|   32|   ap_memory|  p_ZZ5conv3PA255_A255_fPA32_A5_A5_fPfS1_E6w_tile_2_4_0|         array|
|p_ZZ5conv3PA255_A255_fPA32_A5_A5_fPfS1_E6w_tile_3_0_0_address0  |  out|    3|   ap_memory|  p_ZZ5conv3PA255_A255_fPA32_A5_A5_fPfS1_E6w_tile_3_0_0|         array|
|p_ZZ5conv3PA255_A255_fPA32_A5_A5_fPfS1_E6w_tile_3_0_0_ce0       |  out|    1|   ap_memory|  p_ZZ5conv3PA255_A255_fPA32_A5_A5_fPfS1_E6w_tile_3_0_0|         array|
|p_ZZ5conv3PA255_A255_fPA32_A5_A5_fPfS1_E6w_tile_3_0_0_we0       |  out|    1|   ap_memory|  p_ZZ5conv3PA255_A255_fPA32_A5_A5_fPfS1_E6w_tile_3_0_0|         array|
|p_ZZ5conv3PA255_A255_fPA32_A5_A5_fPfS1_E6w_tile_3_0_0_d0        |  out|   32|   ap_memory|  p_ZZ5conv3PA255_A255_fPA32_A5_A5_fPfS1_E6w_tile_3_0_0|         array|
|p_ZZ5conv3PA255_A255_fPA32_A5_A5_fPfS1_E6w_tile_3_1_0_address0  |  out|    3|   ap_memory|  p_ZZ5conv3PA255_A255_fPA32_A5_A5_fPfS1_E6w_tile_3_1_0|         array|
|p_ZZ5conv3PA255_A255_fPA32_A5_A5_fPfS1_E6w_tile_3_1_0_ce0       |  out|    1|   ap_memory|  p_ZZ5conv3PA255_A255_fPA32_A5_A5_fPfS1_E6w_tile_3_1_0|         array|
|p_ZZ5conv3PA255_A255_fPA32_A5_A5_fPfS1_E6w_tile_3_1_0_we0       |  out|    1|   ap_memory|  p_ZZ5conv3PA255_A255_fPA32_A5_A5_fPfS1_E6w_tile_3_1_0|         array|
|p_ZZ5conv3PA255_A255_fPA32_A5_A5_fPfS1_E6w_tile_3_1_0_d0        |  out|   32|   ap_memory|  p_ZZ5conv3PA255_A255_fPA32_A5_A5_fPfS1_E6w_tile_3_1_0|         array|
|p_ZZ5conv3PA255_A255_fPA32_A5_A5_fPfS1_E6w_tile_3_2_0_address0  |  out|    3|   ap_memory|  p_ZZ5conv3PA255_A255_fPA32_A5_A5_fPfS1_E6w_tile_3_2_0|         array|
|p_ZZ5conv3PA255_A255_fPA32_A5_A5_fPfS1_E6w_tile_3_2_0_ce0       |  out|    1|   ap_memory|  p_ZZ5conv3PA255_A255_fPA32_A5_A5_fPfS1_E6w_tile_3_2_0|         array|
|p_ZZ5conv3PA255_A255_fPA32_A5_A5_fPfS1_E6w_tile_3_2_0_we0       |  out|    1|   ap_memory|  p_ZZ5conv3PA255_A255_fPA32_A5_A5_fPfS1_E6w_tile_3_2_0|         array|
|p_ZZ5conv3PA255_A255_fPA32_A5_A5_fPfS1_E6w_tile_3_2_0_d0        |  out|   32|   ap_memory|  p_ZZ5conv3PA255_A255_fPA32_A5_A5_fPfS1_E6w_tile_3_2_0|         array|
|p_ZZ5conv3PA255_A255_fPA32_A5_A5_fPfS1_E6w_tile_3_3_0_address0  |  out|    3|   ap_memory|  p_ZZ5conv3PA255_A255_fPA32_A5_A5_fPfS1_E6w_tile_3_3_0|         array|
|p_ZZ5conv3PA255_A255_fPA32_A5_A5_fPfS1_E6w_tile_3_3_0_ce0       |  out|    1|   ap_memory|  p_ZZ5conv3PA255_A255_fPA32_A5_A5_fPfS1_E6w_tile_3_3_0|         array|
|p_ZZ5conv3PA255_A255_fPA32_A5_A5_fPfS1_E6w_tile_3_3_0_we0       |  out|    1|   ap_memory|  p_ZZ5conv3PA255_A255_fPA32_A5_A5_fPfS1_E6w_tile_3_3_0|         array|
|p_ZZ5conv3PA255_A255_fPA32_A5_A5_fPfS1_E6w_tile_3_3_0_d0        |  out|   32|   ap_memory|  p_ZZ5conv3PA255_A255_fPA32_A5_A5_fPfS1_E6w_tile_3_3_0|         array|
|p_ZZ5conv3PA255_A255_fPA32_A5_A5_fPfS1_E6w_tile_3_4_0_address0  |  out|    3|   ap_memory|  p_ZZ5conv3PA255_A255_fPA32_A5_A5_fPfS1_E6w_tile_3_4_0|         array|
|p_ZZ5conv3PA255_A255_fPA32_A5_A5_fPfS1_E6w_tile_3_4_0_ce0       |  out|    1|   ap_memory|  p_ZZ5conv3PA255_A255_fPA32_A5_A5_fPfS1_E6w_tile_3_4_0|         array|
|p_ZZ5conv3PA255_A255_fPA32_A5_A5_fPfS1_E6w_tile_3_4_0_we0       |  out|    1|   ap_memory|  p_ZZ5conv3PA255_A255_fPA32_A5_A5_fPfS1_E6w_tile_3_4_0|         array|
|p_ZZ5conv3PA255_A255_fPA32_A5_A5_fPfS1_E6w_tile_3_4_0_d0        |  out|   32|   ap_memory|  p_ZZ5conv3PA255_A255_fPA32_A5_A5_fPfS1_E6w_tile_3_4_0|         array|
|p_ZZ5conv3PA255_A255_fPA32_A5_A5_fPfS1_E6w_tile_4_0_0_address0  |  out|    3|   ap_memory|  p_ZZ5conv3PA255_A255_fPA32_A5_A5_fPfS1_E6w_tile_4_0_0|         array|
|p_ZZ5conv3PA255_A255_fPA32_A5_A5_fPfS1_E6w_tile_4_0_0_ce0       |  out|    1|   ap_memory|  p_ZZ5conv3PA255_A255_fPA32_A5_A5_fPfS1_E6w_tile_4_0_0|         array|
|p_ZZ5conv3PA255_A255_fPA32_A5_A5_fPfS1_E6w_tile_4_0_0_we0       |  out|    1|   ap_memory|  p_ZZ5conv3PA255_A255_fPA32_A5_A5_fPfS1_E6w_tile_4_0_0|         array|
|p_ZZ5conv3PA255_A255_fPA32_A5_A5_fPfS1_E6w_tile_4_0_0_d0        |  out|   32|   ap_memory|  p_ZZ5conv3PA255_A255_fPA32_A5_A5_fPfS1_E6w_tile_4_0_0|         array|
|p_ZZ5conv3PA255_A255_fPA32_A5_A5_fPfS1_E6w_tile_4_1_0_address0  |  out|    3|   ap_memory|  p_ZZ5conv3PA255_A255_fPA32_A5_A5_fPfS1_E6w_tile_4_1_0|         array|
|p_ZZ5conv3PA255_A255_fPA32_A5_A5_fPfS1_E6w_tile_4_1_0_ce0       |  out|    1|   ap_memory|  p_ZZ5conv3PA255_A255_fPA32_A5_A5_fPfS1_E6w_tile_4_1_0|         array|
|p_ZZ5conv3PA255_A255_fPA32_A5_A5_fPfS1_E6w_tile_4_1_0_we0       |  out|    1|   ap_memory|  p_ZZ5conv3PA255_A255_fPA32_A5_A5_fPfS1_E6w_tile_4_1_0|         array|
|p_ZZ5conv3PA255_A255_fPA32_A5_A5_fPfS1_E6w_tile_4_1_0_d0        |  out|   32|   ap_memory|  p_ZZ5conv3PA255_A255_fPA32_A5_A5_fPfS1_E6w_tile_4_1_0|         array|
|p_ZZ5conv3PA255_A255_fPA32_A5_A5_fPfS1_E6w_tile_4_2_0_address0  |  out|    3|   ap_memory|  p_ZZ5conv3PA255_A255_fPA32_A5_A5_fPfS1_E6w_tile_4_2_0|         array|
|p_ZZ5conv3PA255_A255_fPA32_A5_A5_fPfS1_E6w_tile_4_2_0_ce0       |  out|    1|   ap_memory|  p_ZZ5conv3PA255_A255_fPA32_A5_A5_fPfS1_E6w_tile_4_2_0|         array|
|p_ZZ5conv3PA255_A255_fPA32_A5_A5_fPfS1_E6w_tile_4_2_0_we0       |  out|    1|   ap_memory|  p_ZZ5conv3PA255_A255_fPA32_A5_A5_fPfS1_E6w_tile_4_2_0|         array|
|p_ZZ5conv3PA255_A255_fPA32_A5_A5_fPfS1_E6w_tile_4_2_0_d0        |  out|   32|   ap_memory|  p_ZZ5conv3PA255_A255_fPA32_A5_A5_fPfS1_E6w_tile_4_2_0|         array|
|p_ZZ5conv3PA255_A255_fPA32_A5_A5_fPfS1_E6w_tile_4_3_0_address0  |  out|    3|   ap_memory|  p_ZZ5conv3PA255_A255_fPA32_A5_A5_fPfS1_E6w_tile_4_3_0|         array|
|p_ZZ5conv3PA255_A255_fPA32_A5_A5_fPfS1_E6w_tile_4_3_0_ce0       |  out|    1|   ap_memory|  p_ZZ5conv3PA255_A255_fPA32_A5_A5_fPfS1_E6w_tile_4_3_0|         array|
|p_ZZ5conv3PA255_A255_fPA32_A5_A5_fPfS1_E6w_tile_4_3_0_we0       |  out|    1|   ap_memory|  p_ZZ5conv3PA255_A255_fPA32_A5_A5_fPfS1_E6w_tile_4_3_0|         array|
|p_ZZ5conv3PA255_A255_fPA32_A5_A5_fPfS1_E6w_tile_4_3_0_d0        |  out|   32|   ap_memory|  p_ZZ5conv3PA255_A255_fPA32_A5_A5_fPfS1_E6w_tile_4_3_0|         array|
|p_ZZ5conv3PA255_A255_fPA32_A5_A5_fPfS1_E6w_tile_4_4_0_address0  |  out|    3|   ap_memory|  p_ZZ5conv3PA255_A255_fPA32_A5_A5_fPfS1_E6w_tile_4_4_0|         array|
|p_ZZ5conv3PA255_A255_fPA32_A5_A5_fPfS1_E6w_tile_4_4_0_ce0       |  out|    1|   ap_memory|  p_ZZ5conv3PA255_A255_fPA32_A5_A5_fPfS1_E6w_tile_4_4_0|         array|
|p_ZZ5conv3PA255_A255_fPA32_A5_A5_fPfS1_E6w_tile_4_4_0_we0       |  out|    1|   ap_memory|  p_ZZ5conv3PA255_A255_fPA32_A5_A5_fPfS1_E6w_tile_4_4_0|         array|
|p_ZZ5conv3PA255_A255_fPA32_A5_A5_fPfS1_E6w_tile_4_4_0_d0        |  out|   32|   ap_memory|  p_ZZ5conv3PA255_A255_fPA32_A5_A5_fPfS1_E6w_tile_4_4_0|         array|
+----------------------------------------------------------------+-----+-----+------------+-------------------------------------------------------+--------------+

