

================================================================
== Vitis HLS Report for 'conv1'
================================================================
* Date:           Thu Oct 30 11:33:26 2025

* Version:        2023.1 (Build 3854077 on May  4 2023)
* Project:        srcnn_hls
* Solution:       solution1 (Vivado IP Flow Target)
* Product family: zynquplus
* Target device:  xck26-sfvc784-2LV-c


================================================================
== Performance Estimates
================================================================
+ Timing: 
    * Summary: 
    +--------+----------+----------+------------+
    |  Clock |  Target  | Estimated| Uncertainty|
    +--------+----------+----------+------------+
    |ap_clk  |  10.00 ns|  7.300 ns|     2.70 ns|
    +--------+----------+----------+------------+

+ Latency: 
    * Summary: 
    +---------+---------+----------+----------+-----+-----+----------+
    |  Latency (cycles) |  Latency (absolute) |  Interval | Pipeline |
    |   min   |   max   |    min   |    max   | min | max |   Type   |
    +---------+---------+----------+----------+-----+-----+----------+
    |        ?|        ?|         ?|         ?|    ?|    ?|  dataflow|
    +---------+---------+----------+----------+-----+-----+----------+

    + Detail: 
        * Instance: 
        +-------------------------+----------------------+---------+----------+-----------+-----------+---------+----------+---------+
        |                         |                      |  Latency (cycles)  |   Latency (absolute)  |      Interval      | Pipeline|
        |         Instance        |        Module        |   min   |    max   |    min    |    max    |   min   |    max   |   Type  |
        +-------------------------+----------------------+---------+----------+-----------+-----------+---------+----------+---------+
        |gen_tiles_stream_all_U0  |gen_tiles_stream_all  |      657|       657|   6.570 us|   6.570 us|      657|       657|       no|
        |entry_proc_U0            |entry_proc            |        0|         0|       0 ns|       0 ns|        0|         0|       no|
        |load_stage_U0            |load_stage            |        ?|         ?|          ?|          ?|        ?|         ?|       no|
        |compute_stage_U0         |compute_stage         |        ?|         ?|          ?|          ?|        ?|         ?|       no|
        |store_stage_U0           |store_stage           |  1082369|  10519553|  10.824 ms|  0.105 sec|  1082369|  10519553|       no|
        +-------------------------+----------------------+---------+----------+-----------+-----------+---------+----------+---------+

        * Loop: 
        N/A



================================================================
== Utilization Estimates
================================================================
* Summary: 
+-----------------+---------+------+--------+--------+-----+
|       Name      | BRAM_18K|  DSP |   FF   |   LUT  | URAM|
+-----------------+---------+------+--------+--------+-----+
|DSP              |        -|     -|       -|       -|    -|
|Expression       |        -|     -|       0|      12|    -|
|FIFO             |        6|     -|    1162|     624|    -|
|Instance         |       90|   209|   39881|   70261|    0|
|Memory           |        -|     -|       -|       -|    -|
|Multiplexer      |        -|     -|       -|      18|    -|
|Register         |        -|     -|       2|       -|    -|
+-----------------+---------+------+--------+--------+-----+
|Total            |       96|   209|   41045|   70915|    0|
+-----------------+---------+------+--------+--------+-----+
|Available        |      288|  1248|  234240|  117120|   64|
+-----------------+---------+------+--------+--------+-----+
|Utilization (%)  |       33|    16|      17|      60|    0|
+-----------------+---------+------+--------+--------+-----+

+ Detail: 
    * Instance: 
    +-------------------------+----------------------+---------+-----+-------+-------+-----+
    |         Instance        |        Module        | BRAM_18K| DSP |   FF  |  LUT  | URAM|
    +-------------------------+----------------------+---------+-----+-------+-------+-----+
    |compute_stage_U0         |compute_stage         |       90|  205|  37829|  67484|    0|
    |entry_proc_U0            |entry_proc            |        0|    0|      3|     47|    0|
    |gen_tiles_stream_all_U0  |gen_tiles_stream_all  |        0|    0|     52|    224|    0|
    |load_stage_U0            |load_stage            |        0|    4|   1735|   1977|    0|
    |store_stage_U0           |store_stage           |        0|    0|    262|    529|    0|
    +-------------------------+----------------------+---------+-----+-------+-------+-----+
    |Total                    |                      |       90|  209|  39881|  70261|    0|
    +-------------------------+----------------------+---------+-----+-------+-------+-----+

    * DSP: 
    N/A

    * Memory: 
    N/A

    * FIFO: 
    +-------------------+---------+-----+----+-----+------+-----+---------+
    |        Name       | BRAM_18K|  FF | LUT| URAM| Depth| Bits| Size:D*B|
    +-------------------+---------+-----+----+-----+------+-----+---------+
    |conv1_biases_c_U   |        0|   99|   0|    -|     3|   64|      192|
    |conv1_weights_c_U  |        0|   99|   0|    -|     3|   64|      192|
    |input_ftmap_c_U    |        0|   99|   0|    -|     3|   64|      192|
    |q0_U               |        0|   99|   0|    -|     2|  224|      448|
    |q1_U               |        0|   99|   0|    -|     2|  224|      448|
    |q2_U               |        0|   99|   0|    -|     2|  224|      448|
    |s_bias_U           |        0|   99|   0|    -|     4|   32|      128|
    |s_in_U             |        2|  155|   0|    -|    64|   32|     2048|
    |s_out_U            |        2|  159|   0|    -|   256|   32|     8192|
    |s_w_U              |        2|  155|   0|    -|    64|   32|     2048|
    +-------------------+---------+-----+----+-----+------+-----+---------+
    |Total              |        6| 1162|   0|    0|   403|  992|    14336|
    +-------------------+---------+-----+----+-----+------+-----+---------+

    * Expression: 
    +------------------------------------------+----------+----+---+----+------------+------------+
    |               Variable Name              | Operation| DSP| FF| LUT| Bitwidth P0| Bitwidth P1|
    +------------------------------------------+----------+----+---+----+------------+------------+
    |ap_idle                                   |       and|   0|  0|   2|           1|           1|
    |ap_sync_ready                             |       and|   0|  0|   2|           1|           1|
    |entry_proc_U0_ap_start                    |       and|   0|  0|   2|           1|           1|
    |gen_tiles_stream_all_U0_ap_start          |       and|   0|  0|   2|           1|           1|
    |ap_sync_entry_proc_U0_ap_ready            |        or|   0|  0|   2|           1|           1|
    |ap_sync_gen_tiles_stream_all_U0_ap_ready  |        or|   0|  0|   2|           1|           1|
    +------------------------------------------+----------+----+---+----+------------+------------+
    |Total                                     |          |   0|  0|  12|           6|           6|
    +------------------------------------------+----------+----+---+----+------------+------------+

    * Multiplexer: 
    +----------------------------------------------+----+-----------+-----+-----------+
    |                     Name                     | LUT| Input Size| Bits| Total Bits|
    +----------------------------------------------+----+-----------+-----+-----------+
    |ap_sync_reg_entry_proc_U0_ap_ready            |   9|          2|    1|          2|
    |ap_sync_reg_gen_tiles_stream_all_U0_ap_ready  |   9|          2|    1|          2|
    +----------------------------------------------+----+-----------+-----+-----------+
    |Total                                         |  18|          4|    2|          4|
    +----------------------------------------------+----+-----------+-----+-----------+

    * Register: 
    +----------------------------------------------+---+----+-----+-----------+
    |                     Name                     | FF| LUT| Bits| Const Bits|
    +----------------------------------------------+---+----+-----+-----------+
    |ap_sync_reg_entry_proc_U0_ap_ready            |  1|   0|    1|          0|
    |ap_sync_reg_gen_tiles_stream_all_U0_ap_ready  |  1|   0|    1|          0|
    +----------------------------------------------+---+----+-----+-----------+
    |Total                                         |  2|   0|    2|          0|
    +----------------------------------------------+---+----+-----+-----------+



================================================================
== Interface
================================================================
* Summary: 
+-------------------------+-----+-----+------------+---------------+--------------+
|        RTL Ports        | Dir | Bits|  Protocol  | Source Object |    C Type    |
+-------------------------+-----+-----+------------+---------------+--------------+
|m_axi_gmem_in_AWVALID    |  out|    1|       m_axi|        gmem_in|       pointer|
|m_axi_gmem_in_AWREADY    |   in|    1|       m_axi|        gmem_in|       pointer|
|m_axi_gmem_in_AWADDR     |  out|   64|       m_axi|        gmem_in|       pointer|
|m_axi_gmem_in_AWID       |  out|    1|       m_axi|        gmem_in|       pointer|
|m_axi_gmem_in_AWLEN      |  out|   32|       m_axi|        gmem_in|       pointer|
|m_axi_gmem_in_AWSIZE     |  out|    3|       m_axi|        gmem_in|       pointer|
|m_axi_gmem_in_AWBURST    |  out|    2|       m_axi|        gmem_in|       pointer|
|m_axi_gmem_in_AWLOCK     |  out|    2|       m_axi|        gmem_in|       pointer|
|m_axi_gmem_in_AWCACHE    |  out|    4|       m_axi|        gmem_in|       pointer|
|m_axi_gmem_in_AWPROT     |  out|    3|       m_axi|        gmem_in|       pointer|
|m_axi_gmem_in_AWQOS      |  out|    4|       m_axi|        gmem_in|       pointer|
|m_axi_gmem_in_AWREGION   |  out|    4|       m_axi|        gmem_in|       pointer|
|m_axi_gmem_in_AWUSER     |  out|    1|       m_axi|        gmem_in|       pointer|
|m_axi_gmem_in_WVALID     |  out|    1|       m_axi|        gmem_in|       pointer|
|m_axi_gmem_in_WREADY     |   in|    1|       m_axi|        gmem_in|       pointer|
|m_axi_gmem_in_WDATA      |  out|   32|       m_axi|        gmem_in|       pointer|
|m_axi_gmem_in_WSTRB      |  out|    4|       m_axi|        gmem_in|       pointer|
|m_axi_gmem_in_WLAST      |  out|    1|       m_axi|        gmem_in|       pointer|
|m_axi_gmem_in_WID        |  out|    1|       m_axi|        gmem_in|       pointer|
|m_axi_gmem_in_WUSER      |  out|    1|       m_axi|        gmem_in|       pointer|
|m_axi_gmem_in_ARVALID    |  out|    1|       m_axi|        gmem_in|       pointer|
|m_axi_gmem_in_ARREADY    |   in|    1|       m_axi|        gmem_in|       pointer|
|m_axi_gmem_in_ARADDR     |  out|   64|       m_axi|        gmem_in|       pointer|
|m_axi_gmem_in_ARID       |  out|    1|       m_axi|        gmem_in|       pointer|
|m_axi_gmem_in_ARLEN      |  out|   32|       m_axi|        gmem_in|       pointer|
|m_axi_gmem_in_ARSIZE     |  out|    3|       m_axi|        gmem_in|       pointer|
|m_axi_gmem_in_ARBURST    |  out|    2|       m_axi|        gmem_in|       pointer|
|m_axi_gmem_in_ARLOCK     |  out|    2|       m_axi|        gmem_in|       pointer|
|m_axi_gmem_in_ARCACHE    |  out|    4|       m_axi|        gmem_in|       pointer|
|m_axi_gmem_in_ARPROT     |  out|    3|       m_axi|        gmem_in|       pointer|
|m_axi_gmem_in_ARQOS      |  out|    4|       m_axi|        gmem_in|       pointer|
|m_axi_gmem_in_ARREGION   |  out|    4|       m_axi|        gmem_in|       pointer|
|m_axi_gmem_in_ARUSER     |  out|    1|       m_axi|        gmem_in|       pointer|
|m_axi_gmem_in_RVALID     |   in|    1|       m_axi|        gmem_in|       pointer|
|m_axi_gmem_in_RREADY     |  out|    1|       m_axi|        gmem_in|       pointer|
|m_axi_gmem_in_RDATA      |   in|   32|       m_axi|        gmem_in|       pointer|
|m_axi_gmem_in_RLAST      |   in|    1|       m_axi|        gmem_in|       pointer|
|m_axi_gmem_in_RID        |   in|    1|       m_axi|        gmem_in|       pointer|
|m_axi_gmem_in_RFIFONUM   |   in|   13|       m_axi|        gmem_in|       pointer|
|m_axi_gmem_in_RUSER      |   in|    1|       m_axi|        gmem_in|       pointer|
|m_axi_gmem_in_RRESP      |   in|    2|       m_axi|        gmem_in|       pointer|
|m_axi_gmem_in_BVALID     |   in|    1|       m_axi|        gmem_in|       pointer|
|m_axi_gmem_in_BREADY     |  out|    1|       m_axi|        gmem_in|       pointer|
|m_axi_gmem_in_BRESP      |   in|    2|       m_axi|        gmem_in|       pointer|
|m_axi_gmem_in_BID        |   in|    1|       m_axi|        gmem_in|       pointer|
|m_axi_gmem_in_BUSER      |   in|    1|       m_axi|        gmem_in|       pointer|
|input_ftmap              |   in|   64|     ap_none|    input_ftmap|        scalar|
|input_ftmap_ap_vld       |   in|    1|     ap_none|    input_ftmap|        scalar|
|m_axi_gmem_wgt_AWVALID   |  out|    1|       m_axi|       gmem_wgt|       pointer|
|m_axi_gmem_wgt_AWREADY   |   in|    1|       m_axi|       gmem_wgt|       pointer|
|m_axi_gmem_wgt_AWADDR    |  out|   64|       m_axi|       gmem_wgt|       pointer|
|m_axi_gmem_wgt_AWID      |  out|    1|       m_axi|       gmem_wgt|       pointer|
|m_axi_gmem_wgt_AWLEN     |  out|   32|       m_axi|       gmem_wgt|       pointer|
|m_axi_gmem_wgt_AWSIZE    |  out|    3|       m_axi|       gmem_wgt|       pointer|
|m_axi_gmem_wgt_AWBURST   |  out|    2|       m_axi|       gmem_wgt|       pointer|
|m_axi_gmem_wgt_AWLOCK    |  out|    2|       m_axi|       gmem_wgt|       pointer|
|m_axi_gmem_wgt_AWCACHE   |  out|    4|       m_axi|       gmem_wgt|       pointer|
|m_axi_gmem_wgt_AWPROT    |  out|    3|       m_axi|       gmem_wgt|       pointer|
|m_axi_gmem_wgt_AWQOS     |  out|    4|       m_axi|       gmem_wgt|       pointer|
|m_axi_gmem_wgt_AWREGION  |  out|    4|       m_axi|       gmem_wgt|       pointer|
|m_axi_gmem_wgt_AWUSER    |  out|    1|       m_axi|       gmem_wgt|       pointer|
|m_axi_gmem_wgt_WVALID    |  out|    1|       m_axi|       gmem_wgt|       pointer|
|m_axi_gmem_wgt_WREADY    |   in|    1|       m_axi|       gmem_wgt|       pointer|
|m_axi_gmem_wgt_WDATA     |  out|   32|       m_axi|       gmem_wgt|       pointer|
|m_axi_gmem_wgt_WSTRB     |  out|    4|       m_axi|       gmem_wgt|       pointer|
|m_axi_gmem_wgt_WLAST     |  out|    1|       m_axi|       gmem_wgt|       pointer|
|m_axi_gmem_wgt_WID       |  out|    1|       m_axi|       gmem_wgt|       pointer|
|m_axi_gmem_wgt_WUSER     |  out|    1|       m_axi|       gmem_wgt|       pointer|
|m_axi_gmem_wgt_ARVALID   |  out|    1|       m_axi|       gmem_wgt|       pointer|
|m_axi_gmem_wgt_ARREADY   |   in|    1|       m_axi|       gmem_wgt|       pointer|
|m_axi_gmem_wgt_ARADDR    |  out|   64|       m_axi|       gmem_wgt|       pointer|
|m_axi_gmem_wgt_ARID      |  out|    1|       m_axi|       gmem_wgt|       pointer|
|m_axi_gmem_wgt_ARLEN     |  out|   32|       m_axi|       gmem_wgt|       pointer|
|m_axi_gmem_wgt_ARSIZE    |  out|    3|       m_axi|       gmem_wgt|       pointer|
|m_axi_gmem_wgt_ARBURST   |  out|    2|       m_axi|       gmem_wgt|       pointer|
|m_axi_gmem_wgt_ARLOCK    |  out|    2|       m_axi|       gmem_wgt|       pointer|
|m_axi_gmem_wgt_ARCACHE   |  out|    4|       m_axi|       gmem_wgt|       pointer|
|m_axi_gmem_wgt_ARPROT    |  out|    3|       m_axi|       gmem_wgt|       pointer|
|m_axi_gmem_wgt_ARQOS     |  out|    4|       m_axi|       gmem_wgt|       pointer|
|m_axi_gmem_wgt_ARREGION  |  out|    4|       m_axi|       gmem_wgt|       pointer|
|m_axi_gmem_wgt_ARUSER    |  out|    1|       m_axi|       gmem_wgt|       pointer|
|m_axi_gmem_wgt_RVALID    |   in|    1|       m_axi|       gmem_wgt|       pointer|
|m_axi_gmem_wgt_RREADY    |  out|    1|       m_axi|       gmem_wgt|       pointer|
|m_axi_gmem_wgt_RDATA     |   in|   32|       m_axi|       gmem_wgt|       pointer|
|m_axi_gmem_wgt_RLAST     |   in|    1|       m_axi|       gmem_wgt|       pointer|
|m_axi_gmem_wgt_RID       |   in|    1|       m_axi|       gmem_wgt|       pointer|
|m_axi_gmem_wgt_RFIFONUM  |   in|   14|       m_axi|       gmem_wgt|       pointer|
|m_axi_gmem_wgt_RUSER     |   in|    1|       m_axi|       gmem_wgt|       pointer|
|m_axi_gmem_wgt_RRESP     |   in|    2|       m_axi|       gmem_wgt|       pointer|
|m_axi_gmem_wgt_BVALID    |   in|    1|       m_axi|       gmem_wgt|       pointer|
|m_axi_gmem_wgt_BREADY    |  out|    1|       m_axi|       gmem_wgt|       pointer|
|m_axi_gmem_wgt_BRESP     |   in|    2|       m_axi|       gmem_wgt|       pointer|
|m_axi_gmem_wgt_BID       |   in|    1|       m_axi|       gmem_wgt|       pointer|
|m_axi_gmem_wgt_BUSER     |   in|    1|       m_axi|       gmem_wgt|       pointer|
|conv1_weights            |   in|   64|     ap_none|  conv1_weights|        scalar|
|conv1_weights_ap_vld     |   in|    1|     ap_none|  conv1_weights|        scalar|
|conv1_biases             |   in|   64|     ap_none|   conv1_biases|        scalar|
|conv1_biases_ap_vld      |   in|    1|     ap_none|   conv1_biases|        scalar|
|feat1_address0           |  out|   22|   ap_memory|          feat1|         array|
|feat1_ce0                |  out|    1|   ap_memory|          feat1|         array|
|feat1_d0                 |  out|   32|   ap_memory|          feat1|         array|
|feat1_q0                 |   in|   32|   ap_memory|          feat1|         array|
|feat1_we0                |  out|    1|   ap_memory|          feat1|         array|
|feat1_address1           |  out|   22|   ap_memory|          feat1|         array|
|feat1_ce1                |  out|    1|   ap_memory|          feat1|         array|
|feat1_d1                 |  out|   32|   ap_memory|          feat1|         array|
|feat1_q1                 |   in|   32|   ap_memory|          feat1|         array|
|feat1_we1                |  out|    1|   ap_memory|          feat1|         array|
|ap_clk                   |   in|    1|  ap_ctrl_hs|          conv1|  return value|
|ap_rst                   |   in|    1|  ap_ctrl_hs|          conv1|  return value|
|ap_start                 |   in|    1|  ap_ctrl_hs|          conv1|  return value|
|ap_done                  |  out|    1|  ap_ctrl_hs|          conv1|  return value|
|ap_ready                 |  out|    1|  ap_ctrl_hs|          conv1|  return value|
|ap_idle                  |  out|    1|  ap_ctrl_hs|          conv1|  return value|
|ap_continue              |   in|    1|  ap_ctrl_hs|          conv1|  return value|
+-------------------------+-----+-----+------------+---------------+--------------+

