

================================================================
== Vitis HLS Report for 'conv3_Pipeline_VITIS_LOOP_143_4_VITIS_LOOP_144_5_VITIS_LOOP_145_6'
================================================================
* Date:           Fri Oct 31 01:55:13 2025

* Version:        2023.1 (Build 3854077 on May  4 2023)
* Project:        srcnn_hls
* Solution:       solution1 (Vivado IP Flow Target)
* Product family: zynquplus
* Target device:  xck26-sfvc784-2LV-c


================================================================
== Performance Estimates
================================================================
+ Timing: 
    * Summary: 
    +--------+----------+----------+------------+
    |  Clock |  Target  | Estimated| Uncertainty|
    +--------+----------+----------+------------+
    |ap_clk  |  10.00 ns|  5.180 ns|     2.70 ns|
    +--------+----------+----------+------------+

+ Latency: 
    * Summary: 
    +---------+---------+-----------+-----------+------+------+---------+
    |  Latency (cycles) |   Latency (absolute)  |   Interval  | Pipeline|
    |   min   |   max   |    min    |    max    |  min |  max |   Type  |
    +---------+---------+-----------+-----------+------+------+---------+
    |     8194|     8194|  81.940 us|  81.940 us|  8194|  8194|       no|
    +---------+---------+-----------+-----------+------+------+---------+

    + Detail: 
        * Instance: 
        N/A

        * Loop: 
        +------------------------------------------------------+---------+---------+----------+-----------+-----------+------+----------+
        |                                                      |  Latency (cycles) | Iteration|  Initiation Interval  | Trip |          |
        |                       Loop Name                      |   min   |   max   |  Latency |  achieved |   target  | Count| Pipelined|
        +------------------------------------------------------+---------+---------+----------+-----------+-----------+------+----------+
        |- VITIS_LOOP_143_4_VITIS_LOOP_144_5_VITIS_LOOP_145_6  |     8192|     8192|         1|          1|          1|  8192|       yes|
        +------------------------------------------------------+---------+---------+----------+-----------+-----------+------+----------+



================================================================
== Utilization Estimates
================================================================
* Summary: 
+-----------------+---------+------+--------+--------+-----+
|       Name      | BRAM_18K|  DSP |   FF   |   LUT  | URAM|
+-----------------+---------+------+--------+--------+-----+
|DSP              |        -|     -|       -|       -|    -|
|Expression       |        -|     -|       0|     303|    -|
|FIFO             |        -|     -|       -|       -|    -|
|Instance         |        -|     -|       -|       -|    -|
|Memory           |        -|     -|       -|       -|    -|
|Multiplexer      |        -|     -|       -|      63|    -|
|Register         |        -|     -|      45|       -|    -|
+-----------------+---------+------+--------+--------+-----+
|Total            |        0|     0|      45|     366|    0|
+-----------------+---------+------+--------+--------+-----+
|Available        |      288|  1248|  234240|  117120|   64|
+-----------------+---------+------+--------+--------+-----+
|Utilization (%)  |        0|     0|      ~0|      ~0|    0|
+-----------------+---------+------+--------+--------+-----+

+ Detail: 
    * Instance: 
    N/A

    * DSP: 
    N/A

    * Memory: 
    N/A

    * FIFO: 
    N/A

    * Expression: 
    +--------------------------+----------+----+---+----+------------+------------+
    |       Variable Name      | Operation| DSP| FF| LUT| Bitwidth P0| Bitwidth P1|
    +--------------------------+----------+----+---+----+------------+------------+
    |add_ln143_1_fu_167_p2     |         +|   0|  0|  21|          14|           1|
    |add_ln143_fu_179_p2       |         +|   0|  0|  12|           4|           1|
    |add_ln144_1_fu_375_p2     |         +|   0|  0|  19|          12|           1|
    |add_ln144_fu_270_p2       |         +|   0|  0|  13|           6|           1|
    |add_ln145_fu_369_p2       |         +|   0|  0|  13|           6|           1|
    |add_ln148_1_fu_337_p2     |         +|   0|  0|  20|          13|          13|
    |add_ln148_fu_302_p2       |         +|   0|  0|  15|           8|           8|
    |and_ln143_fu_264_p2       |       and|   0|  0|   2|           1|           1|
    |and_ln147_1_fu_357_p2     |       and|   0|  0|   2|           1|           1|
    |and_ln147_fu_363_p2       |       and|   0|  0|   2|           1|           1|
    |icmp_ln143_fu_161_p2      |      icmp|   0|  0|  22|          14|          15|
    |icmp_ln144_fu_185_p2      |      icmp|   0|  0|  19|          12|          11|
    |icmp_ln145_fu_258_p2      |      icmp|   0|  0|  14|           6|           7|
    |icmp_ln147_fu_352_p2      |      icmp|   0|  0|  15|           8|           8|
    |notlhs1419_fu_225_p2      |      icmp|   0|  0|  12|           4|           1|
    |notlhs1_mid1_fu_219_p2    |      icmp|   0|  0|  12|           4|           1|
    |notrhs2_fu_156_p2         |      icmp|   0|  0|  15|           8|           8|
    |notrhs2_mid112_fu_239_p2  |      icmp|   0|  0|  15|           8|           1|
    |notrhs2_mid1_fu_320_p2    |      icmp|   0|  0|  15|           8|           8|
    |or_ln144_fu_276_p2        |        or|   0|  0|   2|           1|           1|
    |select_ln143_1_fu_199_p3  |    select|   0|  0|   4|           1|           4|
    |select_ln143_2_fu_231_p3  |    select|   0|  0|   2|           1|           1|
    |select_ln143_3_fu_244_p3  |    select|   0|  0|   2|           1|           1|
    |select_ln143_fu_191_p3    |    select|   0|  0|   6|           1|           1|
    |select_ln144_1_fu_290_p3  |    select|   0|  0|   6|           1|           6|
    |select_ln144_2_fu_325_p3  |    select|   0|  0|   2|           1|           1|
    |select_ln144_3_fu_381_p3  |    select|   0|  0|  11|           1|           1|
    |select_ln144_fu_282_p3    |    select|   0|  0|   6|           1|           1|
    |ap_enable_pp0             |       xor|   0|  0|   2|           1|           2|
    |xor_ln143_fu_252_p2       |       xor|   0|  0|   2|           1|           2|
    +--------------------------+----------+----+---+----+------------+------------+
    |Total                     |          |   0|  0| 303|         149|         110|
    +--------------------------+----------+----+---+----+------------+------------+

    * Multiplexer: 
    +-------------------------+----+-----------+-----+-----------+
    |           Name          | LUT| Input Size| Bits| Total Bits|
    +-------------------------+----+-----------+-----+-----------+
    |ap_done_int              |   9|          2|    1|          2|
    |ap_enable_reg_pp0_iter1  |   9|          2|    1|          2|
    |indvar_flatten16_fu_82   |   9|          2|   14|         28|
    |indvar_flatten_fu_74     |   9|          2|   12|         24|
    |th_fu_70                 |   9|          2|    6|         12|
    |tn_fu_78                 |   9|          2|    4|          8|
    |tw_fu_66                 |   9|          2|    6|         12|
    +-------------------------+----+-----------+-----+-----------+
    |Total                    |  63|         14|   44|         88|
    +-------------------------+----+-----------+-----+-----------+

    * Register: 
    +-------------------------+----+----+-----+-----------+
    |           Name          | FF | LUT| Bits| Const Bits|
    +-------------------------+----+----+-----+-----------+
    |ap_CS_fsm                |   1|   0|    1|          0|
    |ap_done_reg              |   1|   0|    1|          0|
    |ap_enable_reg_pp0_iter1  |   1|   0|    1|          0|
    |indvar_flatten16_fu_82   |  14|   0|   14|          0|
    |indvar_flatten_fu_74     |  12|   0|   12|          0|
    |th_fu_70                 |   6|   0|    6|          0|
    |tn_fu_78                 |   4|   0|    4|          0|
    |tw_fu_66                 |   6|   0|    6|          0|
    +-------------------------+----+----+-----+-----------+
    |Total                    |  45|   0|   45|          0|
    +-------------------------+----+----+-----+-----------+



================================================================
== Interface
================================================================
* Summary: 
+-------------------+-----+-----+------------+-------------------------------------------------------------------+--------------+
|     RTL Ports     | Dir | Bits|  Protocol  |                           Source Object                           |    C Type    |
+-------------------+-----+-----+------------+-------------------------------------------------------------------+--------------+
|ap_clk             |   in|    1|  ap_ctrl_hs|  conv3_Pipeline_VITIS_LOOP_143_4_VITIS_LOOP_144_5_VITIS_LOOP_145_6|  return value|
|ap_rst             |   in|    1|  ap_ctrl_hs|  conv3_Pipeline_VITIS_LOOP_143_4_VITIS_LOOP_144_5_VITIS_LOOP_145_6|  return value|
|ap_start           |   in|    1|  ap_ctrl_hs|  conv3_Pipeline_VITIS_LOOP_143_4_VITIS_LOOP_144_5_VITIS_LOOP_145_6|  return value|
|ap_done            |  out|    1|  ap_ctrl_hs|  conv3_Pipeline_VITIS_LOOP_143_4_VITIS_LOOP_144_5_VITIS_LOOP_145_6|  return value|
|ap_idle            |  out|    1|  ap_ctrl_hs|  conv3_Pipeline_VITIS_LOOP_143_4_VITIS_LOOP_144_5_VITIS_LOOP_145_6|  return value|
|ap_ready           |  out|    1|  ap_ctrl_hs|  conv3_Pipeline_VITIS_LOOP_143_4_VITIS_LOOP_144_5_VITIS_LOOP_145_6|  return value|
|zext_ln103_3       |   in|    8|     ap_none|                                                       zext_ln103_3|        scalar|
|select_ln103_3     |   in|    8|     ap_none|                                                     select_ln103_3|        scalar|
|zext_ln105         |   in|    8|     ap_none|                                                         zext_ln105|        scalar|
|out_tile_address0  |  out|   13|   ap_memory|                                                           out_tile|         array|
|out_tile_ce0       |  out|    1|   ap_memory|                                                           out_tile|         array|
|out_tile_we0       |  out|    1|   ap_memory|                                                           out_tile|         array|
|out_tile_d0        |  out|   32|   ap_memory|                                                           out_tile|         array|
+-------------------+-----+-----+------------+-------------------------------------------------------------------+--------------+

