

================================================================
== Vitis HLS Report for 'conv1_Pipeline_VITIS_LOOP_125_4_VITIS_LOOP_126_5_VITIS_LOOP_127_6'
================================================================
* Date:           Thu Oct 30 21:22:34 2025

* Version:        2023.1 (Build 3854077 on May  4 2023)
* Project:        srcnn_hls
* Solution:       solution1 (Vivado IP Flow Target)
* Product family: zynquplus
* Target device:  xck26-sfvc784-2LV-c


================================================================
== Performance Estimates
================================================================
+ Timing: 
    * Summary: 
    +--------+----------+----------+------------+
    |  Clock |  Target  | Estimated| Uncertainty|
    +--------+----------+----------+------------+
    |ap_clk  |  10.00 ns|  5.180 ns|     2.70 ns|
    +--------+----------+----------+------------+

+ Latency: 
    * Summary: 
    +---------+---------+-----------+-----------+------+------+---------+
    |  Latency (cycles) |   Latency (absolute)  |   Interval  | Pipeline|
    |   min   |   max   |    min    |    max    |  min |  max |   Type  |
    +---------+---------+-----------+-----------+------+------+---------+
    |     8194|     8194|  81.940 us|  81.940 us|  8194|  8194|       no|
    +---------+---------+-----------+-----------+------+------+---------+

    + Detail: 
        * Instance: 
        N/A

        * Loop: 
        +------------------------------------------------------+---------+---------+----------+-----------+-----------+------+----------+
        |                                                      |  Latency (cycles) | Iteration|  Initiation Interval  | Trip |          |
        |                       Loop Name                      |   min   |   max   |  Latency |  achieved |   target  | Count| Pipelined|
        +------------------------------------------------------+---------+---------+----------+-----------+-----------+------+----------+
        |- VITIS_LOOP_125_4_VITIS_LOOP_126_5_VITIS_LOOP_127_6  |     8192|     8192|         1|          1|          1|  8192|       yes|
        +------------------------------------------------------+---------+---------+----------+-----------+-----------+------+----------+



================================================================
== Utilization Estimates
================================================================
* Summary: 
+-----------------+---------+------+--------+--------+-----+
|       Name      | BRAM_18K|  DSP |   FF   |   LUT  | URAM|
+-----------------+---------+------+--------+--------+-----+
|DSP              |        -|     -|       -|       -|    -|
|Expression       |        -|     -|       0|     275|    -|
|FIFO             |        -|     -|       -|       -|    -|
|Instance         |        -|     -|       -|       -|    -|
|Memory           |        -|     -|       -|       -|    -|
|Multiplexer      |        -|     -|       -|      63|    -|
|Register         |        -|     -|      45|       -|    -|
+-----------------+---------+------+--------+--------+-----+
|Total            |        0|     0|      45|     338|    0|
+-----------------+---------+------+--------+--------+-----+
|Available        |      288|  1248|  234240|  117120|   64|
+-----------------+---------+------+--------+--------+-----+
|Utilization (%)  |        0|     0|      ~0|      ~0|    0|
+-----------------+---------+------+--------+--------+-----+

+ Detail: 
    * Instance: 
    N/A

    * DSP: 
    N/A

    * Memory: 
    N/A

    * FIFO: 
    N/A

    * Expression: 
    +--------------------------+----------+----+---+----+------------+------------+
    |       Variable Name      | Operation| DSP| FF| LUT| Bitwidth P0| Bitwidth P1|
    +--------------------------+----------+----+---+----+------------+------------+
    |add_ln125_1_fu_159_p2     |         +|   0|  0|  21|          14|           1|
    |add_ln125_fu_171_p2       |         +|   0|  0|  12|           4|           1|
    |add_ln126_1_fu_341_p2     |         +|   0|  0|  19|          12|           1|
    |add_ln126_fu_242_p2       |         +|   0|  0|  13|           6|           1|
    |add_ln127_fu_335_p2       |         +|   0|  0|  13|           6|           1|
    |add_ln129_1_fu_309_p2     |         +|   0|  0|  20|          13|          13|
    |add_ln129_fu_274_p2       |         +|   0|  0|  15|           8|           8|
    |and_ln125_fu_236_p2       |       and|   0|  0|   2|           1|           1|
    |and_ln129_fu_329_p2       |       and|   0|  0|   2|           1|           1|
    |cmp37_fu_148_p2           |      icmp|   0|  0|  15|           8|           8|
    |cmp37_mid112_fu_211_p2    |      icmp|   0|  0|  15|           8|           1|
    |cmp37_mid1_fu_292_p2      |      icmp|   0|  0|  15|           8|           8|
    |icmp_ln125_fu_153_p2      |      icmp|   0|  0|  22|          14|          15|
    |icmp_ln126_fu_177_p2      |      icmp|   0|  0|  19|          12|          11|
    |icmp_ln127_fu_230_p2      |      icmp|   0|  0|  14|           6|           7|
    |icmp_ln129_fu_324_p2      |      icmp|   0|  0|  15|           8|           8|
    |or_ln126_fu_248_p2        |        or|   0|  0|   2|           1|           1|
    |select_ln125_1_fu_191_p3  |    select|   0|  0|   4|           1|           4|
    |select_ln125_2_fu_216_p3  |    select|   0|  0|   2|           1|           1|
    |select_ln125_fu_183_p3    |    select|   0|  0|   6|           1|           1|
    |select_ln126_1_fu_262_p3  |    select|   0|  0|   6|           1|           6|
    |select_ln126_2_fu_297_p3  |    select|   0|  0|   2|           1|           1|
    |select_ln126_3_fu_347_p3  |    select|   0|  0|  11|           1|           1|
    |select_ln126_fu_254_p3    |    select|   0|  0|   6|           1|           1|
    |ap_enable_pp0             |       xor|   0|  0|   2|           1|           2|
    |xor_ln125_fu_224_p2       |       xor|   0|  0|   2|           1|           2|
    +--------------------------+----------+----+---+----+------------+------------+
    |Total                     |          |   0|  0| 275|         139|         106|
    +--------------------------+----------+----+---+----+------------+------------+

    * Multiplexer: 
    +-------------------------+----+-----------+-----+-----------+
    |           Name          | LUT| Input Size| Bits| Total Bits|
    +-------------------------+----+-----------+-----+-----------+
    |ap_done_int              |   9|          2|    1|          2|
    |ap_enable_reg_pp0_iter1  |   9|          2|    1|          2|
    |indvar_flatten16_fu_80   |   9|          2|   14|         28|
    |indvar_flatten_fu_72     |   9|          2|   12|         24|
    |th_fu_68                 |   9|          2|    6|         12|
    |tn_fu_76                 |   9|          2|    4|          8|
    |tw_fu_64                 |   9|          2|    6|         12|
    +-------------------------+----+-----------+-----+-----------+
    |Total                    |  63|         14|   44|         88|
    +-------------------------+----+-----------+-----+-----------+

    * Register: 
    +-------------------------+----+----+-----+-----------+
    |           Name          | FF | LUT| Bits| Const Bits|
    +-------------------------+----+----+-----+-----------+
    |ap_CS_fsm                |   1|   0|    1|          0|
    |ap_done_reg              |   1|   0|    1|          0|
    |ap_enable_reg_pp0_iter1  |   1|   0|    1|          0|
    |indvar_flatten16_fu_80   |  14|   0|   14|          0|
    |indvar_flatten_fu_72     |  12|   0|   12|          0|
    |th_fu_68                 |   6|   0|    6|          0|
    |tn_fu_76                 |   4|   0|    4|          0|
    |tw_fu_64                 |   6|   0|    6|          0|
    +-------------------------+----+----+-----+-----------+
    |Total                    |  45|   0|   45|          0|
    +-------------------------+----+----+-----+-----------+



================================================================
== Interface
================================================================
* Summary: 
+---------------------+-----+-----+------------+-------------------------------------------------------------------+--------------+
|      RTL Ports      | Dir | Bits|  Protocol  |                           Source Object                           |    C Type    |
+---------------------+-----+-----+------------+-------------------------------------------------------------------+--------------+
|ap_clk               |   in|    1|  ap_ctrl_hs|  conv1_Pipeline_VITIS_LOOP_125_4_VITIS_LOOP_126_5_VITIS_LOOP_127_6|  return value|
|ap_rst               |   in|    1|  ap_ctrl_hs|  conv1_Pipeline_VITIS_LOOP_125_4_VITIS_LOOP_126_5_VITIS_LOOP_127_6|  return value|
|ap_start             |   in|    1|  ap_ctrl_hs|  conv1_Pipeline_VITIS_LOOP_125_4_VITIS_LOOP_126_5_VITIS_LOOP_127_6|  return value|
|ap_done              |  out|    1|  ap_ctrl_hs|  conv1_Pipeline_VITIS_LOOP_125_4_VITIS_LOOP_126_5_VITIS_LOOP_127_6|  return value|
|ap_idle              |  out|    1|  ap_ctrl_hs|  conv1_Pipeline_VITIS_LOOP_125_4_VITIS_LOOP_126_5_VITIS_LOOP_127_6|  return value|
|ap_ready             |  out|    1|  ap_ctrl_hs|  conv1_Pipeline_VITIS_LOOP_125_4_VITIS_LOOP_126_5_VITIS_LOOP_127_6|  return value|
|select_ln119_5       |   in|    8|     ap_none|                                                     select_ln119_5|        scalar|
|zext_ln122_1         |   in|    8|     ap_none|                                                       zext_ln122_1|        scalar|
|out_tile_2_address0  |  out|   13|   ap_memory|                                                         out_tile_2|         array|
|out_tile_2_ce0       |  out|    1|   ap_memory|                                                         out_tile_2|         array|
|out_tile_2_we0       |  out|    1|   ap_memory|                                                         out_tile_2|         array|
|out_tile_2_d0        |  out|   32|   ap_memory|                                                         out_tile_2|         array|
+---------------------+-----+-----+------------+-------------------------------------------------------------------+--------------+

