

================================================================
== Vitis HLS Report for 'conv3_Pipeline_VITIS_LOOP_32_2_VITIS_LOOP_33_3'
================================================================
* Date:           Thu Oct 30 21:22:47 2025

* Version:        2023.1 (Build 3854077 on May  4 2023)
* Project:        srcnn_hls
* Solution:       solution1 (Vivado IP Flow Target)
* Product family: zynquplus
* Target device:  xck26-sfvc784-2LV-c


================================================================
== Performance Estimates
================================================================
+ Timing: 
    * Summary: 
    +--------+----------+----------+------------+
    |  Clock |  Target  | Estimated| Uncertainty|
    +--------+----------+----------+------------+
    |ap_clk  |  10.00 ns|  4.691 ns|     2.70 ns|
    +--------+----------+----------+------------+

+ Latency: 
    * Summary: 
    +---------+---------+----------+----------+-----+-------+---------+
    |  Latency (cycles) |  Latency (absolute) |   Interval  | Pipeline|
    |   min   |   max   |    min   |    max   | min |  max  |   Type  |
    +---------+---------+----------+----------+-----+-------+---------+
    |       38|    67094|  0.380 us|  0.671 ms|   38|  67094|       no|
    +---------+---------+----------+----------+-----+-------+---------+

    + Detail: 
        * Instance: 
        N/A

        * Loop: 
        +-----------------------------------+---------+---------+----------+-----------+-----------+------------+----------+
        |                                   |  Latency (cycles) | Iteration|  Initiation Interval  |    Trip    |          |
        |             Loop Name             |   min   |   max   |  Latency |  achieved |   target  |    Count   | Pipelined|
        +-----------------------------------+---------+---------+----------+-----------+-----------+------------+----------+
        |- VITIS_LOOP_32_2_VITIS_LOOP_33_3  |       36|    67092|        13|          1|          1|  25 ~ 67081|       yes|
        +-----------------------------------+---------+---------+----------+-----------+-----------+------------+----------+



================================================================
== Utilization Estimates
================================================================
* Summary: 
+-----------------+---------+------+--------+--------+-----+
|       Name      | BRAM_18K|  DSP |   FF   |   LUT  | URAM|
+-----------------+---------+------+--------+--------+-----+
|DSP              |        -|     -|       -|       -|    -|
|Expression       |        -|     -|       0|     468|    -|
|FIFO             |        -|     -|       -|       -|    -|
|Instance         |        -|     2|     470|     310|    -|
|Memory           |        -|     -|       -|       -|    -|
|Multiplexer      |        -|     -|       -|      54|    -|
|Register         |        -|     -|     331|      96|    -|
+-----------------+---------+------+--------+--------+-----+
|Total            |        0|     2|     801|     928|    0|
+-----------------+---------+------+--------+--------+-----+
|Available        |      288|  1248|  234240|  117120|   64|
+-----------------+---------+------+--------+--------+-----+
|Utilization (%)  |        0|    ~0|      ~0|      ~0|    0|
+-----------------+---------+------+--------+--------+-----+

+ Detail: 
    * Instance: 
    +--------------------------+---------------------+---------+----+-----+-----+-----+
    |         Instance         |        Module       | BRAM_18K| DSP|  FF | LUT | URAM|
    +--------------------------+---------------------+---------+----+-----+-----+-----+
    |mul_9ns_11ns_19_1_1_U670  |mul_9ns_11ns_19_1_1  |        0|   1|    0|    5|    0|
    |mul_9ns_11ns_19_1_1_U673  |mul_9ns_11ns_19_1_1  |        0|   1|    0|    5|    0|
    |urem_9ns_4ns_3_13_1_U671  |urem_9ns_4ns_3_13_1  |        0|   0|  235|  150|    0|
    |urem_9ns_4ns_3_13_1_U672  |urem_9ns_4ns_3_13_1  |        0|   0|  235|  150|    0|
    +--------------------------+---------------------+---------+----+-----+-----+-----+
    |Total                     |                     |        0|   2|  470|  310|    0|
    +--------------------------+---------------------+---------+----+-----+-----+-----+

    * DSP: 
    N/A

    * Memory: 
    N/A

    * FIFO: 
    N/A

    * Expression: 
    +------------------------------+----------+----+---+----+------------+------------+
    |         Variable Name        | Operation| DSP| FF| LUT| Bitwidth P0| Bitwidth P1|
    +------------------------------+----------+----+---+----+------------+------------+
    |add_ln19_fu_920_p2            |         +|   0|  0|  17|          10|          10|
    |add_ln32_1_fu_669_p2          |         +|   0|  0|  24|          17|           1|
    |add_ln32_fu_678_p2            |         +|   0|  0|  16|           9|           1|
    |add_ln33_fu_809_p2            |         +|   0|  0|  16|           9|           1|
    |add_ln37_1_fu_901_p2          |         +|   0|  0|  17|          10|          10|
    |add_ln37_fu_895_p2            |         +|   0|  0|  17|          10|           3|
    |add_ln38_1_fu_889_p2          |         +|   0|  0|  13|           6|           6|
    |add_ln38_2_fu_959_p2          |         +|   0|  0|  21|          21|          21|
    |add_ln38_fu_840_p2            |         +|   0|  0|  23|          16|          16|
    |empty_38_fu_629_p2            |         +|   0|  0|  17|          10|          10|
    |empty_fu_610_p2               |         +|   0|  0|  17|          10|          10|
    |p_mid128_fu_760_p2            |         +|   0|  0|  17|          10|          10|
    |p_mid1_fu_741_p2              |         +|   0|  0|  17|          10|          10|
    |tmp1_fu_604_p2                |         +|   0|  0|  17|          10|           3|
    |tmp1_mid1_fu_735_p2           |         +|   0|  0|  17|          10|           3|
    |sub_ln38_1_fu_861_p2          |         -|   0|  0|  21|          21|          21|
    |cmp1_i_i_fu_623_p2            |      icmp|   0|  0|  17|          10|           8|
    |cmp1_i_i_mid1_fu_754_p2       |      icmp|   0|  0|  17|          10|           8|
    |icmp_ln19_fu_914_p2           |      icmp|   0|  0|  17|          10|           8|
    |icmp_ln32_fu_664_p2           |      icmp|   0|  0|  24|          17|          17|
    |icmp_ln33_fu_684_p2           |      icmp|   0|  0|  16|           9|           9|
    |empty_39_fu_650_p2            |        or|   0|  0|   2|           1|           1|
    |or_ln19_fu_941_p2             |        or|   0|  0|   2|           1|           1|
    |p_mid136_fu_781_p2            |        or|   0|  0|   2|           1|           1|
    |gx_fu_947_p3                  |    select|   0|  0|  10|           1|          10|
    |gy_fu_656_p3                  |    select|   0|  0|  10|           1|          10|
    |gy_mid1_fu_787_p3             |    select|   0|  0|  10|           1|          10|
    |idxprom16_i_mid2_v_fu_795_p3  |    select|   0|  0|  10|           1|          10|
    |iw_mid2_fu_689_p3             |    select|   0|  0|   9|           1|           1|
    |p_cast_cast_fu_642_p3         |    select|   0|  0|   8|           1|           1|
    |p_mid134_cast_cast_fu_773_p3  |    select|   0|  0|   8|           1|           1|
    |select_ln19_fu_933_p3         |    select|   0|  0|   8|           1|           1|
    |zext_ln32_mid2_v_v_fu_701_p3  |    select|   0|  0|   9|           1|           9|
    |ap_enable_pp0                 |       xor|   0|  0|   2|           1|           2|
    +------------------------------+----------+----+---+----+------------+------------+
    |Total                         |          |   0|  0| 468|         258|         244|
    +------------------------------+----------+----+---+----+------------+------------+

    * Multiplexer: 
    +-------------------------+----+-----------+-----+-----------+
    |           Name          | LUT| Input Size| Bits| Total Bits|
    +-------------------------+----+-----------+-----+-----------+
    |ap_done_int              |   9|          2|    1|          2|
    |ap_enable_reg_pp0_iter1  |   9|          2|    1|          2|
    |ap_enable_reg_pp0_iter2  |   9|          2|    1|          2|
    |ih_fu_146                |   9|          2|    9|         18|
    |indvar_flatten38_fu_150  |   9|          2|   17|         34|
    |iw_fu_142                |   9|          2|    9|         18|
    +-------------------------+----+-----------+-----+-----------+
    |Total                    |  54|         12|   38|         76|
    +-------------------------+----+-----------+-----+-----------+

    * Register: 
    +-----------------------------------+----+----+-----+-----------+
    |                Name               | FF | LUT| Bits| Const Bits|
    +-----------------------------------+----+----+-----+-----------+
    |add_ln38_1_reg_1090                |   6|   0|    6|          0|
    |ap_CS_fsm                          |   1|   0|    1|          0|
    |ap_done_reg                        |   1|   0|    1|          0|
    |ap_enable_reg_pp0_iter1            |   1|   0|    1|          0|
    |ap_enable_reg_pp0_iter10           |   1|   0|    1|          0|
    |ap_enable_reg_pp0_iter11           |   1|   0|    1|          0|
    |ap_enable_reg_pp0_iter12           |   1|   0|    1|          0|
    |ap_enable_reg_pp0_iter13           |   1|   0|    1|          0|
    |ap_enable_reg_pp0_iter2            |   1|   0|    1|          0|
    |ap_enable_reg_pp0_iter3            |   1|   0|    1|          0|
    |ap_enable_reg_pp0_iter4            |   1|   0|    1|          0|
    |ap_enable_reg_pp0_iter5            |   1|   0|    1|          0|
    |ap_enable_reg_pp0_iter6            |   1|   0|    1|          0|
    |ap_enable_reg_pp0_iter7            |   1|   0|    1|          0|
    |ap_enable_reg_pp0_iter8            |   1|   0|    1|          0|
    |ap_enable_reg_pp0_iter9            |   1|   0|    1|          0|
    |ap_loop_exit_ready_pp0_iter10_reg  |   1|   0|    1|          0|
    |ap_loop_exit_ready_pp0_iter11_reg  |   1|   0|    1|          0|
    |ap_loop_exit_ready_pp0_iter12_reg  |   1|   0|    1|          0|
    |ap_loop_exit_ready_pp0_iter2_reg   |   1|   0|    1|          0|
    |ap_loop_exit_ready_pp0_iter3_reg   |   1|   0|    1|          0|
    |ap_loop_exit_ready_pp0_iter4_reg   |   1|   0|    1|          0|
    |ap_loop_exit_ready_pp0_iter5_reg   |   1|   0|    1|          0|
    |ap_loop_exit_ready_pp0_iter6_reg   |   1|   0|    1|          0|
    |ap_loop_exit_ready_pp0_iter7_reg   |   1|   0|    1|          0|
    |ap_loop_exit_ready_pp0_iter8_reg   |   1|   0|    1|          0|
    |ap_loop_exit_ready_pp0_iter9_reg   |   1|   0|    1|          0|
    |idxprom16_i_mid2_v_reg_1085        |  10|   0|   10|          0|
    |ih_fu_146                          |   9|   0|    9|          0|
    |indvar_flatten38_fu_150            |  17|   0|   17|          0|
    |iw_fu_142                          |   9|   0|    9|          0|
    |iw_mid2_reg_1068                   |   9|   0|    9|          0|
    |sub_ln38_cast_reg_1059             |  16|   0|   16|          0|
    |tmp_17_cast_reg_1080               |   3|   0|    3|          0|
    |zext_ln103_1_cast_reg_1042         |   9|   0|   10|          1|
    |zext_ln103_2_cast_reg_1047         |   8|   0|   10|          2|
    |zext_ln103_cast_reg_1053           |   9|   0|   10|          1|
    |zext_ln140_cast_reg_1037           |   8|   0|   10|          2|
    |idxprom16_i_mid2_v_reg_1085        |  64|  32|   10|          0|
    |iw_mid2_reg_1068                   |  64|  32|    9|          0|
    |tmp_17_cast_reg_1080               |  64|  32|    3|          0|
    +-----------------------------------+----+----+-----+-----------+
    |Total                              | 331|  96|  167|          6|
    +-----------------------------------+----+----+-----+-----------+



================================================================
== Interface
================================================================
* Summary: 
+-----------------------------------------------------------------+-----+-----+------------+--------------------------------------------------------+--------------+
|                            RTL Ports                            | Dir | Bits|  Protocol  |                      Source Object                     |    C Type    |
+-----------------------------------------------------------------+-----+-----+------------+--------------------------------------------------------+--------------+
|ap_clk                                                           |   in|    1|  ap_ctrl_hs|          conv3_Pipeline_VITIS_LOOP_32_2_VITIS_LOOP_33_3|  return value|
|ap_rst                                                           |   in|    1|  ap_ctrl_hs|          conv3_Pipeline_VITIS_LOOP_32_2_VITIS_LOOP_33_3|  return value|
|ap_start                                                         |   in|    1|  ap_ctrl_hs|          conv3_Pipeline_VITIS_LOOP_32_2_VITIS_LOOP_33_3|  return value|
|ap_done                                                          |  out|    1|  ap_ctrl_hs|          conv3_Pipeline_VITIS_LOOP_32_2_VITIS_LOOP_33_3|  return value|
|ap_idle                                                          |  out|    1|  ap_ctrl_hs|          conv3_Pipeline_VITIS_LOOP_32_2_VITIS_LOOP_33_3|  return value|
|ap_ready                                                         |  out|    1|  ap_ctrl_hs|          conv3_Pipeline_VITIS_LOOP_32_2_VITIS_LOOP_33_3|  return value|
|zext_ln103                                                       |   in|    9|     ap_none|                                              zext_ln103|        scalar|
|zext_ln103_2                                                     |   in|    8|     ap_none|                                            zext_ln103_2|        scalar|
|bound21                                                          |   in|   17|     ap_none|                                                 bound21|        scalar|
|add6_i                                                           |   in|    9|     ap_none|                                                  add6_i|        scalar|
|sub_ln38                                                         |   in|   15|     ap_none|                                                sub_ln38|        scalar|
|zext_ln103_1                                                     |   in|    9|     ap_none|                                            zext_ln103_1|        scalar|
|zext_ln140                                                       |   in|    8|     ap_none|                                              zext_ln140|        scalar|
|p_ZZ5conv3PA255_A255_fPA32_A5_A5_fPfS1_E7in_tile_0_0_0_address0  |  out|    6|   ap_memory|  p_ZZ5conv3PA255_A255_fPA32_A5_A5_fPfS1_E7in_tile_0_0_0|         array|
|p_ZZ5conv3PA255_A255_fPA32_A5_A5_fPfS1_E7in_tile_0_0_0_ce0       |  out|    1|   ap_memory|  p_ZZ5conv3PA255_A255_fPA32_A5_A5_fPfS1_E7in_tile_0_0_0|         array|
|p_ZZ5conv3PA255_A255_fPA32_A5_A5_fPfS1_E7in_tile_0_0_0_we0       |  out|    1|   ap_memory|  p_ZZ5conv3PA255_A255_fPA32_A5_A5_fPfS1_E7in_tile_0_0_0|         array|
|p_ZZ5conv3PA255_A255_fPA32_A5_A5_fPfS1_E7in_tile_0_0_0_d0        |  out|   32|   ap_memory|  p_ZZ5conv3PA255_A255_fPA32_A5_A5_fPfS1_E7in_tile_0_0_0|         array|
|feat2_address0                                                   |  out|   21|   ap_memory|                                                   feat2|         array|
|feat2_ce0                                                        |  out|    1|   ap_memory|                                                   feat2|         array|
|feat2_q0                                                         |   in|   32|   ap_memory|                                                   feat2|         array|
|p_ZZ5conv3PA255_A255_fPA32_A5_A5_fPfS1_E7in_tile_0_1_0_address0  |  out|    6|   ap_memory|  p_ZZ5conv3PA255_A255_fPA32_A5_A5_fPfS1_E7in_tile_0_1_0|         array|
|p_ZZ5conv3PA255_A255_fPA32_A5_A5_fPfS1_E7in_tile_0_1_0_ce0       |  out|    1|   ap_memory|  p_ZZ5conv3PA255_A255_fPA32_A5_A5_fPfS1_E7in_tile_0_1_0|         array|
|p_ZZ5conv3PA255_A255_fPA32_A5_A5_fPfS1_E7in_tile_0_1_0_we0       |  out|    1|   ap_memory|  p_ZZ5conv3PA255_A255_fPA32_A5_A5_fPfS1_E7in_tile_0_1_0|         array|
|p_ZZ5conv3PA255_A255_fPA32_A5_A5_fPfS1_E7in_tile_0_1_0_d0        |  out|   32|   ap_memory|  p_ZZ5conv3PA255_A255_fPA32_A5_A5_fPfS1_E7in_tile_0_1_0|         array|
|p_ZZ5conv3PA255_A255_fPA32_A5_A5_fPfS1_E7in_tile_0_2_0_address0  |  out|    6|   ap_memory|  p_ZZ5conv3PA255_A255_fPA32_A5_A5_fPfS1_E7in_tile_0_2_0|         array|
|p_ZZ5conv3PA255_A255_fPA32_A5_A5_fPfS1_E7in_tile_0_2_0_ce0       |  out|    1|   ap_memory|  p_ZZ5conv3PA255_A255_fPA32_A5_A5_fPfS1_E7in_tile_0_2_0|         array|
|p_ZZ5conv3PA255_A255_fPA32_A5_A5_fPfS1_E7in_tile_0_2_0_we0       |  out|    1|   ap_memory|  p_ZZ5conv3PA255_A255_fPA32_A5_A5_fPfS1_E7in_tile_0_2_0|         array|
|p_ZZ5conv3PA255_A255_fPA32_A5_A5_fPfS1_E7in_tile_0_2_0_d0        |  out|   32|   ap_memory|  p_ZZ5conv3PA255_A255_fPA32_A5_A5_fPfS1_E7in_tile_0_2_0|         array|
|p_ZZ5conv3PA255_A255_fPA32_A5_A5_fPfS1_E7in_tile_0_3_0_address0  |  out|    6|   ap_memory|  p_ZZ5conv3PA255_A255_fPA32_A5_A5_fPfS1_E7in_tile_0_3_0|         array|
|p_ZZ5conv3PA255_A255_fPA32_A5_A5_fPfS1_E7in_tile_0_3_0_ce0       |  out|    1|   ap_memory|  p_ZZ5conv3PA255_A255_fPA32_A5_A5_fPfS1_E7in_tile_0_3_0|         array|
|p_ZZ5conv3PA255_A255_fPA32_A5_A5_fPfS1_E7in_tile_0_3_0_we0       |  out|    1|   ap_memory|  p_ZZ5conv3PA255_A255_fPA32_A5_A5_fPfS1_E7in_tile_0_3_0|         array|
|p_ZZ5conv3PA255_A255_fPA32_A5_A5_fPfS1_E7in_tile_0_3_0_d0        |  out|   32|   ap_memory|  p_ZZ5conv3PA255_A255_fPA32_A5_A5_fPfS1_E7in_tile_0_3_0|         array|
|p_ZZ5conv3PA255_A255_fPA32_A5_A5_fPfS1_E7in_tile_0_4_0_address0  |  out|    6|   ap_memory|  p_ZZ5conv3PA255_A255_fPA32_A5_A5_fPfS1_E7in_tile_0_4_0|         array|
|p_ZZ5conv3PA255_A255_fPA32_A5_A5_fPfS1_E7in_tile_0_4_0_ce0       |  out|    1|   ap_memory|  p_ZZ5conv3PA255_A255_fPA32_A5_A5_fPfS1_E7in_tile_0_4_0|         array|
|p_ZZ5conv3PA255_A255_fPA32_A5_A5_fPfS1_E7in_tile_0_4_0_we0       |  out|    1|   ap_memory|  p_ZZ5conv3PA255_A255_fPA32_A5_A5_fPfS1_E7in_tile_0_4_0|         array|
|p_ZZ5conv3PA255_A255_fPA32_A5_A5_fPfS1_E7in_tile_0_4_0_d0        |  out|   32|   ap_memory|  p_ZZ5conv3PA255_A255_fPA32_A5_A5_fPfS1_E7in_tile_0_4_0|         array|
|p_ZZ5conv3PA255_A255_fPA32_A5_A5_fPfS1_E7in_tile_1_0_0_address0  |  out|    6|   ap_memory|  p_ZZ5conv3PA255_A255_fPA32_A5_A5_fPfS1_E7in_tile_1_0_0|         array|
|p_ZZ5conv3PA255_A255_fPA32_A5_A5_fPfS1_E7in_tile_1_0_0_ce0       |  out|    1|   ap_memory|  p_ZZ5conv3PA255_A255_fPA32_A5_A5_fPfS1_E7in_tile_1_0_0|         array|
|p_ZZ5conv3PA255_A255_fPA32_A5_A5_fPfS1_E7in_tile_1_0_0_we0       |  out|    1|   ap_memory|  p_ZZ5conv3PA255_A255_fPA32_A5_A5_fPfS1_E7in_tile_1_0_0|         array|
|p_ZZ5conv3PA255_A255_fPA32_A5_A5_fPfS1_E7in_tile_1_0_0_d0        |  out|   32|   ap_memory|  p_ZZ5conv3PA255_A255_fPA32_A5_A5_fPfS1_E7in_tile_1_0_0|         array|
|p_ZZ5conv3PA255_A255_fPA32_A5_A5_fPfS1_E7in_tile_1_1_0_address0  |  out|    6|   ap_memory|  p_ZZ5conv3PA255_A255_fPA32_A5_A5_fPfS1_E7in_tile_1_1_0|         array|
|p_ZZ5conv3PA255_A255_fPA32_A5_A5_fPfS1_E7in_tile_1_1_0_ce0       |  out|    1|   ap_memory|  p_ZZ5conv3PA255_A255_fPA32_A5_A5_fPfS1_E7in_tile_1_1_0|         array|
|p_ZZ5conv3PA255_A255_fPA32_A5_A5_fPfS1_E7in_tile_1_1_0_we0       |  out|    1|   ap_memory|  p_ZZ5conv3PA255_A255_fPA32_A5_A5_fPfS1_E7in_tile_1_1_0|         array|
|p_ZZ5conv3PA255_A255_fPA32_A5_A5_fPfS1_E7in_tile_1_1_0_d0        |  out|   32|   ap_memory|  p_ZZ5conv3PA255_A255_fPA32_A5_A5_fPfS1_E7in_tile_1_1_0|         array|
|p_ZZ5conv3PA255_A255_fPA32_A5_A5_fPfS1_E7in_tile_1_2_0_address0  |  out|    6|   ap_memory|  p_ZZ5conv3PA255_A255_fPA32_A5_A5_fPfS1_E7in_tile_1_2_0|         array|
|p_ZZ5conv3PA255_A255_fPA32_A5_A5_fPfS1_E7in_tile_1_2_0_ce0       |  out|    1|   ap_memory|  p_ZZ5conv3PA255_A255_fPA32_A5_A5_fPfS1_E7in_tile_1_2_0|         array|
|p_ZZ5conv3PA255_A255_fPA32_A5_A5_fPfS1_E7in_tile_1_2_0_we0       |  out|    1|   ap_memory|  p_ZZ5conv3PA255_A255_fPA32_A5_A5_fPfS1_E7in_tile_1_2_0|         array|
|p_ZZ5conv3PA255_A255_fPA32_A5_A5_fPfS1_E7in_tile_1_2_0_d0        |  out|   32|   ap_memory|  p_ZZ5conv3PA255_A255_fPA32_A5_A5_fPfS1_E7in_tile_1_2_0|         array|
|p_ZZ5conv3PA255_A255_fPA32_A5_A5_fPfS1_E7in_tile_1_3_0_address0  |  out|    6|   ap_memory|  p_ZZ5conv3PA255_A255_fPA32_A5_A5_fPfS1_E7in_tile_1_3_0|         array|
|p_ZZ5conv3PA255_A255_fPA32_A5_A5_fPfS1_E7in_tile_1_3_0_ce0       |  out|    1|   ap_memory|  p_ZZ5conv3PA255_A255_fPA32_A5_A5_fPfS1_E7in_tile_1_3_0|         array|
|p_ZZ5conv3PA255_A255_fPA32_A5_A5_fPfS1_E7in_tile_1_3_0_we0       |  out|    1|   ap_memory|  p_ZZ5conv3PA255_A255_fPA32_A5_A5_fPfS1_E7in_tile_1_3_0|         array|
|p_ZZ5conv3PA255_A255_fPA32_A5_A5_fPfS1_E7in_tile_1_3_0_d0        |  out|   32|   ap_memory|  p_ZZ5conv3PA255_A255_fPA32_A5_A5_fPfS1_E7in_tile_1_3_0|         array|
|p_ZZ5conv3PA255_A255_fPA32_A5_A5_fPfS1_E7in_tile_1_4_0_address0  |  out|    6|   ap_memory|  p_ZZ5conv3PA255_A255_fPA32_A5_A5_fPfS1_E7in_tile_1_4_0|         array|
|p_ZZ5conv3PA255_A255_fPA32_A5_A5_fPfS1_E7in_tile_1_4_0_ce0       |  out|    1|   ap_memory|  p_ZZ5conv3PA255_A255_fPA32_A5_A5_fPfS1_E7in_tile_1_4_0|         array|
|p_ZZ5conv3PA255_A255_fPA32_A5_A5_fPfS1_E7in_tile_1_4_0_we0       |  out|    1|   ap_memory|  p_ZZ5conv3PA255_A255_fPA32_A5_A5_fPfS1_E7in_tile_1_4_0|         array|
|p_ZZ5conv3PA255_A255_fPA32_A5_A5_fPfS1_E7in_tile_1_4_0_d0        |  out|   32|   ap_memory|  p_ZZ5conv3PA255_A255_fPA32_A5_A5_fPfS1_E7in_tile_1_4_0|         array|
|p_ZZ5conv3PA255_A255_fPA32_A5_A5_fPfS1_E7in_tile_2_0_0_address0  |  out|    6|   ap_memory|  p_ZZ5conv3PA255_A255_fPA32_A5_A5_fPfS1_E7in_tile_2_0_0|         array|
|p_ZZ5conv3PA255_A255_fPA32_A5_A5_fPfS1_E7in_tile_2_0_0_ce0       |  out|    1|   ap_memory|  p_ZZ5conv3PA255_A255_fPA32_A5_A5_fPfS1_E7in_tile_2_0_0|         array|
|p_ZZ5conv3PA255_A255_fPA32_A5_A5_fPfS1_E7in_tile_2_0_0_we0       |  out|    1|   ap_memory|  p_ZZ5conv3PA255_A255_fPA32_A5_A5_fPfS1_E7in_tile_2_0_0|         array|
|p_ZZ5conv3PA255_A255_fPA32_A5_A5_fPfS1_E7in_tile_2_0_0_d0        |  out|   32|   ap_memory|  p_ZZ5conv3PA255_A255_fPA32_A5_A5_fPfS1_E7in_tile_2_0_0|         array|
|p_ZZ5conv3PA255_A255_fPA32_A5_A5_fPfS1_E7in_tile_2_1_0_address0  |  out|    6|   ap_memory|  p_ZZ5conv3PA255_A255_fPA32_A5_A5_fPfS1_E7in_tile_2_1_0|         array|
|p_ZZ5conv3PA255_A255_fPA32_A5_A5_fPfS1_E7in_tile_2_1_0_ce0       |  out|    1|   ap_memory|  p_ZZ5conv3PA255_A255_fPA32_A5_A5_fPfS1_E7in_tile_2_1_0|         array|
|p_ZZ5conv3PA255_A255_fPA32_A5_A5_fPfS1_E7in_tile_2_1_0_we0       |  out|    1|   ap_memory|  p_ZZ5conv3PA255_A255_fPA32_A5_A5_fPfS1_E7in_tile_2_1_0|         array|
|p_ZZ5conv3PA255_A255_fPA32_A5_A5_fPfS1_E7in_tile_2_1_0_d0        |  out|   32|   ap_memory|  p_ZZ5conv3PA255_A255_fPA32_A5_A5_fPfS1_E7in_tile_2_1_0|         array|
|p_ZZ5conv3PA255_A255_fPA32_A5_A5_fPfS1_E7in_tile_2_2_0_address0  |  out|    6|   ap_memory|  p_ZZ5conv3PA255_A255_fPA32_A5_A5_fPfS1_E7in_tile_2_2_0|         array|
|p_ZZ5conv3PA255_A255_fPA32_A5_A5_fPfS1_E7in_tile_2_2_0_ce0       |  out|    1|   ap_memory|  p_ZZ5conv3PA255_A255_fPA32_A5_A5_fPfS1_E7in_tile_2_2_0|         array|
|p_ZZ5conv3PA255_A255_fPA32_A5_A5_fPfS1_E7in_tile_2_2_0_we0       |  out|    1|   ap_memory|  p_ZZ5conv3PA255_A255_fPA32_A5_A5_fPfS1_E7in_tile_2_2_0|         array|
|p_ZZ5conv3PA255_A255_fPA32_A5_A5_fPfS1_E7in_tile_2_2_0_d0        |  out|   32|   ap_memory|  p_ZZ5conv3PA255_A255_fPA32_A5_A5_fPfS1_E7in_tile_2_2_0|         array|
|p_ZZ5conv3PA255_A255_fPA32_A5_A5_fPfS1_E7in_tile_2_3_0_address0  |  out|    6|   ap_memory|  p_ZZ5conv3PA255_A255_fPA32_A5_A5_fPfS1_E7in_tile_2_3_0|         array|
|p_ZZ5conv3PA255_A255_fPA32_A5_A5_fPfS1_E7in_tile_2_3_0_ce0       |  out|    1|   ap_memory|  p_ZZ5conv3PA255_A255_fPA32_A5_A5_fPfS1_E7in_tile_2_3_0|         array|
|p_ZZ5conv3PA255_A255_fPA32_A5_A5_fPfS1_E7in_tile_2_3_0_we0       |  out|    1|   ap_memory|  p_ZZ5conv3PA255_A255_fPA32_A5_A5_fPfS1_E7in_tile_2_3_0|         array|
|p_ZZ5conv3PA255_A255_fPA32_A5_A5_fPfS1_E7in_tile_2_3_0_d0        |  out|   32|   ap_memory|  p_ZZ5conv3PA255_A255_fPA32_A5_A5_fPfS1_E7in_tile_2_3_0|         array|
|p_ZZ5conv3PA255_A255_fPA32_A5_A5_fPfS1_E7in_tile_2_4_0_address0  |  out|    6|   ap_memory|  p_ZZ5conv3PA255_A255_fPA32_A5_A5_fPfS1_E7in_tile_2_4_0|         array|
|p_ZZ5conv3PA255_A255_fPA32_A5_A5_fPfS1_E7in_tile_2_4_0_ce0       |  out|    1|   ap_memory|  p_ZZ5conv3PA255_A255_fPA32_A5_A5_fPfS1_E7in_tile_2_4_0|         array|
|p_ZZ5conv3PA255_A255_fPA32_A5_A5_fPfS1_E7in_tile_2_4_0_we0       |  out|    1|   ap_memory|  p_ZZ5conv3PA255_A255_fPA32_A5_A5_fPfS1_E7in_tile_2_4_0|         array|
|p_ZZ5conv3PA255_A255_fPA32_A5_A5_fPfS1_E7in_tile_2_4_0_d0        |  out|   32|   ap_memory|  p_ZZ5conv3PA255_A255_fPA32_A5_A5_fPfS1_E7in_tile_2_4_0|         array|
|p_ZZ5conv3PA255_A255_fPA32_A5_A5_fPfS1_E7in_tile_3_0_0_address0  |  out|    6|   ap_memory|  p_ZZ5conv3PA255_A255_fPA32_A5_A5_fPfS1_E7in_tile_3_0_0|         array|
|p_ZZ5conv3PA255_A255_fPA32_A5_A5_fPfS1_E7in_tile_3_0_0_ce0       |  out|    1|   ap_memory|  p_ZZ5conv3PA255_A255_fPA32_A5_A5_fPfS1_E7in_tile_3_0_0|         array|
|p_ZZ5conv3PA255_A255_fPA32_A5_A5_fPfS1_E7in_tile_3_0_0_we0       |  out|    1|   ap_memory|  p_ZZ5conv3PA255_A255_fPA32_A5_A5_fPfS1_E7in_tile_3_0_0|         array|
|p_ZZ5conv3PA255_A255_fPA32_A5_A5_fPfS1_E7in_tile_3_0_0_d0        |  out|   32|   ap_memory|  p_ZZ5conv3PA255_A255_fPA32_A5_A5_fPfS1_E7in_tile_3_0_0|         array|
|p_ZZ5conv3PA255_A255_fPA32_A5_A5_fPfS1_E7in_tile_3_1_0_address0  |  out|    6|   ap_memory|  p_ZZ5conv3PA255_A255_fPA32_A5_A5_fPfS1_E7in_tile_3_1_0|         array|
|p_ZZ5conv3PA255_A255_fPA32_A5_A5_fPfS1_E7in_tile_3_1_0_ce0       |  out|    1|   ap_memory|  p_ZZ5conv3PA255_A255_fPA32_A5_A5_fPfS1_E7in_tile_3_1_0|         array|
|p_ZZ5conv3PA255_A255_fPA32_A5_A5_fPfS1_E7in_tile_3_1_0_we0       |  out|    1|   ap_memory|  p_ZZ5conv3PA255_A255_fPA32_A5_A5_fPfS1_E7in_tile_3_1_0|         array|
|p_ZZ5conv3PA255_A255_fPA32_A5_A5_fPfS1_E7in_tile_3_1_0_d0        |  out|   32|   ap_memory|  p_ZZ5conv3PA255_A255_fPA32_A5_A5_fPfS1_E7in_tile_3_1_0|         array|
|p_ZZ5conv3PA255_A255_fPA32_A5_A5_fPfS1_E7in_tile_3_2_0_address0  |  out|    6|   ap_memory|  p_ZZ5conv3PA255_A255_fPA32_A5_A5_fPfS1_E7in_tile_3_2_0|         array|
|p_ZZ5conv3PA255_A255_fPA32_A5_A5_fPfS1_E7in_tile_3_2_0_ce0       |  out|    1|   ap_memory|  p_ZZ5conv3PA255_A255_fPA32_A5_A5_fPfS1_E7in_tile_3_2_0|         array|
|p_ZZ5conv3PA255_A255_fPA32_A5_A5_fPfS1_E7in_tile_3_2_0_we0       |  out|    1|   ap_memory|  p_ZZ5conv3PA255_A255_fPA32_A5_A5_fPfS1_E7in_tile_3_2_0|         array|
|p_ZZ5conv3PA255_A255_fPA32_A5_A5_fPfS1_E7in_tile_3_2_0_d0        |  out|   32|   ap_memory|  p_ZZ5conv3PA255_A255_fPA32_A5_A5_fPfS1_E7in_tile_3_2_0|         array|
|p_ZZ5conv3PA255_A255_fPA32_A5_A5_fPfS1_E7in_tile_3_3_0_address0  |  out|    6|   ap_memory|  p_ZZ5conv3PA255_A255_fPA32_A5_A5_fPfS1_E7in_tile_3_3_0|         array|
|p_ZZ5conv3PA255_A255_fPA32_A5_A5_fPfS1_E7in_tile_3_3_0_ce0       |  out|    1|   ap_memory|  p_ZZ5conv3PA255_A255_fPA32_A5_A5_fPfS1_E7in_tile_3_3_0|         array|
|p_ZZ5conv3PA255_A255_fPA32_A5_A5_fPfS1_E7in_tile_3_3_0_we0       |  out|    1|   ap_memory|  p_ZZ5conv3PA255_A255_fPA32_A5_A5_fPfS1_E7in_tile_3_3_0|         array|
|p_ZZ5conv3PA255_A255_fPA32_A5_A5_fPfS1_E7in_tile_3_3_0_d0        |  out|   32|   ap_memory|  p_ZZ5conv3PA255_A255_fPA32_A5_A5_fPfS1_E7in_tile_3_3_0|         array|
|p_ZZ5conv3PA255_A255_fPA32_A5_A5_fPfS1_E7in_tile_3_4_0_address0  |  out|    6|   ap_memory|  p_ZZ5conv3PA255_A255_fPA32_A5_A5_fPfS1_E7in_tile_3_4_0|         array|
|p_ZZ5conv3PA255_A255_fPA32_A5_A5_fPfS1_E7in_tile_3_4_0_ce0       |  out|    1|   ap_memory|  p_ZZ5conv3PA255_A255_fPA32_A5_A5_fPfS1_E7in_tile_3_4_0|         array|
|p_ZZ5conv3PA255_A255_fPA32_A5_A5_fPfS1_E7in_tile_3_4_0_we0       |  out|    1|   ap_memory|  p_ZZ5conv3PA255_A255_fPA32_A5_A5_fPfS1_E7in_tile_3_4_0|         array|
|p_ZZ5conv3PA255_A255_fPA32_A5_A5_fPfS1_E7in_tile_3_4_0_d0        |  out|   32|   ap_memory|  p_ZZ5conv3PA255_A255_fPA32_A5_A5_fPfS1_E7in_tile_3_4_0|         array|
|p_ZZ5conv3PA255_A255_fPA32_A5_A5_fPfS1_E7in_tile_4_0_0_address0  |  out|    6|   ap_memory|  p_ZZ5conv3PA255_A255_fPA32_A5_A5_fPfS1_E7in_tile_4_0_0|         array|
|p_ZZ5conv3PA255_A255_fPA32_A5_A5_fPfS1_E7in_tile_4_0_0_ce0       |  out|    1|   ap_memory|  p_ZZ5conv3PA255_A255_fPA32_A5_A5_fPfS1_E7in_tile_4_0_0|         array|
|p_ZZ5conv3PA255_A255_fPA32_A5_A5_fPfS1_E7in_tile_4_0_0_we0       |  out|    1|   ap_memory|  p_ZZ5conv3PA255_A255_fPA32_A5_A5_fPfS1_E7in_tile_4_0_0|         array|
|p_ZZ5conv3PA255_A255_fPA32_A5_A5_fPfS1_E7in_tile_4_0_0_d0        |  out|   32|   ap_memory|  p_ZZ5conv3PA255_A255_fPA32_A5_A5_fPfS1_E7in_tile_4_0_0|         array|
|p_ZZ5conv3PA255_A255_fPA32_A5_A5_fPfS1_E7in_tile_4_1_0_address0  |  out|    6|   ap_memory|  p_ZZ5conv3PA255_A255_fPA32_A5_A5_fPfS1_E7in_tile_4_1_0|         array|
|p_ZZ5conv3PA255_A255_fPA32_A5_A5_fPfS1_E7in_tile_4_1_0_ce0       |  out|    1|   ap_memory|  p_ZZ5conv3PA255_A255_fPA32_A5_A5_fPfS1_E7in_tile_4_1_0|         array|
|p_ZZ5conv3PA255_A255_fPA32_A5_A5_fPfS1_E7in_tile_4_1_0_we0       |  out|    1|   ap_memory|  p_ZZ5conv3PA255_A255_fPA32_A5_A5_fPfS1_E7in_tile_4_1_0|         array|
|p_ZZ5conv3PA255_A255_fPA32_A5_A5_fPfS1_E7in_tile_4_1_0_d0        |  out|   32|   ap_memory|  p_ZZ5conv3PA255_A255_fPA32_A5_A5_fPfS1_E7in_tile_4_1_0|         array|
|p_ZZ5conv3PA255_A255_fPA32_A5_A5_fPfS1_E7in_tile_4_2_0_address0  |  out|    6|   ap_memory|  p_ZZ5conv3PA255_A255_fPA32_A5_A5_fPfS1_E7in_tile_4_2_0|         array|
|p_ZZ5conv3PA255_A255_fPA32_A5_A5_fPfS1_E7in_tile_4_2_0_ce0       |  out|    1|   ap_memory|  p_ZZ5conv3PA255_A255_fPA32_A5_A5_fPfS1_E7in_tile_4_2_0|         array|
|p_ZZ5conv3PA255_A255_fPA32_A5_A5_fPfS1_E7in_tile_4_2_0_we0       |  out|    1|   ap_memory|  p_ZZ5conv3PA255_A255_fPA32_A5_A5_fPfS1_E7in_tile_4_2_0|         array|
|p_ZZ5conv3PA255_A255_fPA32_A5_A5_fPfS1_E7in_tile_4_2_0_d0        |  out|   32|   ap_memory|  p_ZZ5conv3PA255_A255_fPA32_A5_A5_fPfS1_E7in_tile_4_2_0|         array|
|p_ZZ5conv3PA255_A255_fPA32_A5_A5_fPfS1_E7in_tile_4_3_0_address0  |  out|    6|   ap_memory|  p_ZZ5conv3PA255_A255_fPA32_A5_A5_fPfS1_E7in_tile_4_3_0|         array|
|p_ZZ5conv3PA255_A255_fPA32_A5_A5_fPfS1_E7in_tile_4_3_0_ce0       |  out|    1|   ap_memory|  p_ZZ5conv3PA255_A255_fPA32_A5_A5_fPfS1_E7in_tile_4_3_0|         array|
|p_ZZ5conv3PA255_A255_fPA32_A5_A5_fPfS1_E7in_tile_4_3_0_we0       |  out|    1|   ap_memory|  p_ZZ5conv3PA255_A255_fPA32_A5_A5_fPfS1_E7in_tile_4_3_0|         array|
|p_ZZ5conv3PA255_A255_fPA32_A5_A5_fPfS1_E7in_tile_4_3_0_d0        |  out|   32|   ap_memory|  p_ZZ5conv3PA255_A255_fPA32_A5_A5_fPfS1_E7in_tile_4_3_0|         array|
|p_ZZ5conv3PA255_A255_fPA32_A5_A5_fPfS1_E7in_tile_4_4_0_address0  |  out|    6|   ap_memory|  p_ZZ5conv3PA255_A255_fPA32_A5_A5_fPfS1_E7in_tile_4_4_0|         array|
|p_ZZ5conv3PA255_A255_fPA32_A5_A5_fPfS1_E7in_tile_4_4_0_ce0       |  out|    1|   ap_memory|  p_ZZ5conv3PA255_A255_fPA32_A5_A5_fPfS1_E7in_tile_4_4_0|         array|
|p_ZZ5conv3PA255_A255_fPA32_A5_A5_fPfS1_E7in_tile_4_4_0_we0       |  out|    1|   ap_memory|  p_ZZ5conv3PA255_A255_fPA32_A5_A5_fPfS1_E7in_tile_4_4_0|         array|
|p_ZZ5conv3PA255_A255_fPA32_A5_A5_fPfS1_E7in_tile_4_4_0_d0        |  out|   32|   ap_memory|  p_ZZ5conv3PA255_A255_fPA32_A5_A5_fPfS1_E7in_tile_4_4_0|         array|
+-----------------------------------------------------------------+-----+-----+------------+--------------------------------------------------------+--------------+

