

================================================================
== Vitis HLS Report for 'conv2_Pipeline_VITIS_LOOP_53_3'
================================================================
* Date:           Thu Oct 30 21:22:45 2025

* Version:        2023.1 (Build 3854077 on May  4 2023)
* Project:        srcnn_hls
* Solution:       solution1 (Vivado IP Flow Target)
* Product family: zynquplus
* Target device:  xck26-sfvc784-2LV-c


================================================================
== Performance Estimates
================================================================
+ Timing: 
    * Summary: 
    +--------+----------+----------+------------+
    |  Clock |  Target  | Estimated| Uncertainty|
    +--------+----------+----------+------------+
    |ap_clk  |  10.00 ns|  7.016 ns|     2.70 ns|
    +--------+----------+----------+------------+

+ Latency: 
    * Summary: 
    +---------+---------+----------+----------+-----+-----+---------+
    |  Latency (cycles) |  Latency (absolute) |  Interval | Pipeline|
    |   min   |   max   |    min   |    max   | min | max |   Type  |
    +---------+---------+----------+----------+-----+-----+---------+
    |       18|       18|  0.180 us|  0.180 us|   18|   18|       no|
    +---------+---------+----------+----------+-----+-----+---------+

    + Detail: 
        * Instance: 
        N/A

        * Loop: 
        +-------------------+---------+---------+----------+-----------+-----------+------+----------+
        |                   |  Latency (cycles) | Iteration|  Initiation Interval  | Trip |          |
        |     Loop Name     |   min   |   max   |  Latency |  achieved |   target  | Count| Pipelined|
        +-------------------+---------+---------+----------+-----------+-----------+------+----------+
        |- VITIS_LOOP_53_3  |       16|       16|        10|          1|          1|     8|       yes|
        +-------------------+---------+---------+----------+-----------+-----------+------+----------+



================================================================
== Utilization Estimates
================================================================
* Summary: 
+-----------------+---------+------+--------+--------+-----+
|       Name      | BRAM_18K|  DSP |   FF   |   LUT  | URAM|
+-----------------+---------+------+--------+--------+-----+
|DSP              |        -|     -|       -|       -|    -|
|Expression       |        -|     -|       0|      61|    -|
|FIFO             |        -|     -|       -|       -|    -|
|Instance         |        -|     -|       -|       -|    -|
|Memory           |        -|     -|       -|       -|    -|
|Multiplexer      |        -|     -|       -|      36|    -|
|Register         |        -|     -|     307|      64|    -|
+-----------------+---------+------+--------+--------+-----+
|Total            |        0|     0|     307|     161|    0|
+-----------------+---------+------+--------+--------+-----+
|Available        |      288|  1248|  234240|  117120|   64|
+-----------------+---------+------+--------+--------+-----+
|Utilization (%)  |        0|     0|      ~0|      ~0|    0|
+-----------------+---------+------+--------+--------+-----+

+ Detail: 
    * Instance: 
    N/A

    * DSP: 
    N/A

    * Memory: 
    N/A

    * FIFO: 
    N/A

    * Expression: 
    +----------------------+----------+----+---+----+------------+------------+
    |     Variable Name    | Operation| DSP| FF| LUT| Bitwidth P0| Bitwidth P1|
    +----------------------+----------+----+---+----+------------+------------+
    |add_ln53_fu_126_p2    |         +|   0|  0|  12|           4|           1|
    |add_ln56_1_fu_166_p2  |         +|   0|  0|  20|          13|          13|
    |add_ln56_fu_153_p2    |         +|   0|  0|  15|           8|           8|
    |icmp_ln53_fu_120_p2   |      icmp|   0|  0|  12|           4|           5|
    |ap_enable_pp0         |       xor|   0|  0|   2|           1|           2|
    +----------------------+----------+----+---+----+------------+------------+
    |Total                 |          |   0|  0|  61|          30|          29|
    +----------------------+----------+----+---+----+------------+------------+

    * Multiplexer: 
    +-------------------------+----+-----------+-----+-----------+
    |           Name          | LUT| Input Size| Bits| Total Bits|
    +-------------------------+----+-----------+-----+-----------+
    |ap_done_int              |   9|          2|    1|          2|
    |ap_enable_reg_pp0_iter1  |   9|          2|    1|          2|
    |ap_sig_allocacmp_tn_1    |   9|          2|    4|          8|
    |tn_fu_44                 |   9|          2|    4|          8|
    +-------------------------+----+-----------+-----+-----------+
    |Total                    |  36|          8|   10|         20|
    +-------------------------+----+-----------+-----+-----------+

    * Register: 
    +----------------------------------+----+----+-----+-----------+
    |               Name               | FF | LUT| Bits| Const Bits|
    +----------------------------------+----+----+-----+-----------+
    |acc_1_reg_233                     |  32|   0|   32|          0|
    |acc_reg_223                       |  32|   0|   32|          0|
    |ap_CS_fsm                         |   1|   0|    1|          0|
    |ap_done_reg                       |   1|   0|    1|          0|
    |ap_enable_reg_pp0_iter1           |   1|   0|    1|          0|
    |ap_enable_reg_pp0_iter2           |   1|   0|    1|          0|
    |ap_enable_reg_pp0_iter3           |   1|   0|    1|          0|
    |ap_enable_reg_pp0_iter4           |   1|   0|    1|          0|
    |ap_enable_reg_pp0_iter5           |   1|   0|    1|          0|
    |ap_enable_reg_pp0_iter6           |   1|   0|    1|          0|
    |ap_enable_reg_pp0_iter7           |   1|   0|    1|          0|
    |ap_enable_reg_pp0_iter8           |   1|   0|    1|          0|
    |ap_enable_reg_pp0_iter9           |   1|   0|    1|          0|
    |ap_loop_exit_ready_pp0_iter1_reg  |   1|   0|    1|          0|
    |ap_loop_exit_ready_pp0_iter2_reg  |   1|   0|    1|          0|
    |ap_loop_exit_ready_pp0_iter3_reg  |   1|   0|    1|          0|
    |ap_loop_exit_ready_pp0_iter4_reg  |   1|   0|    1|          0|
    |ap_loop_exit_ready_pp0_iter5_reg  |   1|   0|    1|          0|
    |ap_loop_exit_ready_pp0_iter6_reg  |   1|   0|    1|          0|
    |ap_loop_exit_ready_pp0_iter7_reg  |   1|   0|    1|          0|
    |ap_loop_exit_ready_pp0_iter8_reg  |   1|   0|    1|          0|
    |mul_i_reg_228                     |  32|   0|   32|          0|
    |out_tile_1_addr_reg_217           |  13|   0|   13|          0|
    |tn_fu_44                          |   4|   0|    4|          0|
    |trunc_ln56_reg_202                |   3|   0|    3|          0|
    |w_tile_0_load_reg_212             |  32|   0|   32|          0|
    |zext_ln51_cast_reg_188            |   6|   0|   13|          7|
    |zext_ln56_reg_193                 |   6|   0|    8|          2|
    |out_tile_1_addr_reg_217           |  64|  32|   13|          0|
    |trunc_ln56_reg_202                |  64|  32|    3|          0|
    +----------------------------------+----+----+-----+-----------+
    |Total                             | 307|  64|  204|          9|
    +----------------------------------+----+----+-----+-----------+



================================================================
== Interface
================================================================
* Summary: 
+---------------------+-----+-----+------------+--------------------------------+--------------+
|      RTL Ports      | Dir | Bits|  Protocol  |          Source Object         |    C Type    |
+---------------------+-----+-----+------------+--------------------------------+--------------+
|ap_clk               |   in|    1|  ap_ctrl_hs|  conv2_Pipeline_VITIS_LOOP_53_3|  return value|
|ap_rst               |   in|    1|  ap_ctrl_hs|  conv2_Pipeline_VITIS_LOOP_53_3|  return value|
|ap_start             |   in|    1|  ap_ctrl_hs|  conv2_Pipeline_VITIS_LOOP_53_3|  return value|
|ap_done              |  out|    1|  ap_ctrl_hs|  conv2_Pipeline_VITIS_LOOP_53_3|  return value|
|ap_idle              |  out|    1|  ap_ctrl_hs|  conv2_Pipeline_VITIS_LOOP_53_3|  return value|
|ap_ready             |  out|    1|  ap_ctrl_hs|  conv2_Pipeline_VITIS_LOOP_53_3|  return value|
|grp_fu_934_p_din0    |  out|   32|  ap_ctrl_hs|  conv2_Pipeline_VITIS_LOOP_53_3|  return value|
|grp_fu_934_p_din1    |  out|   32|  ap_ctrl_hs|  conv2_Pipeline_VITIS_LOOP_53_3|  return value|
|grp_fu_934_p_dout0   |   in|   32|  ap_ctrl_hs|  conv2_Pipeline_VITIS_LOOP_53_3|  return value|
|grp_fu_934_p_ce      |  out|    1|  ap_ctrl_hs|  conv2_Pipeline_VITIS_LOOP_53_3|  return value|
|grp_fu_938_p_din0    |  out|   32|  ap_ctrl_hs|  conv2_Pipeline_VITIS_LOOP_53_3|  return value|
|grp_fu_938_p_din1    |  out|   32|  ap_ctrl_hs|  conv2_Pipeline_VITIS_LOOP_53_3|  return value|
|grp_fu_938_p_opcode  |  out|    2|  ap_ctrl_hs|  conv2_Pipeline_VITIS_LOOP_53_3|  return value|
|grp_fu_938_p_dout0   |   in|   32|  ap_ctrl_hs|  conv2_Pipeline_VITIS_LOOP_53_3|  return value|
|grp_fu_938_p_ce      |  out|    1|  ap_ctrl_hs|  conv2_Pipeline_VITIS_LOOP_53_3|  return value|
|zext_ln50_1          |   in|    6|     ap_none|                     zext_ln50_1|        scalar|
|zext_ln51            |   in|    6|     ap_none|                       zext_ln51|        scalar|
|in_tile_0_load       |   in|   32|     ap_none|                  in_tile_0_load|        scalar|
|out_tile_1_address0  |  out|   13|   ap_memory|                      out_tile_1|         array|
|out_tile_1_ce0       |  out|    1|   ap_memory|                      out_tile_1|         array|
|out_tile_1_we0       |  out|    1|   ap_memory|                      out_tile_1|         array|
|out_tile_1_d0        |  out|   32|   ap_memory|                      out_tile_1|         array|
|out_tile_1_address1  |  out|   13|   ap_memory|                      out_tile_1|         array|
|out_tile_1_ce1       |  out|    1|   ap_memory|                      out_tile_1|         array|
|out_tile_1_q1        |   in|   32|   ap_memory|                      out_tile_1|         array|
|w_tile_0_address0    |  out|    3|   ap_memory|                        w_tile_0|         array|
|w_tile_0_ce0         |  out|    1|   ap_memory|                        w_tile_0|         array|
|w_tile_0_q0          |   in|   32|   ap_memory|                        w_tile_0|         array|
+---------------------+-----+-----+------------+--------------------------------+--------------+

