

================================================================
== Vitis HLS Report for 'conv2_Pipeline_VITIS_LOOP_24_3'
================================================================
* Date:           Fri Oct 31 01:55:10 2025

* Version:        2023.1 (Build 3854077 on May  4 2023)
* Project:        srcnn_hls
* Solution:       solution1 (Vivado IP Flow Target)
* Product family: zynquplus
* Target device:  xck26-sfvc784-2LV-c


================================================================
== Performance Estimates
================================================================
+ Timing: 
    * Summary: 
    +--------+----------+----------+------------+
    |  Clock |  Target  | Estimated| Uncertainty|
    +--------+----------+----------+------------+
    |ap_clk  |  10.00 ns|  7.300 ns|     2.70 ns|
    +--------+----------+----------+------------+

+ Latency: 
    * Summary: 
    +---------+---------+-----------+-----------+------+------+---------+
    |  Latency (cycles) |   Latency (absolute)  |   Interval  | Pipeline|
    |   min   |   max   |    min    |    max    |  min |  max |   Type  |
    +---------+---------+-----------+-----------+------+------+---------+
    |     1035|     1035|  10.350 us|  10.350 us|  1035|  1035|       no|
    +---------+---------+-----------+-----------+------+------+---------+

    + Detail: 
        * Instance: 
        N/A

        * Loop: 
        +-----------------------------------+---------+---------+----------+-----------+-----------+------+----------+
        |                                   |  Latency (cycles) | Iteration|  Initiation Interval  | Trip |          |
        |             Loop Name             |   min   |   max   |  Latency |  achieved |   target  | Count| Pipelined|
        +-----------------------------------+---------+---------+----------+-----------+-----------+------+----------+
        |- VITIS_LOOP_23_2_VITIS_LOOP_24_3  |     1033|     1033|        11|          1|          1|  1024|       yes|
        +-----------------------------------+---------+---------+----------+-----------+-----------+------+----------+



================================================================
== Utilization Estimates
================================================================
* Summary: 
+-----------------+---------+------+--------+--------+-----+
|       Name      | BRAM_18K|  DSP |   FF   |   LUT  | URAM|
+-----------------+---------+------+--------+--------+-----+
|DSP              |        -|     -|       -|       -|    -|
|Expression       |        -|     -|       0|     393|    -|
|FIFO             |        -|     -|       -|       -|    -|
|Instance         |        -|     -|       -|       -|    -|
|Memory           |        -|     -|       -|       -|    -|
|Multiplexer      |        -|     -|       -|      90|    -|
|Register         |        -|     -|     285|      64|    -|
+-----------------+---------+------+--------+--------+-----+
|Total            |        0|     0|     285|     547|    0|
+-----------------+---------+------+--------+--------+-----+
|Available        |      288|  1248|  234240|  117120|   64|
+-----------------+---------+------+--------+--------+-----+
|Utilization (%)  |        0|     0|      ~0|      ~0|    0|
+-----------------+---------+------+--------+--------+-----+

+ Detail: 
    * Instance: 
    N/A

    * DSP: 
    N/A

    * Memory: 
    N/A

    * FIFO: 
    N/A

    * Expression: 
    +-----------------------------------+----------+----+---+----+------------+------------+
    |           Variable Name           | Operation| DSP| FF| LUT| Bitwidth P0| Bitwidth P1|
    +-----------------------------------+----------+----+---+----+------------+------------+
    |add_ln23_1_fu_394_p2               |         +|   0|  0|  32|          25|          25|
    |add_ln23_2_fu_404_p2               |         +|   0|  0|  71|          64|          64|
    |add_ln23_3_fu_269_p2               |         +|   0|  0|  18|          11|           1|
    |add_ln23_fu_278_p2                 |         +|   0|  0|  13|           6|           1|
    |add_ln24_fu_467_p2                 |         +|   0|  0|  13|           6|           1|
    |add_ln27_fu_440_p2                 |         +|   0|  0|  17|          10|          10|
    |empty_fu_213_p2                    |         +|   0|  0|  16|           9|           9|
    |p_mid1_fu_332_p2                   |         +|   0|  0|  16|           9|           9|
    |empty_71_fu_243_p2                 |         -|   0|  0|  27|          20|          20|
    |p_mid127_fu_362_p2                 |         -|   0|  0|  27|          20|          20|
    |and_ln26_fu_461_p2                 |       and|   0|  0|   2|           1|           1|
    |ap_block_state10_pp0_stage0_iter9  |       and|   0|  0|   2|           1|           1|
    |ap_block_state2_io                 |       and|   0|  0|   2|           1|           1|
    |ap_condition_546                   |       and|   0|  0|   2|           1|           1|
    |cmp10_i_fu_249_p2                  |      icmp|   0|  0|  15|           8|           8|
    |cmp10_i_mid1_fu_368_p2             |      icmp|   0|  0|  15|           8|           8|
    |icmp_ln23_fu_263_p2                |      icmp|   0|  0|  19|          11|          12|
    |icmp_ln24_fu_284_p2                |      icmp|   0|  0|  14|           6|           7|
    |icmp_ln26_fu_455_p2                |      icmp|   0|  0|  15|           8|           8|
    |ap_block_pp0_stage0_11001          |        or|   0|  0|   2|           1|           1|
    |or_ln23_fu_290_p2                  |        or|   0|  0|   2|           1|           1|
    |select_ln23_1_fu_304_p3            |    select|   0|  0|   6|           1|           6|
    |select_ln23_2_fu_374_p3            |    select|   0|  0|   2|           1|           1|
    |select_ln23_3_fu_382_p3            |    select|   0|  0|  19|           1|          20|
    |select_ln23_4_fu_428_p3            |    select|   0|  0|   6|           1|           6|
    |select_ln23_fu_296_p3              |    select|   0|  0|   6|           1|           1|
    |select_ln24_1_fu_420_p3            |    select|   0|  0|   6|           1|           6|
    |select_ln24_fu_255_p3              |    select|   0|  0|   6|           1|           6|
    |ap_enable_pp0                      |       xor|   0|  0|   2|           1|           2|
    +-----------------------------------+----------+----+---+----+------------+------------+
    |Total                              |          |   0|  0| 393|         235|         257|
    +-----------------------------------+----------+----+---+----+------------+------------+

    * Multiplexer: 
    +----------------------------------------+----+-----------+-----+-----------+
    |                  Name                  | LUT| Input Size| Bits| Total Bits|
    +----------------------------------------+----+-----------+-----+-----------+
    |ap_done_int                             |   9|          2|    1|          2|
    |ap_enable_reg_pp0_iter1                 |   9|          2|    1|          2|
    |ap_sig_allocacmp_indvar_flatten31_load  |   9|          2|   11|         22|
    |ap_sig_allocacmp_th                     |   9|          2|    6|         12|
    |ap_sig_allocacmp_tw_load                |   9|          2|    6|         12|
    |feat_blk_n_AR                           |   9|          2|    1|          2|
    |feat_blk_n_R                            |   9|          2|    1|          2|
    |indvar_flatten31_fu_106                 |   9|          2|   11|         22|
    |th_2_fu_102                             |   9|          2|    6|         12|
    |tw_fu_98                                |   9|          2|    6|         12|
    +----------------------------------------+----+-----------+-----+-----------+
    |Total                                   |  90|         20|   50|        100|
    +----------------------------------------+----+-----------+-----+-----------+

    * Register: 
    +----------------------------------+----+----+-----+-----------+
    |               Name               | FF | LUT| Bits| Const Bits|
    +----------------------------------+----+----+-----+-----------+
    |and_ln26_reg_556                  |   1|   0|    1|          0|
    |ap_CS_fsm                         |   1|   0|    1|          0|
    |ap_done_reg                       |   1|   0|    1|          0|
    |ap_enable_reg_pp0_iter1           |   1|   0|    1|          0|
    |ap_enable_reg_pp0_iter10          |   1|   0|    1|          0|
    |ap_enable_reg_pp0_iter2           |   1|   0|    1|          0|
    |ap_enable_reg_pp0_iter3           |   1|   0|    1|          0|
    |ap_enable_reg_pp0_iter4           |   1|   0|    1|          0|
    |ap_enable_reg_pp0_iter5           |   1|   0|    1|          0|
    |ap_enable_reg_pp0_iter6           |   1|   0|    1|          0|
    |ap_enable_reg_pp0_iter7           |   1|   0|    1|          0|
    |ap_enable_reg_pp0_iter8           |   1|   0|    1|          0|
    |ap_enable_reg_pp0_iter9           |   1|   0|    1|          0|
    |ap_loop_exit_ready_pp0_iter1_reg  |   1|   0|    1|          0|
    |ap_loop_exit_ready_pp0_iter2_reg  |   1|   0|    1|          0|
    |ap_loop_exit_ready_pp0_iter3_reg  |   1|   0|    1|          0|
    |ap_loop_exit_ready_pp0_iter4_reg  |   1|   0|    1|          0|
    |ap_loop_exit_ready_pp0_iter5_reg  |   1|   0|    1|          0|
    |ap_loop_exit_ready_pp0_iter6_reg  |   1|   0|    1|          0|
    |ap_loop_exit_ready_pp0_iter7_reg  |   1|   0|    1|          0|
    |ap_loop_exit_ready_pp0_iter8_reg  |   1|   0|    1|          0|
    |ap_loop_exit_ready_pp0_iter9_reg  |   1|   0|    1|          0|
    |feat_addr_read_reg_575            |  32|   0|   32|          0|
    |icmp_ln23_reg_533                 |   1|   0|    1|          0|
    |in_tile_0_addr_reg_551            |  10|   0|   10|          0|
    |indvar_flatten31_fu_106           |  11|   0|   11|          0|
    |or_ln23_reg_537                   |   1|   0|    1|          0|
    |select_ln23_4_reg_546             |   6|   0|    6|          0|
    |sext_ln24_mid2_v_reg_541          |  62|   0|   62|          0|
    |th_2_fu_102                       |   6|   0|    6|          0|
    |tw_fu_98                          |   6|   0|    6|          0|
    |and_ln26_reg_556                  |  64|  32|    1|          0|
    |in_tile_0_addr_reg_551            |  64|  32|   10|          0|
    +----------------------------------+----+----+-----+-----------+
    |Total                             | 285|  64|  168|          0|
    +----------------------------------+----+----+-----+-----------+



================================================================
== Interface
================================================================
* Summary: 
+---------------------+-----+-----+------------+--------------------------------+--------------+
|      RTL Ports      | Dir | Bits|  Protocol  |          Source Object         |    C Type    |
+---------------------+-----+-----+------------+--------------------------------+--------------+
|ap_clk               |   in|    1|  ap_ctrl_hs|  conv2_Pipeline_VITIS_LOOP_24_3|  return value|
|ap_rst               |   in|    1|  ap_ctrl_hs|  conv2_Pipeline_VITIS_LOOP_24_3|  return value|
|ap_start             |   in|    1|  ap_ctrl_hs|  conv2_Pipeline_VITIS_LOOP_24_3|  return value|
|ap_done              |  out|    1|  ap_ctrl_hs|  conv2_Pipeline_VITIS_LOOP_24_3|  return value|
|ap_idle              |  out|    1|  ap_ctrl_hs|  conv2_Pipeline_VITIS_LOOP_24_3|  return value|
|ap_ready             |  out|    1|  ap_ctrl_hs|  conv2_Pipeline_VITIS_LOOP_24_3|  return value|
|m_axi_feat_AWVALID   |  out|    1|       m_axi|                            feat|       pointer|
|m_axi_feat_AWREADY   |   in|    1|       m_axi|                            feat|       pointer|
|m_axi_feat_AWADDR    |  out|   64|       m_axi|                            feat|       pointer|
|m_axi_feat_AWID      |  out|    1|       m_axi|                            feat|       pointer|
|m_axi_feat_AWLEN     |  out|   32|       m_axi|                            feat|       pointer|
|m_axi_feat_AWSIZE    |  out|    3|       m_axi|                            feat|       pointer|
|m_axi_feat_AWBURST   |  out|    2|       m_axi|                            feat|       pointer|
|m_axi_feat_AWLOCK    |  out|    2|       m_axi|                            feat|       pointer|
|m_axi_feat_AWCACHE   |  out|    4|       m_axi|                            feat|       pointer|
|m_axi_feat_AWPROT    |  out|    3|       m_axi|                            feat|       pointer|
|m_axi_feat_AWQOS     |  out|    4|       m_axi|                            feat|       pointer|
|m_axi_feat_AWREGION  |  out|    4|       m_axi|                            feat|       pointer|
|m_axi_feat_AWUSER    |  out|    1|       m_axi|                            feat|       pointer|
|m_axi_feat_WVALID    |  out|    1|       m_axi|                            feat|       pointer|
|m_axi_feat_WREADY    |   in|    1|       m_axi|                            feat|       pointer|
|m_axi_feat_WDATA     |  out|   32|       m_axi|                            feat|       pointer|
|m_axi_feat_WSTRB     |  out|    4|       m_axi|                            feat|       pointer|
|m_axi_feat_WLAST     |  out|    1|       m_axi|                            feat|       pointer|
|m_axi_feat_WID       |  out|    1|       m_axi|                            feat|       pointer|
|m_axi_feat_WUSER     |  out|    1|       m_axi|                            feat|       pointer|
|m_axi_feat_ARVALID   |  out|    1|       m_axi|                            feat|       pointer|
|m_axi_feat_ARREADY   |   in|    1|       m_axi|                            feat|       pointer|
|m_axi_feat_ARADDR    |  out|   64|       m_axi|                            feat|       pointer|
|m_axi_feat_ARID      |  out|    1|       m_axi|                            feat|       pointer|
|m_axi_feat_ARLEN     |  out|   32|       m_axi|                            feat|       pointer|
|m_axi_feat_ARSIZE    |  out|    3|       m_axi|                            feat|       pointer|
|m_axi_feat_ARBURST   |  out|    2|       m_axi|                            feat|       pointer|
|m_axi_feat_ARLOCK    |  out|    2|       m_axi|                            feat|       pointer|
|m_axi_feat_ARCACHE   |  out|    4|       m_axi|                            feat|       pointer|
|m_axi_feat_ARPROT    |  out|    3|       m_axi|                            feat|       pointer|
|m_axi_feat_ARQOS     |  out|    4|       m_axi|                            feat|       pointer|
|m_axi_feat_ARREGION  |  out|    4|       m_axi|                            feat|       pointer|
|m_axi_feat_ARUSER    |  out|    1|       m_axi|                            feat|       pointer|
|m_axi_feat_RVALID    |   in|    1|       m_axi|                            feat|       pointer|
|m_axi_feat_RREADY    |  out|    1|       m_axi|                            feat|       pointer|
|m_axi_feat_RDATA     |   in|   32|       m_axi|                            feat|       pointer|
|m_axi_feat_RLAST     |   in|    1|       m_axi|                            feat|       pointer|
|m_axi_feat_RID       |   in|    1|       m_axi|                            feat|       pointer|
|m_axi_feat_RFIFONUM  |   in|    9|       m_axi|                            feat|       pointer|
|m_axi_feat_RUSER     |   in|    1|       m_axi|                            feat|       pointer|
|m_axi_feat_RRESP     |   in|    2|       m_axi|                            feat|       pointer|
|m_axi_feat_BVALID    |   in|    1|       m_axi|                            feat|       pointer|
|m_axi_feat_BREADY    |  out|    1|       m_axi|                            feat|       pointer|
|m_axi_feat_BRESP     |   in|    2|       m_axi|                            feat|       pointer|
|m_axi_feat_BID       |   in|    1|       m_axi|                            feat|       pointer|
|m_axi_feat_BUSER     |   in|    1|       m_axi|                            feat|       pointer|
|select_ln93          |   in|    9|     ap_none|                     select_ln93|        scalar|
|select_ln67_5        |   in|    8|     ap_none|                   select_ln67_5|        scalar|
|select_ln106         |   in|    6|     ap_none|                    select_ln106|        scalar|
|zext_ln99            |   in|    8|     ap_none|                       zext_ln99|        scalar|
|phi_mul              |   in|   24|     ap_none|                         phi_mul|        scalar|
|tmp                  |   in|   64|     ap_none|                             tmp|        scalar|
|in_tile_0_address0   |  out|   10|   ap_memory|                       in_tile_0|         array|
|in_tile_0_ce0        |  out|    1|   ap_memory|                       in_tile_0|         array|
|in_tile_0_we0        |  out|    1|   ap_memory|                       in_tile_0|         array|
|in_tile_0_d0         |  out|   32|   ap_memory|                       in_tile_0|         array|
+---------------------+-----+-----+------------+--------------------------------+--------------+

