

================================================================
== Vitis HLS Report for 'gen_tiles_stream_all'
================================================================
* Date:           Thu Oct 30 11:32:29 2025

* Version:        2023.1 (Build 3854077 on May  4 2023)
* Project:        srcnn_hls
* Solution:       solution1 (Vivado IP Flow Target)
* Product family: zynquplus
* Target device:  xck26-sfvc784-2LV-c


================================================================
== Performance Estimates
================================================================
+ Timing: 
    * Summary: 
    +--------+----------+----------+------------+
    |  Clock |  Target  | Estimated| Uncertainty|
    +--------+----------+----------+------------+
    |ap_clk  |  10.00 ns|  3.007 ns|     2.70 ns|
    +--------+----------+----------+------------+

+ Latency: 
    * Summary: 
    +---------+---------+----------+----------+-----+-----+---------+
    |  Latency (cycles) |  Latency (absolute) |  Interval | Pipeline|
    |   min   |   max   |    min   |    max   | min | max |   Type  |
    +---------+---------+----------+----------+-----+-----+---------+
    |      657|      657|  6.570 us|  6.570 us|  657|  657|       no|
    +---------+---------+----------+----------+-----+-----+---------+

    + Detail: 
        * Instance: 
        N/A

        * Loop: 
        +----------------------+---------+---------+----------+-----------+-----------+------+----------+
        |                      |  Latency (cycles) | Iteration|  Initiation Interval  | Trip |          |
        |       Loop Name      |   min   |   max   |  Latency |  achieved |   target  | Count| Pipelined|
        +----------------------+---------+---------+----------+-----------+-----------+------+----------+
        |- VITIS_LOOP_30_1     |      656|      656|        82|          -|          -|     8|        no|
        | + VITIS_LOOP_33_2    |       80|       80|        10|          -|          -|     8|        no|
        |  ++ VITIS_LOOP_35_3  |        8|        8|         1|          -|          -|     8|        no|
        +----------------------+---------+---------+----------+-----------+-----------+------+----------+



================================================================
== Utilization Estimates
================================================================
* Summary: 
+-----------------+---------+------+--------+--------+-----+
|       Name      | BRAM_18K|  DSP |   FF   |   LUT  | URAM|
+-----------------+---------+------+--------+--------+-----+
|DSP              |        -|     -|       -|       -|    -|
|Expression       |        -|     -|       0|     153|    -|
|FIFO             |        -|     -|       -|       -|    -|
|Instance         |        -|     -|       -|       -|    -|
|Memory           |        -|     -|       -|       -|    -|
|Multiplexer      |        -|     -|       -|      71|    -|
|Register         |        -|     -|      52|       -|    -|
+-----------------+---------+------+--------+--------+-----+
|Total            |        0|     0|      52|     224|    0|
+-----------------+---------+------+--------+--------+-----+
|Available        |      288|  1248|  234240|  117120|   64|
+-----------------+---------+------+--------+--------+-----+
|Utilization (%)  |        0|     0|      ~0|      ~0|    0|
+-----------------+---------+------+--------+--------+-----+

+ Detail: 
    * Instance: 
    N/A

    * DSP: 
    N/A

    * Memory: 
    N/A

    * FIFO: 
    N/A

    * Expression: 
    +---------------------+----------+----+---+----+------------+------------+
    |    Variable Name    | Operation| DSP| FF| LUT| Bitwidth P0| Bitwidth P1|
    +---------------------+----------+----+---+----+------------+------------+
    |h0_fu_172_p2         |         +|   0|  0|  16|           9|           6|
    |nb_2_fu_118_p2       |         +|   0|  0|  12|           4|           1|
    |w0_fu_214_p2         |         +|   0|  0|  16|           9|           6|
    |sub_ln32_fu_152_p2   |         -|   0|  0|  12|           1|           4|
    |ap_block_state4      |       and|   0|  0|   2|           1|           1|
    |icmp_ln30_fu_112_p2  |      icmp|   0|  0|  12|           4|           5|
    |icmp_ln32_fu_146_p2  |      icmp|   0|  0|  12|           4|           3|
    |icmp_ln33_fu_166_p2  |      icmp|   0|  0|  16|           9|           8|
    |icmp_ln35_fu_208_p2  |      icmp|   0|  0|  16|           9|           8|
    |ap_block_state1      |        or|   0|  0|   2|           1|           1|
    |tH_fu_196_p3         |    select|   0|  0|   8|           1|           8|
    |tN_fu_158_p3         |    select|   0|  0|   5|           1|           5|
    |tW_fu_238_p3         |    select|   0|  0|   8|           1|           8|
    |xor_ln34_fu_190_p2   |       xor|   0|  0|   8|           8|           2|
    |xor_ln36_fu_232_p2   |       xor|   0|  0|   8|           8|           2|
    +---------------------+----------+----+---+----+------------+------------+
    |Total                |          |   0|  0| 153|          70|          68|
    +---------------------+----------+----+---+----+------------+------------+

    * Multiplexer: 
    +-------------+----+-----------+-----+-----------+
    |     Name    | LUT| Input Size| Bits| Total Bits|
    +-------------+----+-----------+-----+-----------+
    |ap_NS_fsm    |  26|          5|    1|          5|
    |ap_done      |   9|          2|    1|          2|
    |h0_2_reg_81  |   9|          2|    9|         18|
    |nb_fu_70     |   9|          2|    4|          8|
    |q0_blk_n     |   9|          2|    1|          2|
    |w0_2_reg_93  |   9|          2|    9|         18|
    +-------------+----+-----------+-----+-----------+
    |Total        |  71|         15|   25|         53|
    +-------------+----+-----------+-----+-----------+

    * Register: 
    +-------------------+---+----+-----+-----------+
    |        Name       | FF| LUT| Bits| Const Bits|
    +-------------------+---+----+-----+-----------+
    |ap_CS_fsm          |  4|   0|    4|          0|
    |ap_done_reg        |  1|   0|    1|          0|
    |h0_2_reg_81        |  9|   0|    9|          0|
    |h0_reg_322         |  9|   0|    9|          0|
    |nb_2_reg_304       |  4|   0|    4|          0|
    |nb_fu_70           |  4|   0|    4|          0|
    |tH_reg_327         |  8|   0|    8|          0|
    |tN_reg_314         |  1|   0|    4|          3|
    |w0_2_reg_93        |  9|   0|    9|          0|
    |zext_ln31_reg_309  |  3|   0|   32|         29|
    +-------------------+---+----+-----+-----------+
    |Total              | 52|   0|   84|         32|
    +-------------------+---+----+-----+-----------+



================================================================
== Interface
================================================================
* Summary: 
+-------------------+-----+-----+------------+----------------------+--------------+
|     RTL Ports     | Dir | Bits|  Protocol  |     Source Object    |    C Type    |
+-------------------+-----+-----+------------+----------------------+--------------+
|ap_clk             |   in|    1|  ap_ctrl_hs|  gen_tiles_stream_all|  return value|
|ap_rst             |   in|    1|  ap_ctrl_hs|  gen_tiles_stream_all|  return value|
|ap_start           |   in|    1|  ap_ctrl_hs|  gen_tiles_stream_all|  return value|
|ap_done            |  out|    1|  ap_ctrl_hs|  gen_tiles_stream_all|  return value|
|ap_continue        |   in|    1|  ap_ctrl_hs|  gen_tiles_stream_all|  return value|
|ap_idle            |  out|    1|  ap_ctrl_hs|  gen_tiles_stream_all|  return value|
|ap_ready           |  out|    1|  ap_ctrl_hs|  gen_tiles_stream_all|  return value|
|q0_din             |  out|  224|     ap_fifo|                    q0|       pointer|
|q0_num_data_valid  |   in|    2|     ap_fifo|                    q0|       pointer|
|q0_fifo_cap        |   in|    2|     ap_fifo|                    q0|       pointer|
|q0_full_n          |   in|    1|     ap_fifo|                    q0|       pointer|
|q0_write           |  out|    1|     ap_fifo|                    q0|       pointer|
+-------------------+-----+-----+------------+----------------------+--------------+

