

================================================================
== Vitis HLS Report for 'load_stage'
================================================================
* Date:           Thu Oct 30 11:32:29 2025

* Version:        2023.1 (Build 3854077 on May  4 2023)
* Project:        srcnn_hls
* Solution:       solution1 (Vivado IP Flow Target)
* Product family: zynquplus
* Target device:  xck26-sfvc784-2LV-c


================================================================
== Performance Estimates
================================================================
+ Timing: 
    * Summary: 
    +--------+----------+----------+------------+
    |  Clock |  Target  | Estimated| Uncertainty|
    +--------+----------+----------+------------+
    |ap_clk  |  10.00 ns|  7.300 ns|     2.70 ns|
    +--------+----------+----------+------------+

+ Latency: 
    * Summary: 
    +---------+---------+----------+----------+-----+-----+---------+
    |  Latency (cycles) |  Latency (absolute) |  Interval | Pipeline|
    |   min   |   max   |    min   |    max   | min | max |   Type  |
    +---------+---------+----------+----------+-----+-----+---------+
    |        ?|        ?|         ?|         ?|    ?|    ?|       no|
    +---------+---------+----------+----------+-----+-----+---------+

    + Detail: 
        * Instance: 
        N/A

        * Loop: 
        +--------------------------+---------+---------+----------+-----------+-----------+------+----------+
        |                          |  Latency (cycles) | Iteration|  Initiation Interval  | Trip |          |
        |         Loop Name        |   min   |   max   |  Latency |  achieved |   target  | Count| Pipelined|
        +--------------------------+---------+---------+----------+-----------+-----------+------+----------+
        |- VITIS_LOOP_57_1         |        ?|        ?|         ?|          -|          -|   512|        no|
        | + VITIS_LOOP_62_2        |        ?|        ?|         3|          -|          -|     ?|        no|
        | + VITIS_LOOP_64_3        |        ?|        ?|         ?|          -|          -|     ?|        no|
        |  ++ VITIS_LOOP_65_4      |        ?|        ?|         ?|          -|          -|     ?|        no|
        |   +++ VITIS_LOOP_67_5    |        ?|        ?|        11|          -|          -|     ?|        no|
        | + VITIS_LOOP_74_6        |        ?|        ?|         ?|          -|          -|     ?|        no|
        |  ++ VITIS_LOOP_75_7      |        ?|        ?|       263|          -|          -|     ?|        no|
        |   +++ VITIS_LOOP_76_8    |      261|      261|        29|          -|          -|     9|        no|
        |    ++++ VITIS_LOOP_77_9  |       27|       27|         3|          -|          -|     9|        no|
        +--------------------------+---------+---------+----------+-----------+-----------+------+----------+



================================================================
== Utilization Estimates
================================================================
* Summary: 
+-----------------+---------+------+--------+--------+-----+
|       Name      | BRAM_18K|  DSP |   FF   |   LUT  | URAM|
+-----------------+---------+------+--------+--------+-----+
|DSP              |        -|     -|       -|       -|    -|
|Expression       |        -|     -|       0|    1509|    -|
|FIFO             |        -|     -|       -|       -|    -|
|Instance         |        -|     4|       0|      41|    -|
|Memory           |        -|     -|       -|       -|    -|
|Multiplexer      |        -|     -|       -|     427|    -|
|Register         |        -|     -|    1735|       -|    -|
+-----------------+---------+------+--------+--------+-----+
|Total            |        0|     4|    1735|    1977|    0|
+-----------------+---------+------+--------+--------+-----+
|Available        |      288|  1248|  234240|  117120|   64|
+-----------------+---------+------+--------+--------+-----+
|Utilization (%)  |        0|    ~0|      ~0|       1|    0|
+-----------------+---------+------+--------+--------+-----+

+ Detail: 
    * Instance: 
    +------------------------+---------------------+---------+----+---+----+-----+
    |        Instance        |        Module       | BRAM_18K| DSP| FF| LUT| URAM|
    +------------------------+---------------------+---------+----+---+----+-----+
    |mul_32s_8ns_32_1_1_U8   |mul_32s_8ns_32_1_1   |        0|   2|  0|  20|    0|
    |mul_33s_10ns_43_1_1_U9  |mul_33s_10ns_43_1_1  |        0|   2|  0|  21|    0|
    +------------------------+---------------------+---------+----+---+----+-----+
    |Total                   |                     |        0|   4|  0|  41|    0|
    +------------------------+---------------------+---------+----+---+----+-----+

    * DSP: 
    N/A

    * Memory: 
    N/A

    * FIFO: 
    N/A

    * Expression: 
    +-------------------------+----------+----+---+----+------------+------------+
    |      Variable Name      | Operation| DSP| FF| LUT| Bitwidth P0| Bitwidth P1|
    +-------------------------+----------+----+---+----+------------+------------+
    |add_ln24_1_fu_661_p2     |         +|   0|  0|  19|           8|           8|
    |add_ln24_2_fu_774_p2     |         +|   0|  0|  19|           8|           4|
    |add_ln24_3_fu_780_p2     |         +|   0|  0|  19|           8|           8|
    |add_ln24_fu_655_p2       |         +|   0|  0|  19|           8|           4|
    |add_ln62_1_fu_549_p2     |         +|   0|  0|  38|          31|           1|
    |add_ln62_fu_500_p2       |         +|   0|  0|  71|          64|          64|
    |add_ln64_1_fu_588_p2     |         +|   0|  0|  56|          49|          18|
    |add_ln64_fu_603_p2       |         +|   0|  0|  38|          31|           1|
    |add_ln66_1_fu_650_p2     |         +|   0|  0|  32|          32|          32|
    |add_ln66_fu_644_p2       |         +|   0|  0|  32|          32|           4|
    |add_ln68_1_fu_769_p2     |         +|   0|  0|  32|          32|          32|
    |add_ln68_fu_763_p2       |         +|   0|  0|  32|          32|           4|
    |add_ln69_1_fu_841_p2     |         +|   0|  0|  27|          20|          20|
    |add_ln69_2_fu_850_p2     |         +|   0|  0|  71|          64|          64|
    |add_ln69_fu_613_p2       |         +|   0|  0|  71|          64|          64|
    |add_ln74_fu_888_p2       |         +|   0|  0|  38|          31|           1|
    |add_ln75_fu_946_p2       |         +|   0|  0|  38|          31|           1|
    |add_ln76_fu_958_p2       |         +|   0|  0|  12|           4|           1|
    |add_ln77_fu_970_p2       |         +|   0|  0|  12|           4|           1|
    |empty_283_fu_894_p2      |         +|   0|  0|  40|          33|          33|
    |empty_285_fu_908_p2      |         +|   0|  0|  71|          64|          64|
    |i_4_fu_402_p2            |         +|   0|  0|  17|          10|           1|
    |ih_1_fu_634_p2           |         +|   0|  0|  38|          31|           1|
    |iw_1_fu_753_p2           |         +|   0|  0|  38|          31|           1|
    |sub18_fu_560_p2          |         +|   0|  0|  39|          32|           4|
    |sub_fu_555_p2            |         +|   0|  0|  39|          32|           4|
    |sub_ln69_fu_734_p2       |         -|   0|  0|  26|          19|          19|
    |icmp_ln24_1_fu_793_p2    |      icmp|   0|  0|  39|          32|           8|
    |icmp_ln24_fu_674_p2      |      icmp|   0|  0|  39|          32|           8|
    |icmp_ln57_fu_396_p2      |      icmp|   0|  0|  18|          10|          11|
    |icmp_ln62_1_fu_544_p2    |      icmp|   0|  0|  39|          32|          32|
    |icmp_ln62_fu_482_p2      |      icmp|   0|  0|  39|          32|           1|
    |icmp_ln64_1_fu_598_p2    |      icmp|   0|  0|  39|          32|          32|
    |icmp_ln64_fu_565_p2      |      icmp|   0|  0|  39|          32|           1|
    |icmp_ln65_fu_629_p2      |      icmp|   0|  0|  39|          32|          32|
    |icmp_ln67_fu_748_p2      |      icmp|   0|  0|  39|          32|          32|
    |icmp_ln74_fu_883_p2      |      icmp|   0|  0|  39|          32|          32|
    |icmp_ln75_fu_941_p2      |      icmp|   0|  0|  39|          32|          32|
    |icmp_ln76_fu_952_p2      |      icmp|   0|  0|  12|           4|           4|
    |icmp_ln77_fu_964_p2      |      icmp|   0|  0|  12|           4|           4|
    |ap_block_state1          |        or|   0|  0|   2|           1|           1|
    |ap_block_state2          |        or|   0|  0|   2|           1|           1|
    |or_ln24_1_fu_807_p2      |        or|   0|  0|   2|           1|           1|
    |or_ln24_fu_696_p2        |        or|   0|  0|   2|           1|           1|
    |empty_282_fu_618_p3      |    select|   0|  0|  32|           1|          32|
    |empty_fu_525_p3          |    select|   0|  0|  31|           1|          31|
    |gy_fu_702_p3             |    select|   0|  0|   8|           1|           8|
    |select_ln24_2_fu_813_p3  |    select|   0|  0|   3|           1|           1|
    |select_ln24_3_fu_821_p3  |    select|   0|  0|   8|           1|           8|
    |select_ln24_fu_688_p3    |    select|   0|  0|   3|           1|           1|
    +-------------------------+----------+----+---+----+------------+------------+
    |Total                    |          |   0|  0|1509|        1153|         773|
    +-------------------------+----------+----+---+----+------------+------------+

    * Multiplexer: 
    +-----------------------+-----+-----------+-----+-----------+
    |          Name         | LUT | Input Size| Bits| Total Bits|
    +-----------------------+-----+-----------+-----+-----------+
    |ap_NS_fsm              |  183|         41|    1|         41|
    |ap_done                |    9|          2|    1|          2|
    |conv1_biases_blk_n     |    9|          2|    1|          2|
    |conv1_weights_blk_n    |    9|          2|    1|          2|
    |gmem_in_blk_n_AR       |    9|          2|    1|          2|
    |gmem_in_blk_n_R        |    9|          2|    1|          2|
    |gmem_wgt_blk_n_AR      |    9|          2|    1|          2|
    |gmem_wgt_blk_n_R       |    9|          2|    1|          2|
    |i_fu_188               |    9|          2|   10|         20|
    |ih_reg_312             |    9|          2|   31|         62|
    |input_ftmap_blk_n      |    9|          2|    1|          2|
    |iw_reg_323             |    9|          2|   31|         62|
    |kh_reg_356             |    9|          2|    4|          8|
    |kw_reg_367             |    9|          2|    4|          8|
    |m_axi_gmem_wgt_ARADDR  |   14|          3|   64|        192|
    |m_axi_gmem_wgt_ARLEN   |   14|          3|   32|         96|
    |phi_mul_reg_301        |    9|          2|   49|         98|
    |q0_blk_n               |    9|          2|    1|          2|
    |q1_blk_n               |    9|          2|    1|          2|
    |real_start             |    9|          2|    1|          2|
    |s_bias_blk_n           |    9|          2|    1|          2|
    |s_in_blk_n             |    9|          2|    1|          2|
    |s_w_blk_n              |    9|          2|    1|          2|
    |tc_1_reg_345           |    9|          2|   31|         62|
    |tc_reg_290             |    9|          2|   31|         62|
    |tn_1_reg_334           |    9|          2|   31|         62|
    |tn_reg_279             |    9|          2|   31|         62|
    +-----------------------+-----+-----------+-----+-----------+
    |Total                  |  427|         95|  364|        863|
    +-----------------------+-----+-----------+-----+-----------+

    * Register: 
    +-------------------------------+-----+----+-----+-----------+
    |              Name             |  FF | LUT| Bits| Const Bits|
    +-------------------------------+-----+----+-----+-----------+
    |add_ln62_1_reg_1075            |   31|   0|   31|          0|
    |add_ln64_1_reg_1110            |   49|   0|   49|          0|
    |add_ln64_reg_1118              |   31|   0|   31|          0|
    |add_ln69_reg_1123              |   64|   0|   64|          0|
    |add_ln74_reg_1168              |   31|   0|   31|          0|
    |add_ln75_reg_1182              |   31|   0|   31|          0|
    |add_ln76_reg_1190              |    4|   0|    4|          0|
    |add_ln77_reg_1198              |    4|   0|    4|          0|
    |ap_CS_fsm                      |   40|   0|   40|          0|
    |ap_done_reg                    |    1|   0|    1|          0|
    |conv1_biases_read_reg_983      |   64|   0|   64|          0|
    |conv1_weights_read_reg_988     |   64|   0|   64|          0|
    |d_h0_cast_reg_1095             |    8|   0|    8|          0|
    |d_h0_reg_1030                  |   32|   0|   32|          0|
    |d_n_reg_1012                   |   32|   0|   32|          0|
    |d_tC_reg_1022                  |   32|   0|   32|          0|
    |d_tH_reg_1046                  |   32|   0|   32|          0|
    |d_tN_reg_1040                  |   32|   0|   32|          0|
    |d_tW_reg_1017                  |   32|   0|   32|          0|
    |d_w0_cast_reg_1100             |    8|   0|    8|          0|
    |d_w0_reg_1035                  |   32|   0|   32|          0|
    |empty_282_reg_1128             |   32|   0|   32|          0|
    |empty_reg_1057                 |   31|   0|   31|          0|
    |gmem_in_addr_read_reg_1160     |   32|   0|   32|          0|
    |gmem_in_addr_reg_1154          |   64|   0|   64|          0|
    |gmem_wgt_addr_3_read_reg_1203  |   32|   0|   32|          0|
    |gmem_wgt_addr_3_reg_1173       |   64|   0|   64|          0|
    |gmem_wgt_addr_read_reg_1105    |   32|   0|   32|          0|
    |gmem_wgt_addr_reg_1051         |   64|   0|   64|          0|
    |i_4_reg_1001                   |   10|   0|   10|          0|
    |i_fu_188                       |   10|   0|   10|          0|
    |icmp_ln64_reg_1090             |    1|   0|    1|          0|
    |ih_1_reg_1136                  |   31|   0|   31|          0|
    |ih_reg_312                     |   31|   0|   31|          0|
    |input_ftmap_read_reg_993       |   64|   0|   64|          0|
    |iw_1_reg_1149                  |   31|   0|   31|          0|
    |iw_reg_323                     |   31|   0|   31|          0|
    |kh_reg_356                     |    4|   0|    4|          0|
    |kw_reg_367                     |    4|   0|    4|          0|
    |phi_mul_reg_301                |   49|   0|   49|          0|
    |q0_read_reg_1006               |  224|   0|  224|          0|
    |sext_ln62_reg_1067             |   33|   0|   33|          0|
    |sext_ln67_reg_1141             |   18|   0|   20|          2|
    |start_once_reg                 |    1|   0|    1|          0|
    |sub18_reg_1085                 |   32|   0|   32|          0|
    |sub_reg_1080                   |   32|   0|   32|          0|
    |tc_1_reg_345                   |   31|   0|   31|          0|
    |tc_reg_290                     |   31|   0|   31|          0|
    |tn_1_reg_334                   |   31|   0|   31|          0|
    |tn_reg_279                     |   31|   0|   31|          0|
    +-------------------------------+-----+----+-----+-----------+
    |Total                          | 1735|   0| 1737|          2|
    +-------------------------------+-----+----+-----+-----------+



================================================================
== Interface
================================================================
* Summary: 
+------------------------------+-----+-----+------------+---------------+--------------+
|           RTL Ports          | Dir | Bits|  Protocol  | Source Object |    C Type    |
+------------------------------+-----+-----+------------+---------------+--------------+
|ap_clk                        |   in|    1|  ap_ctrl_hs|     load_stage|  return value|
|ap_rst                        |   in|    1|  ap_ctrl_hs|     load_stage|  return value|
|ap_start                      |   in|    1|  ap_ctrl_hs|     load_stage|  return value|
|start_full_n                  |   in|    1|  ap_ctrl_hs|     load_stage|  return value|
|ap_done                       |  out|    1|  ap_ctrl_hs|     load_stage|  return value|
|ap_continue                   |   in|    1|  ap_ctrl_hs|     load_stage|  return value|
|ap_idle                       |  out|    1|  ap_ctrl_hs|     load_stage|  return value|
|ap_ready                      |  out|    1|  ap_ctrl_hs|     load_stage|  return value|
|start_out                     |  out|    1|  ap_ctrl_hs|     load_stage|  return value|
|start_write                   |  out|    1|  ap_ctrl_hs|     load_stage|  return value|
|q0_dout                       |   in|  224|     ap_fifo|             q0|       pointer|
|q0_num_data_valid             |   in|    2|     ap_fifo|             q0|       pointer|
|q0_fifo_cap                   |   in|    2|     ap_fifo|             q0|       pointer|
|q0_empty_n                    |   in|    1|     ap_fifo|             q0|       pointer|
|q0_read                       |  out|    1|     ap_fifo|             q0|       pointer|
|m_axi_gmem_in_AWVALID         |  out|    1|       m_axi|        gmem_in|       pointer|
|m_axi_gmem_in_AWREADY         |   in|    1|       m_axi|        gmem_in|       pointer|
|m_axi_gmem_in_AWADDR          |  out|   64|       m_axi|        gmem_in|       pointer|
|m_axi_gmem_in_AWID            |  out|    1|       m_axi|        gmem_in|       pointer|
|m_axi_gmem_in_AWLEN           |  out|   32|       m_axi|        gmem_in|       pointer|
|m_axi_gmem_in_AWSIZE          |  out|    3|       m_axi|        gmem_in|       pointer|
|m_axi_gmem_in_AWBURST         |  out|    2|       m_axi|        gmem_in|       pointer|
|m_axi_gmem_in_AWLOCK          |  out|    2|       m_axi|        gmem_in|       pointer|
|m_axi_gmem_in_AWCACHE         |  out|    4|       m_axi|        gmem_in|       pointer|
|m_axi_gmem_in_AWPROT          |  out|    3|       m_axi|        gmem_in|       pointer|
|m_axi_gmem_in_AWQOS           |  out|    4|       m_axi|        gmem_in|       pointer|
|m_axi_gmem_in_AWREGION        |  out|    4|       m_axi|        gmem_in|       pointer|
|m_axi_gmem_in_AWUSER          |  out|    1|       m_axi|        gmem_in|       pointer|
|m_axi_gmem_in_WVALID          |  out|    1|       m_axi|        gmem_in|       pointer|
|m_axi_gmem_in_WREADY          |   in|    1|       m_axi|        gmem_in|       pointer|
|m_axi_gmem_in_WDATA           |  out|   32|       m_axi|        gmem_in|       pointer|
|m_axi_gmem_in_WSTRB           |  out|    4|       m_axi|        gmem_in|       pointer|
|m_axi_gmem_in_WLAST           |  out|    1|       m_axi|        gmem_in|       pointer|
|m_axi_gmem_in_WID             |  out|    1|       m_axi|        gmem_in|       pointer|
|m_axi_gmem_in_WUSER           |  out|    1|       m_axi|        gmem_in|       pointer|
|m_axi_gmem_in_ARVALID         |  out|    1|       m_axi|        gmem_in|       pointer|
|m_axi_gmem_in_ARREADY         |   in|    1|       m_axi|        gmem_in|       pointer|
|m_axi_gmem_in_ARADDR          |  out|   64|       m_axi|        gmem_in|       pointer|
|m_axi_gmem_in_ARID            |  out|    1|       m_axi|        gmem_in|       pointer|
|m_axi_gmem_in_ARLEN           |  out|   32|       m_axi|        gmem_in|       pointer|
|m_axi_gmem_in_ARSIZE          |  out|    3|       m_axi|        gmem_in|       pointer|
|m_axi_gmem_in_ARBURST         |  out|    2|       m_axi|        gmem_in|       pointer|
|m_axi_gmem_in_ARLOCK          |  out|    2|       m_axi|        gmem_in|       pointer|
|m_axi_gmem_in_ARCACHE         |  out|    4|       m_axi|        gmem_in|       pointer|
|m_axi_gmem_in_ARPROT          |  out|    3|       m_axi|        gmem_in|       pointer|
|m_axi_gmem_in_ARQOS           |  out|    4|       m_axi|        gmem_in|       pointer|
|m_axi_gmem_in_ARREGION        |  out|    4|       m_axi|        gmem_in|       pointer|
|m_axi_gmem_in_ARUSER          |  out|    1|       m_axi|        gmem_in|       pointer|
|m_axi_gmem_in_RVALID          |   in|    1|       m_axi|        gmem_in|       pointer|
|m_axi_gmem_in_RREADY          |  out|    1|       m_axi|        gmem_in|       pointer|
|m_axi_gmem_in_RDATA           |   in|   32|       m_axi|        gmem_in|       pointer|
|m_axi_gmem_in_RLAST           |   in|    1|       m_axi|        gmem_in|       pointer|
|m_axi_gmem_in_RID             |   in|    1|       m_axi|        gmem_in|       pointer|
|m_axi_gmem_in_RFIFONUM        |   in|   13|       m_axi|        gmem_in|       pointer|
|m_axi_gmem_in_RUSER           |   in|    1|       m_axi|        gmem_in|       pointer|
|m_axi_gmem_in_RRESP           |   in|    2|       m_axi|        gmem_in|       pointer|
|m_axi_gmem_in_BVALID          |   in|    1|       m_axi|        gmem_in|       pointer|
|m_axi_gmem_in_BREADY          |  out|    1|       m_axi|        gmem_in|       pointer|
|m_axi_gmem_in_BRESP           |   in|    2|       m_axi|        gmem_in|       pointer|
|m_axi_gmem_in_BID             |   in|    1|       m_axi|        gmem_in|       pointer|
|m_axi_gmem_in_BUSER           |   in|    1|       m_axi|        gmem_in|       pointer|
|input_ftmap_dout              |   in|   64|     ap_fifo|    input_ftmap|       pointer|
|input_ftmap_num_data_valid    |   in|    3|     ap_fifo|    input_ftmap|       pointer|
|input_ftmap_fifo_cap          |   in|    3|     ap_fifo|    input_ftmap|       pointer|
|input_ftmap_empty_n           |   in|    1|     ap_fifo|    input_ftmap|       pointer|
|input_ftmap_read              |  out|    1|     ap_fifo|    input_ftmap|       pointer|
|m_axi_gmem_wgt_AWVALID        |  out|    1|       m_axi|       gmem_wgt|       pointer|
|m_axi_gmem_wgt_AWREADY        |   in|    1|       m_axi|       gmem_wgt|       pointer|
|m_axi_gmem_wgt_AWADDR         |  out|   64|       m_axi|       gmem_wgt|       pointer|
|m_axi_gmem_wgt_AWID           |  out|    1|       m_axi|       gmem_wgt|       pointer|
|m_axi_gmem_wgt_AWLEN          |  out|   32|       m_axi|       gmem_wgt|       pointer|
|m_axi_gmem_wgt_AWSIZE         |  out|    3|       m_axi|       gmem_wgt|       pointer|
|m_axi_gmem_wgt_AWBURST        |  out|    2|       m_axi|       gmem_wgt|       pointer|
|m_axi_gmem_wgt_AWLOCK         |  out|    2|       m_axi|       gmem_wgt|       pointer|
|m_axi_gmem_wgt_AWCACHE        |  out|    4|       m_axi|       gmem_wgt|       pointer|
|m_axi_gmem_wgt_AWPROT         |  out|    3|       m_axi|       gmem_wgt|       pointer|
|m_axi_gmem_wgt_AWQOS          |  out|    4|       m_axi|       gmem_wgt|       pointer|
|m_axi_gmem_wgt_AWREGION       |  out|    4|       m_axi|       gmem_wgt|       pointer|
|m_axi_gmem_wgt_AWUSER         |  out|    1|       m_axi|       gmem_wgt|       pointer|
|m_axi_gmem_wgt_WVALID         |  out|    1|       m_axi|       gmem_wgt|       pointer|
|m_axi_gmem_wgt_WREADY         |   in|    1|       m_axi|       gmem_wgt|       pointer|
|m_axi_gmem_wgt_WDATA          |  out|   32|       m_axi|       gmem_wgt|       pointer|
|m_axi_gmem_wgt_WSTRB          |  out|    4|       m_axi|       gmem_wgt|       pointer|
|m_axi_gmem_wgt_WLAST          |  out|    1|       m_axi|       gmem_wgt|       pointer|
|m_axi_gmem_wgt_WID            |  out|    1|       m_axi|       gmem_wgt|       pointer|
|m_axi_gmem_wgt_WUSER          |  out|    1|       m_axi|       gmem_wgt|       pointer|
|m_axi_gmem_wgt_ARVALID        |  out|    1|       m_axi|       gmem_wgt|       pointer|
|m_axi_gmem_wgt_ARREADY        |   in|    1|       m_axi|       gmem_wgt|       pointer|
|m_axi_gmem_wgt_ARADDR         |  out|   64|       m_axi|       gmem_wgt|       pointer|
|m_axi_gmem_wgt_ARID           |  out|    1|       m_axi|       gmem_wgt|       pointer|
|m_axi_gmem_wgt_ARLEN          |  out|   32|       m_axi|       gmem_wgt|       pointer|
|m_axi_gmem_wgt_ARSIZE         |  out|    3|       m_axi|       gmem_wgt|       pointer|
|m_axi_gmem_wgt_ARBURST        |  out|    2|       m_axi|       gmem_wgt|       pointer|
|m_axi_gmem_wgt_ARLOCK         |  out|    2|       m_axi|       gmem_wgt|       pointer|
|m_axi_gmem_wgt_ARCACHE        |  out|    4|       m_axi|       gmem_wgt|       pointer|
|m_axi_gmem_wgt_ARPROT         |  out|    3|       m_axi|       gmem_wgt|       pointer|
|m_axi_gmem_wgt_ARQOS          |  out|    4|       m_axi|       gmem_wgt|       pointer|
|m_axi_gmem_wgt_ARREGION       |  out|    4|       m_axi|       gmem_wgt|       pointer|
|m_axi_gmem_wgt_ARUSER         |  out|    1|       m_axi|       gmem_wgt|       pointer|
|m_axi_gmem_wgt_RVALID         |   in|    1|       m_axi|       gmem_wgt|       pointer|
|m_axi_gmem_wgt_RREADY         |  out|    1|       m_axi|       gmem_wgt|       pointer|
|m_axi_gmem_wgt_RDATA          |   in|   32|       m_axi|       gmem_wgt|       pointer|
|m_axi_gmem_wgt_RLAST          |   in|    1|       m_axi|       gmem_wgt|       pointer|
|m_axi_gmem_wgt_RID            |   in|    1|       m_axi|       gmem_wgt|       pointer|
|m_axi_gmem_wgt_RFIFONUM       |   in|   14|       m_axi|       gmem_wgt|       pointer|
|m_axi_gmem_wgt_RUSER          |   in|    1|       m_axi|       gmem_wgt|       pointer|
|m_axi_gmem_wgt_RRESP          |   in|    2|       m_axi|       gmem_wgt|       pointer|
|m_axi_gmem_wgt_BVALID         |   in|    1|       m_axi|       gmem_wgt|       pointer|
|m_axi_gmem_wgt_BREADY         |  out|    1|       m_axi|       gmem_wgt|       pointer|
|m_axi_gmem_wgt_BRESP          |   in|    2|       m_axi|       gmem_wgt|       pointer|
|m_axi_gmem_wgt_BID            |   in|    1|       m_axi|       gmem_wgt|       pointer|
|m_axi_gmem_wgt_BUSER          |   in|    1|       m_axi|       gmem_wgt|       pointer|
|conv1_weights_dout            |   in|   64|     ap_fifo|  conv1_weights|       pointer|
|conv1_weights_num_data_valid  |   in|    3|     ap_fifo|  conv1_weights|       pointer|
|conv1_weights_fifo_cap        |   in|    3|     ap_fifo|  conv1_weights|       pointer|
|conv1_weights_empty_n         |   in|    1|     ap_fifo|  conv1_weights|       pointer|
|conv1_weights_read            |  out|    1|     ap_fifo|  conv1_weights|       pointer|
|conv1_biases_dout             |   in|   64|     ap_fifo|   conv1_biases|       pointer|
|conv1_biases_num_data_valid   |   in|    3|     ap_fifo|   conv1_biases|       pointer|
|conv1_biases_fifo_cap         |   in|    3|     ap_fifo|   conv1_biases|       pointer|
|conv1_biases_empty_n          |   in|    1|     ap_fifo|   conv1_biases|       pointer|
|conv1_biases_read             |  out|    1|     ap_fifo|   conv1_biases|       pointer|
|q1_din                        |  out|  224|     ap_fifo|             q1|       pointer|
|q1_num_data_valid             |   in|    2|     ap_fifo|             q1|       pointer|
|q1_fifo_cap                   |   in|    2|     ap_fifo|             q1|       pointer|
|q1_full_n                     |   in|    1|     ap_fifo|             q1|       pointer|
|q1_write                      |  out|    1|     ap_fifo|             q1|       pointer|
|s_bias_din                    |  out|   32|     ap_fifo|         s_bias|       pointer|
|s_bias_num_data_valid         |   in|    3|     ap_fifo|         s_bias|       pointer|
|s_bias_fifo_cap               |   in|    3|     ap_fifo|         s_bias|       pointer|
|s_bias_full_n                 |   in|    1|     ap_fifo|         s_bias|       pointer|
|s_bias_write                  |  out|    1|     ap_fifo|         s_bias|       pointer|
|s_in_din                      |  out|   32|     ap_fifo|           s_in|       pointer|
|s_in_num_data_valid           |   in|    7|     ap_fifo|           s_in|       pointer|
|s_in_fifo_cap                 |   in|    7|     ap_fifo|           s_in|       pointer|
|s_in_full_n                   |   in|    1|     ap_fifo|           s_in|       pointer|
|s_in_write                    |  out|    1|     ap_fifo|           s_in|       pointer|
|s_w_din                       |  out|   32|     ap_fifo|            s_w|       pointer|
|s_w_num_data_valid            |   in|    7|     ap_fifo|            s_w|       pointer|
|s_w_fifo_cap                  |   in|    7|     ap_fifo|            s_w|       pointer|
|s_w_full_n                    |   in|    1|     ap_fifo|            s_w|       pointer|
|s_w_write                     |  out|    1|     ap_fifo|            s_w|       pointer|
+------------------------------+-----+-----+------------+---------------+--------------+

