

================================================================
== Vitis HLS Report for 'srcnn_Pipeline_VITIS_LOOP_18_1_VITIS_LOOP_19_2_VITIS_LOOP_20_3'
================================================================
* Date:           Thu Oct 30 21:22:44 2025

* Version:        2023.1 (Build 3854077 on May  4 2023)
* Project:        srcnn_hls
* Solution:       solution1 (Vivado IP Flow Target)
* Product family: zynquplus
* Target device:  xck26-sfvc784-2LV-c


================================================================
== Performance Estimates
================================================================
+ Timing: 
    * Summary: 
    +--------+----------+----------+------------+
    |  Clock |  Target  | Estimated| Uncertainty|
    +--------+----------+----------+------------+
    |ap_clk  |  10.00 ns|  5.197 ns|     2.70 ns|
    +--------+----------+----------+------------+

+ Latency: 
    * Summary: 
    +---------+---------+-----------+-----------+---------+---------+---------+
    |  Latency (cycles) |   Latency (absolute)  |      Interval     | Pipeline|
    |   min   |   max   |    min    |    max    |   min   |   max   |   Type  |
    +---------+---------+-----------+-----------+---------+---------+---------+
    |  4161603|  4161603|  41.616 ms|  41.616 ms|  4161603|  4161603|       no|
    +---------+---------+-----------+-----------+---------+---------+---------+

    + Detail: 
        * Instance: 
        N/A

        * Loop: 
        +---------------------------------------------------+---------+---------+----------+-----------+-----------+---------+----------+
        |                                                   |  Latency (cycles) | Iteration|  Initiation Interval  |   Trip  |          |
        |                     Loop Name                     |   min   |   max   |  Latency |  achieved |   target  |  Count  | Pipelined|
        +---------------------------------------------------+---------+---------+----------+-----------+-----------+---------+----------+
        |- VITIS_LOOP_18_1_VITIS_LOOP_19_2_VITIS_LOOP_20_3  |  4161601|  4161601|         3|          1|          1|  4161600|       yes|
        +---------------------------------------------------+---------+---------+----------+-----------+-----------+---------+----------+



================================================================
== Utilization Estimates
================================================================
* Summary: 
+-----------------+---------+------+--------+--------+-----+
|       Name      | BRAM_18K|  DSP |   FF   |   LUT  | URAM|
+-----------------+---------+------+--------+--------+-----+
|DSP              |        -|     -|       -|       -|    -|
|Expression       |        -|     -|       0|     358|    -|
|FIFO             |        -|     -|       -|       -|    -|
|Instance         |        -|     -|       -|       -|    -|
|Memory           |        -|     -|       -|       -|    -|
|Multiplexer      |        -|     -|       -|      72|    -|
|Register         |        -|     -|     113|       -|    -|
+-----------------+---------+------+--------+--------+-----+
|Total            |        0|     0|     113|     430|    0|
+-----------------+---------+------+--------+--------+-----+
|Available        |      288|  1248|  234240|  117120|   64|
+-----------------+---------+------+--------+--------+-----+
|Utilization (%)  |        0|     0|      ~0|      ~0|    0|
+-----------------+---------+------+--------+--------+-----+

+ Detail: 
    * Instance: 
    N/A

    * DSP: 
    N/A

    * Memory: 
    N/A

    * FIFO: 
    N/A

    * Expression: 
    +-------------------------+----------+----+---+----+------------+------------+
    |      Variable Name      | Operation| DSP| FF| LUT| Bitwidth P0| Bitwidth P1|
    +-------------------------+----------+----+---+----+------------+------------+
    |add_ln18_1_fu_143_p2     |         +|   0|  0|  29|          22|           1|
    |add_ln18_fu_158_p2       |         +|   0|  0|  14|           7|           1|
    |add_ln19_1_fu_311_p2     |         +|   0|  0|  23|          16|           1|
    |add_ln19_fu_230_p2       |         +|   0|  0|  15|           8|           1|
    |add_ln20_fu_305_p2       |         +|   0|  0|  15|           8|           1|
    |add_ln22_1_fu_294_p2     |         +|   0|  0|  22|          22|          22|
    |add_ln22_fu_262_p2       |         +|   0|  0|  24|          17|          17|
    |sub_ln22_1_fu_284_p2     |         -|   0|  0|  22|          22|          22|
    |sub_ln22_fu_202_p2       |         -|   0|  0|  23|          16|          16|
    |and_ln18_fu_224_p2       |       and|   0|  0|   2|           1|           1|
    |and_ln22_fu_384_p2       |       and|   0|  0|   2|           1|           1|
    |icmp_ln18_fu_137_p2      |      icmp|   0|  0|  29|          22|          16|
    |icmp_ln19_fu_164_p2      |      icmp|   0|  0|  23|          16|          10|
    |icmp_ln20_fu_218_p2      |      icmp|   0|  0|  15|           8|           2|
    |icmp_ln22_1_fu_374_p2    |      icmp|   0|  0|  30|          23|           1|
    |icmp_ln22_fu_368_p2      |      icmp|   0|  0|  15|           8|           2|
    |or_ln19_fu_236_p2        |        or|   0|  0|   2|           1|           1|
    |or_ln22_fu_380_p2        |        or|   0|  0|   2|           1|           1|
    |select_ln18_1_fu_178_p3  |    select|   0|  0|   7|           1|           7|
    |select_ln18_fu_170_p3    |    select|   0|  0|   8|           1|           1|
    |select_ln19_1_fu_250_p3  |    select|   0|  0|   8|           1|           8|
    |select_ln19_2_fu_317_p3  |    select|   0|  0|  16|           1|           1|
    |select_ln19_fu_242_p3    |    select|   0|  0|   8|           1|           1|
    |ap_enable_pp0            |       xor|   0|  0|   2|           1|           2|
    |xor_ln18_fu_212_p2       |       xor|   0|  0|   2|           1|           2|
    +-------------------------+----------+----+---+----+------------+------------+
    |Total                    |          |   0|  0| 358|         226|         139|
    +-------------------------+----------+----+---+----+------------+------------+

    * Multiplexer: 
    +-------------------------+----+-----------+-----+-----------+
    |           Name          | LUT| Input Size| Bits| Total Bits|
    +-------------------------+----+-----------+-----+-----------+
    |ap_done_int              |   9|          2|    1|          2|
    |ap_enable_reg_pp0_iter1  |   9|          2|    1|          2|
    |ap_enable_reg_pp0_iter2  |   9|          2|    1|          2|
    |c_fu_74                  |   9|          2|    7|         14|
    |indvar_flatten12_fu_78   |   9|          2|   22|         44|
    |indvar_flatten_fu_70     |   9|          2|   16|         32|
    |x_fu_62                  |   9|          2|    8|         16|
    |y_fu_66                  |   9|          2|    8|         16|
    +-------------------------+----+-----------+-----+-----------+
    |Total                    |  72|         16|   64|        128|
    +-------------------------+----+-----------+-----+-----------+

    * Register: 
    +----------------------------------+----+----+-----+-----------+
    |               Name               | FF | LUT| Bits| Const Bits|
    +----------------------------------+----+----+-----+-----------+
    |ap_CS_fsm                         |   1|   0|    1|          0|
    |ap_done_reg                       |   1|   0|    1|          0|
    |ap_enable_reg_pp0_iter1           |   1|   0|    1|          0|
    |ap_enable_reg_pp0_iter2           |   1|   0|    1|          0|
    |ap_enable_reg_pp0_iter3           |   1|   0|    1|          0|
    |ap_loop_exit_ready_pp0_iter2_reg  |   1|   0|    1|          0|
    |c_fu_74                           |   7|   0|    7|          0|
    |feat1_addr_reg_429                |  22|   0|   22|          0|
    |feat1_addr_reg_429_pp0_iter2_reg  |  22|   0|   22|          0|
    |icmp_ln22_1_reg_445               |   1|   0|    1|          0|
    |icmp_ln22_reg_440                 |   1|   0|    1|          0|
    |indvar_flatten12_fu_78            |  22|   0|   22|          0|
    |indvar_flatten_fu_70              |  16|   0|   16|          0|
    |x_fu_62                           |   8|   0|    8|          0|
    |y_fu_66                           |   8|   0|    8|          0|
    +----------------------------------+----+----+-----+-----------+
    |Total                             | 113|   0|  113|          0|
    +----------------------------------+----+----+-----+-----------+



================================================================
== Interface
================================================================
* Summary: 
+---------------------+-----+-----+------------+----------------------------------------------------------------+--------------+
|      RTL Ports      | Dir | Bits|  Protocol  |                          Source Object                         |    C Type    |
+---------------------+-----+-----+------------+----------------------------------------------------------------+--------------+
|ap_clk               |   in|    1|  ap_ctrl_hs|  srcnn_Pipeline_VITIS_LOOP_18_1_VITIS_LOOP_19_2_VITIS_LOOP_20_3|  return value|
|ap_rst               |   in|    1|  ap_ctrl_hs|  srcnn_Pipeline_VITIS_LOOP_18_1_VITIS_LOOP_19_2_VITIS_LOOP_20_3|  return value|
|ap_start             |   in|    1|  ap_ctrl_hs|  srcnn_Pipeline_VITIS_LOOP_18_1_VITIS_LOOP_19_2_VITIS_LOOP_20_3|  return value|
|ap_done              |  out|    1|  ap_ctrl_hs|  srcnn_Pipeline_VITIS_LOOP_18_1_VITIS_LOOP_19_2_VITIS_LOOP_20_3|  return value|
|ap_idle              |  out|    1|  ap_ctrl_hs|  srcnn_Pipeline_VITIS_LOOP_18_1_VITIS_LOOP_19_2_VITIS_LOOP_20_3|  return value|
|ap_ready             |  out|    1|  ap_ctrl_hs|  srcnn_Pipeline_VITIS_LOOP_18_1_VITIS_LOOP_19_2_VITIS_LOOP_20_3|  return value|
|grp_fu_857_p_din0    |  out|   32|  ap_ctrl_hs|  srcnn_Pipeline_VITIS_LOOP_18_1_VITIS_LOOP_19_2_VITIS_LOOP_20_3|  return value|
|grp_fu_857_p_din1    |  out|   32|  ap_ctrl_hs|  srcnn_Pipeline_VITIS_LOOP_18_1_VITIS_LOOP_19_2_VITIS_LOOP_20_3|  return value|
|grp_fu_857_p_opcode  |  out|    5|  ap_ctrl_hs|  srcnn_Pipeline_VITIS_LOOP_18_1_VITIS_LOOP_19_2_VITIS_LOOP_20_3|  return value|
|grp_fu_857_p_dout0   |   in|    1|  ap_ctrl_hs|  srcnn_Pipeline_VITIS_LOOP_18_1_VITIS_LOOP_19_2_VITIS_LOOP_20_3|  return value|
|grp_fu_857_p_ce      |  out|    1|  ap_ctrl_hs|  srcnn_Pipeline_VITIS_LOOP_18_1_VITIS_LOOP_19_2_VITIS_LOOP_20_3|  return value|
|feat1_address0       |  out|   22|   ap_memory|                                                           feat1|         array|
|feat1_ce0            |  out|    1|   ap_memory|                                                           feat1|         array|
|feat1_we0            |  out|    1|   ap_memory|                                                           feat1|         array|
|feat1_d0             |  out|   32|   ap_memory|                                                           feat1|         array|
|feat1_address1       |  out|   22|   ap_memory|                                                           feat1|         array|
|feat1_ce1            |  out|    1|   ap_memory|                                                           feat1|         array|
|feat1_q1             |   in|   32|   ap_memory|                                                           feat1|         array|
+---------------------+-----+-----+------------+----------------------------------------------------------------+--------------+

