

================================================================
== Vitis HLS Report for 'srcnn'
================================================================
* Date:           Wed Oct 29 00:03:04 2025

* Version:        2023.1 (Build 3854077 on May  4 2023)
* Project:        srcnn_hls
* Solution:       solution1 (Vivado IP Flow Target)
* Product family: zynquplus
* Target device:  xck26-sfvc784-2LV-c


================================================================
== Performance Estimates
================================================================
+ Timing: 
    * Summary: 
    +--------+----------+----------+------------+
    |  Clock |  Target  | Estimated| Uncertainty|
    +--------+----------+----------+------------+
    |ap_clk  |  10.00 ns|  7.016 ns|     2.70 ns|
    +--------+----------+----------+------------+

+ Latency: 
    * Summary: 
    +---------+---------+----------+----------+-----+-----+---------+
    |  Latency (cycles) |  Latency (absolute) |  Interval | Pipeline|
    |   min   |   max   |    min   |    max   | min | max |   Type  |
    +---------+---------+----------+----------+-----+-----+---------+
    |        ?|        ?|         ?|         ?|    ?|    ?|       no|
    +---------+---------+----------+----------+-----+-----+---------+

    + Detail: 
        * Instance: 
        +------------------+-------+-----------+-----------+-----------+-----------+-----------+-----------+----------+
        |                  |       |    Latency (cycles)   |   Latency (absolute)  |        Interval       | Pipeline |
        |     Instance     | Module|    min    |    max    |    min    |    max    |    min    |    max    |   Type   |
        +------------------+-------+-----------+-----------+-----------+-----------+-----------+-----------+----------+
        |grp_conv1_fu_553  |conv1  |          ?|          ?|          ?|          ?|          ?|          ?|  dataflow|
        |grp_conv3_fu_819  |conv3  |  493280161|  493280161|  4.933 sec|  4.933 sec|  493280161|  493280161|        no|
        +------------------+-------+-----------+-----------+-----------+-----------+-----------+-----------+----------+

        * Loop: 
        +----------------------+------------+------------+----------+-----------+-----------+------+----------+
        |                      |     Latency (cycles)    | Iteration|  Initiation Interval  | Trip |          |
        |       Loop Name      |     min    |     max    |  Latency |  achieved |   target  | Count| Pipelined|
        +----------------------+------------+------------+----------+-----------+-----------+------+----------+
        |- VITIS_LOOP_18_1     |    12517568|    12517568|    195587|          -|          -|    64|        no|
        | + VITIS_LOOP_19_2    |      195585|      195585|       767|          -|          -|   255|        no|
        |  ++ VITIS_LOOP_20_3  |         765|         765|         3|          -|          -|   255|        no|
        |- debug1              |  1202718816|  1202718816|  37584963|          -|          -|    32|        no|
        | + debug2             |    37584960|    37584960|    147392|          -|          -|   255|        no|
        |  ++ debug3           |      147390|      147390|       578|          -|          -|   255|        no|
        |   +++ debug4         |         576|         576|         9|          -|          -|    64|        no|
        |- VITIS_LOOP_30_4     |     6258784|     6258784|    195587|          -|          -|    32|        no|
        | + VITIS_LOOP_31_5    |      195585|      195585|       767|          -|          -|   255|        no|
        |  ++ VITIS_LOOP_32_6  |         765|         765|         3|          -|          -|   255|        no|
        +----------------------+------------+------------+----------+-----------+-----------+------+----------+



================================================================
== Utilization Estimates
================================================================
* Summary: 
+-----------------+---------+------+--------+--------+-----+
|       Name      | BRAM_18K|  DSP |   FF   |   LUT  | URAM|
+-----------------+---------+------+--------+--------+-----+
|DSP              |        -|     -|       -|       -|    -|
|Expression       |        -|     -|       0|     810|    -|
|FIFO             |        -|     -|       -|       -|    -|
|Instance         |      178|   210|   38124|   69128|    -|
|Memory           |    11064|     -|       0|       0|    0|
|Multiplexer      |        -|     -|       -|     444|    -|
|Register         |        -|     -|     572|       -|    -|
+-----------------+---------+------+--------+--------+-----+
|Total            |    11242|   210|   38696|   70382|    0|
+-----------------+---------+------+--------+--------+-----+
|Available        |      288|  1248|  234240|  117120|   64|
+-----------------+---------+------+--------+--------+-----+
|Utilization (%)  |     3903|    16|      16|      60|    0|
+-----------------+---------+------+--------+--------+-----+

+ Detail: 
    * Instance: 
    +-------------------------------------+--------------------------------+---------+-----+-------+-------+-----+
    |               Instance              |             Module             | BRAM_18K| DSP |   FF  |  LUT  | URAM|
    +-------------------------------------+--------------------------------+---------+-----+-------+-------+-----+
    |grp_conv1_fu_553                     |conv1                           |      178|  205|  37383|  68146|    0|
    |grp_conv3_fu_819                     |conv3                           |        0|    0|    386|    633|    0|
    |fadd_32ns_32ns_32_4_full_dsp_1_U850  |fadd_32ns_32ns_32_4_full_dsp_1  |        0|    2|    227|    214|    0|
    |fcmp_32ns_32ns_1_2_no_dsp_1_U852     |fcmp_32ns_32ns_1_2_no_dsp_1     |        0|    0|      0|      0|    0|
    |fmul_32ns_32ns_32_3_max_dsp_1_U851   |fmul_32ns_32ns_32_3_max_dsp_1   |        0|    3|    128|    135|    0|
    +-------------------------------------+--------------------------------+---------+-----+-------+-------+-----+
    |Total                                |                                |      178|  210|  38124|  69128|    0|
    +-------------------------------------+--------------------------------+---------+-----+-------+-------+-----+

    * DSP: 
    N/A

    * Memory: 
    +---------+---------------------+---------+---+----+-----+---------+-----+------+-------------+
    |  Memory |        Module       | BRAM_18K| FF| LUT| URAM|  Words  | Bits| Banks| W*Bits*Banks|
    +---------+---------------------+---------+---+----+-----+---------+-----+------+-------------+
    |feat1_U  |feat1_RAM_AUTO_1R1W  |     7374|  0|   0|    0|  4161600|   32|     1|    133171200|
    |feat2_U  |feat2_RAM_AUTO_1R1W  |     3690|  0|   0|    0|  2080800|   32|     1|     66585600|
    +---------+---------------------+---------+---+----+-----+---------+-----+------+-------------+
    |Total    |                     |    11064|  0|   0|    0|  6242400|   64|     2|    199756800|
    +---------+---------------------+---------+---+----+-----+---------+-----+------+-------------+

    * FIFO: 
    N/A

    * Expression: 
    +-----------------------------------+----------+----+---+----+------------+------------+
    |           Variable Name           | Operation| DSP| FF| LUT| Bitwidth P0| Bitwidth P1|
    +-----------------------------------+----------+----+---+----+------------+------------+
    |add_ln17_fu_1068_p2                |         +|   0|  0|  13|           6|           1|
    |add_ln18_fu_892_p2                 |         +|   0|  0|  14|           7|           1|
    |add_ln19_1_fu_1124_p2              |         +|   0|  0|  15|           8|           1|
    |add_ln19_fu_940_p2                 |         +|   0|  0|  15|           8|           1|
    |add_ln20_fu_970_p2                 |         +|   0|  0|  15|           8|           1|
    |add_ln21_1_fu_907_p2               |         +|   0|  0|  24|          17|          17|
    |add_ln21_2_fu_954_p2               |         +|   0|  0|  29|          22|          22|
    |add_ln21_fu_1158_p2                |         +|   0|  0|  15|           8|           1|
    |add_ln25_fu_1247_p2                |         +|   0|  0|  14|           7|           1|
    |add_ln27_1_fu_1221_p2              |         +|   0|  0|  22|          22|          22|
    |add_ln27_2_fu_1231_p2              |         +|   0|  0|  18|          11|          11|
    |add_ln27_fu_1194_p2                |         +|   0|  0|  24|          17|          17|
    |add_ln30_1_fu_1091_p2              |         +|   0|  0|  23|          16|          16|
    |add_ln30_2_fu_1142_p2              |         +|   0|  0|  28|          21|          21|
    |add_ln30_fu_1292_p2                |         +|   0|  0|  13|           6|           1|
    |add_ln31_fu_1340_p2                |         +|   0|  0|  15|           8|           1|
    |add_ln32_fu_1370_p2                |         +|   0|  0|  15|           8|           1|
    |add_ln33_1_fu_1354_p2              |         +|   0|  0|  28|          21|          21|
    |add_ln33_fu_1307_p2                |         +|   0|  0|  23|          16|          16|
    |sub_ln21_1_fu_928_p2               |         -|   0|  0|  29|          22|          22|
    |sub_ln21_fu_876_p2                 |         -|   0|  0|  23|          16|          16|
    |sub_ln27_1_fu_1215_p2              |         -|   0|  0|  22|          22|          22|
    |sub_ln27_fu_1184_p2                |         -|   0|  0|  23|          16|          16|
    |sub_ln30_1_fu_1112_p2              |         -|   0|  0|  28|          21|          21|
    |sub_ln30_fu_1044_p2                |         -|   0|  0|  22|          15|          15|
    |sub_ln33_1_fu_1328_p2              |         -|   0|  0|  28|          21|          21|
    |sub_ln33_fu_1276_p2                |         -|   0|  0|  22|          15|          15|
    |and_ln21_fu_1010_p2                |       and|   0|  0|   2|           1|           1|
    |and_ln33_fu_1410_p2                |       and|   0|  0|   2|           1|           1|
    |icmp_ln17_fu_1062_p2               |      icmp|   0|  0|  14|           6|           7|
    |icmp_ln18_fu_886_p2                |      icmp|   0|  0|  15|           7|           8|
    |icmp_ln19_1_fu_1118_p2             |      icmp|   0|  0|  15|           8|           2|
    |icmp_ln19_fu_934_p2                |      icmp|   0|  0|  15|           8|           2|
    |icmp_ln20_fu_964_p2                |      icmp|   0|  0|  15|           8|           2|
    |icmp_ln21_1_fu_994_p2              |      icmp|   0|  0|  15|           8|           2|
    |icmp_ln21_2_fu_1000_p2             |      icmp|   0|  0|  30|          23|           1|
    |icmp_ln21_fu_1152_p2               |      icmp|   0|  0|  15|           8|           2|
    |icmp_ln25_fu_1241_p2               |      icmp|   0|  0|  15|           7|           8|
    |icmp_ln30_fu_1286_p2               |      icmp|   0|  0|  14|           6|           7|
    |icmp_ln31_fu_1334_p2               |      icmp|   0|  0|  15|           8|           2|
    |icmp_ln32_fu_1364_p2               |      icmp|   0|  0|  15|           8|           2|
    |icmp_ln33_1_fu_1400_p2             |      icmp|   0|  0|  30|          23|           1|
    |icmp_ln33_fu_1394_p2               |      icmp|   0|  0|  15|           8|           2|
    |ap_sync_grp_conv1_fu_553_ap_done   |        or|   0|  0|   2|           1|           1|
    |ap_sync_grp_conv1_fu_553_ap_ready  |        or|   0|  0|   2|           1|           1|
    |or_ln21_fu_1006_p2                 |        or|   0|  0|   2|           1|           1|
    |or_ln33_fu_1406_p2                 |        or|   0|  0|   2|           1|           1|
    +-----------------------------------+----------+----+---+----+------------+------------+
    |Total                              |          |   0|  0| 810|         527|         375|
    +-----------------------------------+----------+----+---+----+------------+------------+

    * Multiplexer: 
    +----------------+-----+-----------+-----+-----------+
    |      Name      | LUT | Input Size| Bits| Total Bits|
    +----------------+-----+-----------+-----+-----------+
    |acc_1_reg_520   |    9|          2|   32|         64|
    |ap_NS_fsm       |  135|         27|    1|         27|
    |c_1_fu_386      |    9|          2|    6|         12|
    |c_fu_378        |    9|          2|    7|         14|
    |feat1_address0  |   26|          5|   22|        110|
    |feat1_ce0       |   14|          3|    1|          3|
    |feat1_d0        |   14|          3|   32|         96|
    |feat1_we0       |   14|          3|    1|          3|
    |feat2_address0  |   26|          5|   21|        105|
    |feat2_ce0       |   14|          3|    1|          3|
    |feat2_d0        |   14|          3|   32|         96|
    |grp_fu_830_ce   |    9|          2|    1|          2|
    |grp_fu_830_p0   |   14|          3|   32|         96|
    |grp_fu_830_p1   |   14|          3|   32|         96|
    |grp_fu_835_ce   |    9|          2|    1|          2|
    |grp_fu_835_p0   |   14|          3|   32|         96|
    |grp_fu_835_p1   |   14|          3|   32|         96|
    |grp_fu_839_p0   |   14|          3|   32|         96|
    |ic_reg_509      |    9|          2|    7|         14|
    |oc_fu_382       |    9|          2|    6|         12|
    |x_1_reg_498     |    9|          2|    8|         16|
    |x_2_reg_542     |    9|          2|    8|         16|
    |x_reg_476       |    9|          2|    8|         16|
    |y_1_reg_487     |    9|          2|    8|         16|
    |y_2_reg_531     |    9|          2|    8|         16|
    |y_reg_465       |    9|          2|    8|         16|
    +----------------+-----+-----------+-----+-----------+
    |Total           |  444|         93|  379|       1139|
    +----------------+-----+-----------+-----+-----------+

    * Register: 
    +---------------------------------------+----+----+-----+-----------+
    |                  Name                 | FF | LUT| Bits| Const Bits|
    +---------------------------------------+----+----+-----+-----------+
    |acc_1_reg_520                          |  32|   0|   32|          0|
    |acc_reg_1512                           |  32|   0|   32|          0|
    |add_ln17_reg_1495                      |   6|   0|    6|          0|
    |add_ln18_reg_1431                      |   7|   0|    7|          0|
    |add_ln19_1_reg_1530                    |   8|   0|    8|          0|
    |add_ln19_reg_1451                      |   8|   0|    8|          0|
    |add_ln20_reg_1464                      |   8|   0|    8|          0|
    |add_ln21_reg_1548                      |   8|   0|    8|          0|
    |add_ln25_reg_1566                      |   7|   0|    7|          0|
    |add_ln30_reg_1599                      |   6|   0|    6|          0|
    |add_ln31_reg_1617                      |   8|   0|    8|          0|
    |add_ln32_reg_1630                      |   8|   0|    8|          0|
    |ap_CS_fsm                              |  26|   0|   26|          0|
    |ap_sync_reg_grp_conv1_fu_553_ap_done   |   1|   0|    1|          0|
    |ap_sync_reg_grp_conv1_fu_553_ap_ready  |   1|   0|    1|          0|
    |c_1_fu_386                             |   6|   0|    6|          0|
    |c_fu_378                               |   7|   0|    7|          0|
    |conv2_weights_load_reg_1571            |  32|   0|   32|          0|
    |empty_reg_1604                         |  32|   0|   32|          0|
    |feat1_addr_reg_1456                    |  22|   0|   22|          0|
    |feat2_addr_1_reg_1540                  |  21|   0|   21|          0|
    |feat2_addr_reg_1622                    |  21|   0|   21|          0|
    |grp_conv1_fu_553_ap_start_reg          |   1|   0|    1|          0|
    |grp_conv3_fu_819_ap_start_reg          |   1|   0|    1|          0|
    |ic_reg_509                             |   7|   0|    7|          0|
    |icmp_ln21_1_reg_1469                   |   1|   0|    1|          0|
    |icmp_ln21_2_reg_1474                   |   1|   0|    1|          0|
    |icmp_ln33_1_reg_1645                   |   1|   0|    1|          0|
    |icmp_ln33_reg_1640                     |   1|   0|    1|          0|
    |mul_i_reg_1581                         |  32|   0|   32|          0|
    |oc_fu_382                              |   6|   0|    6|          0|
    |reg_846                                |  32|   0|   32|          0|
    |sext_ln18_reg_1423                     |  17|   0|   17|          0|
    |sext_ln27_reg_1482                     |  16|   0|   16|          0|
    |sext_ln30_reg_1591                     |  16|   0|   16|          0|
    |sub_ln21_1_reg_1443                    |  22|   0|   22|          0|
    |sub_ln30_1_reg_1522                    |  21|   0|   21|          0|
    |sub_ln33_1_reg_1609                    |  21|   0|   21|          0|
    |tmp_4_reg_1487                         |   5|   0|   11|          6|
    |x_1_reg_498                            |   8|   0|    8|          0|
    |x_2_reg_542                            |   8|   0|    8|          0|
    |x_reg_476                              |   8|   0|    8|          0|
    |y_1_reg_487                            |   8|   0|    8|          0|
    |y_2_reg_531                            |   8|   0|    8|          0|
    |y_reg_465                              |   8|   0|    8|          0|
    |zext_ln30_2_reg_1517                   |   8|   0|   17|          9|
    |zext_ln30_4_reg_1535                   |   8|   0|   22|         14|
    +---------------------------------------+----+----+-----+-----------+
    |Total                                  | 572|   0|  601|         29|
    +---------------------------------------+----+----+-----+-----------+



================================================================
== Interface
================================================================
* Summary: 
+------------------------+-----+-----+------------+---------------+--------------+
|        RTL Ports       | Dir | Bits|  Protocol  | Source Object |    C Type    |
+------------------------+-----+-----+------------+---------------+--------------+
|ap_clk                  |   in|    1|  ap_ctrl_hs|          srcnn|  return value|
|ap_rst                  |   in|    1|  ap_ctrl_hs|          srcnn|  return value|
|ap_start                |   in|    1|  ap_ctrl_hs|          srcnn|  return value|
|ap_done                 |  out|    1|  ap_ctrl_hs|          srcnn|  return value|
|ap_idle                 |  out|    1|  ap_ctrl_hs|          srcnn|  return value|
|ap_ready                |  out|    1|  ap_ctrl_hs|          srcnn|  return value|
|input_ftmap_address0    |  out|   16|   ap_memory|    input_ftmap|         array|
|input_ftmap_ce0         |  out|    1|   ap_memory|    input_ftmap|         array|
|input_ftmap_q0          |   in|   32|   ap_memory|    input_ftmap|         array|
|conv1_weights_address0  |  out|   13|   ap_memory|  conv1_weights|         array|
|conv1_weights_ce0       |  out|    1|   ap_memory|  conv1_weights|         array|
|conv1_weights_q0        |   in|   32|   ap_memory|  conv1_weights|         array|
|conv1_biases_address0   |  out|    6|   ap_memory|   conv1_biases|         array|
|conv1_biases_ce0        |  out|    1|   ap_memory|   conv1_biases|         array|
|conv1_biases_q0         |   in|   32|   ap_memory|   conv1_biases|         array|
|conv2_weights_address0  |  out|   11|   ap_memory|  conv2_weights|         array|
|conv2_weights_ce0       |  out|    1|   ap_memory|  conv2_weights|         array|
|conv2_weights_q0        |   in|   32|   ap_memory|  conv2_weights|         array|
|conv2_biases_address0   |  out|    5|   ap_memory|   conv2_biases|         array|
|conv2_biases_ce0        |  out|    1|   ap_memory|   conv2_biases|         array|
|conv2_biases_q0         |   in|   32|   ap_memory|   conv2_biases|         array|
|conv3_weights_address0  |  out|   10|   ap_memory|  conv3_weights|         array|
|conv3_weights_ce0       |  out|    1|   ap_memory|  conv3_weights|         array|
|conv3_weights_q0        |   in|   32|   ap_memory|  conv3_weights|         array|
|conv3_biases            |   in|   32|     ap_none|   conv3_biases|       pointer|
|output_ftmap_address0   |  out|   16|   ap_memory|   output_ftmap|         array|
|output_ftmap_ce0        |  out|    1|   ap_memory|   output_ftmap|         array|
|output_ftmap_we0        |  out|    1|   ap_memory|   output_ftmap|         array|
|output_ftmap_d0         |  out|   32|   ap_memory|   output_ftmap|         array|
+------------------------+-----+-----+------------+---------------+--------------+

