

================================================================
== Vitis HLS Report for 'srcnn_top'
================================================================
* Date:           Fri Oct 31 01:55:26 2025

* Version:        2023.1 (Build 3854077 on May  4 2023)
* Project:        srcnn_hls
* Solution:       solution1 (Vivado IP Flow Target)
* Product family: zynquplus
* Target device:  xck26-sfvc784-2LV-c


================================================================
== Performance Estimates
================================================================
+ Timing: 
    * Summary: 
    +--------+----------+----------+------------+
    |  Clock |  Target  | Estimated| Uncertainty|
    +--------+----------+----------+------------+
    |ap_clk  |  10.00 ns|  7.300 ns|     2.70 ns|
    +--------+----------+----------+------------+

+ Latency: 
    * Summary: 
    +----------+------------+-----------+------------+----------+------------+---------+
    |    Latency (cycles)   |   Latency (absolute)   |        Interval       | Pipeline|
    |    min   |     max    |    min    |     max    |    min   |     max    |   Type  |
    +----------+------------+-----------+------------+----------+------------+---------+
    |  89950472|  1042922760|  0.900 sec|  10.429 sec|  89950473|  1042922761|       no|
    +----------+------------+-----------+------------+----------+------------+---------+

    + Detail: 
        * Instance: 
        +------------------+-------+----------+-----------+-----------+-----------+----------+-----------+---------+
        |                  |       |   Latency (cycles)   |   Latency (absolute)  |       Interval       | Pipeline|
        |     Instance     | Module|    min   |    max    |    min    |    max    |    min   |    max    |   Type  |
        +------------------+-------+----------+-----------+-----------+-----------+----------+-----------+---------+
        |grp_conv1_fu_444  |conv1  |   9490433|  239420417|  94.904 ms|  2.394 sec|   9490433|  239420417|       no|
        |grp_conv2_fu_628  |conv2  |  56220161|  374987265|  0.562 sec|  3.750 sec|  56220161|  374987265|       no|
        |grp_conv3_fu_646  |conv3  |  24239873|  428515073|  0.242 sec|  4.285 sec|  24239873|  428515073|       no|
        +------------------+-------+----------+-----------+-----------+-----------+----------+-----------+---------+

        * Loop: 
        N/A



================================================================
== Utilization Estimates
================================================================
* Summary: 
+-----------------+---------+------+--------+--------+-----+
|       Name      | BRAM_18K|  DSP |   FF   |   LUT  | URAM|
+-----------------+---------+------+--------+--------+-----+
|DSP              |        -|     -|       -|       -|    -|
|Expression       |        -|     -|       -|       -|    -|
|FIFO             |        -|     -|       -|       -|    -|
|Instance         |      128|   412|   80057|   62834|    0|
|Memory           |        -|     -|       -|       -|    -|
|Multiplexer      |        -|     -|       -|    2426|    -|
|Register         |        -|     -|     649|       -|    -|
+-----------------+---------+------+--------+--------+-----+
|Total            |      128|   412|   80706|   65260|    0|
+-----------------+---------+------+--------+--------+-----+
|Available        |      288|  1248|  234240|  117120|   64|
+-----------------+---------+------+--------+--------+-----+
|Utilization (%)  |       44|    33|      34|      55|    0|
+-----------------+---------+------+--------+--------+-----+

+ Detail: 
    * Instance: 
    +--------------------------------------+--------------------------------+---------+-----+-------+-------+-----+
    |               Instance               |             Module             | BRAM_18K| DSP |   FF  |  LUT  | URAM|
    +--------------------------------------+--------------------------------+---------+-----+-------+-------+-----+
    |control_s_axi_U                       |control_s_axi                   |        0|    0|    736|   1320|    0|
    |grp_conv1_fu_444                      |conv1                           |       20|  282|  35566|  29998|    0|
    |grp_conv2_fu_628                      |conv2                           |       18|    2|   1720|   3460|    0|
    |grp_conv3_fu_646                      |conv3                           |       66|    3|  28180|  15167|    0|
    |fadd_32ns_32ns_32_4_full_dsp_1_U1803  |fadd_32ns_32ns_32_4_full_dsp_1  |        0|    2|    227|    214|    0|
    |fadd_32ns_32ns_32_4_full_dsp_1_U1804  |fadd_32ns_32ns_32_4_full_dsp_1  |        0|    2|    227|    214|    0|
    |fadd_32ns_32ns_32_4_full_dsp_1_U1805  |fadd_32ns_32ns_32_4_full_dsp_1  |        0|    2|    227|    214|    0|
    |fadd_32ns_32ns_32_4_full_dsp_1_U1806  |fadd_32ns_32ns_32_4_full_dsp_1  |        0|    2|    227|    214|    0|
    |fadd_32ns_32ns_32_4_full_dsp_1_U1807  |fadd_32ns_32ns_32_4_full_dsp_1  |        0|    2|    227|    214|    0|
    |fadd_32ns_32ns_32_4_full_dsp_1_U1808  |fadd_32ns_32ns_32_4_full_dsp_1  |        0|    2|    227|    214|    0|
    |fadd_32ns_32ns_32_4_full_dsp_1_U1809  |fadd_32ns_32ns_32_4_full_dsp_1  |        0|    2|    227|    214|    0|
    |fadd_32ns_32ns_32_4_full_dsp_1_U1810  |fadd_32ns_32ns_32_4_full_dsp_1  |        0|    2|    227|    214|    0|
    |fadd_32ns_32ns_32_4_full_dsp_1_U1811  |fadd_32ns_32ns_32_4_full_dsp_1  |        0|    2|    227|    214|    0|
    |fadd_32ns_32ns_32_4_full_dsp_1_U1812  |fadd_32ns_32ns_32_4_full_dsp_1  |        0|    2|    227|    214|    0|
    |fadd_32ns_32ns_32_4_full_dsp_1_U1813  |fadd_32ns_32ns_32_4_full_dsp_1  |        0|    2|    227|    214|    0|
    |fadd_32ns_32ns_32_4_full_dsp_1_U1814  |fadd_32ns_32ns_32_4_full_dsp_1  |        0|    2|    227|    214|    0|
    |fadd_32ns_32ns_32_4_full_dsp_1_U1815  |fadd_32ns_32ns_32_4_full_dsp_1  |        0|    2|    227|    214|    0|
    |fadd_32ns_32ns_32_4_full_dsp_1_U1816  |fadd_32ns_32ns_32_4_full_dsp_1  |        0|    2|    227|    214|    0|
    |fadd_32ns_32ns_32_4_full_dsp_1_U1817  |fadd_32ns_32ns_32_4_full_dsp_1  |        0|    2|    227|    214|    0|
    |fadd_32ns_32ns_32_4_full_dsp_1_U1818  |fadd_32ns_32ns_32_4_full_dsp_1  |        0|    2|    227|    214|    0|
    |fadd_32ns_32ns_32_4_full_dsp_1_U1819  |fadd_32ns_32ns_32_4_full_dsp_1  |        0|    2|    227|    214|    0|
    |fadd_32ns_32ns_32_4_full_dsp_1_U1820  |fadd_32ns_32ns_32_4_full_dsp_1  |        0|    2|    227|    214|    0|
    |fadd_32ns_32ns_32_4_full_dsp_1_U1821  |fadd_32ns_32ns_32_4_full_dsp_1  |        0|    2|    227|    214|    0|
    |fadd_32ns_32ns_32_4_full_dsp_1_U1822  |fadd_32ns_32ns_32_4_full_dsp_1  |        0|    2|    227|    214|    0|
    |fadd_32ns_32ns_32_4_full_dsp_1_U1823  |fadd_32ns_32ns_32_4_full_dsp_1  |        0|    2|    227|    214|    0|
    |fadd_32ns_32ns_32_4_full_dsp_1_U1824  |fadd_32ns_32ns_32_4_full_dsp_1  |        0|    2|    227|    214|    0|
    |fadd_32ns_32ns_32_4_full_dsp_1_U1825  |fadd_32ns_32ns_32_4_full_dsp_1  |        0|    2|    227|    214|    0|
    |fadd_32ns_32ns_32_4_full_dsp_1_U1826  |fadd_32ns_32ns_32_4_full_dsp_1  |        0|    2|    227|    214|    0|
    |fadd_32ns_32ns_32_4_full_dsp_1_U1827  |fadd_32ns_32ns_32_4_full_dsp_1  |        0|    2|    227|    214|    0|
    |feat_m_axi_U                          |feat_m_axi                      |        4|    0|    830|    694|    0|
    |fmul_32ns_32ns_32_3_max_dsp_1_U1828   |fmul_32ns_32ns_32_3_max_dsp_1   |        0|    3|    128|    135|    0|
    |fmul_32ns_32ns_32_3_max_dsp_1_U1829   |fmul_32ns_32ns_32_3_max_dsp_1   |        0|    3|    128|    135|    0|
    |fmul_32ns_32ns_32_3_max_dsp_1_U1830   |fmul_32ns_32ns_32_3_max_dsp_1   |        0|    3|    128|    135|    0|
    |fmul_32ns_32ns_32_3_max_dsp_1_U1831   |fmul_32ns_32ns_32_3_max_dsp_1   |        0|    3|    128|    135|    0|
    |fmul_32ns_32ns_32_3_max_dsp_1_U1832   |fmul_32ns_32ns_32_3_max_dsp_1   |        0|    3|    128|    135|    0|
    |fmul_32ns_32ns_32_3_max_dsp_1_U1833   |fmul_32ns_32ns_32_3_max_dsp_1   |        0|    3|    128|    135|    0|
    |fmul_32ns_32ns_32_3_max_dsp_1_U1834   |fmul_32ns_32ns_32_3_max_dsp_1   |        0|    3|    128|    135|    0|
    |fmul_32ns_32ns_32_3_max_dsp_1_U1835   |fmul_32ns_32ns_32_3_max_dsp_1   |        0|    3|    128|    135|    0|
    |fmul_32ns_32ns_32_3_max_dsp_1_U1836   |fmul_32ns_32ns_32_3_max_dsp_1   |        0|    3|    128|    135|    0|
    |fmul_32ns_32ns_32_3_max_dsp_1_U1837   |fmul_32ns_32ns_32_3_max_dsp_1   |        0|    3|    128|    135|    0|
    |fmul_32ns_32ns_32_3_max_dsp_1_U1838   |fmul_32ns_32ns_32_3_max_dsp_1   |        0|    3|    128|    135|    0|
    |fmul_32ns_32ns_32_3_max_dsp_1_U1839   |fmul_32ns_32ns_32_3_max_dsp_1   |        0|    3|    128|    135|    0|
    |fmul_32ns_32ns_32_3_max_dsp_1_U1840   |fmul_32ns_32ns_32_3_max_dsp_1   |        0|    3|    128|    135|    0|
    |fmul_32ns_32ns_32_3_max_dsp_1_U1841   |fmul_32ns_32ns_32_3_max_dsp_1   |        0|    3|    128|    135|    0|
    |fmul_32ns_32ns_32_3_max_dsp_1_U1842   |fmul_32ns_32ns_32_3_max_dsp_1   |        0|    3|    128|    135|    0|
    |fmul_32ns_32ns_32_3_max_dsp_1_U1843   |fmul_32ns_32ns_32_3_max_dsp_1   |        0|    3|    128|    135|    0|
    |fmul_32ns_32ns_32_3_max_dsp_1_U1844   |fmul_32ns_32ns_32_3_max_dsp_1   |        0|    3|    128|    135|    0|
    |fmul_32ns_32ns_32_3_max_dsp_1_U1845   |fmul_32ns_32ns_32_3_max_dsp_1   |        0|    3|    128|    135|    0|
    |fmul_32ns_32ns_32_3_max_dsp_1_U1846   |fmul_32ns_32ns_32_3_max_dsp_1   |        0|    3|    128|    135|    0|
    |fmul_32ns_32ns_32_3_max_dsp_1_U1847   |fmul_32ns_32ns_32_3_max_dsp_1   |        0|    3|    128|    135|    0|
    |fmul_32ns_32ns_32_3_max_dsp_1_U1848   |fmul_32ns_32ns_32_3_max_dsp_1   |        0|    3|    128|    135|    0|
    |fmul_32ns_32ns_32_3_max_dsp_1_U1849   |fmul_32ns_32ns_32_3_max_dsp_1   |        0|    3|    128|    135|    0|
    |fmul_32ns_32ns_32_3_max_dsp_1_U1850   |fmul_32ns_32ns_32_3_max_dsp_1   |        0|    3|    128|    135|    0|
    |fmul_32ns_32ns_32_3_max_dsp_1_U1851   |fmul_32ns_32ns_32_3_max_dsp_1   |        0|    3|    128|    135|    0|
    |fmul_32ns_32ns_32_3_max_dsp_1_U1852   |fmul_32ns_32ns_32_3_max_dsp_1   |        0|    3|    128|    135|    0|
    |in_r_m_axi_U                          |in_r_m_axi                      |        4|    0|    830|    694|    0|
    |out_r_m_axi_U                         |out_r_m_axi                     |        4|    0|    830|    694|    0|
    |w1_m_axi_U                            |w1_m_axi                        |        4|    0|    830|    694|    0|
    |w2_m_axi_U                            |w2_m_axi                        |        4|    0|    830|    694|    0|
    |w3_m_axi_U                            |w3_m_axi                        |        4|    0|    830|    694|    0|
    +--------------------------------------+--------------------------------+---------+-----+-------+-------+-----+
    |Total                                 |                                |      128|  412|  80057|  62834|    0|
    +--------------------------------------+--------------------------------+---------+-----+-------+-------+-----+

    * DSP: 
    N/A

    * Memory: 
    N/A

    * FIFO: 
    N/A

    * Expression: 
    N/A

    * Multiplexer: 
    +----------------+----+-----------+-----+-----------+
    |      Name      | LUT| Input Size| Bits| Total Bits|
    +----------------+----+-----------+-----+-----------+
    |ap_NS_fsm       |  37|          7|    1|          7|
    |feat_ARADDR     |  14|          3|   64|        192|
    |feat_ARLEN      |  14|          3|   32|         96|
    |feat_ARVALID    |  14|          3|    1|          3|
    |feat_AWADDR     |  14|          3|   64|        192|
    |feat_AWLEN      |  14|          3|   32|         96|
    |feat_AWVALID    |  14|          3|    1|          3|
    |feat_BREADY     |  14|          3|    1|          3|
    |feat_RREADY     |  14|          3|    1|          3|
    |feat_WDATA      |  14|          3|   32|         96|
    |feat_WSTRB      |  14|          3|    4|         12|
    |feat_WVALID     |  14|          3|    1|          3|
    |grp_fu_1002_ce  |  14|          3|    1|          3|
    |grp_fu_1002_p0  |  14|          3|   32|         96|
    |grp_fu_1002_p1  |  14|          3|   32|         96|
    |grp_fu_1006_ce  |  14|          3|    1|          3|
    |grp_fu_1006_p0  |  14|          3|   32|         96|
    |grp_fu_1006_p1  |  14|          3|   32|         96|
    |grp_fu_1010_ce  |  14|          3|    1|          3|
    |grp_fu_1010_p0  |  14|          3|   32|         96|
    |grp_fu_1010_p1  |  14|          3|   32|         96|
    |grp_fu_814_ce   |  20|          4|    1|          4|
    |grp_fu_814_p0   |  20|          4|   32|        128|
    |grp_fu_814_p1   |  20|          4|   32|        128|
    |grp_fu_818_ce   |  14|          3|    1|          3|
    |grp_fu_818_p0   |  14|          3|   32|         96|
    |grp_fu_818_p1   |  14|          3|   32|         96|
    |grp_fu_822_ce   |  14|          3|    1|          3|
    |grp_fu_822_p0   |  14|          3|   32|         96|
    |grp_fu_822_p1   |  14|          3|   32|         96|
    |grp_fu_826_ce   |  14|          3|    1|          3|
    |grp_fu_826_p0   |  14|          3|   32|         96|
    |grp_fu_826_p1   |  14|          3|   32|         96|
    |grp_fu_830_ce   |  14|          3|    1|          3|
    |grp_fu_830_p0   |  14|          3|   32|         96|
    |grp_fu_830_p1   |  14|          3|   32|         96|
    |grp_fu_834_ce   |  14|          3|    1|          3|
    |grp_fu_834_p0   |  14|          3|   32|         96|
    |grp_fu_834_p1   |  14|          3|   32|         96|
    |grp_fu_838_ce   |  14|          3|    1|          3|
    |grp_fu_838_p0   |  14|          3|   32|         96|
    |grp_fu_838_p1   |  14|          3|   32|         96|
    |grp_fu_842_ce   |  14|          3|    1|          3|
    |grp_fu_842_p0   |  14|          3|   32|         96|
    |grp_fu_842_p1   |  14|          3|   32|         96|
    |grp_fu_846_ce   |  14|          3|    1|          3|
    |grp_fu_846_p0   |  14|          3|   32|         96|
    |grp_fu_846_p1   |  14|          3|   32|         96|
    |grp_fu_850_ce   |  14|          3|    1|          3|
    |grp_fu_850_p0   |  14|          3|   32|         96|
    |grp_fu_850_p1   |  14|          3|   32|         96|
    |grp_fu_854_ce   |  14|          3|    1|          3|
    |grp_fu_854_p0   |  14|          3|   32|         96|
    |grp_fu_854_p1   |  14|          3|   32|         96|
    |grp_fu_858_ce   |  14|          3|    1|          3|
    |grp_fu_858_p0   |  14|          3|   32|         96|
    |grp_fu_858_p1   |  14|          3|   32|         96|
    |grp_fu_862_ce   |  14|          3|    1|          3|
    |grp_fu_862_p0   |  14|          3|   32|         96|
    |grp_fu_862_p1   |  14|          3|   32|         96|
    |grp_fu_866_ce   |  14|          3|    1|          3|
    |grp_fu_866_p0   |  14|          3|   32|         96|
    |grp_fu_866_p1   |  14|          3|   32|         96|
    |grp_fu_870_ce   |  14|          3|    1|          3|
    |grp_fu_870_p0   |  14|          3|   32|         96|
    |grp_fu_870_p1   |  14|          3|   32|         96|
    |grp_fu_874_ce   |  14|          3|    1|          3|
    |grp_fu_874_p0   |  14|          3|   32|         96|
    |grp_fu_874_p1   |  14|          3|   32|         96|
    |grp_fu_878_ce   |  14|          3|    1|          3|
    |grp_fu_878_p0   |  14|          3|   32|         96|
    |grp_fu_878_p1   |  14|          3|   32|         96|
    |grp_fu_882_ce   |  14|          3|    1|          3|
    |grp_fu_882_p0   |  14|          3|   32|         96|
    |grp_fu_882_p1   |  14|          3|   32|         96|
    |grp_fu_886_ce   |  14|          3|    1|          3|
    |grp_fu_886_p0   |  14|          3|   32|         96|
    |grp_fu_886_p1   |  14|          3|   32|         96|
    |grp_fu_890_ce   |  14|          3|    1|          3|
    |grp_fu_890_p0   |  14|          3|   32|         96|
    |grp_fu_890_p1   |  14|          3|   32|         96|
    |grp_fu_894_ce   |  14|          3|    1|          3|
    |grp_fu_894_p0   |  14|          3|   32|         96|
    |grp_fu_894_p1   |  14|          3|   32|         96|
    |grp_fu_898_ce   |  14|          3|    1|          3|
    |grp_fu_898_p0   |  14|          3|   32|         96|
    |grp_fu_898_p1   |  14|          3|   32|         96|
    |grp_fu_902_ce   |  14|          3|    1|          3|
    |grp_fu_902_p0   |  14|          3|   32|         96|
    |grp_fu_902_p1   |  14|          3|   32|         96|
    |grp_fu_906_ce   |  14|          3|    1|          3|
    |grp_fu_906_p0   |  14|          3|   32|         96|
    |grp_fu_906_p1   |  14|          3|   32|         96|
    |grp_fu_910_ce   |  14|          3|    1|          3|
    |grp_fu_910_p0   |  14|          3|   32|         96|
    |grp_fu_910_p1   |  14|          3|   32|         96|
    |grp_fu_914_ce   |  20|          4|    1|          4|
    |grp_fu_914_p0   |  20|          4|   32|        128|
    |grp_fu_914_p1   |  20|          4|   32|        128|
    |grp_fu_918_ce   |  14|          3|    1|          3|
    |grp_fu_918_p0   |  14|          3|   32|         96|
    |grp_fu_918_p1   |  14|          3|   32|         96|
    |grp_fu_922_ce   |  14|          3|    1|          3|
    |grp_fu_922_p0   |  14|          3|   32|         96|
    |grp_fu_922_p1   |  14|          3|   32|         96|
    |grp_fu_926_ce   |  14|          3|    1|          3|
    |grp_fu_926_p0   |  14|          3|   32|         96|
    |grp_fu_926_p1   |  14|          3|   32|         96|
    |grp_fu_930_ce   |  14|          3|    1|          3|
    |grp_fu_930_p0   |  14|          3|   32|         96|
    |grp_fu_930_p1   |  14|          3|   32|         96|
    |grp_fu_934_ce   |  14|          3|    1|          3|
    |grp_fu_934_p0   |  14|          3|   32|         96|
    |grp_fu_934_p1   |  14|          3|   32|         96|
    |grp_fu_938_ce   |  14|          3|    1|          3|
    |grp_fu_938_p0   |  14|          3|   32|         96|
    |grp_fu_938_p1   |  14|          3|   32|         96|
    |grp_fu_942_ce   |  14|          3|    1|          3|
    |grp_fu_942_p0   |  14|          3|   32|         96|
    |grp_fu_942_p1   |  14|          3|   32|         96|
    |grp_fu_946_ce   |  14|          3|    1|          3|
    |grp_fu_946_p0   |  14|          3|   32|         96|
    |grp_fu_946_p1   |  14|          3|   32|         96|
    |grp_fu_950_ce   |  14|          3|    1|          3|
    |grp_fu_950_p0   |  14|          3|   32|         96|
    |grp_fu_950_p1   |  14|          3|   32|         96|
    |grp_fu_954_ce   |  14|          3|    1|          3|
    |grp_fu_954_p0   |  14|          3|   32|         96|
    |grp_fu_954_p1   |  14|          3|   32|         96|
    |grp_fu_958_ce   |  14|          3|    1|          3|
    |grp_fu_958_p0   |  14|          3|   32|         96|
    |grp_fu_958_p1   |  14|          3|   32|         96|
    |grp_fu_962_ce   |  14|          3|    1|          3|
    |grp_fu_962_p0   |  14|          3|   32|         96|
    |grp_fu_962_p1   |  14|          3|   32|         96|
    |grp_fu_966_ce   |  14|          3|    1|          3|
    |grp_fu_966_p0   |  14|          3|   32|         96|
    |grp_fu_966_p1   |  14|          3|   32|         96|
    |grp_fu_970_ce   |  14|          3|    1|          3|
    |grp_fu_970_p0   |  14|          3|   32|         96|
    |grp_fu_970_p1   |  14|          3|   32|         96|
    |grp_fu_974_ce   |  14|          3|    1|          3|
    |grp_fu_974_p0   |  14|          3|   32|         96|
    |grp_fu_974_p1   |  14|          3|   32|         96|
    |grp_fu_978_ce   |  14|          3|    1|          3|
    |grp_fu_978_p0   |  14|          3|   32|         96|
    |grp_fu_978_p1   |  14|          3|   32|         96|
    |grp_fu_982_ce   |  14|          3|    1|          3|
    |grp_fu_982_p0   |  14|          3|   32|         96|
    |grp_fu_982_p1   |  14|          3|   32|         96|
    |grp_fu_986_ce   |  14|          3|    1|          3|
    |grp_fu_986_p0   |  14|          3|   32|         96|
    |grp_fu_986_p1   |  14|          3|   32|         96|
    |grp_fu_990_ce   |  14|          3|    1|          3|
    |grp_fu_990_p0   |  14|          3|   32|         96|
    |grp_fu_990_p1   |  14|          3|   32|         96|
    |grp_fu_994_ce   |  14|          3|    1|          3|
    |grp_fu_994_p0   |  14|          3|   32|         96|
    |grp_fu_994_p1   |  14|          3|   32|         96|
    |grp_fu_998_ce   |  14|          3|    1|          3|
    |grp_fu_998_p0   |  14|          3|   32|         96|
    |grp_fu_998_p1   |  14|          3|   32|         96|
    |in_r_ARVALID    |   9|          2|    1|          2|
    |in_r_RREADY     |   9|          2|    1|          2|
    |out_r_AWVALID   |   9|          2|    1|          2|
    |out_r_BREADY    |   9|          2|    1|          2|
    |out_r_WVALID    |   9|          2|    1|          2|
    |w1_ARVALID      |   9|          2|    1|          2|
    |w1_RREADY       |   9|          2|    1|          2|
    |w2_ARVALID      |   9|          2|    1|          2|
    |w2_RREADY       |   9|          2|    1|          2|
    |w3_ARVALID      |   9|          2|    1|          2|
    |w3_RREADY       |   9|          2|    1|          2|
    +----------------+----+-----------+-----+-----------+
    |Total           |2426|        518| 3495|      10608|
    +----------------+----+-----------+-----+-----------+

    * Register: 
    +-------------------------------+----+----+-----+-----------+
    |              Name             | FF | LUT| Bits| Const Bits|
    +-------------------------------+----+----+-----+-----------+
    |ap_CS_fsm                      |   6|   0|    6|          0|
    |conv1_biases_read_reg_799      |  64|   0|   64|          0|
    |conv1_out_read_reg_793         |  64|   0|   64|          0|
    |conv1_weights_read_reg_804     |  64|   0|   64|          0|
    |conv2_biases_read_reg_783      |  64|   0|   64|          0|
    |conv2_out_read_reg_777         |  64|   0|   64|          0|
    |conv2_weights_read_reg_788     |  64|   0|   64|          0|
    |conv3_biases_read_reg_767      |  64|   0|   64|          0|
    |conv3_weights_read_reg_772     |  64|   0|   64|          0|
    |grp_conv1_fu_444_ap_start_reg  |   1|   0|    1|          0|
    |grp_conv2_fu_628_ap_start_reg  |   1|   0|    1|          0|
    |grp_conv3_fu_646_ap_start_reg  |   1|   0|    1|          0|
    |input_ftmap_read_reg_809       |  64|   0|   64|          0|
    |output_ftmap_read_reg_762      |  64|   0|   64|          0|
    +-------------------------------+----+----+-----+-----------+
    |Total                          | 649|   0|  649|          0|
    +-------------------------------+----+----+-----+-----------+



================================================================
== Interface
================================================================
* Summary: 
+-----------------------+-----+-----+------------+--------------+--------------+
|       RTL Ports       | Dir | Bits|  Protocol  | Source Object|    C Type    |
+-----------------------+-----+-----+------------+--------------+--------------+
|s_axi_control_AWVALID  |   in|    1|       s_axi|       control|        scalar|
|s_axi_control_AWREADY  |  out|    1|       s_axi|       control|        scalar|
|s_axi_control_AWADDR   |   in|    8|       s_axi|       control|        scalar|
|s_axi_control_WVALID   |   in|    1|       s_axi|       control|        scalar|
|s_axi_control_WREADY   |  out|    1|       s_axi|       control|        scalar|
|s_axi_control_WDATA    |   in|   32|       s_axi|       control|        scalar|
|s_axi_control_WSTRB    |   in|    4|       s_axi|       control|        scalar|
|s_axi_control_ARVALID  |   in|    1|       s_axi|       control|        scalar|
|s_axi_control_ARREADY  |  out|    1|       s_axi|       control|        scalar|
|s_axi_control_ARADDR   |   in|    8|       s_axi|       control|        scalar|
|s_axi_control_RVALID   |  out|    1|       s_axi|       control|        scalar|
|s_axi_control_RREADY   |   in|    1|       s_axi|       control|        scalar|
|s_axi_control_RDATA    |  out|   32|       s_axi|       control|        scalar|
|s_axi_control_RRESP    |  out|    2|       s_axi|       control|        scalar|
|s_axi_control_BVALID   |  out|    1|       s_axi|       control|        scalar|
|s_axi_control_BREADY   |   in|    1|       s_axi|       control|        scalar|
|s_axi_control_BRESP    |  out|    2|       s_axi|       control|        scalar|
|ap_clk                 |   in|    1|  ap_ctrl_hs|     srcnn_top|  return value|
|ap_rst_n               |   in|    1|  ap_ctrl_hs|     srcnn_top|  return value|
|interrupt              |  out|    1|  ap_ctrl_hs|     srcnn_top|  return value|
|m_axi_in_r_AWVALID     |  out|    1|       m_axi|          in_r|       pointer|
|m_axi_in_r_AWREADY     |   in|    1|       m_axi|          in_r|       pointer|
|m_axi_in_r_AWADDR      |  out|   64|       m_axi|          in_r|       pointer|
|m_axi_in_r_AWID        |  out|    1|       m_axi|          in_r|       pointer|
|m_axi_in_r_AWLEN       |  out|    8|       m_axi|          in_r|       pointer|
|m_axi_in_r_AWSIZE      |  out|    3|       m_axi|          in_r|       pointer|
|m_axi_in_r_AWBURST     |  out|    2|       m_axi|          in_r|       pointer|
|m_axi_in_r_AWLOCK      |  out|    2|       m_axi|          in_r|       pointer|
|m_axi_in_r_AWCACHE     |  out|    4|       m_axi|          in_r|       pointer|
|m_axi_in_r_AWPROT      |  out|    3|       m_axi|          in_r|       pointer|
|m_axi_in_r_AWQOS       |  out|    4|       m_axi|          in_r|       pointer|
|m_axi_in_r_AWREGION    |  out|    4|       m_axi|          in_r|       pointer|
|m_axi_in_r_AWUSER      |  out|    1|       m_axi|          in_r|       pointer|
|m_axi_in_r_WVALID      |  out|    1|       m_axi|          in_r|       pointer|
|m_axi_in_r_WREADY      |   in|    1|       m_axi|          in_r|       pointer|
|m_axi_in_r_WDATA       |  out|   32|       m_axi|          in_r|       pointer|
|m_axi_in_r_WSTRB       |  out|    4|       m_axi|          in_r|       pointer|
|m_axi_in_r_WLAST       |  out|    1|       m_axi|          in_r|       pointer|
|m_axi_in_r_WID         |  out|    1|       m_axi|          in_r|       pointer|
|m_axi_in_r_WUSER       |  out|    1|       m_axi|          in_r|       pointer|
|m_axi_in_r_ARVALID     |  out|    1|       m_axi|          in_r|       pointer|
|m_axi_in_r_ARREADY     |   in|    1|       m_axi|          in_r|       pointer|
|m_axi_in_r_ARADDR      |  out|   64|       m_axi|          in_r|       pointer|
|m_axi_in_r_ARID        |  out|    1|       m_axi|          in_r|       pointer|
|m_axi_in_r_ARLEN       |  out|    8|       m_axi|          in_r|       pointer|
|m_axi_in_r_ARSIZE      |  out|    3|       m_axi|          in_r|       pointer|
|m_axi_in_r_ARBURST     |  out|    2|       m_axi|          in_r|       pointer|
|m_axi_in_r_ARLOCK      |  out|    2|       m_axi|          in_r|       pointer|
|m_axi_in_r_ARCACHE     |  out|    4|       m_axi|          in_r|       pointer|
|m_axi_in_r_ARPROT      |  out|    3|       m_axi|          in_r|       pointer|
|m_axi_in_r_ARQOS       |  out|    4|       m_axi|          in_r|       pointer|
|m_axi_in_r_ARREGION    |  out|    4|       m_axi|          in_r|       pointer|
|m_axi_in_r_ARUSER      |  out|    1|       m_axi|          in_r|       pointer|
|m_axi_in_r_RVALID      |   in|    1|       m_axi|          in_r|       pointer|
|m_axi_in_r_RREADY      |  out|    1|       m_axi|          in_r|       pointer|
|m_axi_in_r_RDATA       |   in|   32|       m_axi|          in_r|       pointer|
|m_axi_in_r_RLAST       |   in|    1|       m_axi|          in_r|       pointer|
|m_axi_in_r_RID         |   in|    1|       m_axi|          in_r|       pointer|
|m_axi_in_r_RUSER       |   in|    1|       m_axi|          in_r|       pointer|
|m_axi_in_r_RRESP       |   in|    2|       m_axi|          in_r|       pointer|
|m_axi_in_r_BVALID      |   in|    1|       m_axi|          in_r|       pointer|
|m_axi_in_r_BREADY      |  out|    1|       m_axi|          in_r|       pointer|
|m_axi_in_r_BRESP       |   in|    2|       m_axi|          in_r|       pointer|
|m_axi_in_r_BID         |   in|    1|       m_axi|          in_r|       pointer|
|m_axi_in_r_BUSER       |   in|    1|       m_axi|          in_r|       pointer|
|m_axi_w1_AWVALID       |  out|    1|       m_axi|            w1|       pointer|
|m_axi_w1_AWREADY       |   in|    1|       m_axi|            w1|       pointer|
|m_axi_w1_AWADDR        |  out|   64|       m_axi|            w1|       pointer|
|m_axi_w1_AWID          |  out|    1|       m_axi|            w1|       pointer|
|m_axi_w1_AWLEN         |  out|    8|       m_axi|            w1|       pointer|
|m_axi_w1_AWSIZE        |  out|    3|       m_axi|            w1|       pointer|
|m_axi_w1_AWBURST       |  out|    2|       m_axi|            w1|       pointer|
|m_axi_w1_AWLOCK        |  out|    2|       m_axi|            w1|       pointer|
|m_axi_w1_AWCACHE       |  out|    4|       m_axi|            w1|       pointer|
|m_axi_w1_AWPROT        |  out|    3|       m_axi|            w1|       pointer|
|m_axi_w1_AWQOS         |  out|    4|       m_axi|            w1|       pointer|
|m_axi_w1_AWREGION      |  out|    4|       m_axi|            w1|       pointer|
|m_axi_w1_AWUSER        |  out|    1|       m_axi|            w1|       pointer|
|m_axi_w1_WVALID        |  out|    1|       m_axi|            w1|       pointer|
|m_axi_w1_WREADY        |   in|    1|       m_axi|            w1|       pointer|
|m_axi_w1_WDATA         |  out|   32|       m_axi|            w1|       pointer|
|m_axi_w1_WSTRB         |  out|    4|       m_axi|            w1|       pointer|
|m_axi_w1_WLAST         |  out|    1|       m_axi|            w1|       pointer|
|m_axi_w1_WID           |  out|    1|       m_axi|            w1|       pointer|
|m_axi_w1_WUSER         |  out|    1|       m_axi|            w1|       pointer|
|m_axi_w1_ARVALID       |  out|    1|       m_axi|            w1|       pointer|
|m_axi_w1_ARREADY       |   in|    1|       m_axi|            w1|       pointer|
|m_axi_w1_ARADDR        |  out|   64|       m_axi|            w1|       pointer|
|m_axi_w1_ARID          |  out|    1|       m_axi|            w1|       pointer|
|m_axi_w1_ARLEN         |  out|    8|       m_axi|            w1|       pointer|
|m_axi_w1_ARSIZE        |  out|    3|       m_axi|            w1|       pointer|
|m_axi_w1_ARBURST       |  out|    2|       m_axi|            w1|       pointer|
|m_axi_w1_ARLOCK        |  out|    2|       m_axi|            w1|       pointer|
|m_axi_w1_ARCACHE       |  out|    4|       m_axi|            w1|       pointer|
|m_axi_w1_ARPROT        |  out|    3|       m_axi|            w1|       pointer|
|m_axi_w1_ARQOS         |  out|    4|       m_axi|            w1|       pointer|
|m_axi_w1_ARREGION      |  out|    4|       m_axi|            w1|       pointer|
|m_axi_w1_ARUSER        |  out|    1|       m_axi|            w1|       pointer|
|m_axi_w1_RVALID        |   in|    1|       m_axi|            w1|       pointer|
|m_axi_w1_RREADY        |  out|    1|       m_axi|            w1|       pointer|
|m_axi_w1_RDATA         |   in|   32|       m_axi|            w1|       pointer|
|m_axi_w1_RLAST         |   in|    1|       m_axi|            w1|       pointer|
|m_axi_w1_RID           |   in|    1|       m_axi|            w1|       pointer|
|m_axi_w1_RUSER         |   in|    1|       m_axi|            w1|       pointer|
|m_axi_w1_RRESP         |   in|    2|       m_axi|            w1|       pointer|
|m_axi_w1_BVALID        |   in|    1|       m_axi|            w1|       pointer|
|m_axi_w1_BREADY        |  out|    1|       m_axi|            w1|       pointer|
|m_axi_w1_BRESP         |   in|    2|       m_axi|            w1|       pointer|
|m_axi_w1_BID           |   in|    1|       m_axi|            w1|       pointer|
|m_axi_w1_BUSER         |   in|    1|       m_axi|            w1|       pointer|
|m_axi_feat_AWVALID     |  out|    1|       m_axi|          feat|       pointer|
|m_axi_feat_AWREADY     |   in|    1|       m_axi|          feat|       pointer|
|m_axi_feat_AWADDR      |  out|   64|       m_axi|          feat|       pointer|
|m_axi_feat_AWID        |  out|    1|       m_axi|          feat|       pointer|
|m_axi_feat_AWLEN       |  out|    8|       m_axi|          feat|       pointer|
|m_axi_feat_AWSIZE      |  out|    3|       m_axi|          feat|       pointer|
|m_axi_feat_AWBURST     |  out|    2|       m_axi|          feat|       pointer|
|m_axi_feat_AWLOCK      |  out|    2|       m_axi|          feat|       pointer|
|m_axi_feat_AWCACHE     |  out|    4|       m_axi|          feat|       pointer|
|m_axi_feat_AWPROT      |  out|    3|       m_axi|          feat|       pointer|
|m_axi_feat_AWQOS       |  out|    4|       m_axi|          feat|       pointer|
|m_axi_feat_AWREGION    |  out|    4|       m_axi|          feat|       pointer|
|m_axi_feat_AWUSER      |  out|    1|       m_axi|          feat|       pointer|
|m_axi_feat_WVALID      |  out|    1|       m_axi|          feat|       pointer|
|m_axi_feat_WREADY      |   in|    1|       m_axi|          feat|       pointer|
|m_axi_feat_WDATA       |  out|   32|       m_axi|          feat|       pointer|
|m_axi_feat_WSTRB       |  out|    4|       m_axi|          feat|       pointer|
|m_axi_feat_WLAST       |  out|    1|       m_axi|          feat|       pointer|
|m_axi_feat_WID         |  out|    1|       m_axi|          feat|       pointer|
|m_axi_feat_WUSER       |  out|    1|       m_axi|          feat|       pointer|
|m_axi_feat_ARVALID     |  out|    1|       m_axi|          feat|       pointer|
|m_axi_feat_ARREADY     |   in|    1|       m_axi|          feat|       pointer|
|m_axi_feat_ARADDR      |  out|   64|       m_axi|          feat|       pointer|
|m_axi_feat_ARID        |  out|    1|       m_axi|          feat|       pointer|
|m_axi_feat_ARLEN       |  out|    8|       m_axi|          feat|       pointer|
|m_axi_feat_ARSIZE      |  out|    3|       m_axi|          feat|       pointer|
|m_axi_feat_ARBURST     |  out|    2|       m_axi|          feat|       pointer|
|m_axi_feat_ARLOCK      |  out|    2|       m_axi|          feat|       pointer|
|m_axi_feat_ARCACHE     |  out|    4|       m_axi|          feat|       pointer|
|m_axi_feat_ARPROT      |  out|    3|       m_axi|          feat|       pointer|
|m_axi_feat_ARQOS       |  out|    4|       m_axi|          feat|       pointer|
|m_axi_feat_ARREGION    |  out|    4|       m_axi|          feat|       pointer|
|m_axi_feat_ARUSER      |  out|    1|       m_axi|          feat|       pointer|
|m_axi_feat_RVALID      |   in|    1|       m_axi|          feat|       pointer|
|m_axi_feat_RREADY      |  out|    1|       m_axi|          feat|       pointer|
|m_axi_feat_RDATA       |   in|   32|       m_axi|          feat|       pointer|
|m_axi_feat_RLAST       |   in|    1|       m_axi|          feat|       pointer|
|m_axi_feat_RID         |   in|    1|       m_axi|          feat|       pointer|
|m_axi_feat_RUSER       |   in|    1|       m_axi|          feat|       pointer|
|m_axi_feat_RRESP       |   in|    2|       m_axi|          feat|       pointer|
|m_axi_feat_BVALID      |   in|    1|       m_axi|          feat|       pointer|
|m_axi_feat_BREADY      |  out|    1|       m_axi|          feat|       pointer|
|m_axi_feat_BRESP       |   in|    2|       m_axi|          feat|       pointer|
|m_axi_feat_BID         |   in|    1|       m_axi|          feat|       pointer|
|m_axi_feat_BUSER       |   in|    1|       m_axi|          feat|       pointer|
|m_axi_w2_AWVALID       |  out|    1|       m_axi|            w2|       pointer|
|m_axi_w2_AWREADY       |   in|    1|       m_axi|            w2|       pointer|
|m_axi_w2_AWADDR        |  out|   64|       m_axi|            w2|       pointer|
|m_axi_w2_AWID          |  out|    1|       m_axi|            w2|       pointer|
|m_axi_w2_AWLEN         |  out|    8|       m_axi|            w2|       pointer|
|m_axi_w2_AWSIZE        |  out|    3|       m_axi|            w2|       pointer|
|m_axi_w2_AWBURST       |  out|    2|       m_axi|            w2|       pointer|
|m_axi_w2_AWLOCK        |  out|    2|       m_axi|            w2|       pointer|
|m_axi_w2_AWCACHE       |  out|    4|       m_axi|            w2|       pointer|
|m_axi_w2_AWPROT        |  out|    3|       m_axi|            w2|       pointer|
|m_axi_w2_AWQOS         |  out|    4|       m_axi|            w2|       pointer|
|m_axi_w2_AWREGION      |  out|    4|       m_axi|            w2|       pointer|
|m_axi_w2_AWUSER        |  out|    1|       m_axi|            w2|       pointer|
|m_axi_w2_WVALID        |  out|    1|       m_axi|            w2|       pointer|
|m_axi_w2_WREADY        |   in|    1|       m_axi|            w2|       pointer|
|m_axi_w2_WDATA         |  out|   32|       m_axi|            w2|       pointer|
|m_axi_w2_WSTRB         |  out|    4|       m_axi|            w2|       pointer|
|m_axi_w2_WLAST         |  out|    1|       m_axi|            w2|       pointer|
|m_axi_w2_WID           |  out|    1|       m_axi|            w2|       pointer|
|m_axi_w2_WUSER         |  out|    1|       m_axi|            w2|       pointer|
|m_axi_w2_ARVALID       |  out|    1|       m_axi|            w2|       pointer|
|m_axi_w2_ARREADY       |   in|    1|       m_axi|            w2|       pointer|
|m_axi_w2_ARADDR        |  out|   64|       m_axi|            w2|       pointer|
|m_axi_w2_ARID          |  out|    1|       m_axi|            w2|       pointer|
|m_axi_w2_ARLEN         |  out|    8|       m_axi|            w2|       pointer|
|m_axi_w2_ARSIZE        |  out|    3|       m_axi|            w2|       pointer|
|m_axi_w2_ARBURST       |  out|    2|       m_axi|            w2|       pointer|
|m_axi_w2_ARLOCK        |  out|    2|       m_axi|            w2|       pointer|
|m_axi_w2_ARCACHE       |  out|    4|       m_axi|            w2|       pointer|
|m_axi_w2_ARPROT        |  out|    3|       m_axi|            w2|       pointer|
|m_axi_w2_ARQOS         |  out|    4|       m_axi|            w2|       pointer|
|m_axi_w2_ARREGION      |  out|    4|       m_axi|            w2|       pointer|
|m_axi_w2_ARUSER        |  out|    1|       m_axi|            w2|       pointer|
|m_axi_w2_RVALID        |   in|    1|       m_axi|            w2|       pointer|
|m_axi_w2_RREADY        |  out|    1|       m_axi|            w2|       pointer|
|m_axi_w2_RDATA         |   in|   32|       m_axi|            w2|       pointer|
|m_axi_w2_RLAST         |   in|    1|       m_axi|            w2|       pointer|
|m_axi_w2_RID           |   in|    1|       m_axi|            w2|       pointer|
|m_axi_w2_RUSER         |   in|    1|       m_axi|            w2|       pointer|
|m_axi_w2_RRESP         |   in|    2|       m_axi|            w2|       pointer|
|m_axi_w2_BVALID        |   in|    1|       m_axi|            w2|       pointer|
|m_axi_w2_BREADY        |  out|    1|       m_axi|            w2|       pointer|
|m_axi_w2_BRESP         |   in|    2|       m_axi|            w2|       pointer|
|m_axi_w2_BID           |   in|    1|       m_axi|            w2|       pointer|
|m_axi_w2_BUSER         |   in|    1|       m_axi|            w2|       pointer|
|m_axi_w3_AWVALID       |  out|    1|       m_axi|            w3|       pointer|
|m_axi_w3_AWREADY       |   in|    1|       m_axi|            w3|       pointer|
|m_axi_w3_AWADDR        |  out|   64|       m_axi|            w3|       pointer|
|m_axi_w3_AWID          |  out|    1|       m_axi|            w3|       pointer|
|m_axi_w3_AWLEN         |  out|    8|       m_axi|            w3|       pointer|
|m_axi_w3_AWSIZE        |  out|    3|       m_axi|            w3|       pointer|
|m_axi_w3_AWBURST       |  out|    2|       m_axi|            w3|       pointer|
|m_axi_w3_AWLOCK        |  out|    2|       m_axi|            w3|       pointer|
|m_axi_w3_AWCACHE       |  out|    4|       m_axi|            w3|       pointer|
|m_axi_w3_AWPROT        |  out|    3|       m_axi|            w3|       pointer|
|m_axi_w3_AWQOS         |  out|    4|       m_axi|            w3|       pointer|
|m_axi_w3_AWREGION      |  out|    4|       m_axi|            w3|       pointer|
|m_axi_w3_AWUSER        |  out|    1|       m_axi|            w3|       pointer|
|m_axi_w3_WVALID        |  out|    1|       m_axi|            w3|       pointer|
|m_axi_w3_WREADY        |   in|    1|       m_axi|            w3|       pointer|
|m_axi_w3_WDATA         |  out|   32|       m_axi|            w3|       pointer|
|m_axi_w3_WSTRB         |  out|    4|       m_axi|            w3|       pointer|
|m_axi_w3_WLAST         |  out|    1|       m_axi|            w3|       pointer|
|m_axi_w3_WID           |  out|    1|       m_axi|            w3|       pointer|
|m_axi_w3_WUSER         |  out|    1|       m_axi|            w3|       pointer|
|m_axi_w3_ARVALID       |  out|    1|       m_axi|            w3|       pointer|
|m_axi_w3_ARREADY       |   in|    1|       m_axi|            w3|       pointer|
|m_axi_w3_ARADDR        |  out|   64|       m_axi|            w3|       pointer|
|m_axi_w3_ARID          |  out|    1|       m_axi|            w3|       pointer|
|m_axi_w3_ARLEN         |  out|    8|       m_axi|            w3|       pointer|
|m_axi_w3_ARSIZE        |  out|    3|       m_axi|            w3|       pointer|
|m_axi_w3_ARBURST       |  out|    2|       m_axi|            w3|       pointer|
|m_axi_w3_ARLOCK        |  out|    2|       m_axi|            w3|       pointer|
|m_axi_w3_ARCACHE       |  out|    4|       m_axi|            w3|       pointer|
|m_axi_w3_ARPROT        |  out|    3|       m_axi|            w3|       pointer|
|m_axi_w3_ARQOS         |  out|    4|       m_axi|            w3|       pointer|
|m_axi_w3_ARREGION      |  out|    4|       m_axi|            w3|       pointer|
|m_axi_w3_ARUSER        |  out|    1|       m_axi|            w3|       pointer|
|m_axi_w3_RVALID        |   in|    1|       m_axi|            w3|       pointer|
|m_axi_w3_RREADY        |  out|    1|       m_axi|            w3|       pointer|
|m_axi_w3_RDATA         |   in|   32|       m_axi|            w3|       pointer|
|m_axi_w3_RLAST         |   in|    1|       m_axi|            w3|       pointer|
|m_axi_w3_RID           |   in|    1|       m_axi|            w3|       pointer|
|m_axi_w3_RUSER         |   in|    1|       m_axi|            w3|       pointer|
|m_axi_w3_RRESP         |   in|    2|       m_axi|            w3|       pointer|
|m_axi_w3_BVALID        |   in|    1|       m_axi|            w3|       pointer|
|m_axi_w3_BREADY        |  out|    1|       m_axi|            w3|       pointer|
|m_axi_w3_BRESP         |   in|    2|       m_axi|            w3|       pointer|
|m_axi_w3_BID           |   in|    1|       m_axi|            w3|       pointer|
|m_axi_w3_BUSER         |   in|    1|       m_axi|            w3|       pointer|
|m_axi_out_r_AWVALID    |  out|    1|       m_axi|         out_r|       pointer|
|m_axi_out_r_AWREADY    |   in|    1|       m_axi|         out_r|       pointer|
|m_axi_out_r_AWADDR     |  out|   64|       m_axi|         out_r|       pointer|
|m_axi_out_r_AWID       |  out|    1|       m_axi|         out_r|       pointer|
|m_axi_out_r_AWLEN      |  out|    8|       m_axi|         out_r|       pointer|
|m_axi_out_r_AWSIZE     |  out|    3|       m_axi|         out_r|       pointer|
|m_axi_out_r_AWBURST    |  out|    2|       m_axi|         out_r|       pointer|
|m_axi_out_r_AWLOCK     |  out|    2|       m_axi|         out_r|       pointer|
|m_axi_out_r_AWCACHE    |  out|    4|       m_axi|         out_r|       pointer|
|m_axi_out_r_AWPROT     |  out|    3|       m_axi|         out_r|       pointer|
|m_axi_out_r_AWQOS      |  out|    4|       m_axi|         out_r|       pointer|
|m_axi_out_r_AWREGION   |  out|    4|       m_axi|         out_r|       pointer|
|m_axi_out_r_AWUSER     |  out|    1|       m_axi|         out_r|       pointer|
|m_axi_out_r_WVALID     |  out|    1|       m_axi|         out_r|       pointer|
|m_axi_out_r_WREADY     |   in|    1|       m_axi|         out_r|       pointer|
|m_axi_out_r_WDATA      |  out|   32|       m_axi|         out_r|       pointer|
|m_axi_out_r_WSTRB      |  out|    4|       m_axi|         out_r|       pointer|
|m_axi_out_r_WLAST      |  out|    1|       m_axi|         out_r|       pointer|
|m_axi_out_r_WID        |  out|    1|       m_axi|         out_r|       pointer|
|m_axi_out_r_WUSER      |  out|    1|       m_axi|         out_r|       pointer|
|m_axi_out_r_ARVALID    |  out|    1|       m_axi|         out_r|       pointer|
|m_axi_out_r_ARREADY    |   in|    1|       m_axi|         out_r|       pointer|
|m_axi_out_r_ARADDR     |  out|   64|       m_axi|         out_r|       pointer|
|m_axi_out_r_ARID       |  out|    1|       m_axi|         out_r|       pointer|
|m_axi_out_r_ARLEN      |  out|    8|       m_axi|         out_r|       pointer|
|m_axi_out_r_ARSIZE     |  out|    3|       m_axi|         out_r|       pointer|
|m_axi_out_r_ARBURST    |  out|    2|       m_axi|         out_r|       pointer|
|m_axi_out_r_ARLOCK     |  out|    2|       m_axi|         out_r|       pointer|
|m_axi_out_r_ARCACHE    |  out|    4|       m_axi|         out_r|       pointer|
|m_axi_out_r_ARPROT     |  out|    3|       m_axi|         out_r|       pointer|
|m_axi_out_r_ARQOS      |  out|    4|       m_axi|         out_r|       pointer|
|m_axi_out_r_ARREGION   |  out|    4|       m_axi|         out_r|       pointer|
|m_axi_out_r_ARUSER     |  out|    1|       m_axi|         out_r|       pointer|
|m_axi_out_r_RVALID     |   in|    1|       m_axi|         out_r|       pointer|
|m_axi_out_r_RREADY     |  out|    1|       m_axi|         out_r|       pointer|
|m_axi_out_r_RDATA      |   in|   32|       m_axi|         out_r|       pointer|
|m_axi_out_r_RLAST      |   in|    1|       m_axi|         out_r|       pointer|
|m_axi_out_r_RID        |   in|    1|       m_axi|         out_r|       pointer|
|m_axi_out_r_RUSER      |   in|    1|       m_axi|         out_r|       pointer|
|m_axi_out_r_RRESP      |   in|    2|       m_axi|         out_r|       pointer|
|m_axi_out_r_BVALID     |   in|    1|       m_axi|         out_r|       pointer|
|m_axi_out_r_BREADY     |  out|    1|       m_axi|         out_r|       pointer|
|m_axi_out_r_BRESP      |   in|    2|       m_axi|         out_r|       pointer|
|m_axi_out_r_BID        |   in|    1|       m_axi|         out_r|       pointer|
|m_axi_out_r_BUSER      |   in|    1|       m_axi|         out_r|       pointer|
+-----------------------+-----+-----+------------+--------------+--------------+

