

================================================================
== Vitis HLS Report for 'srcnn_Pipeline_VITIS_LOOP_27_4_VITIS_LOOP_28_5_VITIS_LOOP_29_6'
================================================================
* Date:           Thu Oct 30 21:22:47 2025

* Version:        2023.1 (Build 3854077 on May  4 2023)
* Project:        srcnn_hls
* Solution:       solution1 (Vivado IP Flow Target)
* Product family: zynquplus
* Target device:  xck26-sfvc784-2LV-c


================================================================
== Performance Estimates
================================================================
+ Timing: 
    * Summary: 
    +--------+----------+----------+------------+
    |  Clock |  Target  | Estimated| Uncertainty|
    +--------+----------+----------+------------+
    |ap_clk  |  10.00 ns|  5.184 ns|     2.70 ns|
    +--------+----------+----------+------------+

+ Latency: 
    * Summary: 
    +---------+---------+-----------+-----------+---------+---------+---------+
    |  Latency (cycles) |   Latency (absolute)  |      Interval     | Pipeline|
    |   min   |   max   |    min    |    max    |   min   |   max   |   Type  |
    +---------+---------+-----------+-----------+---------+---------+---------+
    |  2080803|  2080803|  20.808 ms|  20.808 ms|  2080803|  2080803|       no|
    +---------+---------+-----------+-----------+---------+---------+---------+

    + Detail: 
        * Instance: 
        N/A

        * Loop: 
        +---------------------------------------------------+---------+---------+----------+-----------+-----------+---------+----------+
        |                                                   |  Latency (cycles) | Iteration|  Initiation Interval  |   Trip  |          |
        |                     Loop Name                     |   min   |   max   |  Latency |  achieved |   target  |  Count  | Pipelined|
        +---------------------------------------------------+---------+---------+----------+-----------+-----------+---------+----------+
        |- VITIS_LOOP_27_4_VITIS_LOOP_28_5_VITIS_LOOP_29_6  |  2080801|  2080801|         3|          1|          1|  2080800|       yes|
        +---------------------------------------------------+---------+---------+----------+-----------+-----------+---------+----------+



================================================================
== Utilization Estimates
================================================================
* Summary: 
+-----------------+---------+------+--------+--------+-----+
|       Name      | BRAM_18K|  DSP |   FF   |   LUT  | URAM|
+-----------------+---------+------+--------+--------+-----+
|DSP              |        -|     -|       -|       -|    -|
|Expression       |        -|     -|       0|     350|    -|
|FIFO             |        -|     -|       -|       -|    -|
|Instance         |        -|     -|       -|       -|    -|
|Memory           |        -|     -|       -|       -|    -|
|Multiplexer      |        -|     -|       -|      72|    -|
|Register         |        -|     -|     109|       -|    -|
+-----------------+---------+------+--------+--------+-----+
|Total            |        0|     0|     109|     422|    0|
+-----------------+---------+------+--------+--------+-----+
|Available        |      288|  1248|  234240|  117120|   64|
+-----------------+---------+------+--------+--------+-----+
|Utilization (%)  |        0|     0|      ~0|      ~0|    0|
+-----------------+---------+------+--------+--------+-----+

+ Detail: 
    * Instance: 
    N/A

    * DSP: 
    N/A

    * Memory: 
    N/A

    * FIFO: 
    N/A

    * Expression: 
    +-------------------------+----------+----+---+----+------------+------------+
    |      Variable Name      | Operation| DSP| FF| LUT| Bitwidth P0| Bitwidth P1|
    +-------------------------+----------+----+---+----+------------+------------+
    |add_ln27_1_fu_143_p2     |         +|   0|  0|  28|          21|           1|
    |add_ln27_fu_158_p2       |         +|   0|  0|  13|           6|           1|
    |add_ln28_1_fu_311_p2     |         +|   0|  0|  23|          16|           1|
    |add_ln28_fu_230_p2       |         +|   0|  0|  15|           8|           1|
    |add_ln29_fu_305_p2       |         +|   0|  0|  15|           8|           1|
    |add_ln31_1_fu_294_p2     |         +|   0|  0|  21|          21|          21|
    |add_ln31_fu_262_p2       |         +|   0|  0|  23|          16|          16|
    |sub_ln31_1_fu_284_p2     |         -|   0|  0|  21|          21|          21|
    |sub_ln31_fu_202_p2       |         -|   0|  0|  22|          15|          15|
    |and_ln27_fu_224_p2       |       and|   0|  0|   2|           1|           1|
    |and_ln31_fu_384_p2       |       and|   0|  0|   2|           1|           1|
    |icmp_ln27_fu_137_p2      |      icmp|   0|  0|  28|          21|          15|
    |icmp_ln28_fu_164_p2      |      icmp|   0|  0|  23|          16|          10|
    |icmp_ln29_fu_218_p2      |      icmp|   0|  0|  15|           8|           2|
    |icmp_ln31_1_fu_374_p2    |      icmp|   0|  0|  30|          23|           1|
    |icmp_ln31_fu_368_p2      |      icmp|   0|  0|  15|           8|           2|
    |or_ln28_fu_236_p2        |        or|   0|  0|   2|           1|           1|
    |or_ln31_fu_380_p2        |        or|   0|  0|   2|           1|           1|
    |select_ln27_1_fu_178_p3  |    select|   0|  0|   6|           1|           6|
    |select_ln27_fu_170_p3    |    select|   0|  0|   8|           1|           1|
    |select_ln28_1_fu_250_p3  |    select|   0|  0|   8|           1|           8|
    |select_ln28_2_fu_317_p3  |    select|   0|  0|  16|           1|           1|
    |select_ln28_fu_242_p3    |    select|   0|  0|   8|           1|           1|
    |ap_enable_pp0            |       xor|   0|  0|   2|           1|           2|
    |xor_ln27_fu_212_p2       |       xor|   0|  0|   2|           1|           2|
    +-------------------------+----------+----+---+----+------------+------------+
    |Total                    |          |   0|  0| 350|         219|         133|
    +-------------------------+----------+----+---+----+------------+------------+

    * Multiplexer: 
    +-------------------------+----+-----------+-----+-----------+
    |           Name          | LUT| Input Size| Bits| Total Bits|
    +-------------------------+----+-----------+-----+-----------+
    |ap_done_int              |   9|          2|    1|          2|
    |ap_enable_reg_pp0_iter1  |   9|          2|    1|          2|
    |ap_enable_reg_pp0_iter2  |   9|          2|    1|          2|
    |c_fu_74                  |   9|          2|    6|         12|
    |indvar_flatten19_fu_70   |   9|          2|   16|         32|
    |indvar_flatten32_fu_78   |   9|          2|   21|         42|
    |x_fu_62                  |   9|          2|    8|         16|
    |y_fu_66                  |   9|          2|    8|         16|
    +-------------------------+----+-----------+-----+-----------+
    |Total                    |  72|         16|   62|        124|
    +-------------------------+----+-----------+-----+-----------+

    * Register: 
    +----------------------------------+----+----+-----+-----------+
    |               Name               | FF | LUT| Bits| Const Bits|
    +----------------------------------+----+----+-----+-----------+
    |ap_CS_fsm                         |   1|   0|    1|          0|
    |ap_done_reg                       |   1|   0|    1|          0|
    |ap_enable_reg_pp0_iter1           |   1|   0|    1|          0|
    |ap_enable_reg_pp0_iter2           |   1|   0|    1|          0|
    |ap_enable_reg_pp0_iter3           |   1|   0|    1|          0|
    |ap_loop_exit_ready_pp0_iter2_reg  |   1|   0|    1|          0|
    |c_fu_74                           |   6|   0|    6|          0|
    |feat2_addr_reg_429                |  21|   0|   21|          0|
    |feat2_addr_reg_429_pp0_iter2_reg  |  21|   0|   21|          0|
    |icmp_ln31_1_reg_445               |   1|   0|    1|          0|
    |icmp_ln31_reg_440                 |   1|   0|    1|          0|
    |indvar_flatten19_fu_70            |  16|   0|   16|          0|
    |indvar_flatten32_fu_78            |  21|   0|   21|          0|
    |x_fu_62                           |   8|   0|    8|          0|
    |y_fu_66                           |   8|   0|    8|          0|
    +----------------------------------+----+----+-----+-----------+
    |Total                             | 109|   0|  109|          0|
    +----------------------------------+----+----+-----+-----------+



================================================================
== Interface
================================================================
* Summary: 
+---------------------+-----+-----+------------+----------------------------------------------------------------+--------------+
|      RTL Ports      | Dir | Bits|  Protocol  |                          Source Object                         |    C Type    |
+---------------------+-----+-----+------------+----------------------------------------------------------------+--------------+
|ap_clk               |   in|    1|  ap_ctrl_hs|  srcnn_Pipeline_VITIS_LOOP_27_4_VITIS_LOOP_28_5_VITIS_LOOP_29_6|  return value|
|ap_rst               |   in|    1|  ap_ctrl_hs|  srcnn_Pipeline_VITIS_LOOP_27_4_VITIS_LOOP_28_5_VITIS_LOOP_29_6|  return value|
|ap_start             |   in|    1|  ap_ctrl_hs|  srcnn_Pipeline_VITIS_LOOP_27_4_VITIS_LOOP_28_5_VITIS_LOOP_29_6|  return value|
|ap_done              |  out|    1|  ap_ctrl_hs|  srcnn_Pipeline_VITIS_LOOP_27_4_VITIS_LOOP_28_5_VITIS_LOOP_29_6|  return value|
|ap_idle              |  out|    1|  ap_ctrl_hs|  srcnn_Pipeline_VITIS_LOOP_27_4_VITIS_LOOP_28_5_VITIS_LOOP_29_6|  return value|
|ap_ready             |  out|    1|  ap_ctrl_hs|  srcnn_Pipeline_VITIS_LOOP_27_4_VITIS_LOOP_28_5_VITIS_LOOP_29_6|  return value|
|grp_fu_857_p_din0    |  out|   32|  ap_ctrl_hs|  srcnn_Pipeline_VITIS_LOOP_27_4_VITIS_LOOP_28_5_VITIS_LOOP_29_6|  return value|
|grp_fu_857_p_din1    |  out|   32|  ap_ctrl_hs|  srcnn_Pipeline_VITIS_LOOP_27_4_VITIS_LOOP_28_5_VITIS_LOOP_29_6|  return value|
|grp_fu_857_p_opcode  |  out|    5|  ap_ctrl_hs|  srcnn_Pipeline_VITIS_LOOP_27_4_VITIS_LOOP_28_5_VITIS_LOOP_29_6|  return value|
|grp_fu_857_p_dout0   |   in|    1|  ap_ctrl_hs|  srcnn_Pipeline_VITIS_LOOP_27_4_VITIS_LOOP_28_5_VITIS_LOOP_29_6|  return value|
|grp_fu_857_p_ce      |  out|    1|  ap_ctrl_hs|  srcnn_Pipeline_VITIS_LOOP_27_4_VITIS_LOOP_28_5_VITIS_LOOP_29_6|  return value|
|feat2_address0       |  out|   21|   ap_memory|                                                           feat2|         array|
|feat2_ce0            |  out|    1|   ap_memory|                                                           feat2|         array|
|feat2_we0            |  out|    1|   ap_memory|                                                           feat2|         array|
|feat2_d0             |  out|   32|   ap_memory|                                                           feat2|         array|
|feat2_address1       |  out|   21|   ap_memory|                                                           feat2|         array|
|feat2_ce1            |  out|    1|   ap_memory|                                                           feat2|         array|
|feat2_q1             |   in|   32|   ap_memory|                                                           feat2|         array|
+---------------------+-----+-----+------------+----------------------------------------------------------------+--------------+

