

================================================================
== Vitis HLS Report for 'store_stage'
================================================================
* Date:           Thu Oct 30 11:33:24 2025

* Version:        2023.1 (Build 3854077 on May  4 2023)
* Project:        srcnn_hls
* Solution:       solution1 (Vivado IP Flow Target)
* Product family: zynquplus
* Target device:  xck26-sfvc784-2LV-c


================================================================
== Performance Estimates
================================================================
+ Timing: 
    * Summary: 
    +--------+----------+----------+------------+
    |  Clock |  Target  | Estimated| Uncertainty|
    +--------+----------+----------+------------+
    |ap_clk  |  10.00 ns|  4.747 ns|     2.70 ns|
    +--------+----------+----------+------------+

+ Latency: 
    * Summary: 
    +---------+----------+-----------+-----------+---------+----------+---------+
    |  Latency (cycles)  |   Latency (absolute)  |      Interval      | Pipeline|
    |   min   |    max   |    min    |    max    |   min   |    max   |   Type  |
    +---------+----------+-----------+-----------+---------+----------+---------+
    |  1082369|  10519553|  10.824 ms|  0.105 sec|  1082369|  10519553|       no|
    +---------+----------+-----------+-----------+---------+----------+---------+

    + Detail: 
        * Instance: 
        +--------------------------------------------------+---------------------------------------+---------+---------+----------+----------+-----+-----+---------+
        |                                                  |                                       |  Latency (cycles) |  Latency (absolute) |  Interval | Pipeline|
        |                     Instance                     |                 Module                |   min   |   max   |    min   |    max   | min | max |   Type  |
        +--------------------------------------------------+---------------------------------------+---------+---------+----------+----------+-----+-----+---------+
        |grp_store_stage_Pipeline_VITIS_LOOP_170_4_fu_108  |store_stage_Pipeline_VITIS_LOOP_170_4  |       18|       18|  0.180 us|  0.180 us|   18|   18|       no|
        +--------------------------------------------------+---------------------------------------+---------+---------+----------+----------+-----+-----+---------+

        * Loop: 
        +-----------------------+---------+----------+--------------+-----------+-----------+------+----------+
        |                       |  Latency (cycles)  |   Iteration  |  Initiation Interval  | Trip |          |
        |       Loop Name       |   min   |    max   |    Latency   |  achieved |   target  | Count| Pipelined|
        +-----------------------+---------+----------+--------------+-----------+-----------+------+----------+
        |- VITIS_LOOP_162_1     |  1082368|  10519552|  2114 ~ 20546|          -|          -|   512|        no|
        | + VITIS_LOOP_165_2    |     2112|     20544|      66 ~ 642|          -|          -|    32|        no|
        |  ++ VITIS_LOOP_167_3  |       64|       640|        2 ~ 20|          -|          -|    32|        no|
        +-----------------------+---------+----------+--------------+-----------+-----------+------+----------+



================================================================
== Utilization Estimates
================================================================
* Summary: 
+-----------------+---------+------+--------+--------+-----+
|       Name      | BRAM_18K|  DSP |   FF   |   LUT  | URAM|
+-----------------+---------+------+--------+--------+-----+
|DSP              |        -|     -|       -|       -|    -|
|Expression       |        -|     -|       0|     225|    -|
|FIFO             |        -|     -|       -|       -|    -|
|Instance         |        -|     -|      35|     219|    -|
|Memory           |        -|     -|       -|       -|    -|
|Multiplexer      |        -|     -|       -|      85|    -|
|Register         |        -|     -|     227|       -|    -|
+-----------------+---------+------+--------+--------+-----+
|Total            |        0|     0|     262|     529|    0|
+-----------------+---------+------+--------+--------+-----+
|Available        |      288|  1248|  234240|  117120|   64|
+-----------------+---------+------+--------+--------+-----+
|Utilization (%)  |        0|     0|      ~0|      ~0|    0|
+-----------------+---------+------+--------+--------+-----+

+ Detail: 
    * Instance: 
    +--------------------------------------------------+---------------------------------------+---------+----+----+-----+-----+
    |                     Instance                     |                 Module                | BRAM_18K| DSP| FF | LUT | URAM|
    +--------------------------------------------------+---------------------------------------+---------+----+----+-----+-----+
    |grp_store_stage_Pipeline_VITIS_LOOP_170_4_fu_108  |store_stage_Pipeline_VITIS_LOOP_170_4  |        0|   0|  35|  219|    0|
    +--------------------------------------------------+---------------------------------------+---------+----+----+-----+-----+
    |Total                                             |                                       |        0|   0|  35|  219|    0|
    +--------------------------------------------------+---------------------------------------+---------+----+----+-----+-----+

    * DSP: 
    N/A

    * Memory: 
    N/A

    * FIFO: 
    N/A

    * Expression: 
    +---------------------------------+----------+----+---+----+------------+------------+
    |          Variable Name          | Operation| DSP| FF| LUT| Bitwidth P0| Bitwidth P1|
    +---------------------------------+----------+----+---+----+------------+------------+
    |add_ln165_fu_208_p2              |         +|   0|  0|  13|           6|           1|
    |add_ln167_fu_242_p2              |         +|   0|  0|  13|           6|           1|
    |empty_276_fu_258_p2              |         +|   0|  0|  29|          22|          22|
    |empty_fu_219_p2                  |         +|   0|  0|  21|          14|          14|
    |i_2_fu_134_p2                    |         +|   0|  0|  17|          10|           1|
    |and_ln169_fu_253_p2              |       and|   0|  0|   2|           1|           1|
    |ap_block_state2                  |       and|   0|  0|   2|           1|           1|
    |ap_block_state5_on_subcall_done  |       and|   0|  0|   2|           1|           1|
    |cmp9_fu_214_p2                   |      icmp|   0|  0|  39|          32|          32|
    |icmp_ln162_fu_128_p2             |      icmp|   0|  0|  18|          10|          11|
    |icmp_ln165_fu_202_p2             |      icmp|   0|  0|  14|           6|           7|
    |icmp_ln167_fu_236_p2             |      icmp|   0|  0|  14|           6|           7|
    |icmp_ln169_fu_248_p2             |      icmp|   0|  0|  39|          32|          32|
    |ap_block_state1                  |        or|   0|  0|   2|           1|           1|
    +---------------------------------+----------+----+---+----+------------+------------+
    |Total                            |          |   0|  0| 225|         148|         132|
    +---------------------------------+----------+----+---+----+------------+------------+

    * Multiplexer: 
    +------------+----+-----------+-----+-----------+
    |    Name    | LUT| Input Size| Bits| Total Bits|
    +------------+----+-----------+-----+-----------+
    |ap_NS_fsm   |  31|          6|    1|          6|
    |ap_done     |   9|          2|    1|          2|
    |i_fu_76     |   9|          2|   10|         20|
    |q2_blk_n    |   9|          2|    1|          2|
    |s_out_read  |   9|          2|    1|          2|
    |th_reg_86   |   9|          2|    6|         12|
    |tw_reg_97   |   9|          2|    6|         12|
    +------------+----+-----------+-----+-----------+
    |Total       |  85|         18|   26|         56|
    +------------+----+-----------+-----+-----------+

    * Register: 
    +---------------------------------------------------------------+----+----+-----+-----------+
    |                              Name                             | FF | LUT| Bits| Const Bits|
    +---------------------------------------------------------------+----+----+-----+-----------+
    |add_ln165_reg_312                                              |   6|   0|    6|          0|
    |add_ln167_reg_330                                              |   6|   0|    6|          0|
    |and_ln169_reg_335                                              |   1|   0|    1|          0|
    |ap_CS_fsm                                                      |   5|   0|    5|          0|
    |ap_done_reg                                                    |   1|   0|    1|          0|
    |cmp9_reg_317                                                   |   1|   0|    1|          0|
    |d_tH_reg_289                                                   |  32|   0|   32|          0|
    |d_tN_reg_284                                                   |  32|   0|   32|          0|
    |d_tW_reg_279                                                   |  32|   0|   32|          0|
    |empty_276_reg_339                                              |  22|   0|   22|          0|
    |empty_reg_322                                                  |  14|   0|   14|          0|
    |grp_store_stage_Pipeline_VITIS_LOOP_170_4_fu_108_ap_start_reg  |   1|   0|    1|          0|
    |i_2_reg_274                                                    |  10|   0|   10|          0|
    |i_fu_76                                                        |  10|   0|   10|          0|
    |th_reg_86                                                      |   6|   0|    6|          0|
    |trunc_ln165_1_reg_299                                          |  22|   0|   22|          0|
    |trunc_ln165_2_reg_304                                          |  14|   0|   14|          0|
    |trunc_ln165_reg_294                                            |   6|   0|    6|          0|
    |tw_reg_97                                                      |   6|   0|    6|          0|
    +---------------------------------------------------------------+----+----+-----+-----------+
    |Total                                                          | 227|   0|  227|          0|
    +---------------------------------------------------------------+----+----+-----+-----------+



================================================================
== Interface
================================================================
* Summary: 
+----------------------+-----+-----+------------+--------------+--------------+
|       RTL Ports      | Dir | Bits|  Protocol  | Source Object|    C Type    |
+----------------------+-----+-----+------------+--------------+--------------+
|ap_clk                |   in|    1|  ap_ctrl_hs|   store_stage|  return value|
|ap_rst                |   in|    1|  ap_ctrl_hs|   store_stage|  return value|
|ap_start              |   in|    1|  ap_ctrl_hs|   store_stage|  return value|
|ap_done               |  out|    1|  ap_ctrl_hs|   store_stage|  return value|
|ap_continue           |   in|    1|  ap_ctrl_hs|   store_stage|  return value|
|ap_idle               |  out|    1|  ap_ctrl_hs|   store_stage|  return value|
|ap_ready              |  out|    1|  ap_ctrl_hs|   store_stage|  return value|
|q2_dout               |   in|  224|     ap_fifo|            q2|       pointer|
|q2_num_data_valid     |   in|    2|     ap_fifo|            q2|       pointer|
|q2_fifo_cap           |   in|    2|     ap_fifo|            q2|       pointer|
|q2_empty_n            |   in|    1|     ap_fifo|            q2|       pointer|
|q2_read               |  out|    1|     ap_fifo|            q2|       pointer|
|s_out_dout            |   in|   32|     ap_fifo|         s_out|       pointer|
|s_out_num_data_valid  |   in|    9|     ap_fifo|         s_out|       pointer|
|s_out_fifo_cap        |   in|    9|     ap_fifo|         s_out|       pointer|
|s_out_empty_n         |   in|    1|     ap_fifo|         s_out|       pointer|
|s_out_read            |  out|    1|     ap_fifo|         s_out|       pointer|
|feat1_address0        |  out|   22|   ap_memory|         feat1|         array|
|feat1_ce0             |  out|    1|   ap_memory|         feat1|         array|
|feat1_we0             |  out|    1|   ap_memory|         feat1|         array|
|feat1_d0              |  out|   32|   ap_memory|         feat1|         array|
+----------------------+-----+-----+------------+--------------+--------------+

