

================================================================
== Vitis HLS Report for 'store_stage_Pipeline_VITIS_LOOP_170_4'
================================================================
* Date:           Thu Oct 30 11:33:24 2025

* Version:        2023.1 (Build 3854077 on May  4 2023)
* Project:        srcnn_hls
* Solution:       solution1 (Vivado IP Flow Target)
* Product family: zynquplus
* Target device:  xck26-sfvc784-2LV-c


================================================================
== Performance Estimates
================================================================
+ Timing: 
    * Summary: 
    +--------+----------+----------+------------+
    |  Clock |  Target  | Estimated| Uncertainty|
    +--------+----------+----------+------------+
    |ap_clk  |  10.00 ns|  3.158 ns|     2.70 ns|
    +--------+----------+----------+------------+

+ Latency: 
    * Summary: 
    +---------+---------+----------+----------+-----+-----+---------+
    |  Latency (cycles) |  Latency (absolute) |  Interval | Pipeline|
    |   min   |   max   |    min   |    max   | min | max |   Type  |
    +---------+---------+----------+----------+-----+-----+---------+
    |       18|       18|  0.180 us|  0.180 us|   18|   18|       no|
    +---------+---------+----------+----------+-----+-----+---------+

    + Detail: 
        * Instance: 
        N/A

        * Loop: 
        +--------------------+---------+---------+----------+-----------+-----------+------+----------+
        |                    |  Latency (cycles) | Iteration|  Initiation Interval  | Trip |          |
        |      Loop Name     |   min   |   max   |  Latency |  achieved |   target  | Count| Pipelined|
        +--------------------+---------+---------+----------+-----------+-----------+------+----------+
        |- VITIS_LOOP_170_4  |       16|       16|         2|          2|          2|     8|       yes|
        +--------------------+---------+---------+----------+-----------+-----------+------+----------+



================================================================
== Utilization Estimates
================================================================
* Summary: 
+-----------------+---------+------+--------+--------+-----+
|       Name      | BRAM_18K|  DSP |   FF   |   LUT  | URAM|
+-----------------+---------+------+--------+--------+-----+
|DSP              |        -|     -|       -|       -|    -|
|Expression       |        -|     -|       0|     169|    -|
|FIFO             |        -|     -|       -|       -|    -|
|Instance         |        -|     -|       -|       -|    -|
|Memory           |        -|     -|       -|       -|    -|
|Multiplexer      |        -|     -|       -|      50|    -|
|Register         |        -|     -|      35|       -|    -|
+-----------------+---------+------+--------+--------+-----+
|Total            |        0|     0|      35|     219|    0|
+-----------------+---------+------+--------+--------+-----+
|Available        |      288|  1248|  234240|  117120|   64|
+-----------------+---------+------+--------+--------+-----+
|Utilization (%)  |        0|     0|      ~0|      ~0|    0|
+-----------------+---------+------+--------+--------+-----+

+ Detail: 
    * Instance: 
    N/A

    * DSP: 
    N/A

    * Memory: 
    N/A

    * FIFO: 
    N/A

    * Expression: 
    +----------------------------------+----------+----+---+----+------------+------------+
    |           Variable Name          | Operation| DSP| FF| LUT| Bitwidth P0| Bitwidth P1|
    +----------------------------------+----------+----+---+----+------------+------------+
    |add_ln170_fu_125_p2               |         +|   0|  0|  12|           4|           1|
    |add_ln174_1_fu_177_p2             |         +|   0|  0|  23|          16|          16|
    |add_ln174_2_fu_205_p2             |         +|   0|  0|  22|          22|          22|
    |add_ln174_fu_145_p2               |         +|   0|  0|  13|           6|           6|
    |sub_ln174_1_fu_199_p2             |         -|   0|  0|  22|          22|          22|
    |sub_ln174_fu_167_p2               |         -|   0|  0|  22|          15|          15|
    |ap_block_state2_pp0_stage1_iter0  |       and|   0|  0|   2|           1|           1|
    |ap_predicate_op37_read_state2     |       and|   0|  0|   2|           1|           1|
    |icmp_ln170_fu_119_p2              |      icmp|   0|  0|  12|           4|           5|
    |icmp_ln172_fu_139_p2              |      icmp|   0|  0|  39|          32|          32|
    +----------------------------------+----------+----+---+----+------------+------------+
    |Total                             |          |   0|  0| 169|         123|         121|
    +----------------------------------+----------+----+---+----+------------+------------+

    * Multiplexer: 
    +-----------------------+----+-----------+-----+-----------+
    |          Name         | LUT| Input Size| Bits| Total Bits|
    +-----------------------+----+-----------+-----+-----------+
    |ap_NS_fsm              |  14|          3|    1|          3|
    |ap_done_int            |   9|          2|    1|          2|
    |ap_sig_allocacmp_tn_1  |   9|          2|    4|          8|
    |s_out_blk_n            |   9|          2|    1|          2|
    |tn_fu_60               |   9|          2|    4|          8|
    +-----------------------+----+-----------+-----+-----------+
    |Total                  |  50|         11|   11|         23|
    +-----------------------+----+-----------+-----+-----------+

    * Register: 
    +---------------------+----+----+-----+-----------+
    |         Name        | FF | LUT| Bits| Const Bits|
    +---------------------+----+----+-----+-----------+
    |add_ln170_reg_235    |   4|   0|    4|          0|
    |add_ln174_2_reg_244  |  22|   0|   22|          0|
    |ap_CS_fsm            |   2|   0|    2|          0|
    |ap_done_reg          |   1|   0|    1|          0|
    |icmp_ln170_reg_231   |   1|   0|    1|          0|
    |icmp_ln172_reg_240   |   1|   0|    1|          0|
    |tn_fu_60             |   4|   0|    4|          0|
    +---------------------+----+----+-----+-----------+
    |Total                |  35|   0|   35|          0|
    +---------------------+----+----+-----+-----------+



================================================================
== Interface
================================================================
* Summary: 
+----------------------+-----+-----+------------+---------------------------------------+--------------+
|       RTL Ports      | Dir | Bits|  Protocol  |             Source Object             |    C Type    |
+----------------------+-----+-----+------------+---------------------------------------+--------------+
|ap_clk                |   in|    1|  ap_ctrl_hs|  store_stage_Pipeline_VITIS_LOOP_170_4|  return value|
|ap_rst                |   in|    1|  ap_ctrl_hs|  store_stage_Pipeline_VITIS_LOOP_170_4|  return value|
|ap_start              |   in|    1|  ap_ctrl_hs|  store_stage_Pipeline_VITIS_LOOP_170_4|  return value|
|ap_done               |  out|    1|  ap_ctrl_hs|  store_stage_Pipeline_VITIS_LOOP_170_4|  return value|
|ap_idle               |  out|    1|  ap_ctrl_hs|  store_stage_Pipeline_VITIS_LOOP_170_4|  return value|
|ap_ready              |  out|    1|  ap_ctrl_hs|  store_stage_Pipeline_VITIS_LOOP_170_4|  return value|
|s_out_dout            |   in|   32|     ap_fifo|                                  s_out|       pointer|
|s_out_num_data_valid  |   in|    9|     ap_fifo|                                  s_out|       pointer|
|s_out_fifo_cap        |   in|    9|     ap_fifo|                                  s_out|       pointer|
|s_out_empty_n         |   in|    1|     ap_fifo|                                  s_out|       pointer|
|s_out_read            |  out|    1|     ap_fifo|                                  s_out|       pointer|
|d_tN                  |   in|   32|     ap_none|                                   d_tN|        scalar|
|trunc_ln              |   in|    6|     ap_none|                               trunc_ln|        scalar|
|zext_ln167            |   in|   14|     ap_none|                             zext_ln167|        scalar|
|zext_ln170            |   in|   22|     ap_none|                             zext_ln170|        scalar|
|feat1_address0        |  out|   22|   ap_memory|                                  feat1|         array|
|feat1_ce0             |  out|    1|   ap_memory|                                  feat1|         array|
|feat1_we0             |  out|    1|   ap_memory|                                  feat1|         array|
|feat1_d0              |  out|   32|   ap_memory|                                  feat1|         array|
+----------------------+-----+-----+------------+---------------------------------------+--------------+

